../Driver/Src/i2c_driver.c:23:6:I2CPeriConfig	24	static
../Driver/Src/i2c_driver.c:53:6:I2CEnable	24	static
../Driver/Src/i2c_driver.c:61:6:I2CDisable	24	static
../Driver/Src/i2c_driver.c:69:6:I2CMasterSendData	32	static
../Driver/Src/i2c_driver.c:110:6:I2CMasterReceiveData	32	static
../Driver/Src/i2c_driver.c:159:6:I2CSlaveSendData	32	static
../Driver/Src/i2c_driver.c:187:6:I2CSlaveReceiveData	40	static
../Driver/Src/i2c_driver.c:228:13:I2C_SendStartBit	24	static
../Driver/Src/i2c_driver.c:235:13:I2C_SendStopBit	24	static
../Driver/Src/i2c_driver.c:242:16:I2C_GetFlagStatus	24	static
../Driver/Src/i2c_driver.c:254:13:I2C_SendSlaveAddress	24	static
../Driver/Src/i2c_driver.c:267:13:I2C_ClearADDRStatusBit	24	static
../Driver/Src/i2c_driver.c:278:13:I2C_ClearSTOPFStatusBit	24	static
../Driver/Src/i2c_driver.c:289:13:I2C_ClearAFStatusBit	24	static
../Driver/Src/i2c_driver.c:296:6:I2CConfigureTrise	24	static
../Driver/Src/i2c_driver.c:303:6:I2CConfigureSlaveAddress	24	static
../Driver/Src/i2c_driver.c:317:6:I2CEnableAck	24	static
../Driver/Src/i2c_driver.c:324:6:I2CDisableAck	24	static
