../Driver/Src/lcd_driver_pcf8574.c:17:6:lcd_pcf8574_init	8	static
../Driver/Src/lcd_driver_pcf8574.c:48:6:lcd_pcf8574_send_cmd	24	static
../Driver/Src/lcd_driver_pcf8574.c:67:6:lcd_pcf8574_send_data	24	static
../Driver/Src/lcd_driver_pcf8574.c:86:6:lcd_pcf8574_clear_screen	8	static
../Driver/Src/lcd_driver_pcf8574.c:91:6:lcd_pcf8574_return_home	8	static
../Driver/Src/lcd_driver_pcf8574.c:96:6:lcd_pcf8574_set_position	24	static
../Driver/Src/lcd_driver_pcf8574.c:125:6:lcd_init	8	static
../Driver/Src/lcd_driver_pcf8574.c:155:6:lcd_gpio_init	8	static
../Driver/Src/lcd_driver_pcf8574.c:189:6:lcd_send_cmd	16	static
../Driver/Src/lcd_driver_pcf8574.c:202:6:lcd_send_data	16	static
