../Driver/Src/nRFL01_driver.c:17:6:configure_nrf_radio	24	static
../Driver/Src/nRFL01_driver.c:144:9:nrf_radio_transmit_packet	16	static
../Driver/Src/nRFL01_driver.c:163:9:nrf_radio_transmit_packet_polling	16	static
../Driver/Src/nRFL01_driver.c:185:6:nrf_radio_receive_packet_callback	16	static
../Driver/Src/nRFL01_driver.c:201:28:nrf_radio_packet_received_application_callback	16	static
../Driver/Src/nRFL01_driver.c:206:6:nrf_radio_interrupt_callback	16	static
../Driver/Src/nRFL01_driver.c:254:6:nrf_radio_rx_polling	16	static
../Driver/Src/nRFL01_driver.c:279:9:nrf_radio_get_status_register	16	static
../Driver/Src/nRFL01_driver.c:296:9:nrf_radio_get_interrupt_source	16	static
../Driver/Src/nRFL01_driver.c:323:6:nrf_radio_retreive_packet_from_fifo	16	static
../Driver/Src/nRFL01_driver.c:344:9:nrf_radio_get_rx_packet_length	16	static
../Driver/Src/nRFL01_driver.c:362:6:nrf_radio_send_packet_to_fifo	24	static
../Driver/Src/nRFL01_driver.c:386:6:nrf_radio_cmd_write	16	static
../Driver/Src/nRFL01_driver.c:393:6:nrf_radio_flush_tx	8	static
../Driver/Src/nRFL01_driver.c:400:6:nrf_radio_transmit_packet_interrupt	16	static
