13:52:21 **** Build of configuration Debug for project 006MutexBareMetal ****
make -j8 all 
arm-none-eabi-gcc "../Driver/Src/common_utils.c" -mcpu=cortex-m4 -std=gnu11 -g3 -DDEBUG -DSTM32 -DSTM32F407G_DISC1 -DSTM32F4 -DSTM32F407VGTx -c -I../Inc -I"/home/naveen/Code/mcu/basics/020FreeRTOS/FreeRTOS_Workspace/Common/ThirdParty/SEGGER/SEGGER" -I"/home/naveen/Code/mcu/basics/020FreeRTOS/FreeRTOS_Workspace/Common/ThirdParty/SEGGER/OS" -I"/home/naveen/Code/mcu/basics/020FreeRTOS/FreeRTOS_Workspace/Common/ThirdParty/SEGGER/Config" -I"/home/naveen/Code/mcu/basics/020FreeRTOS/FreeRTOS_Workspace/Common/ThirdParty/FreeRTOS/include" -I"/home/naveen/Code/mcu/basics/020FreeRTOS/FreeRTOS_Workspace/Common/ThirdParty/FreeRTOS/portable/GCC/ARM_CM4F" -I"/home/naveen/Code/mcu/basics/020FreeRTOS/FreeRTOS_Workspace/006MutexBareMetal/Driver/Inc" -O0 -ffunction-sections -fdata-sections -Wall -fstack-usage -MMD -MP -MF"Driver/Src/common_utils.d" -MT"Driver/Src/common_utils.o" --specs=nano.specs -mfpu=fpv4-sp-d16 -mfloat-abi=hard -mthumb -o "Driver/Src/common_utils.o"
arm-none-eabi-gcc "../Driver/Src/gpio_driver.c" -mcpu=cortex-m4 -std=gnu11 -g3 -DDEBUG -DSTM32 -DSTM32F407G_DISC1 -DSTM32F4 -DSTM32F407VGTx -c -I../Inc -I"/home/naveen/Code/mcu/basics/020FreeRTOS/FreeRTOS_Workspace/Common/ThirdParty/SEGGER/SEGGER" -I"/home/naveen/Code/mcu/basics/020FreeRTOS/FreeRTOS_Workspace/Common/ThirdParty/SEGGER/OS" -I"/home/naveen/Code/mcu/basics/020FreeRTOS/FreeRTOS_Workspace/Common/ThirdParty/SEGGER/Config" -I"/home/naveen/Code/mcu/basics/020FreeRTOS/FreeRTOS_Workspace/Common/ThirdParty/FreeRTOS/include" -I"/home/naveen/Code/mcu/basics/020FreeRTOS/FreeRTOS_Workspace/Common/ThirdParty/FreeRTOS/portable/GCC/ARM_CM4F" -I"/home/naveen/Code/mcu/basics/020FreeRTOS/FreeRTOS_Workspace/006MutexBareMetal/Driver/Inc" -O0 -ffunction-sections -fdata-sections -Wall -fstack-usage -MMD -MP -MF"Driver/Src/gpio_driver.d" -MT"Driver/Src/gpio_driver.o" --specs=nano.specs -mfpu=fpv4-sp-d16 -mfloat-abi=hard -mthumb -o "Driver/Src/gpio_driver.o"
arm-none-eabi-gcc "../Driver/Src/stm32f4xx.c" -mcpu=cortex-m4 -std=gnu11 -g3 -DDEBUG -DSTM32 -DSTM32F407G_DISC1 -DSTM32F4 -DSTM32F407VGTx -c -I../Inc -I"/home/naveen/Code/mcu/basics/020FreeRTOS/FreeRTOS_Workspace/Common/ThirdParty/SEGGER/SEGGER" -I"/home/naveen/Code/mcu/basics/020FreeRTOS/FreeRTOS_Workspace/Common/ThirdParty/SEGGER/OS" -I"/home/naveen/Code/mcu/basics/020FreeRTOS/FreeRTOS_Workspace/Common/ThirdParty/SEGGER/Config" -I"/home/naveen/Code/mcu/basics/020FreeRTOS/FreeRTOS_Workspace/Common/ThirdParty/FreeRTOS/include" -I"/home/naveen/Code/mcu/basics/020FreeRTOS/FreeRTOS_Workspace/Common/ThirdParty/FreeRTOS/portable/GCC/ARM_CM4F" -I"/home/naveen/Code/mcu/basics/020FreeRTOS/FreeRTOS_Workspace/006MutexBareMetal/Driver/Inc" -O0 -ffunction-sections -fdata-sections -Wall -fstack-usage -MMD -MP -MF"Driver/Src/stm32f4xx.d" -MT"Driver/Src/stm32f4xx.o" --specs=nano.specs -mfpu=fpv4-sp-d16 -mfloat-abi=hard -mthumb -o "Driver/Src/stm32f4xx.o"
arm-none-eabi-gcc "../Driver/Src/usart_driver.c" -mcpu=cortex-m4 -std=gnu11 -g3 -DDEBUG -DSTM32 -DSTM32F407G_DISC1 -DSTM32F4 -DSTM32F407VGTx -c -I../Inc -I"/home/naveen/Code/mcu/basics/020FreeRTOS/FreeRTOS_Workspace/Common/ThirdParty/SEGGER/SEGGER" -I"/home/naveen/Code/mcu/basics/020FreeRTOS/FreeRTOS_Workspace/Common/ThirdParty/SEGGER/OS" -I"/home/naveen/Code/mcu/basics/020FreeRTOS/FreeRTOS_Workspace/Common/ThirdParty/SEGGER/Config" -I"/home/naveen/Code/mcu/basics/020FreeRTOS/FreeRTOS_Workspace/Common/ThirdParty/FreeRTOS/include" -I"/home/naveen/Code/mcu/basics/020FreeRTOS/FreeRTOS_Workspace/Common/ThirdParty/FreeRTOS/portable/GCC/ARM_CM4F" -I"/home/naveen/Code/mcu/basics/020FreeRTOS/FreeRTOS_Workspace/006MutexBareMetal/Driver/Inc" -O0 -ffunction-sections -fdata-sections -Wall -fstack-usage -MMD -MP -MF"Driver/Src/usart_driver.d" -MT"Driver/Src/usart_driver.o" --specs=nano.specs -mfpu=fpv4-sp-d16 -mfloat-abi=hard -mthumb -o "Driver/Src/usart_driver.o"
../Driver/Src/usart_driver.c: In function 'USART_SendData_Interrupt':
../Driver/Src/usart_driver.c:235:2: warning: implicit declaration of function 'delay_us' [-Wimplicit-function-declaration]
  235 |  delay_us(5000);
      |  ^~~~~~~~
arm-none-eabi-gcc -o "006MutexBareMetal.elf" @"objects.list"   -mcpu=cortex-m4 -T"/home/naveen/Code/mcu/basics/020FreeRTOS/FreeRTOS_Workspace/006MutexBareMetal/STM32F407VGTX_FLASH.ld" --specs=nosys.specs -Wl,-Map="006MutexBareMetal.map" -Wl,--gc-sections -static --specs=nano.specs -mfpu=fpv4-sp-d16 -mfloat-abi=hard -mthumb -Wl,--start-group -lc -lm -Wl,--end-group
Finished building target: 006MutexBareMetal.elf
 
arm-none-eabi-size   006MutexBareMetal.elf 
arm-none-eabi-objdump -h -S  006MutexBareMetal.elf  > "006MutexBareMetal.list"
   text	   data	    bss	    dec	    hex	filename
  21000	     16	  80480	 101496	  18c78	006MutexBareMetal.elf
Finished building: default.size.stdout
 
Finished building: 006MutexBareMetal.list
 

13:52:21 Build Finished. 0 errors, 1 warnings. (took 367ms)

