Archive member included to satisfy reference by file (symbol)

/usr/lib/gcc/arm-none-eabi/9.2.1/../../../arm-none-eabi/lib/thumb/v7e-m+fp/hard/libc.a(lib_a-atexit.o)
                              /usr/lib/gcc/arm-none-eabi/9.2.1/../../../arm-none-eabi/lib/thumb/v7e-m+fp/hard/crt0.o (atexit)
/usr/lib/gcc/arm-none-eabi/9.2.1/../../../arm-none-eabi/lib/thumb/v7e-m+fp/hard/libc.a(lib_a-exit.o)
                              /usr/lib/gcc/arm-none-eabi/9.2.1/../../../arm-none-eabi/lib/thumb/v7e-m+fp/hard/crt0.o (exit)
/usr/lib/gcc/arm-none-eabi/9.2.1/../../../arm-none-eabi/lib/thumb/v7e-m+fp/hard/libc.a(lib_a-fini.o)
                              /usr/lib/gcc/arm-none-eabi/9.2.1/../../../arm-none-eabi/lib/thumb/v7e-m+fp/hard/crt0.o (__libc_fini_array)
/usr/lib/gcc/arm-none-eabi/9.2.1/../../../arm-none-eabi/lib/thumb/v7e-m+fp/hard/libc.a(lib_a-impure.o)
                              /usr/lib/gcc/arm-none-eabi/9.2.1/../../../arm-none-eabi/lib/thumb/v7e-m+fp/hard/libc.a(lib_a-exit.o) (_global_impure_ptr)
/usr/lib/gcc/arm-none-eabi/9.2.1/../../../arm-none-eabi/lib/thumb/v7e-m+fp/hard/libc.a(lib_a-init.o)
                              /usr/lib/gcc/arm-none-eabi/9.2.1/../../../arm-none-eabi/lib/thumb/v7e-m+fp/hard/crt0.o (__libc_init_array)
/usr/lib/gcc/arm-none-eabi/9.2.1/../../../arm-none-eabi/lib/thumb/v7e-m+fp/hard/libc.a(lib_a-memcpy.o)
                              ThirdParty/FreeRTOS/stream_buffer.o (memcpy)
/usr/lib/gcc/arm-none-eabi/9.2.1/../../../arm-none-eabi/lib/thumb/v7e-m+fp/hard/libc.a(lib_a-memset.o)
                              /usr/lib/gcc/arm-none-eabi/9.2.1/../../../arm-none-eabi/lib/thumb/v7e-m+fp/hard/crt0.o (memset)
/usr/lib/gcc/arm-none-eabi/9.2.1/../../../arm-none-eabi/lib/thumb/v7e-m+fp/hard/libc.a(lib_a-__atexit.o)
                              /usr/lib/gcc/arm-none-eabi/9.2.1/../../../arm-none-eabi/lib/thumb/v7e-m+fp/hard/libc.a(lib_a-atexit.o) (__register_exitproc)
/usr/lib/gcc/arm-none-eabi/9.2.1/../../../arm-none-eabi/lib/thumb/v7e-m+fp/hard/libc.a(lib_a-__call_atexit.o)
                              /usr/lib/gcc/arm-none-eabi/9.2.1/../../../arm-none-eabi/lib/thumb/v7e-m+fp/hard/libc.a(lib_a-exit.o) (__call_exitprocs)

Allocating common symbols
Common symbol       size              file

xQueueRegistry      0x40              ThirdParty/FreeRTOS/queue.o

Discarded input sections

 .text          0x0000000000000000        0x0 /usr/lib/gcc/arm-none-eabi/9.2.1/thumb/v7e-m+fp/hard/crti.o
 .data          0x0000000000000000        0x0 /usr/lib/gcc/arm-none-eabi/9.2.1/thumb/v7e-m+fp/hard/crti.o
 .bss           0x0000000000000000        0x0 /usr/lib/gcc/arm-none-eabi/9.2.1/thumb/v7e-m+fp/hard/crti.o
 .text          0x0000000000000000       0x88 /usr/lib/gcc/arm-none-eabi/9.2.1/thumb/v7e-m+fp/hard/crtbegin.o
 .data          0x0000000000000000        0x4 /usr/lib/gcc/arm-none-eabi/9.2.1/thumb/v7e-m+fp/hard/crtbegin.o
 .bss           0x0000000000000000       0x1c /usr/lib/gcc/arm-none-eabi/9.2.1/thumb/v7e-m+fp/hard/crtbegin.o
 .init_array    0x0000000000000000        0x4 /usr/lib/gcc/arm-none-eabi/9.2.1/thumb/v7e-m+fp/hard/crtbegin.o
 .fini_array    0x0000000000000000        0x4 /usr/lib/gcc/arm-none-eabi/9.2.1/thumb/v7e-m+fp/hard/crtbegin.o
 .eh_frame      0x0000000000000000        0x0 /usr/lib/gcc/arm-none-eabi/9.2.1/thumb/v7e-m+fp/hard/crtbegin.o
 .tm_clone_table
                0x0000000000000000        0x0 /usr/lib/gcc/arm-none-eabi/9.2.1/thumb/v7e-m+fp/hard/crtbegin.o
 .comment       0x0000000000000000       0x5a /usr/lib/gcc/arm-none-eabi/9.2.1/thumb/v7e-m+fp/hard/crtbegin.o
 .ARM.attributes
                0x0000000000000000       0x34 /usr/lib/gcc/arm-none-eabi/9.2.1/thumb/v7e-m+fp/hard/crtbegin.o
 .text          0x0000000000000000       0x70 /usr/lib/gcc/arm-none-eabi/9.2.1/../../../arm-none-eabi/lib/thumb/v7e-m+fp/hard/crt0.o
 .data          0x0000000000000000        0x0 /usr/lib/gcc/arm-none-eabi/9.2.1/../../../arm-none-eabi/lib/thumb/v7e-m+fp/hard/crt0.o
 .bss           0x0000000000000000        0x0 /usr/lib/gcc/arm-none-eabi/9.2.1/../../../arm-none-eabi/lib/thumb/v7e-m+fp/hard/crt0.o
 .ARM.extab     0x0000000000000000        0x0 /usr/lib/gcc/arm-none-eabi/9.2.1/../../../arm-none-eabi/lib/thumb/v7e-m+fp/hard/crt0.o
 .ARM.exidx     0x0000000000000000       0x10 /usr/lib/gcc/arm-none-eabi/9.2.1/../../../arm-none-eabi/lib/thumb/v7e-m+fp/hard/crt0.o
 .debug_line    0x0000000000000000       0x87 /usr/lib/gcc/arm-none-eabi/9.2.1/../../../arm-none-eabi/lib/thumb/v7e-m+fp/hard/crt0.o
 .debug_info    0x0000000000000000       0x26 /usr/lib/gcc/arm-none-eabi/9.2.1/../../../arm-none-eabi/lib/thumb/v7e-m+fp/hard/crt0.o
 .debug_abbrev  0x0000000000000000       0x14 /usr/lib/gcc/arm-none-eabi/9.2.1/../../../arm-none-eabi/lib/thumb/v7e-m+fp/hard/crt0.o
 .debug_aranges
                0x0000000000000000       0x20 /usr/lib/gcc/arm-none-eabi/9.2.1/../../../arm-none-eabi/lib/thumb/v7e-m+fp/hard/crt0.o
 .debug_str     0x0000000000000000       0x98 /usr/lib/gcc/arm-none-eabi/9.2.1/../../../arm-none-eabi/lib/thumb/v7e-m+fp/hard/crt0.o
 .ARM.attributes
                0x0000000000000000       0x1c /usr/lib/gcc/arm-none-eabi/9.2.1/../../../arm-none-eabi/lib/thumb/v7e-m+fp/hard/crt0.o
 .text          0x0000000000000000        0x0 ThirdParty/FreeRTOS/stream_buffer.o
 .data          0x0000000000000000        0x0 ThirdParty/FreeRTOS/stream_buffer.o
 .bss           0x0000000000000000        0x0 ThirdParty/FreeRTOS/stream_buffer.o
 .text.xStreamBufferGenericCreate
                0x0000000000000000       0xf6 ThirdParty/FreeRTOS/stream_buffer.o
 .text.vStreamBufferDelete
                0x0000000000000000       0x4e ThirdParty/FreeRTOS/stream_buffer.o
 .text.xStreamBufferReset
                0x0000000000000000       0x8a ThirdParty/FreeRTOS/stream_buffer.o
 .text.xStreamBufferResetFromISR
                0x0000000000000000       0xaa ThirdParty/FreeRTOS/stream_buffer.o
 .text.xStreamBufferSetTriggerLevel
                0x0000000000000000       0x5c ThirdParty/FreeRTOS/stream_buffer.o
 .text.xStreamBufferSpacesAvailable
                0x0000000000000000       0x76 ThirdParty/FreeRTOS/stream_buffer.o
 .text.xStreamBufferBytesAvailable
                0x0000000000000000       0x3a ThirdParty/FreeRTOS/stream_buffer.o
 .text.xStreamBufferSend
                0x0000000000000000      0x1a2 ThirdParty/FreeRTOS/stream_buffer.o
 .text.xStreamBufferSendFromISR
                0x0000000000000000       0xe8 ThirdParty/FreeRTOS/stream_buffer.o
 .text.prvWriteMessageToBuffer
                0x0000000000000000       0x90 ThirdParty/FreeRTOS/stream_buffer.o
 .text.xStreamBufferReceive
                0x0000000000000000      0x14c ThirdParty/FreeRTOS/stream_buffer.o
 .text.xStreamBufferNextMessageLengthBytes
                0x0000000000000000       0x88 ThirdParty/FreeRTOS/stream_buffer.o
 .text.xStreamBufferReceiveFromISR
                0x0000000000000000       0xe0 ThirdParty/FreeRTOS/stream_buffer.o
 .text.prvReadMessageFromBuffer
                0x0000000000000000       0x7a ThirdParty/FreeRTOS/stream_buffer.o
 .text.xStreamBufferIsEmpty
                0x0000000000000000       0x50 ThirdParty/FreeRTOS/stream_buffer.o
 .text.xStreamBufferIsFull
                0x0000000000000000       0x60 ThirdParty/FreeRTOS/stream_buffer.o
 .text.xStreamBufferSendCompletedFromISR
                0x0000000000000000       0x8c ThirdParty/FreeRTOS/stream_buffer.o
 .text.xStreamBufferReceiveCompletedFromISR
                0x0000000000000000       0x8c ThirdParty/FreeRTOS/stream_buffer.o
 .text.prvWriteBytesToBuffer
                0x0000000000000000       0xda ThirdParty/FreeRTOS/stream_buffer.o
 .text.prvReadBytesFromBuffer
                0x0000000000000000       0xd4 ThirdParty/FreeRTOS/stream_buffer.o
 .text.prvBytesInBuffer
                0x0000000000000000       0x40 ThirdParty/FreeRTOS/stream_buffer.o
 .text.prvInitialiseNewStreamBuffer
                0x0000000000000000       0x68 ThirdParty/FreeRTOS/stream_buffer.o
 .text.uxStreamBufferGetStreamBufferNotificationIndex
                0x0000000000000000       0x38 ThirdParty/FreeRTOS/stream_buffer.o
 .text.vStreamBufferSetStreamBufferNotificationIndex
                0x0000000000000000       0x94 ThirdParty/FreeRTOS/stream_buffer.o
 .text.uxStreamBufferGetStreamBufferNumber
                0x0000000000000000       0x18 ThirdParty/FreeRTOS/stream_buffer.o
 .text.vStreamBufferSetStreamBufferNumber
                0x0000000000000000       0x1c ThirdParty/FreeRTOS/stream_buffer.o
 .text.ucStreamBufferGetStreamBufferType
                0x0000000000000000       0x1e ThirdParty/FreeRTOS/stream_buffer.o
 .comment       0x0000000000000000       0x5a ThirdParty/FreeRTOS/stream_buffer.o
 .ARM.attributes
                0x0000000000000000       0x34 ThirdParty/FreeRTOS/stream_buffer.o
 .text          0x0000000000000000        0x0 ThirdParty/FreeRTOS/croutine.o
 .data          0x0000000000000000        0x0 ThirdParty/FreeRTOS/croutine.o
 .bss           0x0000000000000000        0x0 ThirdParty/FreeRTOS/croutine.o
 .comment       0x0000000000000000       0x5a ThirdParty/FreeRTOS/croutine.o
 .ARM.attributes
                0x0000000000000000       0x39 ThirdParty/FreeRTOS/croutine.o
 .text          0x0000000000000000        0x0 ThirdParty/FreeRTOS/event_groups.o
 .data          0x0000000000000000        0x0 ThirdParty/FreeRTOS/event_groups.o
 .bss           0x0000000000000000        0x0 ThirdParty/FreeRTOS/event_groups.o
 .text.xEventGroupCreate
                0x0000000000000000       0x2e ThirdParty/FreeRTOS/event_groups.o
 .text.xEventGroupSync
                0x0000000000000000      0x15c ThirdParty/FreeRTOS/event_groups.o
 .text.xEventGroupWaitBits
                0x0000000000000000      0x19c ThirdParty/FreeRTOS/event_groups.o
 .text.xEventGroupClearBits
                0x0000000000000000       0x70 ThirdParty/FreeRTOS/event_groups.o
 .text.xEventGroupGetBitsFromISR
                0x0000000000000000       0x48 ThirdParty/FreeRTOS/event_groups.o
 .text.xEventGroupSetBits
                0x0000000000000000      0x116 ThirdParty/FreeRTOS/event_groups.o
 .text.vEventGroupDelete
                0x0000000000000000       0x7e ThirdParty/FreeRTOS/event_groups.o
 .text.vEventGroupSetBitsCallback
                0x0000000000000000       0x1a ThirdParty/FreeRTOS/event_groups.o
 .text.vEventGroupClearBitsCallback
                0x0000000000000000       0x1a ThirdParty/FreeRTOS/event_groups.o
 .text.prvTestWaitCondition
                0x0000000000000000       0x44 ThirdParty/FreeRTOS/event_groups.o
 .text.uxEventGroupGetNumber
                0x0000000000000000       0x2c ThirdParty/FreeRTOS/event_groups.o
 .text.vEventGroupSetNumber
                0x0000000000000000       0x1c ThirdParty/FreeRTOS/event_groups.o
 .comment       0x0000000000000000       0x5a ThirdParty/FreeRTOS/event_groups.o
 .ARM.attributes
                0x0000000000000000       0x34 ThirdParty/FreeRTOS/event_groups.o
 .text          0x0000000000000000        0x0 ThirdParty/FreeRTOS/portable/MemMang/heap_4.o
 .data          0x0000000000000000        0x0 ThirdParty/FreeRTOS/portable/MemMang/heap_4.o
 .bss           0x0000000000000000        0x0 ThirdParty/FreeRTOS/portable/MemMang/heap_4.o
 .rodata.xHeapStructSize
                0x0000000000000000        0x4 ThirdParty/FreeRTOS/portable/MemMang/heap_4.o
 .text.xPortGetFreeHeapSize
                0x0000000000000000       0x18 ThirdParty/FreeRTOS/portable/MemMang/heap_4.o
 .text.xPortGetMinimumEverFreeHeapSize
                0x0000000000000000       0x18 ThirdParty/FreeRTOS/portable/MemMang/heap_4.o
 .text.vPortInitialiseBlocks
                0x0000000000000000        0xe ThirdParty/FreeRTOS/portable/MemMang/heap_4.o
 .text.pvPortCalloc
                0x0000000000000000       0x60 ThirdParty/FreeRTOS/portable/MemMang/heap_4.o
 .text.vPortGetHeapStats
                0x0000000000000000       0xbc ThirdParty/FreeRTOS/portable/MemMang/heap_4.o
 .text.vPortHeapResetState
                0x0000000000000000       0x40 ThirdParty/FreeRTOS/portable/MemMang/heap_4.o
 .text          0x0000000000000000        0x0 ThirdParty/FreeRTOS/portable/GCC/ARM_CM4F/port.o
 .data          0x0000000000000000        0x0 ThirdParty/FreeRTOS/portable/GCC/ARM_CM4F/port.o
 .bss           0x0000000000000000        0x0 ThirdParty/FreeRTOS/portable/GCC/ARM_CM4F/port.o
 .rodata.pcInterruptPriorityRegisters
                0x0000000000000000        0x4 ThirdParty/FreeRTOS/portable/GCC/ARM_CM4F/port.o
 .text.vPortEndScheduler
                0x0000000000000000       0x38 ThirdParty/FreeRTOS/portable/GCC/ARM_CM4F/port.o
 .text.vPortValidateInterruptPriority
                0x0000000000000000       0x80 ThirdParty/FreeRTOS/portable/GCC/ARM_CM4F/port.o
 .text          0x0000000000000000        0x0 ThirdParty/FreeRTOS/queue.o
 .data          0x0000000000000000        0x0 ThirdParty/FreeRTOS/queue.o
 .bss           0x0000000000000000        0x0 ThirdParty/FreeRTOS/queue.o
 .text.prvInitialiseMutex
                0x0000000000000000       0x34 ThirdParty/FreeRTOS/queue.o
 .text.xQueueCreateMutex
                0x0000000000000000       0x30 ThirdParty/FreeRTOS/queue.o
 .text.xQueueGiveMutexRecursive
                0x0000000000000000       0x68 ThirdParty/FreeRTOS/queue.o
 .text.xQueueTakeMutexRecursive
                0x0000000000000000       0x6c ThirdParty/FreeRTOS/queue.o
 .text.xQueueCreateCountingSemaphore
                0x0000000000000000       0x5c ThirdParty/FreeRTOS/queue.o
 .text.xQueueGenericSendFromISR
                0x0000000000000000      0x164 ThirdParty/FreeRTOS/queue.o
 .text.xQueueGiveFromISR
                0x0000000000000000      0x148 ThirdParty/FreeRTOS/queue.o
 .text.xQueueSemaphoreTake
                0x0000000000000000      0x1fc ThirdParty/FreeRTOS/queue.o
 .text.xQueuePeek
                0x0000000000000000      0x1c4 ThirdParty/FreeRTOS/queue.o
 .text.xQueueReceiveFromISR
                0x0000000000000000      0x12e ThirdParty/FreeRTOS/queue.o
 .text.xQueuePeekFromISR
                0x0000000000000000       0xd2 ThirdParty/FreeRTOS/queue.o
 .text.uxQueueMessagesWaiting
                0x0000000000000000       0x3c ThirdParty/FreeRTOS/queue.o
 .text.uxQueueSpacesAvailable
                0x0000000000000000       0x46 ThirdParty/FreeRTOS/queue.o
 .text.uxQueueMessagesWaitingFromISR
                0x0000000000000000       0x3c ThirdParty/FreeRTOS/queue.o
 .text.vQueueDelete
                0x0000000000000000       0x3c ThirdParty/FreeRTOS/queue.o
 .text.uxQueueGetQueueNumber
                0x0000000000000000       0x18 ThirdParty/FreeRTOS/queue.o
 .text.vQueueSetQueueNumber
                0x0000000000000000       0x1c ThirdParty/FreeRTOS/queue.o
 .text.ucQueueGetQueueType
                0x0000000000000000       0x1a ThirdParty/FreeRTOS/queue.o
 .text.uxQueueGetQueueItemSize
                0x0000000000000000       0x18 ThirdParty/FreeRTOS/queue.o
 .text.uxQueueGetQueueLength
                0x0000000000000000       0x18 ThirdParty/FreeRTOS/queue.o
 .text.prvGetDisinheritPriorityAfterTimeout
                0x0000000000000000       0x30 ThirdParty/FreeRTOS/queue.o
 .text.xQueueIsQueueEmptyFromISR
                0x0000000000000000       0x48 ThirdParty/FreeRTOS/queue.o
 .text.xQueueIsQueueFullFromISR
                0x0000000000000000       0x4c ThirdParty/FreeRTOS/queue.o
 .text.pcQueueGetName
                0x0000000000000000       0x68 ThirdParty/FreeRTOS/queue.o
 .text.vQueueUnregisterQueue
                0x0000000000000000       0x70 ThirdParty/FreeRTOS/queue.o
 .text          0x0000000000000000        0x0 ThirdParty/FreeRTOS/list.o
 .data          0x0000000000000000        0x0 ThirdParty/FreeRTOS/list.o
 .bss           0x0000000000000000        0x0 ThirdParty/FreeRTOS/list.o
 .text.vListInsertEnd
                0x0000000000000000       0x48 ThirdParty/FreeRTOS/list.o
 .text          0x0000000000000000        0x0 ThirdParty/FreeRTOS/tasks.o
 .data          0x0000000000000000        0x0 ThirdParty/FreeRTOS/tasks.o
 .bss           0x0000000000000000        0x0 ThirdParty/FreeRTOS/tasks.o
 .text.vTaskDelete
                0x0000000000000000      0x144 ThirdParty/FreeRTOS/tasks.o
 .text.xTaskDelayUntil
                0x0000000000000000       0xfc ThirdParty/FreeRTOS/tasks.o
 .text.vTaskDelay
                0x0000000000000000       0x68 ThirdParty/FreeRTOS/tasks.o
 .text.eTaskGetState
                0x0000000000000000      0x10c ThirdParty/FreeRTOS/tasks.o
 .text.uxTaskPriorityGet
                0x0000000000000000       0x34 ThirdParty/FreeRTOS/tasks.o
 .text.uxTaskPriorityGetFromISR
                0x0000000000000000       0x58 ThirdParty/FreeRTOS/tasks.o
 .text.uxTaskBasePriorityGet
                0x0000000000000000       0x34 ThirdParty/FreeRTOS/tasks.o
 .text.uxTaskBasePriorityGetFromISR
                0x0000000000000000       0x58 ThirdParty/FreeRTOS/tasks.o
 .text.vTaskPrioritySet
                0x0000000000000000      0x1b4 ThirdParty/FreeRTOS/tasks.o
 .text.vTaskSuspend
                0x0000000000000000      0x144 ThirdParty/FreeRTOS/tasks.o
 .text.prvTaskIsTaskSuspended
                0x0000000000000000       0x8c ThirdParty/FreeRTOS/tasks.o
 .text.vTaskResume
                0x0000000000000000      0x110 ThirdParty/FreeRTOS/tasks.o
 .text.xTaskResumeFromISR
                0x0000000000000000      0x140 ThirdParty/FreeRTOS/tasks.o
 .text.vTaskEndScheduler
                0x0000000000000000       0x64 ThirdParty/FreeRTOS/tasks.o
 .text.xTaskGetTickCountFromISR
                0x0000000000000000       0x24 ThirdParty/FreeRTOS/tasks.o
 .text.uxTaskGetNumberOfTasks
                0x0000000000000000       0x18 ThirdParty/FreeRTOS/tasks.o
 .text.pcTaskGetName
                0x0000000000000000       0x48 ThirdParty/FreeRTOS/tasks.o
 .text.uxTaskGetSystemState
                0x0000000000000000      0x11c ThirdParty/FreeRTOS/tasks.o
 .text.xTaskGetIdleTaskHandle
                0x0000000000000000       0x38 ThirdParty/FreeRTOS/tasks.o
 .text.xTaskGetIdleTaskHandleForCore
                0x0000000000000000       0x60 ThirdParty/FreeRTOS/tasks.o
 .text.xTaskCatchUpTicks
                0x0000000000000000       0x58 ThirdParty/FreeRTOS/tasks.o
 .text.vTaskPlaceOnUnorderedEventList
                0x0000000000000000       0xac ThirdParty/FreeRTOS/tasks.o
 .text.vTaskRemoveFromUnorderedEventList
                0x0000000000000000      0x184 ThirdParty/FreeRTOS/tasks.o
 .text.vTaskSetTimeOutState
                0x0000000000000000       0x4c ThirdParty/FreeRTOS/tasks.o
 .text.uxTaskGetTaskNumber
                0x0000000000000000       0x2c ThirdParty/FreeRTOS/tasks.o
 .text.vTaskSetTaskNumber
                0x0000000000000000       0x26 ThirdParty/FreeRTOS/tasks.o
 .text.vTaskGetInfo
                0x0000000000000000      0x110 ThirdParty/FreeRTOS/tasks.o
 .text.prvListTasksWithinSingleList
                0x0000000000000000       0x6a ThirdParty/FreeRTOS/tasks.o
 .text.prvTaskCheckFreeStackSpace
                0x0000000000000000       0x36 ThirdParty/FreeRTOS/tasks.o
 .text.xTaskGetCurrentTaskHandle
                0x0000000000000000       0x20 ThirdParty/FreeRTOS/tasks.o
 .text.xTaskGetCurrentTaskHandleForCore
                0x0000000000000000       0x30 ThirdParty/FreeRTOS/tasks.o
 .text.xTaskPriorityInherit
                0x0000000000000000      0x140 ThirdParty/FreeRTOS/tasks.o
 .text.vTaskPriorityDisinheritAfterTimeout
                0x0000000000000000      0x174 ThirdParty/FreeRTOS/tasks.o
 .text.uxTaskResetEventItemValue
                0x0000000000000000       0x30 ThirdParty/FreeRTOS/tasks.o
 .text.pvTaskIncrementMutexHeldCount
                0x0000000000000000       0x30 ThirdParty/FreeRTOS/tasks.o
 .text.ulTaskGenericNotifyTake
                0x0000000000000000       0xf4 ThirdParty/FreeRTOS/tasks.o
 .text.xTaskGenericNotifyWait
                0x0000000000000000      0x124 ThirdParty/FreeRTOS/tasks.o
 .text.xTaskGenericNotify
                0x0000000000000000      0x248 ThirdParty/FreeRTOS/tasks.o
 .text.xTaskGenericNotifyFromISR
                0x0000000000000000      0x2bc ThirdParty/FreeRTOS/tasks.o
 .text.vTaskGenericNotifyGiveFromISR
                0x0000000000000000      0x210 ThirdParty/FreeRTOS/tasks.o
 .text.xTaskGenericNotifyStateClear
                0x0000000000000000       0x74 ThirdParty/FreeRTOS/tasks.o
 .text.ulTaskGenericNotifyValueClear
                0x0000000000000000       0x78 ThirdParty/FreeRTOS/tasks.o
 .text.vTaskResetState
                0x0000000000000000       0xa0 ThirdParty/FreeRTOS/tasks.o
 .text          0x0000000000000000        0x0 ThirdParty/FreeRTOS/timers.o
 .data          0x0000000000000000        0x0 ThirdParty/FreeRTOS/timers.o
 .bss           0x0000000000000000        0x0 ThirdParty/FreeRTOS/timers.o
 .text.xTimerGenericCommandFromISR
                0x0000000000000000       0x84 ThirdParty/FreeRTOS/timers.o
 .text.xTimerGetTimerDaemonTaskHandle
                0x0000000000000000       0x38 ThirdParty/FreeRTOS/timers.o
 .text.xTimerGetPeriod
                0x0000000000000000       0x38 ThirdParty/FreeRTOS/timers.o
 .text.vTimerSetReloadMode
                0x0000000000000000       0x66 ThirdParty/FreeRTOS/timers.o
 .text.xTimerGetReloadMode
                0x0000000000000000       0x52 ThirdParty/FreeRTOS/timers.o
 .text.uxTimerGetReloadMode
                0x0000000000000000       0x1c ThirdParty/FreeRTOS/timers.o
 .text.xTimerGetExpiryTime
                0x0000000000000000       0x3c ThirdParty/FreeRTOS/timers.o
 .text.pcTimerGetName
                0x0000000000000000       0x38 ThirdParty/FreeRTOS/timers.o
 .text.xTimerIsTimerActive
                0x0000000000000000       0x52 ThirdParty/FreeRTOS/timers.o
 .text.vTimerSetTimerID
                0x0000000000000000       0x40 ThirdParty/FreeRTOS/timers.o
 .text.uxTimerGetTimerNumber
                0x0000000000000000       0x18 ThirdParty/FreeRTOS/timers.o
 .text.vTimerSetTimerNumber
                0x0000000000000000       0x1c ThirdParty/FreeRTOS/timers.o
 .text.vTimerResetState
                0x0000000000000000       0x24 ThirdParty/FreeRTOS/timers.o
 .text          0x0000000000000000        0x0 Src/stm32_startup.o
 .data          0x0000000000000000        0x0 Src/stm32_startup.o
 .bss           0x0000000000000000        0x0 Src/stm32_startup.o
 .text          0x0000000000000000        0x0 Src/main_swtimers_singlecallback_leds.o
 .data          0x0000000000000000        0x0 Src/main_swtimers_singlecallback_leds.o
 .bss           0x0000000000000000        0x0 Src/main_swtimers_singlecallback_leds.o
 .text          0x0000000000000000        0x0 Src/gpio_driver.o
 .data          0x0000000000000000        0x0 Src/gpio_driver.o
 .bss           0x0000000000000000        0x0 Src/gpio_driver.o
 .text.GPIOReadPin
                0x0000000000000000       0x40 Src/gpio_driver.o
 .text.GPIOWritePin
                0x0000000000000000       0x46 Src/gpio_driver.o
 .text.GPIOWritePort
                0x0000000000000000       0x20 Src/gpio_driver.o
 .text.GPIOReadIDR
                0x0000000000000000       0x1c Src/gpio_driver.o
 .text.GPIOReadODR
                0x0000000000000000       0x1c Src/gpio_driver.o
 .text.GPIOSetAltFn
                0x0000000000000000       0x74 Src/gpio_driver.o
 .text.GPIOSetOutputType
                0x0000000000000000       0x46 Src/gpio_driver.o
 .text.GPIOSetPullUpDownConfig
                0x0000000000000000       0x4a Src/gpio_driver.o
 .text.GPIOSetOutputSpeed
                0x0000000000000000       0x4a Src/gpio_driver.o
 .text          0x0000000000000000        0x0 Src/stm32f4xx.o
 .data          0x0000000000000000        0x0 Src/stm32f4xx.o
 .bss           0x0000000000000000        0x0 Src/stm32f4xx.o
 .text.DisablePeriClk
                0x0000000000000000      0x388 Src/stm32f4xx.o
 .text.NVIC_EnableIRQ
                0x0000000000000000       0x46 Src/stm32f4xx.o
 .text.NVIC_DisableIRQ
                0x0000000000000000       0x48 Src/stm32f4xx.o
 .text.NVIC_IRQSetPending
                0x0000000000000000       0x46 Src/stm32f4xx.o
 .text.NVIC_IRQClearPending
                0x0000000000000000       0x48 Src/stm32f4xx.o
 .text          0x0000000000000000        0xc /usr/lib/gcc/arm-none-eabi/9.2.1/../../../arm-none-eabi/lib/thumb/v7e-m+fp/hard/libc.a(lib_a-atexit.o)
 .data          0x0000000000000000        0x0 /usr/lib/gcc/arm-none-eabi/9.2.1/../../../arm-none-eabi/lib/thumb/v7e-m+fp/hard/libc.a(lib_a-atexit.o)
 .bss           0x0000000000000000        0x0 /usr/lib/gcc/arm-none-eabi/9.2.1/../../../arm-none-eabi/lib/thumb/v7e-m+fp/hard/libc.a(lib_a-atexit.o)
 .debug_info    0x0000000000000000      0x995 /usr/lib/gcc/arm-none-eabi/9.2.1/../../../arm-none-eabi/lib/thumb/v7e-m+fp/hard/libc.a(lib_a-atexit.o)
 .debug_abbrev  0x0000000000000000      0x232 /usr/lib/gcc/arm-none-eabi/9.2.1/../../../arm-none-eabi/lib/thumb/v7e-m+fp/hard/libc.a(lib_a-atexit.o)
 .debug_loc     0x0000000000000000       0x32 /usr/lib/gcc/arm-none-eabi/9.2.1/../../../arm-none-eabi/lib/thumb/v7e-m+fp/hard/libc.a(lib_a-atexit.o)
 .debug_aranges
                0x0000000000000000       0x20 /usr/lib/gcc/arm-none-eabi/9.2.1/../../../arm-none-eabi/lib/thumb/v7e-m+fp/hard/libc.a(lib_a-atexit.o)
 .debug_line    0x0000000000000000      0x14a /usr/lib/gcc/arm-none-eabi/9.2.1/../../../arm-none-eabi/lib/thumb/v7e-m+fp/hard/libc.a(lib_a-atexit.o)
 .debug_str     0x0000000000000000      0x5eb /usr/lib/gcc/arm-none-eabi/9.2.1/../../../arm-none-eabi/lib/thumb/v7e-m+fp/hard/libc.a(lib_a-atexit.o)
 .comment       0x0000000000000000       0x4f /usr/lib/gcc/arm-none-eabi/9.2.1/../../../arm-none-eabi/lib/thumb/v7e-m+fp/hard/libc.a(lib_a-atexit.o)
 .debug_frame   0x0000000000000000       0x20 /usr/lib/gcc/arm-none-eabi/9.2.1/../../../arm-none-eabi/lib/thumb/v7e-m+fp/hard/libc.a(lib_a-atexit.o)
 .ARM.attributes
                0x0000000000000000       0x34 /usr/lib/gcc/arm-none-eabi/9.2.1/../../../arm-none-eabi/lib/thumb/v7e-m+fp/hard/libc.a(lib_a-atexit.o)
 .text          0x0000000000000000       0x20 /usr/lib/gcc/arm-none-eabi/9.2.1/../../../arm-none-eabi/lib/thumb/v7e-m+fp/hard/libc.a(lib_a-exit.o)
 .data          0x0000000000000000        0x0 /usr/lib/gcc/arm-none-eabi/9.2.1/../../../arm-none-eabi/lib/thumb/v7e-m+fp/hard/libc.a(lib_a-exit.o)
 .bss           0x0000000000000000        0x0 /usr/lib/gcc/arm-none-eabi/9.2.1/../../../arm-none-eabi/lib/thumb/v7e-m+fp/hard/libc.a(lib_a-exit.o)
 .debug_info    0x0000000000000000      0x9d0 /usr/lib/gcc/arm-none-eabi/9.2.1/../../../arm-none-eabi/lib/thumb/v7e-m+fp/hard/libc.a(lib_a-exit.o)
 .debug_abbrev  0x0000000000000000      0x21f /usr/lib/gcc/arm-none-eabi/9.2.1/../../../arm-none-eabi/lib/thumb/v7e-m+fp/hard/libc.a(lib_a-exit.o)
 .debug_loc     0x0000000000000000       0x22 /usr/lib/gcc/arm-none-eabi/9.2.1/../../../arm-none-eabi/lib/thumb/v7e-m+fp/hard/libc.a(lib_a-exit.o)
 .debug_aranges
                0x0000000000000000       0x20 /usr/lib/gcc/arm-none-eabi/9.2.1/../../../arm-none-eabi/lib/thumb/v7e-m+fp/hard/libc.a(lib_a-exit.o)
 .debug_line    0x0000000000000000      0x178 /usr/lib/gcc/arm-none-eabi/9.2.1/../../../arm-none-eabi/lib/thumb/v7e-m+fp/hard/libc.a(lib_a-exit.o)
 .debug_str     0x0000000000000000      0x5ec /usr/lib/gcc/arm-none-eabi/9.2.1/../../../arm-none-eabi/lib/thumb/v7e-m+fp/hard/libc.a(lib_a-exit.o)
 .comment       0x0000000000000000       0x4f /usr/lib/gcc/arm-none-eabi/9.2.1/../../../arm-none-eabi/lib/thumb/v7e-m+fp/hard/libc.a(lib_a-exit.o)
 .debug_frame   0x0000000000000000       0x28 /usr/lib/gcc/arm-none-eabi/9.2.1/../../../arm-none-eabi/lib/thumb/v7e-m+fp/hard/libc.a(lib_a-exit.o)
 .ARM.attributes
                0x0000000000000000       0x34 /usr/lib/gcc/arm-none-eabi/9.2.1/../../../arm-none-eabi/lib/thumb/v7e-m+fp/hard/libc.a(lib_a-exit.o)
 .text          0x0000000000000000       0x34 /usr/lib/gcc/arm-none-eabi/9.2.1/../../../arm-none-eabi/lib/thumb/v7e-m+fp/hard/libc.a(lib_a-fini.o)
 .data          0x0000000000000000        0x0 /usr/lib/gcc/arm-none-eabi/9.2.1/../../../arm-none-eabi/lib/thumb/v7e-m+fp/hard/libc.a(lib_a-fini.o)
 .bss           0x0000000000000000        0x0 /usr/lib/gcc/arm-none-eabi/9.2.1/../../../arm-none-eabi/lib/thumb/v7e-m+fp/hard/libc.a(lib_a-fini.o)
 .debug_info    0x0000000000000000      0x102 /usr/lib/gcc/arm-none-eabi/9.2.1/../../../arm-none-eabi/lib/thumb/v7e-m+fp/hard/libc.a(lib_a-fini.o)
 .debug_abbrev  0x0000000000000000       0xcf /usr/lib/gcc/arm-none-eabi/9.2.1/../../../arm-none-eabi/lib/thumb/v7e-m+fp/hard/libc.a(lib_a-fini.o)
 .debug_loc     0x0000000000000000       0x68 /usr/lib/gcc/arm-none-eabi/9.2.1/../../../arm-none-eabi/lib/thumb/v7e-m+fp/hard/libc.a(lib_a-fini.o)
 .debug_aranges
                0x0000000000000000       0x20 /usr/lib/gcc/arm-none-eabi/9.2.1/../../../arm-none-eabi/lib/thumb/v7e-m+fp/hard/libc.a(lib_a-fini.o)
 .debug_line    0x0000000000000000       0xd7 /usr/lib/gcc/arm-none-eabi/9.2.1/../../../arm-none-eabi/lib/thumb/v7e-m+fp/hard/libc.a(lib_a-fini.o)
 .debug_str     0x0000000000000000      0x1fa /usr/lib/gcc/arm-none-eabi/9.2.1/../../../arm-none-eabi/lib/thumb/v7e-m+fp/hard/libc.a(lib_a-fini.o)
 .comment       0x0000000000000000       0x4f /usr/lib/gcc/arm-none-eabi/9.2.1/../../../arm-none-eabi/lib/thumb/v7e-m+fp/hard/libc.a(lib_a-fini.o)
 .debug_frame   0x0000000000000000       0x34 /usr/lib/gcc/arm-none-eabi/9.2.1/../../../arm-none-eabi/lib/thumb/v7e-m+fp/hard/libc.a(lib_a-fini.o)
 .ARM.attributes
                0x0000000000000000       0x34 /usr/lib/gcc/arm-none-eabi/9.2.1/../../../arm-none-eabi/lib/thumb/v7e-m+fp/hard/libc.a(lib_a-fini.o)
 .text          0x0000000000000000        0x0 /usr/lib/gcc/arm-none-eabi/9.2.1/../../../arm-none-eabi/lib/thumb/v7e-m+fp/hard/libc.a(lib_a-impure.o)
 .data          0x0000000000000000      0x430 /usr/lib/gcc/arm-none-eabi/9.2.1/../../../arm-none-eabi/lib/thumb/v7e-m+fp/hard/libc.a(lib_a-impure.o)
 .bss           0x0000000000000000        0x0 /usr/lib/gcc/arm-none-eabi/9.2.1/../../../arm-none-eabi/lib/thumb/v7e-m+fp/hard/libc.a(lib_a-impure.o)
 .rodata        0x0000000000000000        0x4 /usr/lib/gcc/arm-none-eabi/9.2.1/../../../arm-none-eabi/lib/thumb/v7e-m+fp/hard/libc.a(lib_a-impure.o)
 .debug_info    0x0000000000000000      0x92a /usr/lib/gcc/arm-none-eabi/9.2.1/../../../arm-none-eabi/lib/thumb/v7e-m+fp/hard/libc.a(lib_a-impure.o)
 .debug_abbrev  0x0000000000000000      0x1b8 /usr/lib/gcc/arm-none-eabi/9.2.1/../../../arm-none-eabi/lib/thumb/v7e-m+fp/hard/libc.a(lib_a-impure.o)
 .debug_aranges
                0x0000000000000000       0x18 /usr/lib/gcc/arm-none-eabi/9.2.1/../../../arm-none-eabi/lib/thumb/v7e-m+fp/hard/libc.a(lib_a-impure.o)
 .debug_line    0x0000000000000000       0xe3 /usr/lib/gcc/arm-none-eabi/9.2.1/../../../arm-none-eabi/lib/thumb/v7e-m+fp/hard/libc.a(lib_a-impure.o)
 .debug_str     0x0000000000000000      0x5a0 /usr/lib/gcc/arm-none-eabi/9.2.1/../../../arm-none-eabi/lib/thumb/v7e-m+fp/hard/libc.a(lib_a-impure.o)
 .comment       0x0000000000000000       0x4f /usr/lib/gcc/arm-none-eabi/9.2.1/../../../arm-none-eabi/lib/thumb/v7e-m+fp/hard/libc.a(lib_a-impure.o)
 .ARM.attributes
                0x0000000000000000       0x32 /usr/lib/gcc/arm-none-eabi/9.2.1/../../../arm-none-eabi/lib/thumb/v7e-m+fp/hard/libc.a(lib_a-impure.o)
 .text          0x0000000000000000       0x48 /usr/lib/gcc/arm-none-eabi/9.2.1/../../../arm-none-eabi/lib/thumb/v7e-m+fp/hard/libc.a(lib_a-init.o)
 .data          0x0000000000000000        0x0 /usr/lib/gcc/arm-none-eabi/9.2.1/../../../arm-none-eabi/lib/thumb/v7e-m+fp/hard/libc.a(lib_a-init.o)
 .bss           0x0000000000000000        0x0 /usr/lib/gcc/arm-none-eabi/9.2.1/../../../arm-none-eabi/lib/thumb/v7e-m+fp/hard/libc.a(lib_a-init.o)
 .debug_info    0x0000000000000000      0x11a /usr/lib/gcc/arm-none-eabi/9.2.1/../../../arm-none-eabi/lib/thumb/v7e-m+fp/hard/libc.a(lib_a-init.o)
 .debug_abbrev  0x0000000000000000       0xcc /usr/lib/gcc/arm-none-eabi/9.2.1/../../../arm-none-eabi/lib/thumb/v7e-m+fp/hard/libc.a(lib_a-init.o)
 .debug_loc     0x0000000000000000       0xba /usr/lib/gcc/arm-none-eabi/9.2.1/../../../arm-none-eabi/lib/thumb/v7e-m+fp/hard/libc.a(lib_a-init.o)
 .debug_aranges
                0x0000000000000000       0x20 /usr/lib/gcc/arm-none-eabi/9.2.1/../../../arm-none-eabi/lib/thumb/v7e-m+fp/hard/libc.a(lib_a-init.o)
 .debug_line    0x0000000000000000      0x10d /usr/lib/gcc/arm-none-eabi/9.2.1/../../../arm-none-eabi/lib/thumb/v7e-m+fp/hard/libc.a(lib_a-init.o)
 .debug_str     0x0000000000000000      0x224 /usr/lib/gcc/arm-none-eabi/9.2.1/../../../arm-none-eabi/lib/thumb/v7e-m+fp/hard/libc.a(lib_a-init.o)
 .comment       0x0000000000000000       0x4f /usr/lib/gcc/arm-none-eabi/9.2.1/../../../arm-none-eabi/lib/thumb/v7e-m+fp/hard/libc.a(lib_a-init.o)
 .debug_frame   0x0000000000000000       0x2c /usr/lib/gcc/arm-none-eabi/9.2.1/../../../arm-none-eabi/lib/thumb/v7e-m+fp/hard/libc.a(lib_a-init.o)
 .ARM.attributes
                0x0000000000000000       0x34 /usr/lib/gcc/arm-none-eabi/9.2.1/../../../arm-none-eabi/lib/thumb/v7e-m+fp/hard/libc.a(lib_a-init.o)
 .data          0x0000000000000000        0x0 /usr/lib/gcc/arm-none-eabi/9.2.1/../../../arm-none-eabi/lib/thumb/v7e-m+fp/hard/libc.a(lib_a-memcpy.o)
 .bss           0x0000000000000000        0x0 /usr/lib/gcc/arm-none-eabi/9.2.1/../../../arm-none-eabi/lib/thumb/v7e-m+fp/hard/libc.a(lib_a-memcpy.o)
 .data          0x0000000000000000        0x0 /usr/lib/gcc/arm-none-eabi/9.2.1/../../../arm-none-eabi/lib/thumb/v7e-m+fp/hard/libc.a(lib_a-memset.o)
 .bss           0x0000000000000000        0x0 /usr/lib/gcc/arm-none-eabi/9.2.1/../../../arm-none-eabi/lib/thumb/v7e-m+fp/hard/libc.a(lib_a-memset.o)
 .text          0x0000000000000000       0x68 /usr/lib/gcc/arm-none-eabi/9.2.1/../../../arm-none-eabi/lib/thumb/v7e-m+fp/hard/libc.a(lib_a-__atexit.o)
 .data          0x0000000000000000        0x0 /usr/lib/gcc/arm-none-eabi/9.2.1/../../../arm-none-eabi/lib/thumb/v7e-m+fp/hard/libc.a(lib_a-__atexit.o)
 .bss           0x0000000000000000        0x0 /usr/lib/gcc/arm-none-eabi/9.2.1/../../../arm-none-eabi/lib/thumb/v7e-m+fp/hard/libc.a(lib_a-__atexit.o)
 .debug_info    0x0000000000000000      0x9d5 /usr/lib/gcc/arm-none-eabi/9.2.1/../../../arm-none-eabi/lib/thumb/v7e-m+fp/hard/libc.a(lib_a-__atexit.o)
 .debug_abbrev  0x0000000000000000      0x252 /usr/lib/gcc/arm-none-eabi/9.2.1/../../../arm-none-eabi/lib/thumb/v7e-m+fp/hard/libc.a(lib_a-__atexit.o)
 .debug_loc     0x0000000000000000      0x138 /usr/lib/gcc/arm-none-eabi/9.2.1/../../../arm-none-eabi/lib/thumb/v7e-m+fp/hard/libc.a(lib_a-__atexit.o)
 .debug_aranges
                0x0000000000000000       0x20 /usr/lib/gcc/arm-none-eabi/9.2.1/../../../arm-none-eabi/lib/thumb/v7e-m+fp/hard/libc.a(lib_a-__atexit.o)
 .debug_line    0x0000000000000000      0x1e1 /usr/lib/gcc/arm-none-eabi/9.2.1/../../../arm-none-eabi/lib/thumb/v7e-m+fp/hard/libc.a(lib_a-__atexit.o)
 .debug_str     0x0000000000000000      0x609 /usr/lib/gcc/arm-none-eabi/9.2.1/../../../arm-none-eabi/lib/thumb/v7e-m+fp/hard/libc.a(lib_a-__atexit.o)
 .comment       0x0000000000000000       0x4f /usr/lib/gcc/arm-none-eabi/9.2.1/../../../arm-none-eabi/lib/thumb/v7e-m+fp/hard/libc.a(lib_a-__atexit.o)
 .debug_frame   0x0000000000000000       0x38 /usr/lib/gcc/arm-none-eabi/9.2.1/../../../arm-none-eabi/lib/thumb/v7e-m+fp/hard/libc.a(lib_a-__atexit.o)
 .ARM.attributes
                0x0000000000000000       0x34 /usr/lib/gcc/arm-none-eabi/9.2.1/../../../arm-none-eabi/lib/thumb/v7e-m+fp/hard/libc.a(lib_a-__atexit.o)
 .text          0x0000000000000000       0x9c /usr/lib/gcc/arm-none-eabi/9.2.1/../../../arm-none-eabi/lib/thumb/v7e-m+fp/hard/libc.a(lib_a-__call_atexit.o)
 .data          0x0000000000000000        0x0 /usr/lib/gcc/arm-none-eabi/9.2.1/../../../arm-none-eabi/lib/thumb/v7e-m+fp/hard/libc.a(lib_a-__call_atexit.o)
 .bss           0x0000000000000000        0x0 /usr/lib/gcc/arm-none-eabi/9.2.1/../../../arm-none-eabi/lib/thumb/v7e-m+fp/hard/libc.a(lib_a-__call_atexit.o)
 .text.startup  0x0000000000000000       0x14 /usr/lib/gcc/arm-none-eabi/9.2.1/../../../arm-none-eabi/lib/thumb/v7e-m+fp/hard/libc.a(lib_a-__call_atexit.o)
 .init_array.00000
                0x0000000000000000        0x4 /usr/lib/gcc/arm-none-eabi/9.2.1/../../../arm-none-eabi/lib/thumb/v7e-m+fp/hard/libc.a(lib_a-__call_atexit.o)
 .debug_info    0x0000000000000000      0xa56 /usr/lib/gcc/arm-none-eabi/9.2.1/../../../arm-none-eabi/lib/thumb/v7e-m+fp/hard/libc.a(lib_a-__call_atexit.o)
 .debug_abbrev  0x0000000000000000      0x2b2 /usr/lib/gcc/arm-none-eabi/9.2.1/../../../arm-none-eabi/lib/thumb/v7e-m+fp/hard/libc.a(lib_a-__call_atexit.o)
 .debug_loc     0x0000000000000000      0x14a /usr/lib/gcc/arm-none-eabi/9.2.1/../../../arm-none-eabi/lib/thumb/v7e-m+fp/hard/libc.a(lib_a-__call_atexit.o)
 .debug_aranges
                0x0000000000000000       0x28 /usr/lib/gcc/arm-none-eabi/9.2.1/../../../arm-none-eabi/lib/thumb/v7e-m+fp/hard/libc.a(lib_a-__call_atexit.o)
 .debug_ranges  0x0000000000000000       0x38 /usr/lib/gcc/arm-none-eabi/9.2.1/../../../arm-none-eabi/lib/thumb/v7e-m+fp/hard/libc.a(lib_a-__call_atexit.o)
 .debug_line    0x0000000000000000      0x238 /usr/lib/gcc/arm-none-eabi/9.2.1/../../../arm-none-eabi/lib/thumb/v7e-m+fp/hard/libc.a(lib_a-__call_atexit.o)
 .debug_str     0x0000000000000000      0x61c /usr/lib/gcc/arm-none-eabi/9.2.1/../../../arm-none-eabi/lib/thumb/v7e-m+fp/hard/libc.a(lib_a-__call_atexit.o)
 .comment       0x0000000000000000       0x4f /usr/lib/gcc/arm-none-eabi/9.2.1/../../../arm-none-eabi/lib/thumb/v7e-m+fp/hard/libc.a(lib_a-__call_atexit.o)
 .debug_frame   0x0000000000000000       0x50 /usr/lib/gcc/arm-none-eabi/9.2.1/../../../arm-none-eabi/lib/thumb/v7e-m+fp/hard/libc.a(lib_a-__call_atexit.o)
 .ARM.attributes
                0x0000000000000000       0x34 /usr/lib/gcc/arm-none-eabi/9.2.1/../../../arm-none-eabi/lib/thumb/v7e-m+fp/hard/libc.a(lib_a-__call_atexit.o)
 .text          0x0000000000000000        0x0 /usr/lib/gcc/arm-none-eabi/9.2.1/thumb/v7e-m+fp/hard/crtend.o
 .data          0x0000000000000000        0x0 /usr/lib/gcc/arm-none-eabi/9.2.1/thumb/v7e-m+fp/hard/crtend.o
 .bss           0x0000000000000000        0x0 /usr/lib/gcc/arm-none-eabi/9.2.1/thumb/v7e-m+fp/hard/crtend.o
 .eh_frame      0x0000000000000000        0x4 /usr/lib/gcc/arm-none-eabi/9.2.1/thumb/v7e-m+fp/hard/crtend.o
 .tm_clone_table
                0x0000000000000000        0x0 /usr/lib/gcc/arm-none-eabi/9.2.1/thumb/v7e-m+fp/hard/crtend.o
 .comment       0x0000000000000000       0x5a /usr/lib/gcc/arm-none-eabi/9.2.1/thumb/v7e-m+fp/hard/crtend.o
 .ARM.attributes
                0x0000000000000000       0x32 /usr/lib/gcc/arm-none-eabi/9.2.1/thumb/v7e-m+fp/hard/crtend.o
 .text          0x0000000000000000        0x0 /usr/lib/gcc/arm-none-eabi/9.2.1/thumb/v7e-m+fp/hard/crtn.o
 .data          0x0000000000000000        0x0 /usr/lib/gcc/arm-none-eabi/9.2.1/thumb/v7e-m+fp/hard/crtn.o
 .bss           0x0000000000000000        0x0 /usr/lib/gcc/arm-none-eabi/9.2.1/thumb/v7e-m+fp/hard/crtn.o
 .init          0x0000000000000000        0x8 /usr/lib/gcc/arm-none-eabi/9.2.1/thumb/v7e-m+fp/hard/crtn.o
 .fini          0x0000000000000000        0x8 /usr/lib/gcc/arm-none-eabi/9.2.1/thumb/v7e-m+fp/hard/crtn.o
 .ARM.attributes
                0x0000000000000000       0x1e /usr/lib/gcc/arm-none-eabi/9.2.1/thumb/v7e-m+fp/hard/crtn.o

Memory Configuration

Name             Origin             Length             Attributes
FLASH            0x0000000008000000 0x0000000000100000 xr
SRAM             0x0000000020000000 0x0000000000020000 xrw
*default*        0x0000000000000000 0xffffffffffffffff

Linker script and memory map

LOAD /usr/lib/gcc/arm-none-eabi/9.2.1/thumb/v7e-m+fp/hard/crti.o
LOAD /usr/lib/gcc/arm-none-eabi/9.2.1/thumb/v7e-m+fp/hard/crtbegin.o
LOAD /usr/lib/gcc/arm-none-eabi/9.2.1/../../../arm-none-eabi/lib/thumb/v7e-m+fp/hard/crt0.o
LOAD ThirdParty/FreeRTOS/stream_buffer.o
LOAD ThirdParty/FreeRTOS/croutine.o
LOAD ThirdParty/FreeRTOS/event_groups.o
LOAD ThirdParty/FreeRTOS/portable/MemMang/heap_4.o
LOAD ThirdParty/FreeRTOS/portable/GCC/ARM_CM4F/port.o
LOAD ThirdParty/FreeRTOS/queue.o
LOAD ThirdParty/FreeRTOS/list.o
LOAD ThirdParty/FreeRTOS/tasks.o
LOAD ThirdParty/FreeRTOS/timers.o
LOAD Src/stm32_startup.o
LOAD Src/main_swtimers_singlecallback_leds.o
LOAD Src/gpio_driver.o
LOAD Src/stm32f4xx.o
START GROUP
LOAD /usr/lib/gcc/arm-none-eabi/9.2.1/thumb/v7e-m+fp/hard/libgcc.a
LOAD /usr/lib/gcc/arm-none-eabi/9.2.1/../../../arm-none-eabi/lib/thumb/v7e-m+fp/hard/libc.a
END GROUP
LOAD /usr/lib/gcc/arm-none-eabi/9.2.1/thumb/v7e-m+fp/hard/crtend.o
LOAD /usr/lib/gcc/arm-none-eabi/9.2.1/thumb/v7e-m+fp/hard/crtn.o

.text           0x0000000008000000     0x3638
                0x0000000008000000                . = ALIGN (0x4)
                0x0000000008000000                _stext = .
 *(.isr_vector)
 .isr_vector    0x0000000008000000      0x188 Src/stm32_startup.o
                0x0000000008000000                vectors
 *(.text)
 .text          0x0000000008000188      0x134 /usr/lib/gcc/arm-none-eabi/9.2.1/../../../arm-none-eabi/lib/thumb/v7e-m+fp/hard/libc.a(lib_a-memcpy.o)
                0x0000000008000188                memcpy
 .text          0x00000000080002bc       0xa0 /usr/lib/gcc/arm-none-eabi/9.2.1/../../../arm-none-eabi/lib/thumb/v7e-m+fp/hard/libc.a(lib_a-memset.o)
                0x00000000080002bc                memset
 *(.text*)
 .text.pvPortMalloc
                0x000000000800035c      0x258 ThirdParty/FreeRTOS/portable/MemMang/heap_4.o
                0x000000000800035c                pvPortMalloc
 .text.vPortFree
                0x00000000080005b4       0xf0 ThirdParty/FreeRTOS/portable/MemMang/heap_4.o
                0x00000000080005b4                vPortFree
 .text.prvHeapInit
                0x00000000080006a4       0xb4 ThirdParty/FreeRTOS/portable/MemMang/heap_4.o
 .text.prvInsertBlockIntoFreeList
                0x0000000008000758       0xf4 ThirdParty/FreeRTOS/portable/MemMang/heap_4.o
 .text.pxPortInitialiseStack
                0x000000000800084c       0x68 ThirdParty/FreeRTOS/portable/GCC/ARM_CM4F/port.o
                0x000000000800084c                pxPortInitialiseStack
 .text.prvTaskExitError
                0x00000000080008b4       0x58 ThirdParty/FreeRTOS/portable/GCC/ARM_CM4F/port.o
 *fill*         0x000000000800090c        0x4 
 .text.SVC_Handler
                0x0000000008000910       0x28 ThirdParty/FreeRTOS/portable/GCC/ARM_CM4F/port.o
                0x0000000008000910                SVC_Handler
 .text.prvPortStartFirstTask
                0x0000000008000938       0x2c ThirdParty/FreeRTOS/portable/GCC/ARM_CM4F/port.o
 .text.xPortStartScheduler
                0x0000000008000964      0x1d4 ThirdParty/FreeRTOS/portable/GCC/ARM_CM4F/port.o
                0x0000000008000964                xPortStartScheduler
 .text.vPortEnterCritical
                0x0000000008000b38       0x60 ThirdParty/FreeRTOS/portable/GCC/ARM_CM4F/port.o
                0x0000000008000b38                vPortEnterCritical
 .text.vPortExitCritical
                0x0000000008000b98       0x54 ThirdParty/FreeRTOS/portable/GCC/ARM_CM4F/port.o
                0x0000000008000b98                vPortExitCritical
 *fill*         0x0000000008000bec        0x4 
 .text.PendSV_Handler
                0x0000000008000bf0       0x68 ThirdParty/FreeRTOS/portable/GCC/ARM_CM4F/port.o
                0x0000000008000bf0                PendSV_Handler
 .text.SysTick_Handler
                0x0000000008000c58       0x44 ThirdParty/FreeRTOS/portable/GCC/ARM_CM4F/port.o
                0x0000000008000c58                SysTick_Handler
 .text.vPortSetupTimerInterrupt
                0x0000000008000c9c       0x34 ThirdParty/FreeRTOS/portable/GCC/ARM_CM4F/port.o
                0x0000000008000c9c                vPortSetupTimerInterrupt
 .text.vPortEnableVFP
                0x0000000008000cd0       0x18 ThirdParty/FreeRTOS/portable/GCC/ARM_CM4F/port.o
 .text.xQueueGenericReset
                0x0000000008000ce8      0x120 ThirdParty/FreeRTOS/queue.o
                0x0000000008000ce8                xQueueGenericReset
 .text.xQueueGenericCreate
                0x0000000008000e08       0x9c ThirdParty/FreeRTOS/queue.o
                0x0000000008000e08                xQueueGenericCreate
 .text.prvInitialiseNewQueue
                0x0000000008000ea4       0x46 ThirdParty/FreeRTOS/queue.o
 *fill*         0x0000000008000eea        0x2 
 .text.xQueueGenericSend
                0x0000000008000eec      0x1fc ThirdParty/FreeRTOS/queue.o
                0x0000000008000eec                xQueueGenericSend
 .text.xQueueReceive
                0x00000000080010e8      0x1c0 ThirdParty/FreeRTOS/queue.o
                0x00000000080010e8                xQueueReceive
 .text.prvCopyDataToQueue
                0x00000000080012a8       0xd4 ThirdParty/FreeRTOS/queue.o
 .text.prvCopyDataFromQueue
                0x000000000800137c       0x4c ThirdParty/FreeRTOS/queue.o
 .text.prvUnlockQueue
                0x00000000080013c8       0xa4 ThirdParty/FreeRTOS/queue.o
 .text.prvIsQueueEmpty
                0x000000000800146c       0x2c ThirdParty/FreeRTOS/queue.o
 .text.prvIsQueueFull
                0x0000000008001498       0x30 ThirdParty/FreeRTOS/queue.o
 .text.vQueueAddToRegistry
                0x00000000080014c8       0x9c ThirdParty/FreeRTOS/queue.o
                0x00000000080014c8                vQueueAddToRegistry
 .text.vQueueWaitForMessageRestricted
                0x0000000008001564       0x68 ThirdParty/FreeRTOS/queue.o
                0x0000000008001564                vQueueWaitForMessageRestricted
 .text.vListInitialise
                0x00000000080015cc       0x40 ThirdParty/FreeRTOS/list.o
                0x00000000080015cc                vListInitialise
 .text.vListInitialiseItem
                0x000000000800160c       0x1a ThirdParty/FreeRTOS/list.o
                0x000000000800160c                vListInitialiseItem
 .text.vListInsert
                0x0000000008001626       0x72 ThirdParty/FreeRTOS/list.o
                0x0000000008001626                vListInsert
 .text.uxListRemove
                0x0000000008001698       0x54 ThirdParty/FreeRTOS/list.o
                0x0000000008001698                uxListRemove
 .text.prvCreateTask
                0x00000000080016ec       0x78 ThirdParty/FreeRTOS/tasks.o
 .text.xTaskCreate
                0x0000000008001764       0x46 ThirdParty/FreeRTOS/tasks.o
                0x0000000008001764                xTaskCreate
 .text.prvInitialiseNewTask
                0x00000000080017aa      0x11c ThirdParty/FreeRTOS/tasks.o
 *fill*         0x00000000080018c6        0x2 
 .text.prvAddNewTaskToReadyList
                0x00000000080018c8      0x130 ThirdParty/FreeRTOS/tasks.o
 .text.prvCreateIdleTasks
                0x00000000080019f8       0x94 ThirdParty/FreeRTOS/tasks.o
 .text.vTaskStartScheduler
                0x0000000008001a8c       0x88 ThirdParty/FreeRTOS/tasks.o
                0x0000000008001a8c                vTaskStartScheduler
 .text.vTaskSuspendAll
                0x0000000008001b14       0x1c ThirdParty/FreeRTOS/tasks.o
                0x0000000008001b14                vTaskSuspendAll
 .text.xTaskResumeAll
                0x0000000008001b30      0x210 ThirdParty/FreeRTOS/tasks.o
                0x0000000008001b30                xTaskResumeAll
 .text.xTaskGetTickCount
                0x0000000008001d40       0x20 ThirdParty/FreeRTOS/tasks.o
                0x0000000008001d40                xTaskGetTickCount
 .text.xTaskIncrementTick
                0x0000000008001d60      0x230 ThirdParty/FreeRTOS/tasks.o
                0x0000000008001d60                xTaskIncrementTick
 .text.vTaskSwitchContext
                0x0000000008001f90       0xb8 ThirdParty/FreeRTOS/tasks.o
                0x0000000008001f90                vTaskSwitchContext
 .text.vTaskPlaceOnEventList
                0x0000000008002048       0x48 ThirdParty/FreeRTOS/tasks.o
                0x0000000008002048                vTaskPlaceOnEventList
 .text.vTaskPlaceOnEventListRestricted
                0x0000000008002090       0x8c ThirdParty/FreeRTOS/tasks.o
                0x0000000008002090                vTaskPlaceOnEventListRestricted
 .text.xTaskRemoveFromEventList
                0x000000000800211c      0x1b0 ThirdParty/FreeRTOS/tasks.o
                0x000000000800211c                xTaskRemoveFromEventList
 .text.vTaskInternalSetTimeOutState
                0x00000000080022cc       0x2c ThirdParty/FreeRTOS/tasks.o
                0x00000000080022cc                vTaskInternalSetTimeOutState
 .text.xTaskCheckForTimeOut
                0x00000000080022f8       0xcc ThirdParty/FreeRTOS/tasks.o
                0x00000000080022f8                xTaskCheckForTimeOut
 .text.vTaskMissedYield
                0x00000000080023c4       0x18 ThirdParty/FreeRTOS/tasks.o
                0x00000000080023c4                vTaskMissedYield
 .text.prvIdleTask
                0x00000000080023dc       0x30 ThirdParty/FreeRTOS/tasks.o
 .text.prvInitialiseTaskLists
                0x000000000800240c       0x80 ThirdParty/FreeRTOS/tasks.o
 .text.prvCheckTasksWaitingTermination
                0x000000000800248c       0x5c ThirdParty/FreeRTOS/tasks.o
 .text.prvDeleteTCB
                0x00000000080024e8       0x20 ThirdParty/FreeRTOS/tasks.o
 .text.prvResetNextTaskUnblockTime
                0x0000000008002508       0x38 ThirdParty/FreeRTOS/tasks.o
 .text.xTaskGetSchedulerState
                0x0000000008002540       0x3c ThirdParty/FreeRTOS/tasks.o
                0x0000000008002540                xTaskGetSchedulerState
 .text.xTaskPriorityDisinherit
                0x000000000800257c      0x14c ThirdParty/FreeRTOS/tasks.o
                0x000000000800257c                xTaskPriorityDisinherit
 .text.prvAddCurrentTaskToDelayedList
                0x00000000080026c8      0x104 ThirdParty/FreeRTOS/tasks.o
 .text.xTimerCreateTimerTask
                0x00000000080027cc       0x64 ThirdParty/FreeRTOS/timers.o
                0x00000000080027cc                xTimerCreateTimerTask
 .text.xTimerCreate
                0x0000000008002830       0x42 ThirdParty/FreeRTOS/timers.o
                0x0000000008002830                xTimerCreate
 .text.prvInitialiseNewTimer
                0x0000000008002872       0x70 ThirdParty/FreeRTOS/timers.o
 *fill*         0x00000000080028e2        0x2 
 .text.xTimerGenericCommandFromTask
                0x00000000080028e4       0xa4 ThirdParty/FreeRTOS/timers.o
                0x00000000080028e4                xTimerGenericCommandFromTask
 .text.prvReloadTimer
                0x0000000008002988       0x42 ThirdParty/FreeRTOS/timers.o
 *fill*         0x00000000080029ca        0x2 
 .text.prvProcessExpiredTimer
                0x00000000080029cc       0x60 ThirdParty/FreeRTOS/timers.o
 .text.prvTimerTask
                0x0000000008002a2c       0x24 ThirdParty/FreeRTOS/timers.o
 .text.prvProcessTimerOrBlockTask
                0x0000000008002a50       0x9c ThirdParty/FreeRTOS/timers.o
 .text.prvGetNextExpireTime
                0x0000000008002aec       0x48 ThirdParty/FreeRTOS/timers.o
 .text.prvSampleTimeNow
                0x0000000008002b34       0x40 ThirdParty/FreeRTOS/timers.o
 .text.prvInsertTimerInActiveList
                0x0000000008002b74       0x84 ThirdParty/FreeRTOS/timers.o
 .text.prvProcessReceivedCommands
                0x0000000008002bf8      0x188 ThirdParty/FreeRTOS/timers.o
 .text.prvSwitchTimerLists
                0x0000000008002d80       0x4c ThirdParty/FreeRTOS/timers.o
 .text.prvCheckForValidListAndQueue
                0x0000000008002dcc       0x6c ThirdParty/FreeRTOS/timers.o
 .text.pvTimerGetTimerID
                0x0000000008002e38       0x40 ThirdParty/FreeRTOS/timers.o
                0x0000000008002e38                pvTimerGetTimerID
 .text.Reset_Handler
                0x0000000008002e78       0x84 Src/stm32_startup.o
                0x0000000008002e78                Reset_Handler
 .text.Default_Handler
                0x0000000008002efc        0x6 Src/stm32_startup.o
                0x0000000008002efc                RTC_WKUP_Handler
                0x0000000008002efc                FLASH_Handler
                0x0000000008002efc                DMA2_Stream7_Handler
                0x0000000008002efc                OTG_HS_Handler
                0x0000000008002efc                HardFault_Handler
                0x0000000008002efc                DMA2_Stream3_Handler
                0x0000000008002efc                USART3_Handler
                0x0000000008002efc                NMI_Handler
                0x0000000008002efc                TIM6_DAC_Handler
                0x0000000008002efc                CAN1_RX1_Handler
                0x0000000008002efc                EXTI15_10_Handler
                0x0000000008002efc                ADC_Handler
                0x0000000008002efc                HASH_RNG_Handler
                0x0000000008002efc                I2C1_EV_Handler
                0x0000000008002efc                TAMP_STAMP_Handler
                0x0000000008002efc                I2C3_ER_Handler
                0x0000000008002efc                WWDG_Handler
                0x0000000008002efc                EXTI4_Handler
                0x0000000008002efc                I2C3_EV_Handler
                0x0000000008002efc                DMA1_Stream1_Handler
                0x0000000008002efc                DMA2_Stream4_Handler
                0x0000000008002efc                DMA1_Stream7_Handler
                0x0000000008002efc                OTG_FS_Handler
                0x0000000008002efc                ETH_WKUP_Handler
                0x0000000008002efc                TIM1_BRK_TIM9_Handler
                0x0000000008002efc                I2C1_ER_Handler
                0x0000000008002efc                DMA1_Stream3_Handler
                0x0000000008002efc                UsageFault_Handler
                0x0000000008002efc                TIM1_UP_TIM10_Handler
                0x0000000008002efc                CAN1_RX0_Handler
                0x0000000008002efc                TIM1_CC_Handler
                0x0000000008002efc                I2C2_ER_Handler
                0x0000000008002efc                USART6_Handler
                0x0000000008002efc                TIM8_CC_Handler
                0x0000000008002efc                CAN1_SCE_Handler
                0x0000000008002efc                DMA1_Stream0_Handler
                0x0000000008002efc                OTG_HS_EP1_OUT_Handler
                0x0000000008002efc                FSMC_Handler
                0x0000000008002efc                EXTI1_Handler
                0x0000000008002efc                EXTI3_Handler
                0x0000000008002efc                CRYP_Handler
                0x0000000008002efc                EXTI2_Handler
                0x0000000008002efc                UART4_Handler
                0x0000000008002efc                CAN2_RX1_Handler
                0x0000000008002efc                EXTI9_5_Handler
                0x0000000008002efc                TIM2_Handler
                0x0000000008002efc                USART1_Handler
                0x0000000008002efc                CAN2_SCE_Handler
                0x0000000008002efc                TIM3_Handler
                0x0000000008002efc                DMA2_Stream6_Handler
                0x0000000008002efc                Default_Handler
                0x0000000008002efc                DCMI_Handler
                0x0000000008002efc                TIM1_TRG_COM_TIM11_Handler
                0x0000000008002efc                RTC_Alarm_Handler
                0x0000000008002efc                TIM4_Handler
                0x0000000008002efc                TIM8_UP_TIM13_Handler
                0x0000000008002efc                CAN2_TX_Handler
                0x0000000008002efc                SPI2_Handler
                0x0000000008002efc                DMA2_Stream1_Handler
                0x0000000008002efc                DMA1_Stream2_Handler
                0x0000000008002efc                MemManage_Handler
                0x0000000008002efc                EXTI0_Handler
                0x0000000008002efc                TIM8_BRK_TIM12_Handler
                0x0000000008002efc                CAN2_RX0_Handler
                0x0000000008002efc                DMA2_Stream5_Handler
                0x0000000008002efc                DMA1_Stream6_Handler
                0x0000000008002efc                SDIO_Handler
                0x0000000008002efc                USART2_Handler
                0x0000000008002efc                ETH_Handler
                0x0000000008002efc                SPI1_Handler
                0x0000000008002efc                I2C2_EV_Handler
                0x0000000008002efc                DMA2_Stream2_Handler
                0x0000000008002efc                SPI3_Handler
                0x0000000008002efc                DMA2_Stream0_Handler
                0x0000000008002efc                RCC_Handler
                0x0000000008002efc                PVD_Handler
                0x0000000008002efc                UART5_Handler
                0x0000000008002efc                DMA1_Stream5_Handler
                0x0000000008002efc                TIM5_Handler
                0x0000000008002efc                TIM7_Handler
                0x0000000008002efc                TIM8_TRG_COM_TIM14_Handler
                0x0000000008002efc                CAN1_TX_Handler
                0x0000000008002efc                FPU_Handler
                0x0000000008002efc                BusFault_Handler
                0x0000000008002efc                DMA1_Stream4_Handler
                0x0000000008002efc                DebugMonitor_Handler
                0x0000000008002efc                OTG_HS_WKUP_Handler
                0x0000000008002efc                OTG_FS_WKUP_Handler
                0x0000000008002efc                OTG_HS_EP1_IN_Handler
 *fill*         0x0000000008002f02        0x2 
 .text.main     0x0000000008002f04      0x214 Src/main_swtimers_singlecallback_leds.o
                0x0000000008002f04                main
 .text.LedCallbackFunction
                0x0000000008003118       0x88 Src/main_swtimers_singlecallback_leds.o
 .text.NVIC_SetPriorityGrouping
                0x00000000080031a0       0x3c Src/main_swtimers_singlecallback_leds.o
 .text.GPIOSetMode
                0x00000000080031dc       0x4a Src/gpio_driver.o
                0x00000000080031dc                GPIOSetMode
 .text.GPIOTogglePin
                0x0000000008003226       0x2e Src/gpio_driver.o
                0x0000000008003226                GPIOTogglePin
 .text.EnablePeriClk
                0x0000000008003254      0x388 Src/stm32f4xx.o
                0x0000000008003254                EnablePeriClk
 *(.rodata)
 .rodata        0x00000000080035dc        0x5 ThirdParty/FreeRTOS/tasks.o
 *fill*         0x00000000080035e1        0x3 
 .rodata        0x00000000080035e4        0xd ThirdParty/FreeRTOS/timers.o
 *fill*         0x00000000080035f1        0x3 
 .rodata        0x00000000080035f4       0x43 Src/main_swtimers_singlecallback_leds.o
 *(.rodata*)
                0x0000000008003638                . = ALIGN (0x4)
 *fill*         0x0000000008003637        0x1 
                0x0000000008003638                _etext = .

.glue_7         0x0000000008003638        0x0
 .glue_7        0x0000000008003638        0x0 linker stubs

.glue_7t        0x0000000008003638        0x0
 .glue_7t       0x0000000008003638        0x0 linker stubs

.vfp11_veneer   0x0000000008003638        0x0
 .vfp11_veneer  0x0000000008003638        0x0 linker stubs

.v4_bx          0x0000000008003638        0x0
 .v4_bx         0x0000000008003638        0x0 linker stubs

.init           0x0000000008003638        0x4
 .init          0x0000000008003638        0x4 /usr/lib/gcc/arm-none-eabi/9.2.1/thumb/v7e-m+fp/hard/crti.o
                0x0000000008003638                _init

.fini           0x000000000800363c        0x4
 .fini          0x000000000800363c        0x4 /usr/lib/gcc/arm-none-eabi/9.2.1/thumb/v7e-m+fp/hard/crti.o
                0x000000000800363c                _fini

.iplt           0x0000000008003640        0x0
 .iplt          0x0000000008003640        0x0 ThirdParty/FreeRTOS/portable/MemMang/heap_4.o

.rel.dyn        0x0000000008003640        0x0
 .rel.iplt      0x0000000008003640        0x0 ThirdParty/FreeRTOS/portable/MemMang/heap_4.o

.data           0x0000000020000000        0x8 load address 0x0000000008003640
                0x0000000020000000                . = ALIGN (0x4)
                0x0000000020000000                _sdata = .
 *(.data)
 *(.data*)
 .data.uxCriticalNesting
                0x0000000020000000        0x4 ThirdParty/FreeRTOS/portable/GCC/ARM_CM4F/port.o
 .data.uxTopUsedPriority
                0x0000000020000004        0x4 ThirdParty/FreeRTOS/tasks.o
                0x0000000020000008                . = ALIGN (0x4)
                0x0000000020000008                _edata = .
                0x0000000008003640                _sidata = LOADADDR (.data)

.igot.plt       0x0000000020000008        0x0 load address 0x0000000008003648
 .igot.plt      0x0000000020000008        0x0 ThirdParty/FreeRTOS/portable/MemMang/heap_4.o

.bss            0x0000000020000008    0x12e18 load address 0x0000000008003648
                0x0000000020000008                . = ALIGN (0x4)
                0x0000000020000008                _sbss = .
 *(.bss)
 *(.bss*)
 .bss.ucHeap    0x0000000020000008    0x12c00 ThirdParty/FreeRTOS/portable/MemMang/heap_4.o
 .bss.xStart    0x0000000020012c08        0x8 ThirdParty/FreeRTOS/portable/MemMang/heap_4.o
 .bss.pxEnd     0x0000000020012c10        0x4 ThirdParty/FreeRTOS/portable/MemMang/heap_4.o
 .bss.xFreeBytesRemaining
                0x0000000020012c14        0x4 ThirdParty/FreeRTOS/portable/MemMang/heap_4.o
 .bss.xMinimumEverFreeBytesRemaining
                0x0000000020012c18        0x4 ThirdParty/FreeRTOS/portable/MemMang/heap_4.o
 .bss.xNumberOfSuccessfulAllocations
                0x0000000020012c1c        0x4 ThirdParty/FreeRTOS/portable/MemMang/heap_4.o
 .bss.xNumberOfSuccessfulFrees
                0x0000000020012c20        0x4 ThirdParty/FreeRTOS/portable/MemMang/heap_4.o
 .bss.ucMaxSysCallPriority
                0x0000000020012c24        0x1 ThirdParty/FreeRTOS/portable/GCC/ARM_CM4F/port.o
 *fill*         0x0000000020012c25        0x3 
 .bss.ulMaxPRIGROUPValue
                0x0000000020012c28        0x4 ThirdParty/FreeRTOS/portable/GCC/ARM_CM4F/port.o
 .bss.pxCurrentTCB
                0x0000000020012c2c        0x4 ThirdParty/FreeRTOS/tasks.o
                0x0000000020012c2c                pxCurrentTCB
 .bss.pxReadyTasksLists
                0x0000000020012c30       0xc8 ThirdParty/FreeRTOS/tasks.o
 .bss.xDelayedTaskList1
                0x0000000020012cf8       0x14 ThirdParty/FreeRTOS/tasks.o
 .bss.xDelayedTaskList2
                0x0000000020012d0c       0x14 ThirdParty/FreeRTOS/tasks.o
 .bss.pxDelayedTaskList
                0x0000000020012d20        0x4 ThirdParty/FreeRTOS/tasks.o
 .bss.pxOverflowDelayedTaskList
                0x0000000020012d24        0x4 ThirdParty/FreeRTOS/tasks.o
 .bss.xPendingReadyList
                0x0000000020012d28       0x14 ThirdParty/FreeRTOS/tasks.o
 .bss.xTasksWaitingTermination
                0x0000000020012d3c       0x14 ThirdParty/FreeRTOS/tasks.o
 .bss.uxDeletedTasksWaitingCleanUp
                0x0000000020012d50        0x4 ThirdParty/FreeRTOS/tasks.o
 .bss.xSuspendedTaskList
                0x0000000020012d54       0x14 ThirdParty/FreeRTOS/tasks.o
 .bss.uxCurrentNumberOfTasks
                0x0000000020012d68        0x4 ThirdParty/FreeRTOS/tasks.o
 .bss.xTickCount
                0x0000000020012d6c        0x4 ThirdParty/FreeRTOS/tasks.o
 .bss.uxTopReadyPriority
                0x0000000020012d70        0x4 ThirdParty/FreeRTOS/tasks.o
 .bss.xSchedulerRunning
                0x0000000020012d74        0x4 ThirdParty/FreeRTOS/tasks.o
 .bss.xPendedTicks
                0x0000000020012d78        0x4 ThirdParty/FreeRTOS/tasks.o
 .bss.xYieldPendings
                0x0000000020012d7c        0x4 ThirdParty/FreeRTOS/tasks.o
 .bss.xNumOfOverflows
                0x0000000020012d80        0x4 ThirdParty/FreeRTOS/tasks.o
 .bss.uxTaskNumber
                0x0000000020012d84        0x4 ThirdParty/FreeRTOS/tasks.o
 .bss.xNextTaskUnblockTime
                0x0000000020012d88        0x4 ThirdParty/FreeRTOS/tasks.o
 .bss.xIdleTaskHandles
                0x0000000020012d8c        0x4 ThirdParty/FreeRTOS/tasks.o
 .bss.uxSchedulerSuspended
                0x0000000020012d90        0x4 ThirdParty/FreeRTOS/tasks.o
 .bss.xActiveTimerList1
                0x0000000020012d94       0x14 ThirdParty/FreeRTOS/timers.o
 .bss.xActiveTimerList2
                0x0000000020012da8       0x14 ThirdParty/FreeRTOS/timers.o
 .bss.pxCurrentTimerList
                0x0000000020012dbc        0x4 ThirdParty/FreeRTOS/timers.o
 .bss.pxOverflowTimerList
                0x0000000020012dc0        0x4 ThirdParty/FreeRTOS/timers.o
 .bss.xTimerQueue
                0x0000000020012dc4        0x4 ThirdParty/FreeRTOS/timers.o
 .bss.xTimerTaskHandle
                0x0000000020012dc8        0x4 ThirdParty/FreeRTOS/timers.o
 .bss.xLastTime.6837
                0x0000000020012dcc        0x4 ThirdParty/FreeRTOS/timers.o
 .bss.green_led_timer
                0x0000000020012dd0        0x4 Src/main_swtimers_singlecallback_leds.o
 .bss.orange_led_timer
                0x0000000020012dd4        0x4 Src/main_swtimers_singlecallback_leds.o
 .bss.red_led_timer
                0x0000000020012dd8        0x4 Src/main_swtimers_singlecallback_leds.o
 .bss.blue_led_timer
                0x0000000020012ddc        0x4 Src/main_swtimers_singlecallback_leds.o
 *(COMMON)
 COMMON         0x0000000020012de0       0x40 ThirdParty/FreeRTOS/queue.o
                0x0000000020012de0                xQueueRegistry
                0x0000000020012e20                . = ALIGN (0x4)
                0x0000000020012e20                _ebss = .
OUTPUT(build/freertos_build.elf elf32-littlearm)
LOAD linker stubs

.ARM.attributes
                0x0000000000000000       0x30
 .ARM.attributes
                0x0000000000000000       0x1e /usr/lib/gcc/arm-none-eabi/9.2.1/thumb/v7e-m+fp/hard/crti.o
 .ARM.attributes
                0x000000000000001e       0x34 ThirdParty/FreeRTOS/portable/MemMang/heap_4.o
 .ARM.attributes
                0x0000000000000052       0x34 ThirdParty/FreeRTOS/portable/GCC/ARM_CM4F/port.o
 .ARM.attributes
                0x0000000000000086       0x34 ThirdParty/FreeRTOS/queue.o
 .ARM.attributes
                0x00000000000000ba       0x34 ThirdParty/FreeRTOS/list.o
 .ARM.attributes
                0x00000000000000ee       0x34 ThirdParty/FreeRTOS/tasks.o
 .ARM.attributes
                0x0000000000000122       0x34 ThirdParty/FreeRTOS/timers.o
 .ARM.attributes
                0x0000000000000156       0x34 Src/stm32_startup.o
 .ARM.attributes
                0x000000000000018a       0x34 Src/main_swtimers_singlecallback_leds.o
 .ARM.attributes
                0x00000000000001be       0x34 Src/gpio_driver.o
 .ARM.attributes
                0x00000000000001f2       0x34 Src/stm32f4xx.o
 .ARM.attributes
                0x0000000000000226       0x1c /usr/lib/gcc/arm-none-eabi/9.2.1/../../../arm-none-eabi/lib/thumb/v7e-m+fp/hard/libc.a(lib_a-memcpy.o)
 .ARM.attributes
                0x0000000000000242       0x34 /usr/lib/gcc/arm-none-eabi/9.2.1/../../../arm-none-eabi/lib/thumb/v7e-m+fp/hard/libc.a(lib_a-memset.o)

.comment        0x0000000000000000       0xa7
 .comment       0x0000000000000000       0x59 ThirdParty/FreeRTOS/portable/MemMang/heap_4.o
                                         0x5a (size before relaxing)
 .comment       0x0000000000000059       0x5a ThirdParty/FreeRTOS/portable/GCC/ARM_CM4F/port.o
 .comment       0x0000000000000059       0x5a ThirdParty/FreeRTOS/queue.o
 .comment       0x0000000000000059       0x5a ThirdParty/FreeRTOS/list.o
 .comment       0x0000000000000059       0x5a ThirdParty/FreeRTOS/tasks.o
 .comment       0x0000000000000059       0x5a ThirdParty/FreeRTOS/timers.o
 .comment       0x0000000000000059       0x5a Src/stm32_startup.o
 .comment       0x0000000000000059       0x5a Src/main_swtimers_singlecallback_leds.o
 .comment       0x0000000000000059       0x5a Src/gpio_driver.o
 .comment       0x0000000000000059       0x5a Src/stm32f4xx.o
 .comment       0x0000000000000059       0x4e /usr/lib/gcc/arm-none-eabi/9.2.1/../../../arm-none-eabi/lib/thumb/v7e-m+fp/hard/libc.a(lib_a-memset.o)
                                         0x4f (size before relaxing)

.debug_line     0x0000000000000000      0x329
 .debug_line    0x0000000000000000       0xbe /usr/lib/gcc/arm-none-eabi/9.2.1/../../../arm-none-eabi/lib/thumb/v7e-m+fp/hard/libc.a(lib_a-memcpy.o)
 .debug_line    0x00000000000000be      0x26b /usr/lib/gcc/arm-none-eabi/9.2.1/../../../arm-none-eabi/lib/thumb/v7e-m+fp/hard/libc.a(lib_a-memset.o)

.debug_info     0x0000000000000000      0xf47
 .debug_info    0x0000000000000000       0x26 /usr/lib/gcc/arm-none-eabi/9.2.1/../../../arm-none-eabi/lib/thumb/v7e-m+fp/hard/libc.a(lib_a-memcpy.o)
 .debug_info    0x0000000000000026      0xf21 /usr/lib/gcc/arm-none-eabi/9.2.1/../../../arm-none-eabi/lib/thumb/v7e-m+fp/hard/libc.a(lib_a-memset.o)

.debug_abbrev   0x0000000000000000      0x22b
 .debug_abbrev  0x0000000000000000       0x14 /usr/lib/gcc/arm-none-eabi/9.2.1/../../../arm-none-eabi/lib/thumb/v7e-m+fp/hard/libc.a(lib_a-memcpy.o)
 .debug_abbrev  0x0000000000000014      0x217 /usr/lib/gcc/arm-none-eabi/9.2.1/../../../arm-none-eabi/lib/thumb/v7e-m+fp/hard/libc.a(lib_a-memset.o)

.debug_aranges  0x0000000000000000       0x40
 .debug_aranges
                0x0000000000000000       0x20 /usr/lib/gcc/arm-none-eabi/9.2.1/../../../arm-none-eabi/lib/thumb/v7e-m+fp/hard/libc.a(lib_a-memcpy.o)
 .debug_aranges
                0x0000000000000020       0x20 /usr/lib/gcc/arm-none-eabi/9.2.1/../../../arm-none-eabi/lib/thumb/v7e-m+fp/hard/libc.a(lib_a-memset.o)

.debug_str      0x0000000000000000      0x87e
 .debug_str     0x0000000000000000       0xb1 /usr/lib/gcc/arm-none-eabi/9.2.1/../../../arm-none-eabi/lib/thumb/v7e-m+fp/hard/libc.a(lib_a-memcpy.o)
 .debug_str     0x00000000000000b1      0x7cd /usr/lib/gcc/arm-none-eabi/9.2.1/../../../arm-none-eabi/lib/thumb/v7e-m+fp/hard/libc.a(lib_a-memset.o)
                                        0x8cd (size before relaxing)

.debug_loc      0x0000000000000000      0x231
 .debug_loc     0x0000000000000000      0x231 /usr/lib/gcc/arm-none-eabi/9.2.1/../../../arm-none-eabi/lib/thumb/v7e-m+fp/hard/libc.a(lib_a-memset.o)

.debug_frame    0x0000000000000000       0x38
 .debug_frame   0x0000000000000000       0x38 /usr/lib/gcc/arm-none-eabi/9.2.1/../../../arm-none-eabi/lib/thumb/v7e-m+fp/hard/libc.a(lib_a-memset.o)
