../Driver/Src/at45dbxx_flash_memory_driver.c:14:9:at45dbxx_continuous_array_read	48	static
../Driver/Src/at45dbxx_flash_memory_driver.c:134:9:at45dbxx_page_read	48	static
../Driver/Src/at45dbxx_flash_memory_driver.c:178:9:at45dbxx_buffer_read	48	static
../Driver/Src/at45dbxx_flash_memory_driver.c:224:9:at45dbxx_buffer_write	40	static
../Driver/Src/at45dbxx_flash_memory_driver.c:267:9:at45dbxx_buffer_to_page_program_with_erase	32	static
../Driver/Src/at45dbxx_flash_memory_driver.c:322:9:at45dbxx_buffer_to_page_program_without_erase	32	static
../Driver/Src/at45dbxx_flash_memory_driver.c:377:9:at45dbxx_page_program_through_buffer_with_erase	48	static
../Driver/Src/at45dbxx_flash_memory_driver.c:439:9:at45dbxx_byte_page_program_through_buffer1_without_erase	48	static
../Driver/Src/at45dbxx_flash_memory_driver.c:494:9:at45dbxx_read_modify_write	48	static
../Driver/Src/at45dbxx_flash_memory_driver.c:556:9:at45dbxx_page_erase	32	static
../Driver/Src/at45dbxx_flash_memory_driver.c:605:9:at45dbxx_block_erase	32	static
../Driver/Src/at45dbxx_flash_memory_driver.c:653:9:at45dbxx_sector_erase	32	static
../Driver/Src/at45dbxx_flash_memory_driver.c:701:9:at45dbxx_chip_erase	24	static
../Driver/Src/at45dbxx_flash_memory_driver.c:749:9:at45dbxx_program_erase_suspend	16	static
../Driver/Src/at45dbxx_flash_memory_driver.c:761:9:at45dbxx_program_erase_resume	16	static
../Driver/Src/at45dbxx_flash_memory_driver.c:773:9:at45dbxx_enable_sector_protection	16	static
../Driver/Src/at45dbxx_flash_memory_driver.c:802:9:at45dbxx_disable_sector_protection	16	static
../Driver/Src/at45dbxx_flash_memory_driver.c:831:9:at45dbxx_erase_sector_protection_register	24	static
../Driver/Src/at45dbxx_flash_memory_driver.c:879:9:at45dbxx_program_sector_protection_register	40	static
../Driver/Src/at45dbxx_flash_memory_driver.c:935:9:at45dbxx_read_sector_protection_register	40	static
../Driver/Src/at45dbxx_flash_memory_driver.c:974:9:at45dbxx_sector_lockdown_command	40	static
../Driver/Src/at45dbxx_flash_memory_driver.c:1011:9:at45dbxx_read_sector_lockdown_register	40	static
../Driver/Src/at45dbxx_flash_memory_driver.c:1050:9:at45dbxx_freeze_sector_lockdown	16	static
../Driver/Src/at45dbxx_flash_memory_driver.c:1079:9:at45dbxx_program_security_register	40	static
../Driver/Src/at45dbxx_flash_memory_driver.c:1135:9:at45dbxx_read_security_register	40	static
../Driver/Src/at45dbxx_flash_memory_driver.c:1174:9:at45dbxx_page_to_buffer_transfer	32	static
../Driver/Src/at45dbxx_flash_memory_driver.c:1218:9:at45dbxx_page_to_buffer_compare	32	static
../Driver/Src/at45dbxx_flash_memory_driver.c:1272:9:at45dbxx_auto_page_rewrite	24	static
../Driver/Src/at45dbxx_flash_memory_driver.c:1308:9:at45dbxx_read_status_register	40	static
../Driver/Src/at45dbxx_flash_memory_driver.c:1344:9:at45dbxx_configure_page_size	24	static
../Driver/Src/at45dbxx_flash_memory_driver.c:1383:9:at45dbxx_read_manufacturer_and_device_info	40	static
../Driver/Src/at45dbxx_flash_memory_driver.c:1419:9:at45dbxx_software_reset_command	16	static
../Driver/Src/at45dbxx_flash_memory_driver.c:1448:9:at45dbxx_deep_power_down_command	16	static
../Driver/Src/at45dbxx_flash_memory_driver.c:1474:9:at45dbxx_resume_from_deep_power_down_command	16	static
../Driver/Src/at45dbxx_flash_memory_driver.c:1500:9:at45dbxx_ultra_deep_power_down_command	16	static
../Driver/Src/at45dbxx_flash_memory_driver.c:1526:6:at45dbxx_exit_ultra_deep_power_down_command	8	static
../Driver/Src/at45dbxx_flash_memory_driver.c:1536:6:at45dbxx_configure_flash	16	static
../Driver/Src/at45dbxx_flash_memory_driver.c:1558:6:error_handler	16	static
