../Driver/Src/common_utils.c:22:6:delay_us	16	static
../Driver/Src/common_utils.c:28:6:configure_delay_timer	8	static
../Driver/Src/common_utils.c:41:6:configure_spi	24	static
../Driver/Src/common_utils.c:71:6:configure_uart	8	static
../Driver/Src/common_utils.c:100:6:configure_i2c	32	static
../Driver/Src/common_utils.c:135:6:configure_i2c_rtc	32	static
../Driver/Src/common_utils.c:170:6:configure_i2c_lm75a	32	static
../Driver/Src/common_utils.c:205:6:UART_SendChar	16	static
../Driver/Src/common_utils.c:210:6:LCD_SendChar	16	static
