../Driver/Src/ds3231_rtc_driver.c:24:6:RTC_DS3231_Config_Calendar	32	static
../Driver/Src/ds3231_rtc_driver.c:67:6:RTC_DS3231_Read_Calendar	32	static
../Driver/Src/ds3231_rtc_driver.c:96:6:RTC_DS3231_Display_Calendar_LCD	32	static
../Driver/Src/ds3231_rtc_driver.c:263:6:RTC_DS3231_Config_Alarm	40	static
../Driver/Src/ds3231_rtc_driver.c:332:6:RTC_DS3231_Config_Alarm_Interrupt	8	static
../Driver/Src/ds3231_rtc_driver.c:339:6:RTC_DS3231_Config_Alarm_Output_GPIO	8	static
../Driver/Src/ds3231_rtc_driver.c:348:6:RTC_DS3231_Config_Button_Interrupt	8	static
../Driver/Src/ds3231_rtc_driver.c:355:9:RTC_DS3231_Read_Register	32	static
../Driver/Src/ds3231_rtc_driver.c:364:6:RTC_DS3231_Clear_Alarm	32	static
../Driver/Src/ds3231_rtc_driver.c:391:6:RTC_DS3231_Display_Temp_LCD	32	static
../Driver/Src/ds3231_rtc_driver.c:430:13:format_dow	16	static
../Driver/Src/ds3231_rtc_driver.c:462:13:format_mon	16	static
