../Driver/Src/ds3231_rtc_driver.c:23:6:RTC_DS3231_Config_Calendar	32	static
../Driver/Src/ds3231_rtc_driver.c:66:6:RTC_DS3231_Read_Calendar	32	static
../Driver/Src/ds3231_rtc_driver.c:95:6:RTC_DS3231_Display_Calendar_LCD	32	static
../Driver/Src/ds3231_rtc_driver.c:263:6:RTC_DS3231_Config_Alarm	40	static
../Driver/Src/ds3231_rtc_driver.c:332:6:RTC_DS3231_Config_Alarm_Interrupt	8	static
../Driver/Src/ds3231_rtc_driver.c:339:6:RTC_DS3231_Config_Alarm_Output_GPIO	8	static
../Driver/Src/ds3231_rtc_driver.c:348:6:RTC_DS3231_Config_Button_Interrupt	8	static
../Driver/Src/ds3231_rtc_driver.c:355:13:format_dow	16	static
../Driver/Src/ds3231_rtc_driver.c:387:13:format_mon	16	static
