../Driver/Src/i2c_driver.c:24:6:I2CPeriConfig	24	static
../Driver/Src/i2c_driver.c:54:6:I2CEnable	24	static
../Driver/Src/i2c_driver.c:62:6:I2CDisable	24	static
../Driver/Src/i2c_driver.c:70:6:I2CMasterSendData	32	static
../Driver/Src/i2c_driver.c:111:6:I2CMasterReceiveData	32	static
../Driver/Src/i2c_driver.c:160:6:I2CSlaveSendData	32	static
../Driver/Src/i2c_driver.c:188:6:I2CSlaveReceiveData	40	static
../Driver/Src/i2c_driver.c:229:13:I2C_SendStartBit	24	static
../Driver/Src/i2c_driver.c:236:13:I2C_SendStopBit	24	static
../Driver/Src/i2c_driver.c:243:16:I2C_GetFlagStatus	24	static
../Driver/Src/i2c_driver.c:255:13:I2C_SendSlaveAddress	24	static
../Driver/Src/i2c_driver.c:268:13:I2C_ClearADDRStatusBit	24	static
../Driver/Src/i2c_driver.c:279:13:I2C_ClearSTOPFStatusBit	24	static
../Driver/Src/i2c_driver.c:290:13:I2C_ClearAFStatusBit	24	static
../Driver/Src/i2c_driver.c:297:6:I2CConfigureTrise	24	static
../Driver/Src/i2c_driver.c:304:6:I2CConfigureSlaveAddress	24	static
../Driver/Src/i2c_driver.c:318:6:I2CEnableAck	24	static
../Driver/Src/i2c_driver.c:325:6:I2CDisableAck	24	static
../Driver/Src/i2c_driver.c:332:6:I2CMaster_ATC24xx_EEPROM_Read_Sequential	40	static
