../Driver/Src/os_kernel.c:18:6:idletask	8	static
../Driver/Src/os_kernel.c:26:6:configure_systick_timer	16	static
../Driver/Src/os_kernel.c:35:6:enable_systick_timer	16	static
../Driver/Src/os_kernel.c:42:6:SysTick_Handler	16	static
../Driver/Src/os_kernel.c:55:28:PendSV_Handler	0	static,ignoring_inline_asm
../Driver/Src/os_kernel.c:84:6:os_create_task	48	static
../Driver/Src/os_kernel.c:132:6:os_start	8	static,ignoring_inline_asm
../Driver/Src/os_kernel.c:154:6:task_sleep	24	static
../Driver/Src/os_kernel.c:166:6:update_sleep_status	16	static
../Driver/Src/os_kernel.c:185:6:update_next_task	16	static
