../Driver/Src/rtc_driver.c:26:6:RTC_Config_Calendar	24	static
../Driver/Src/rtc_driver.c:87:6:RTC_Read_Calendar	24	static
../Driver/Src/rtc_driver.c:116:6:RTC_Display_Calendar_LCD	32	static
../Driver/Src/rtc_driver.c:227:6:RTC_Config_Alarm	24	static
../Driver/Src/rtc_driver.c:252:6:RTC_Config_Alarm_Interrupt	16	static
../Driver/Src/rtc_driver.c:267:6:RTC_Alarm_IRQHandler	16	static
../Driver/Src/rtc_driver.c:280:6:RTC_Alarm_Interrupt_Callback	8	static
../Driver/Src/rtc_driver.c:287:13:format_dow	16	static
../Driver/Src/rtc_driver.c:319:13:format_mon	16	static
