../Driver/Src/w5500_driver.c:16:6:w5500_configure_pins	8	static
../Driver/Src/w5500_driver.c:26:9:w5500_get_chip_version	16	static
../Driver/Src/w5500_driver.c:43:9:w5500_read_phy_cfgr	16	static
../Driver/Src/w5500_driver.c:60:6:w5500_configure_phy	16	static
../Driver/Src/w5500_driver.c:76:9:w5500_read_common_mode_reg	16	static
../Driver/Src/w5500_driver.c:93:6:w5500_set_common_mode_reg	24	static
../Driver/Src/w5500_driver.c:109:6:w5500_configure_gw_ip_address	24	static
../Driver/Src/w5500_driver.c:129:6:w5500_get_gw_ip_address	32	static
../Driver/Src/w5500_driver.c:156:6:w5500_configure_subnet_mask	24	static
../Driver/Src/w5500_driver.c:176:6:w5500_get_subnet_mask	32	static
../Driver/Src/w5500_driver.c:203:6:w5500_configure_ip_address	24	static
../Driver/Src/w5500_driver.c:223:6:w5500_get_ip_address	32	static
../Driver/Src/w5500_driver.c:250:6:w5500_configure_mac_address	32	static
../Driver/Src/w5500_driver.c:272:6:w5500_get_mac_address	40	static
../Driver/Src/w5500_driver.c:301:6:w5500_set_common_interrupt_register	24	static
../Driver/Src/w5500_driver.c:317:9:w5500_read_common_interrupt_register	16	static
../Driver/Src/w5500_driver.c:334:6:w5500_set_socket_interrupt_register	24	static
../Driver/Src/w5500_driver.c:350:9:w5500_read_socket_interrupt_register	16	static
../Driver/Src/w5500_driver.c:367:6:w5500_set_socket0_mode_register	24	static
../Driver/Src/w5500_driver.c:383:9:w5500_read_socket0_mode_register	16	static
../Driver/Src/w5500_driver.c:400:6:w5500_set_socket0_control_register	24	static
../Driver/Src/w5500_driver.c:416:9:w5500_read_socket0_control_register	16	static
../Driver/Src/w5500_driver.c:433:6:w5500_set_socket0_interrupt_register	24	static
../Driver/Src/w5500_driver.c:449:9:w5500_read_socket0_interrupt_register	16	static
../Driver/Src/w5500_driver.c:466:9:w5500_read_socket0_status_register	16	static
../Driver/Src/w5500_driver.c:483:6:w5500_set_socket0_source_port	24	static
../Driver/Src/w5500_driver.c:500:10:w5500_read_socket0_source_port	24	static
../Driver/Src/w5500_driver.c:522:6:w5500_set_socket0_destination_port	24	static
../Driver/Src/w5500_driver.c:542:10:w5500_read_socket0_destination_port	24	static
../Driver/Src/w5500_driver.c:569:6:w5500_set_socket0_destination_ip_address	24	static
../Driver/Src/w5500_driver.c:589:6:w5500_socket0_write_data	24	static
