../Driver/Src/w5500_driver.c:15:6:w5500_configure_pins	8	static
../Driver/Src/w5500_driver.c:25:9:w5500_get_chip_version	16	static
../Driver/Src/w5500_driver.c:42:9:w5500_read_phy_cfgr	16	static
../Driver/Src/w5500_driver.c:59:6:w5500_configure_phy	16	static
../Driver/Src/w5500_driver.c:75:9:w5500_read_common_mode_reg	16	static
../Driver/Src/w5500_driver.c:92:6:w5500_configure_gw_ip_address	24	static
../Driver/Src/w5500_driver.c:112:6:w5500_get_gw_ip_address	32	static
../Driver/Src/w5500_driver.c:139:6:w5500_configure_subnet_mask	24	static
../Driver/Src/w5500_driver.c:159:6:w5500_get_subnet_mask	32	static
../Driver/Src/w5500_driver.c:186:6:w5500_configure_ip_address	24	static
../Driver/Src/w5500_driver.c:206:6:w5500_get_ip_address	32	static
../Driver/Src/w5500_driver.c:233:6:w5500_configure_mac_address	32	static
../Driver/Src/w5500_driver.c:255:6:w5500_get_mac_address	40	static
