11:05:04 **** Clean-only build of configuration Debug for project 003I2CTesting ****
make -j8 clean 
rm -rf ./Startup/startup_stm32f446retx.d ./Startup/startup_stm32f446retx.o
rm -rf ./Src/syscalls.d ./Src/syscalls.o ./Src/syscalls.su ./Src/sysmem.d ./Src/sysmem.o ./Src/sysmem.su ./Src/temp_on_lcd_over_wireless_tx.d ./Src/temp_on_lcd_over_wireless_tx.o ./Src/temp_on_lcd_over_wireless_tx.su
rm -rf ./Driver/Src/at24cxx_eeprom_driver.d ./Driver/Src/at24cxx_eeprom_driver.o ./Driver/Src/at24cxx_eeprom_driver.su ./Driver/Src/common_utils.d ./Driver/Src/common_utils.o ./Driver/Src/common_utils.su ./Driver/Src/dht11_driver.d ./Driver/Src/dht11_driver.o ./Driver/Src/dht11_driver.su ./Driver/Src/dma_driver.d ./Driver/Src/dma_driver.o ./Driver/Src/dma_driver.su ./Driver/Src/external_interrupt_config.d ./Driver/Src/external_interrupt_config.o ./Driver/Src/external_interrupt_config.su ./Driver/Src/general_purpose_timer.d ./Driver/Src/general_purpose_timer.o ./Driver/Src/general_purpose_timer.su ./Driver/Src/gpio_driver.d ./Driver/Src/gpio_driver.o ./Driver/Src/gpio_driver.su ./Driver/Src/i2c_driver.d ./Driver/Src/i2c_driver.o ./Driver/Src/i2c_driver.su ./Driver/Src/lcd_driver_pcf8574.d ./Driver/Src/lcd_driver_pcf8574.o ./Driver/Src/lcd_driver_pcf8574.su ./Driver/Src/nRFL01_driver.d ./Driver/Src/nRFL01_driver.o ./Driver/Src/nRFL01_driver.su ./Driver/Src/spi_driver.d ./Driver/Src/spi_driver.o ./Driver/Src/spi_driver.su ./Driver/Src/stm32f4xx.d ./Driver/Src/stm32f4xx.o ./Driver/Src/stm32f4xx.su ./Driver/Src/timer_driver.d ./Driver/Src/timer_driver.o ./Driver/Src/timer_driver.su ./Driver/Src/usart_driver.d ./Driver/Src/usart_driver.o ./Driver/Src/usart_driver.su
rm -rf 003I2CTesting.elf 003I2CTesting.list 003I2CTesting.map default.size.stdout
 
11:05:10 **** Build of configuration Debug for project 003I2CTesting ****
make -j8 all 
arm-none-eabi-gcc -mcpu=cortex-m4 -g3 -DDEBUG -c -x assembler-with-cpp -MMD -MP -MF"Startup/startup_stm32f446retx.d" -MT"Startup/startup_stm32f446retx.o" --specs=nano.specs -mfloat-abi=soft -mthumb -o "Startup/startup_stm32f446retx.o" "../Startup/startup_stm32f446retx.s"
arm-none-eabi-gcc "../Src/syscalls.c" -mcpu=cortex-m4 -std=gnu11 -g3 -DDEBUG -DSTM32 -DSTM32F4 -DSTM32F446RETx -DNUCLEO_F446RE -c -I../Inc -I"/home/naveen/Code/mcu/nucleo_basics/003I2CTesting/Driver/Inc" -O0 -ffunction-sections -fdata-sections -Wall -fstack-usage -MMD -MP -MF"Src/syscalls.d" -MT"Src/syscalls.o" --specs=nano.specs -mfloat-abi=soft -mthumb -o "Src/syscalls.o"
arm-none-eabi-gcc "../Src/sysmem.c" -mcpu=cortex-m4 -std=gnu11 -g3 -DDEBUG -DSTM32 -DSTM32F4 -DSTM32F446RETx -DNUCLEO_F446RE -c -I../Inc -I"/home/naveen/Code/mcu/nucleo_basics/003I2CTesting/Driver/Inc" -O0 -ffunction-sections -fdata-sections -Wall -fstack-usage -MMD -MP -MF"Src/sysmem.d" -MT"Src/sysmem.o" --specs=nano.specs -mfloat-abi=soft -mthumb -o "Src/sysmem.o"
arm-none-eabi-gcc "../Src/temp_on_lcd_over_wireless_tx.c" -mcpu=cortex-m4 -std=gnu11 -g3 -DDEBUG -DSTM32 -DSTM32F4 -DSTM32F446RETx -DNUCLEO_F446RE -c -I../Inc -I"/home/naveen/Code/mcu/nucleo_basics/003I2CTesting/Driver/Inc" -O0 -ffunction-sections -fdata-sections -Wall -fstack-usage -MMD -MP -MF"Src/temp_on_lcd_over_wireless_tx.d" -MT"Src/temp_on_lcd_over_wireless_tx.o" --specs=nano.specs -mfloat-abi=soft -mthumb -o "Src/temp_on_lcd_over_wireless_tx.o"
arm-none-eabi-gcc "../Driver/Src/at24cxx_eeprom_driver.c" -mcpu=cortex-m4 -std=gnu11 -g3 -DDEBUG -DSTM32 -DSTM32F4 -DSTM32F446RETx -DNUCLEO_F446RE -c -I../Inc -I"/home/naveen/Code/mcu/nucleo_basics/003I2CTesting/Driver/Inc" -O0 -ffunction-sections -fdata-sections -Wall -fstack-usage -MMD -MP -MF"Driver/Src/at24cxx_eeprom_driver.d" -MT"Driver/Src/at24cxx_eeprom_driver.o" --specs=nano.specs -mfloat-abi=soft -mthumb -o "Driver/Src/at24cxx_eeprom_driver.o"
arm-none-eabi-gcc "../Driver/Src/common_utils.c" -mcpu=cortex-m4 -std=gnu11 -g3 -DDEBUG -DSTM32 -DSTM32F4 -DSTM32F446RETx -DNUCLEO_F446RE -c -I../Inc -I"/home/naveen/Code/mcu/nucleo_basics/003I2CTesting/Driver/Inc" -O0 -ffunction-sections -fdata-sections -Wall -fstack-usage -MMD -MP -MF"Driver/Src/common_utils.d" -MT"Driver/Src/common_utils.o" --specs=nano.specs -mfloat-abi=soft -mthumb -o "Driver/Src/common_utils.o"
arm-none-eabi-gcc "../Driver/Src/dht11_driver.c" -mcpu=cortex-m4 -std=gnu11 -g3 -DDEBUG -DSTM32 -DSTM32F4 -DSTM32F446RETx -DNUCLEO_F446RE -c -I../Inc -I"/home/naveen/Code/mcu/nucleo_basics/003I2CTesting/Driver/Inc" -O0 -ffunction-sections -fdata-sections -Wall -fstack-usage -MMD -MP -MF"Driver/Src/dht11_driver.d" -MT"Driver/Src/dht11_driver.o" --specs=nano.specs -mfloat-abi=soft -mthumb -o "Driver/Src/dht11_driver.o"
arm-none-eabi-gcc "../Driver/Src/dma_driver.c" -mcpu=cortex-m4 -std=gnu11 -g3 -DDEBUG -DSTM32 -DSTM32F4 -DSTM32F446RETx -DNUCLEO_F446RE -c -I../Inc -I"/home/naveen/Code/mcu/nucleo_basics/003I2CTesting/Driver/Inc" -O0 -ffunction-sections -fdata-sections -Wall -fstack-usage -MMD -MP -MF"Driver/Src/dma_driver.d" -MT"Driver/Src/dma_driver.o" --specs=nano.specs -mfloat-abi=soft -mthumb -o "Driver/Src/dma_driver.o"
../Src/syscalls.c: In function '_write':
../Src/syscalls.c:122:2: warning: implicit declaration of function 'UART_SendChar'; did you mean 'LCD_SendChar'? [-Wimplicit-function-declaration]
arm-none-eabi-gcc "../Driver/Src/external_interrupt_config.c" -mcpu=cortex-m4 -std=gnu11 -g3 -DDEBUG -DSTM32 -DSTM32F4 -DSTM32F446RETx -DNUCLEO_F446RE -c -I../Inc -I"/home/naveen/Code/mcu/nucleo_basics/003I2CTesting/Driver/Inc" -O0 -ffunction-sections -fdata-sections -Wall -fstack-usage -MMD -MP -MF"Driver/Src/external_interrupt_config.d" -MT"Driver/Src/external_interrupt_config.o" --specs=nano.specs -mfloat-abi=soft -mthumb -o "Driver/Src/external_interrupt_config.o"
arm-none-eabi-gcc "../Driver/Src/general_purpose_timer.c" -mcpu=cortex-m4 -std=gnu11 -g3 -DDEBUG -DSTM32 -DSTM32F4 -DSTM32F446RETx -DNUCLEO_F446RE -c -I../Inc -I"/home/naveen/Code/mcu/nucleo_basics/003I2CTesting/Driver/Inc" -O0 -ffunction-sections -fdata-sections -Wall -fstack-usage -MMD -MP -MF"Driver/Src/general_purpose_timer.d" -MT"Driver/Src/general_purpose_timer.o" --specs=nano.specs -mfloat-abi=soft -mthumb -o "Driver/Src/general_purpose_timer.o"
  122 |  UART_SendChar(*ptr++);
      |  ^~~~~~~~~~~~~
      |  LCD_SendChar
arm-none-eabi-gcc "../Driver/Src/gpio_driver.c" -mcpu=cortex-m4 -std=gnu11 -g3 -DDEBUG -DSTM32 -DSTM32F4 -DSTM32F446RETx -DNUCLEO_F446RE -c -I../Inc -I"/home/naveen/Code/mcu/nucleo_basics/003I2CTesting/Driver/Inc" -O0 -ffunction-sections -fdata-sections -Wall -fstack-usage -MMD -MP -MF"Driver/Src/gpio_driver.d" -MT"Driver/Src/gpio_driver.o" --specs=nano.specs -mfloat-abi=soft -mthumb -o "Driver/Src/gpio_driver.o"
arm-none-eabi-gcc "../Driver/Src/i2c_driver.c" -mcpu=cortex-m4 -std=gnu11 -g3 -DDEBUG -DSTM32 -DSTM32F4 -DSTM32F446RETx -DNUCLEO_F446RE -c -I../Inc -I"/home/naveen/Code/mcu/nucleo_basics/003I2CTesting/Driver/Inc" -O0 -ffunction-sections -fdata-sections -Wall -fstack-usage -MMD -MP -MF"Driver/Src/i2c_driver.d" -MT"Driver/Src/i2c_driver.o" --specs=nano.specs -mfloat-abi=soft -mthumb -o "Driver/Src/i2c_driver.o"
arm-none-eabi-gcc "../Driver/Src/lcd_driver_pcf8574.c" -mcpu=cortex-m4 -std=gnu11 -g3 -DDEBUG -DSTM32 -DSTM32F4 -DSTM32F446RETx -DNUCLEO_F446RE -c -I../Inc -I"/home/naveen/Code/mcu/nucleo_basics/003I2CTesting/Driver/Inc" -O0 -ffunction-sections -fdata-sections -Wall -fstack-usage -MMD -MP -MF"Driver/Src/lcd_driver_pcf8574.d" -MT"Driver/Src/lcd_driver_pcf8574.o" --specs=nano.specs -mfloat-abi=soft -mthumb -o "Driver/Src/lcd_driver_pcf8574.o"
arm-none-eabi-gcc "../Driver/Src/nRFL01_driver.c" -mcpu=cortex-m4 -std=gnu11 -g3 -DDEBUG -DSTM32 -DSTM32F4 -DSTM32F446RETx -DNUCLEO_F446RE -c -I../Inc -I"/home/naveen/Code/mcu/nucleo_basics/003I2CTesting/Driver/Inc" -O0 -ffunction-sections -fdata-sections -Wall -fstack-usage -MMD -MP -MF"Driver/Src/nRFL01_driver.d" -MT"Driver/Src/nRFL01_driver.o" --specs=nano.specs -mfloat-abi=soft -mthumb -o "Driver/Src/nRFL01_driver.o"
arm-none-eabi-gcc "../Driver/Src/spi_driver.c" -mcpu=cortex-m4 -std=gnu11 -g3 -DDEBUG -DSTM32 -DSTM32F4 -DSTM32F446RETx -DNUCLEO_F446RE -c -I../Inc -I"/home/naveen/Code/mcu/nucleo_basics/003I2CTesting/Driver/Inc" -O0 -ffunction-sections -fdata-sections -Wall -fstack-usage -MMD -MP -MF"Driver/Src/spi_driver.d" -MT"Driver/Src/spi_driver.o" --specs=nano.specs -mfloat-abi=soft -mthumb -o "Driver/Src/spi_driver.o"
arm-none-eabi-gcc "../Driver/Src/stm32f4xx.c" -mcpu=cortex-m4 -std=gnu11 -g3 -DDEBUG -DSTM32 -DSTM32F4 -DSTM32F446RETx -DNUCLEO_F446RE -c -I../Inc -I"/home/naveen/Code/mcu/nucleo_basics/003I2CTesting/Driver/Inc" -O0 -ffunction-sections -fdata-sections -Wall -fstack-usage -MMD -MP -MF"Driver/Src/stm32f4xx.d" -MT"Driver/Src/stm32f4xx.o" --specs=nano.specs -mfloat-abi=soft -mthumb -o "Driver/Src/stm32f4xx.o"
arm-none-eabi-gcc "../Driver/Src/timer_driver.c" -mcpu=cortex-m4 -std=gnu11 -g3 -DDEBUG -DSTM32 -DSTM32F4 -DSTM32F446RETx -DNUCLEO_F446RE -c -I../Inc -I"/home/naveen/Code/mcu/nucleo_basics/003I2CTesting/Driver/Inc" -O0 -ffunction-sections -fdata-sections -Wall -fstack-usage -MMD -MP -MF"Driver/Src/timer_driver.d" -MT"Driver/Src/timer_driver.o" --specs=nano.specs -mfloat-abi=soft -mthumb -o "Driver/Src/timer_driver.o"
arm-none-eabi-gcc "../Driver/Src/usart_driver.c" -mcpu=cortex-m4 -std=gnu11 -g3 -DDEBUG -DSTM32 -DSTM32F4 -DSTM32F446RETx -DNUCLEO_F446RE -c -I../Inc -I"/home/naveen/Code/mcu/nucleo_basics/003I2CTesting/Driver/Inc" -O0 -ffunction-sections -fdata-sections -Wall -fstack-usage -MMD -MP -MF"Driver/Src/usart_driver.d" -MT"Driver/Src/usart_driver.o" --specs=nano.specs -mfloat-abi=soft -mthumb -o "Driver/Src/usart_driver.o"
arm-none-eabi-gcc -o "003I2CTesting.elf" @"objects.list"   -mcpu=cortex-m4 -T"/home/naveen/Code/mcu/nucleo_basics/003I2CTesting/STM32F446RETX_FLASH.ld" --specs=nosys.specs -Wl,-Map="003I2CTesting.map" -Wl,--gc-sections -static --specs=nano.specs -mfloat-abi=soft -mthumb -Wl,--start-group -lc -lm -Wl,--end-group
Finished building target: 003I2CTesting.elf
 
arm-none-eabi-size   003I2CTesting.elf 
arm-none-eabi-objdump -h -S  003I2CTesting.elf  > "003I2CTesting.list"
   text	   data	    bss	    dec	    hex	filename
  12500	    108	   1724	  14332	   37fc	003I2CTesting.elf
Finished building: default.size.stdout
 
Finished building: 003I2CTesting.list
 
11:05:12 **** Incremental Build of configuration Debug for project 003I2CTesting ****
make -j8 all 
arm-none-eabi-size   003I2CTesting.elf 
   text	   data	    bss	    dec	    hex	filename
  12500	    108	   1724	  14332	   37fc	003I2CTesting.elf
Finished building: default.size.stdout
 
