10:50:36 **** Incremental Build of configuration Debug for project 005MCOClockOutput ****
make -j8 all 
arm-none-eabi-size   005MCOClockOutput.elf 
   text	   data	    bss	    dec	    hex	filename
   1968	      8	   1568	   3544	    dd8	005MCOClockOutput.elf
Finished building: default.size.stdout
 
10:50:42 **** Incremental Build of configuration Debug for project 005MCOClockOutput ****
make -j8 all 
arm-none-eabi-size   005MCOClockOutput.elf 
   text	   data	    bss	    dec	    hex	filename
   1968	      8	   1568	   3544	    dd8	005MCOClockOutput.elf
Finished building: default.size.stdout
 
