Archive member included to satisfy reference by file (symbol)

/home/naveen/st/stm32cubeide_1.11.2/plugins/com.st.stm32cube.ide.mcu.externaltools.gnu-tools-for-stm32.10.3-2021.10.linux64_1.0.100.202210260954/tools/bin/../lib/gcc/arm-none-eabi/10.3.1/../../../../arm-none-eabi/lib/thumb/v7e-m+fp/hard/libc_nano.a(lib_a-errno.o)
                              ./Core/Src/syscalls.o (__errno)
/home/naveen/st/stm32cubeide_1.11.2/plugins/com.st.stm32cube.ide.mcu.externaltools.gnu-tools-for-stm32.10.3-2021.10.linux64_1.0.100.202210260954/tools/bin/../lib/gcc/arm-none-eabi/10.3.1/../../../../arm-none-eabi/lib/thumb/v7e-m+fp/hard/libc_nano.a(lib_a-exit.o)
                              /home/naveen/st/stm32cubeide_1.11.2/plugins/com.st.stm32cube.ide.mcu.externaltools.gnu-tools-for-stm32.10.3-2021.10.linux64_1.0.100.202210260954/tools/bin/../lib/gcc/arm-none-eabi/10.3.1/../../../../arm-none-eabi/lib/thumb/v7e-m+fp/hard/crt0.o (exit)
/home/naveen/st/stm32cubeide_1.11.2/plugins/com.st.stm32cube.ide.mcu.externaltools.gnu-tools-for-stm32.10.3-2021.10.linux64_1.0.100.202210260954/tools/bin/../lib/gcc/arm-none-eabi/10.3.1/../../../../arm-none-eabi/lib/thumb/v7e-m+fp/hard/libc_nano.a(lib_a-impure.o)
                              /home/naveen/st/stm32cubeide_1.11.2/plugins/com.st.stm32cube.ide.mcu.externaltools.gnu-tools-for-stm32.10.3-2021.10.linux64_1.0.100.202210260954/tools/bin/../lib/gcc/arm-none-eabi/10.3.1/../../../../arm-none-eabi/lib/thumb/v7e-m+fp/hard/libc_nano.a(lib_a-exit.o) (_global_impure_ptr)
/home/naveen/st/stm32cubeide_1.11.2/plugins/com.st.stm32cube.ide.mcu.externaltools.gnu-tools-for-stm32.10.3-2021.10.linux64_1.0.100.202210260954/tools/bin/../lib/gcc/arm-none-eabi/10.3.1/../../../../arm-none-eabi/lib/thumb/v7e-m+fp/hard/libc_nano.a(lib_a-init.o)
                              /home/naveen/st/stm32cubeide_1.11.2/plugins/com.st.stm32cube.ide.mcu.externaltools.gnu-tools-for-stm32.10.3-2021.10.linux64_1.0.100.202210260954/tools/bin/../lib/gcc/arm-none-eabi/10.3.1/../../../../arm-none-eabi/lib/thumb/v7e-m+fp/hard/crt0.o (__libc_init_array)
/home/naveen/st/stm32cubeide_1.11.2/plugins/com.st.stm32cube.ide.mcu.externaltools.gnu-tools-for-stm32.10.3-2021.10.linux64_1.0.100.202210260954/tools/bin/../lib/gcc/arm-none-eabi/10.3.1/../../../../arm-none-eabi/lib/thumb/v7e-m+fp/hard/libc_nano.a(lib_a-memcmp.o)
                              ./Core/Common/ThirdParty/SEGGER/OS/SEGGER_SYSVIEW_FreeRTOS.o (memcmp)
/home/naveen/st/stm32cubeide_1.11.2/plugins/com.st.stm32cube.ide.mcu.externaltools.gnu-tools-for-stm32.10.3-2021.10.linux64_1.0.100.202210260954/tools/bin/../lib/gcc/arm-none-eabi/10.3.1/../../../../arm-none-eabi/lib/thumb/v7e-m+fp/hard/libc_nano.a(lib_a-memcpy-stub.o)
                              ./Core/Common/ThirdParty/FreeRTOS/queue.o (memcpy)
/home/naveen/st/stm32cubeide_1.11.2/plugins/com.st.stm32cube.ide.mcu.externaltools.gnu-tools-for-stm32.10.3-2021.10.linux64_1.0.100.202210260954/tools/bin/../lib/gcc/arm-none-eabi/10.3.1/../../../../arm-none-eabi/lib/thumb/v7e-m+fp/hard/libc_nano.a(lib_a-memset.o)
                              /home/naveen/st/stm32cubeide_1.11.2/plugins/com.st.stm32cube.ide.mcu.externaltools.gnu-tools-for-stm32.10.3-2021.10.linux64_1.0.100.202210260954/tools/bin/../lib/gcc/arm-none-eabi/10.3.1/../../../../arm-none-eabi/lib/thumb/v7e-m+fp/hard/crt0.o (memset)
/home/naveen/st/stm32cubeide_1.11.2/plugins/com.st.stm32cube.ide.mcu.externaltools.gnu-tools-for-stm32.10.3-2021.10.linux64_1.0.100.202210260954/tools/bin/../lib/gcc/arm-none-eabi/10.3.1/../../../../arm-none-eabi/lib/thumb/v7e-m+fp/hard/libc_nano.a(lib_a-strlen.o)
                              ./Core/Common/ThirdParty/SEGGER/SEGGER/SEGGER_RTT.o (strlen)
/home/naveen/st/stm32cubeide_1.11.2/plugins/com.st.stm32cube.ide.mcu.externaltools.gnu-tools-for-stm32.10.3-2021.10.linux64_1.0.100.202210260954/tools/bin/../lib/gcc/arm-none-eabi/10.3.1/thumb/v7e-m+fp/hard/libgcc.a(_aeabi_uldivmod.o)
                              ./Drivers/STM32F4xx_HAL_Driver/Src/stm32f4xx_hal_rcc.o (__aeabi_uldivmod)
/home/naveen/st/stm32cubeide_1.11.2/plugins/com.st.stm32cube.ide.mcu.externaltools.gnu-tools-for-stm32.10.3-2021.10.linux64_1.0.100.202210260954/tools/bin/../lib/gcc/arm-none-eabi/10.3.1/thumb/v7e-m+fp/hard/libgcc.a(_udivmoddi4.o)
                              /home/naveen/st/stm32cubeide_1.11.2/plugins/com.st.stm32cube.ide.mcu.externaltools.gnu-tools-for-stm32.10.3-2021.10.linux64_1.0.100.202210260954/tools/bin/../lib/gcc/arm-none-eabi/10.3.1/thumb/v7e-m+fp/hard/libgcc.a(_aeabi_uldivmod.o) (__udivmoddi4)
/home/naveen/st/stm32cubeide_1.11.2/plugins/com.st.stm32cube.ide.mcu.externaltools.gnu-tools-for-stm32.10.3-2021.10.linux64_1.0.100.202210260954/tools/bin/../lib/gcc/arm-none-eabi/10.3.1/thumb/v7e-m+fp/hard/libgcc.a(_dvmd_tls.o)
[...]
Memory Configuration

Name             Origin             Length             Attributes
CCMRAM           0x0000000010000000 0x0000000000010000 xrw
RAM              0x0000000020000000 0x0000000000020000 xrw
FLASH            0x0000000008000000 0x0000000000100000 xr
*default*        0x0000000000000000 0xffffffffffffffff

Linker script and memory map

LOAD /home/naveen/st/stm32cubeide_1.11.2/plugins/com.st.stm32cube.ide.mcu.externaltools.gnu-tools-for-stm32.10.3-2021.10.linux64_1.0.100.202210260954/tools/bin/../lib/gcc/arm-none-eabi/10.3.1/thumb/v7e-m+fp/hard/crti.o
LOAD /home/naveen/st/stm32cubeide_1.11.2/plugins/com.st.stm32cube.ide.mcu.externaltools.gnu-tools-for-stm32.10.3-2021.10.linux64_1.0.100.202210260954/tools/bin/../lib/gcc/arm-none-eabi/10.3.1/thumb/v7e-m+fp/hard/crtbegin.o
LOAD /home/naveen/st/stm32cubeide_1.11.2/plugins/com.st.stm32cube.ide.mcu.externaltools.gnu-tools-for-stm32.10.3-2021.10.linux64_1.0.100.202210260954/tools/bin/../lib/gcc/arm-none-eabi/10.3.1/../../../../arm-none-eabi/lib/thumb/v7e-m+fp/hard/crt0.o
LOAD ./Core/Common/ThirdParty/FreeRTOS/croutine.o
LOAD ./Core/Common/ThirdParty/FreeRTOS/event_groups.o
LOAD ./Core/Common/ThirdParty/FreeRTOS/list.o
LOAD ./Core/Common/ThirdParty/FreeRTOS/queue.o
LOAD ./Core/Common/ThirdParty/FreeRTOS/stream_buffer.o
LOAD ./Core/Common/ThirdParty/FreeRTOS/tasks.o
LOAD ./Core/Common/ThirdParty/FreeRTOS/timers.o
LOAD ./Core/Common/ThirdParty/FreeRTOS/portable/GCC/ARM_CM4F/port.o
LOAD ./Core/Common/ThirdParty/FreeRTOS/portable/MemMang/heap_4.o
LOAD ./Core/Common/ThirdParty/SEGGER/Config/SEGGER_SYSVIEW_Config_FreeRTOS.o
LOAD ./Core/Common/ThirdParty/SEGGER/OS/SEGGER_SYSVIEW_FreeRTOS.o
LOAD ./Core/Common/ThirdParty/SEGGER/SEGGER/SEGGER_RTT.o
LOAD ./Core/Common/ThirdParty/SEGGER/SEGGER/SEGGER_RTT_ASM_ARMv7M.o
LOAD ./Core/Common/ThirdParty/SEGGER/SEGGER/SEGGER_RTT_printf.o
LOAD ./Core/Common/ThirdParty/SEGGER/SEGGER/SEGGER_SYSVIEW.o
LOAD ./Core/Common/ThirdParty/SEGGER/SEGGER/Syscalls/SEGGER_RTT_Syscalls_GCC.o
LOAD ./Core/Src/main.o
LOAD ./Core/Src/stm32f4xx_hal_msp.o
LOAD ./Core/Src/stm32f4xx_hal_timebase_tim.o
LOAD ./Core/Src/stm32f4xx_it.o
LOAD ./Core/Src/syscalls.o
LOAD ./Core/Src/sysmem.o
LOAD ./Core/Src/system_stm32f4xx.o
LOAD ./Core/Startup/startup_stm32f407vgtx.o
LOAD ./Drivers/STM32F4xx_HAL_Driver/Src/stm32f4xx_hal.o
LOAD ./Drivers/STM32F4xx_HAL_Driver/Src/stm32f4xx_hal_cortex.o
LOAD ./Drivers/STM32F4xx_HAL_Driver/Src/stm32f4xx_hal_dma.o
LOAD ./Drivers/STM32F4xx_HAL_Driver/Src/stm32f4xx_hal_dma_ex.o
LOAD ./Drivers/STM32F4xx_HAL_Driver/Src/stm32f4xx_hal_exti.o
LOAD ./Drivers/STM32F4xx_HAL_Driver/Src/stm32f4xx_hal_flash.o
LOAD ./Drivers/STM32F4xx_HAL_Driver/Src/stm32f4xx_hal_flash_ex.o
LOAD ./Drivers/STM32F4xx_HAL_Driver/Src/stm32f4xx_hal_flash_ramfunc.o
LOAD ./Drivers/STM32F4xx_HAL_Driver/Src/stm32f4xx_hal_gpio.o
LOAD ./Drivers/STM32F4xx_HAL_Driver/Src/stm32f4xx_hal_pwr.o
LOAD ./Drivers/STM32F4xx_HAL_Driver/Src/stm32f4xx_hal_pwr_ex.o
LOAD ./Drivers/STM32F4xx_HAL_Driver/Src/stm32f4xx_hal_rcc.o
LOAD ./Drivers/STM32F4xx_HAL_Driver/Src/stm32f4xx_hal_rcc_ex.o
LOAD ./Drivers/STM32F4xx_HAL_Driver/Src/stm32f4xx_hal_tim.o
LOAD ./Drivers/STM32F4xx_HAL_Driver/Src/stm32f4xx_hal_tim_ex.o
START GROUP
LOAD /home/naveen/st/stm32cubeide_1.11.2/plugins/com.st.stm32cube.ide.mcu.externaltools.gnu-tools-for-stm32.10.3-2021.10.linux64_1.0.100.202210260954/tools/bin/../lib/gcc/arm-none-eabi/10.3.1/../../../../arm-none-eabi/lib/thumb/v7e-m+fp/hard/libc_nano.a
LOAD /home/naveen/st/stm32cubeide_1.11.2/plugins/com.st.stm32cube.ide.mcu.externaltools.gnu-tools-for-stm32.10.3-2021.10.linux64_1.0.100.202210260954/tools/bin/../lib/gcc/arm-none-eabi/10.3.1/../../../../arm-none-eabi/lib/thumb/v7e-m+fp/hard/libm.a
END GROUP
START GROUP
LOAD /home/naveen/st/stm32cubeide_1.11.2/plugins/com.st.stm32cube.ide.mcu.externaltools.gnu-tools-for-stm32.10.3-2021.10.linux64_1.0.100.202210260954/tools/bin/../lib/gcc/arm-none-eabi/10.3.1/thumb/v7e-m+fp/hard/libgcc.a
LOAD /home/naveen/st/stm32cubeide_1.11.2/plugins/com.st.stm32cube.ide.mcu.externaltools.gnu-tools-for-stm32.10.3-2021.10.linux64_1.0.100.202210260954/tools/bin/../lib/gcc/arm-none-eabi/10.3.1/../../../../arm-none-eabi/lib/thumb/v7e-m+fp/hard/libc_nano.a
END GROUP
START GROUP
LOAD /home/naveen/st/stm32cubeide_1.11.2/plugins/com.st.stm32cube.ide.mcu.externaltools.gnu-tools-for-stm32.10.3-2021.10.linux64_1.0.100.202210260954/tools/bin/../lib/gcc/arm-none-eabi/10.3.1/thumb/v7e-m+fp/hard/libgcc.a
LOAD /home/naveen/st/stm32cubeide_1.11.2/plugins/com.st.stm32cube.ide.mcu.externaltools.gnu-tools-for-stm32.10.3-2021.10.linux64_1.0.100.202210260954/tools/bin/../lib/gcc/arm-none-eabi/10.3.1/../../../../arm-none-eabi/lib/thumb/v7e-m+fp/hard/libc_nano.a
LOAD /home/naveen/st/stm32cubeide_1.11.2/plugins/com.st.stm32cube.ide.mcu.externaltools.gnu-tools-for-stm32.10.3-2021.10.linux64_1.0.100.202210260954/tools/bin/../lib/gcc/arm-none-eabi/10.3.1/../../../../arm-none-eabi/lib/thumb/v7e-m+fp/hard/libnosys.a
END GROUP
START GROUP
LOAD /home/naveen/st/stm32cubeide_1.11.2/plugins/com.st.stm32cube.ide.mcu.externaltools.gnu-tools-for-stm32.10.3-2021.10.linux64_1.0.100.202210260954/tools/bin/../lib/gcc/arm-none-eabi/10.3.1/thumb/v7e-m+fp/hard/libgcc.a
LOAD /home/naveen/st/stm32cubeide_1.11.2/plugins/com.st.stm32cube.ide.mcu.externaltools.gnu-tools-for-stm32.10.3-2021.10.linux64_1.0.100.202210260954/tools/bin/../lib/gcc/arm-none-eabi/10.3.1/../../../../arm-none-eabi/lib/thumb/v7e-m+fp/hard/libc_nano.a
LOAD /home/naveen/st/stm32cubeide_1.11.2/plugins/com.st.stm32cube.ide.mcu.externaltools.gnu-tools-for-stm32.10.3-2021.10.linux64_1.0.100.202210260954/tools/bin/../lib/gcc/arm-none-eabi/10.3.1/../../../../arm-none-eabi/lib/thumb/v7e-m+fp/hard/libnosys.a
END GROUP
LOAD /home/naveen/st/stm32cubeide_1.11.2/plugins/com.st.stm32cube.ide.mcu.externaltools.gnu-tools-for-stm32.10.3-2021.10.linux64_1.0.100.202210260954/tools/bin/../lib/gcc/arm-none-eabi/10.3.1/thumb/v7e-m+fp/hard/crtend.o
LOAD /home/naveen/st/stm32cubeide_1.11.2/plugins/com.st.stm32cube.ide.mcu.externaltools.gnu-tools-for-stm32.10.3-2021.10.linux64_1.0.100.202210260954/tools/bin/../lib/gcc/arm-none-eabi/10.3.1/thumb/v7e-m+fp/hard/crtn.o
                0x0000000020020000                _estack = (ORIGIN (RAM) + LENGTH (RAM))
                0x0000000000000200                _Min_Heap_Size = 0x200
                0x0000000000000400                _Min_Stack_Size = 0x400

.isr_vector     0x0000000008000000      0x188
                0x0000000008000000                . = ALIGN (0x4)
 *(.isr_vector)
 .isr_vector    0x0000000008000000      0x188 ./Core/Startup/startup_stm32f407vgtx.o
                0x0000000008000000                g_pfnVectors
                0x0000000008000188                . = ALIGN (0x4)

.text           0x0000000008000190     0x6ba4
                0x0000000008000190                . = ALIGN (0x4)
 *(.text)
 .text          0x0000000008000190       0x40 /home/naveen/st/stm32cubeide_1.11.2/plugins/com.st.stm32cube.ide.mcu.externaltools.gnu-tools-for-stm32.10.3-2021.10.linux64_1.0.100.202210260954/tools/bin/../lib/gcc/arm-none-eabi/10.3.1/thumb/v7e-m+fp/hard/crtbegin.o
 .text          0x00000000080001d0       0x94 ./Core/Common/ThirdParty/SEGGER/SEGGER/SEGGER_RTT_ASM_ARMv7M.o
                0x00000000080001d0                SEGGER_RTT_ASM_WriteSkipNoLock
 .text          0x0000000008000264       0x30 /home/naveen/st/stm32cubeide_1.11.2/plugins/com.st.stm32cube.ide.mcu.externaltools.gnu-tools-for-stm32.10.3-2021.10.linux64_1.0.100.202210260954/tools/bin/../lib/gcc/arm-none-eabi/10.3.1/thumb/v7e-m+fp/hard/libgcc.a(_aeabi_uldivmod.o)
                0x0000000008000264                __aeabi_uldivmod
 .text          0x0000000008000294      0x2d0 /home/naveen/st/stm32cubeide_1.11.2/plugins/com.st.stm32cube.ide.mcu.externaltools.gnu-tools-for-stm32.10.3-2021.10.linux64_1.0.100.202210260954/tools/bin/../lib/gcc/arm-none-eabi/10.3.1/thumb/v7e-m+fp/hard/libgcc.a(_udivmoddi4.o)
                0x0000000008000294                __udivmoddi4
 .text          0x0000000008000564        0x4 /home/naveen/st/stm32cubeide_1.11.2/plugins/com.st.stm32cube.ide.mcu.externaltools.gnu-tools-for-stm32.10.3-2021.10.linux64_1.0.100.202210260954/tools/bin/../lib/gcc/arm-none-eabi/10.3.1/thumb/v7e-m+fp/hard/libgcc.a(_dvmd_tls.o)
                0x0000000008000564                __aeabi_ldiv0
                0x0000000008000564                __aeabi_idiv0
 *(.text*)
 .text.vListInitialise
                0x0000000008000568       0x40 ./Core/Common/ThirdParty/FreeRTOS/list.o
                0x0000000008000568                vListInitialise
 .text.vListInitialiseItem
                0x00000000080005a8       0x1a ./Core/Common/ThirdParty/FreeRTOS/list.o
                0x00000000080005a8                vListInitialiseItem
 .text.vListInsertEnd
                0x00000000080005c2       0x48 ./Core/Common/ThirdParty/FreeRTOS/list.o
                0x00000000080005c2                vListInsertEnd
 .text.vListInsert
                0x000000000800060a       0x72 ./Core/Common/ThirdParty/FreeRTOS/list.o
                0x000000000800060a                vListInsert
 .text.uxListRemove
                0x000000000800067c       0x54 ./Core/Common/ThirdParty/FreeRTOS/list.o
                0x000000000800067c                uxListRemove
 .text.xQueueGenericReset
                0x00000000080006d0       0xd0 ./Core/Common/ThirdParty/FreeRTOS/queue.o
                0x00000000080006d0                xQueueGenericReset
 .text.xQueueGenericCreate
                0x00000000080007a0       0xbe ./Core/Common/ThirdParty/FreeRTOS/queue.o
                0x00000000080007a0                xQueueGenericCreate
 .text.prvInitialiseNewQueue
                0x000000000800085e       0x52 ./Core/Common/ThirdParty/FreeRTOS/queue.o
 .text.xQueueGenericSend
                0x00000000080008b0      0x24c ./Core/Common/ThirdParty/FreeRTOS/queue.o
                0x00000000080008b0                xQueueGenericSend
 .text.xQueueGenericSendFromISR
                0x0000000008000afc      0x17c ./Core/Common/ThirdParty/FreeRTOS/queue.o
                0x0000000008000afc                xQueueGenericSendFromISR
 .text.xQueueReceive
                0x0000000008000c78      0x220 ./Core/Common/ThirdParty/FreeRTOS/queue.o
                0x0000000008000c78                xQueueReceive
 .text.xQueueSemaphoreTake
                0x0000000008000e98      0x278 ./Core/Common/ThirdParty/FreeRTOS/queue.o
                0x0000000008000e98                xQueueSemaphoreTake
 .text.prvGetDisinheritPriorityAfterTimeout
                0x0000000008001110       0x30 ./Core/Common/ThirdParty/FreeRTOS/queue.o
 .text.prvCopyDataToQueue
                0x0000000008001140       0xd4 ./Core/Common/ThirdParty/FreeRTOS/queue.o
 .text.prvCopyDataFromQueue
                0x0000000008001214       0x4c ./Core/Common/ThirdParty/FreeRTOS/queue.o
 .text.prvUnlockQueue
                0x0000000008001260       0xa4 ./Core/Common/ThirdParty/FreeRTOS/queue.o
 .text.prvIsQueueEmpty
                0x0000000008001304       0x2c ./Core/Common/ThirdParty/FreeRTOS/queue.o
 .text.prvIsQueueFull
                0x0000000008001330       0x30 ./Core/Common/ThirdParty/FreeRTOS/queue.o
 .text.vQueueAddToRegistry
                0x0000000008001360       0x64 ./Core/Common/ThirdParty/FreeRTOS/queue.o
                0x0000000008001360                vQueueAddToRegistry
 .text.vQueueWaitForMessageRestricted
                0x00000000080013c4       0x68 ./Core/Common/ThirdParty/FreeRTOS/queue.o
                0x00000000080013c4                vQueueWaitForMessageRestricted
 .text.xTaskCreate
                0x000000000800142c       0x82 ./Core/Common/ThirdParty/FreeRTOS/tasks.o
                0x000000000800142c                xTaskCreate
 .text.prvInitialiseNewTask
                0x00000000080014ae      0x12c ./Core/Common/ThirdParty/FreeRTOS/tasks.o
 *fill*         0x00000000080015da        0x2 
 .text.prvAddNewTaskToReadyList
                0x00000000080015dc      0x118 ./Core/Common/ThirdParty/FreeRTOS/tasks.o
 .text.vTaskDelay
                0x00000000080016f4       0x70 ./Core/Common/ThirdParty/FreeRTOS/tasks.o
                0x00000000080016f4                vTaskDelay
 .text.vTaskStartScheduler
                0x0000000008001764       0xc4 ./Core/Common/ThirdParty/FreeRTOS/tasks.o
                0x0000000008001764                vTaskStartScheduler
 .text.vTaskSuspendAll
                0x0000000008001828       0x1c ./Core/Common/ThirdParty/FreeRTOS/tasks.o
                0x0000000008001828                vTaskSuspendAll
 .text.xTaskResumeAll
                0x0000000008001844      0x140 ./Core/Common/ThirdParty/FreeRTOS/tasks.o
                0x0000000008001844                xTaskResumeAll
 .text.xTaskGetTickCount
                0x0000000008001984       0x20 ./Core/Common/ThirdParty/FreeRTOS/tasks.o
                0x0000000008001984                xTaskGetTickCount
 .text.xTaskGetTickCountFromISR
                0x00000000080019a4       0x24 ./Core/Common/ThirdParty/FreeRTOS/tasks.o
                0x00000000080019a4                xTaskGetTickCountFromISR
 .text.xTaskIncrementTick
                0x00000000080019c8      0x178 ./Core/Common/ThirdParty/FreeRTOS/tasks.o
                0x00000000080019c8                xTaskIncrementTick
 .text.vTaskSwitchContext
                0x0000000008001b40       0xd4 ./Core/Common/ThirdParty/FreeRTOS/tasks.o
                0x0000000008001b40                vTaskSwitchContext
 .text.vTaskPlaceOnEventList
                0x0000000008001c14       0x48 ./Core/Common/ThirdParty/FreeRTOS/tasks.o
                0x0000000008001c14                vTaskPlaceOnEventList
 .text.vTaskPlaceOnEventListRestricted
                0x0000000008001c5c       0x5c ./Core/Common/ThirdParty/FreeRTOS/tasks.o
                0x0000000008001c5c                vTaskPlaceOnEventListRestricted
 .text.xTaskRemoveFromEventList
                0x0000000008001cb8       0xcc ./Core/Common/ThirdParty/FreeRTOS/tasks.o
                0x0000000008001cb8                xTaskRemoveFromEventList
 .text.vTaskInternalSetTimeOutState
                0x0000000008001d84       0x2c ./Core/Common/ThirdParty/FreeRTOS/tasks.o
                0x0000000008001d84                vTaskInternalSetTimeOutState
 .text.xTaskCheckForTimeOut
                0x0000000008001db0       0xcc ./Core/Common/ThirdParty/FreeRTOS/tasks.o
                0x0000000008001db0                xTaskCheckForTimeOut
 .text.vTaskMissedYield
                0x0000000008001e7c       0x18 ./Core/Common/ThirdParty/FreeRTOS/tasks.o
                0x0000000008001e7c                vTaskMissedYield
 .text.prvIdleTask
                0x0000000008001e94       0x30 ./Core/Common/ThirdParty/FreeRTOS/tasks.o
 .text.prvInitialiseTaskLists
                0x0000000008001ec4       0x80 ./Core/Common/ThirdParty/FreeRTOS/tasks.o
 .text.prvCheckTasksWaitingTermination
                0x0000000008001f44       0x5c ./Core/Common/ThirdParty/FreeRTOS/tasks.o
 .text.prvDeleteTCB
                0x0000000008001fa0       0x20 ./Core/Common/ThirdParty/FreeRTOS/tasks.o
 .text.prvResetNextTaskUnblockTime
                0x0000000008001fc0       0x38 ./Core/Common/ThirdParty/FreeRTOS/tasks.o
 .text.xTaskGetSchedulerState
                0x0000000008001ff8       0x3c ./Core/Common/ThirdParty/FreeRTOS/tasks.o
                0x0000000008001ff8                xTaskGetSchedulerState
 .text.xTaskPriorityInherit
                0x0000000008002034       0xf4 ./Core/Common/ThirdParty/FreeRTOS/tasks.o
                0x0000000008002034                xTaskPriorityInherit
 .text.xTaskPriorityDisinherit
                0x0000000008002128      0x100 ./Core/Common/ThirdParty/FreeRTOS/tasks.o
                0x0000000008002128                xTaskPriorityDisinherit
 .text.vTaskPriorityDisinheritAfterTimeout
                0x0000000008002228      0x130 ./Core/Common/ThirdParty/FreeRTOS/tasks.o
                0x0000000008002228                vTaskPriorityDisinheritAfterTimeout
 .text.pvTaskIncrementMutexHeldCount
                0x0000000008002358       0x28 ./Core/Common/ThirdParty/FreeRTOS/tasks.o
                0x0000000008002358                pvTaskIncrementMutexHeldCount
 .text.prvAddCurrentTaskToDelayedList
                0x0000000008002380       0xf0 ./Core/Common/ThirdParty/FreeRTOS/tasks.o
 .text.xTimerCreateTimerTask
                0x0000000008002470       0x64 ./Core/Common/ThirdParty/FreeRTOS/timers.o
                0x0000000008002470                xTimerCreateTimerTask
 .text.xTimerGenericCommand
                0x00000000080024d4       0x9c ./Core/Common/ThirdParty/FreeRTOS/timers.o
                0x00000000080024d4                xTimerGenericCommand
 .text.prvProcessExpiredTimer
                0x0000000008002570       0x98 ./Core/Common/ThirdParty/FreeRTOS/timers.o
 .text.prvTimerTask
                0x0000000008002608       0x24 ./Core/Common/ThirdParty/FreeRTOS/timers.o
 .text.prvProcessTimerOrBlockTask
                0x000000000800262c       0x9c ./Core/Common/ThirdParty/FreeRTOS/timers.o
 .text.prvGetNextExpireTime
                0x00000000080026c8       0x48 ./Core/Common/ThirdParty/FreeRTOS/timers.o
 .text.prvSampleTimeNow
                0x0000000008002710       0x40 ./Core/Common/ThirdParty/FreeRTOS/timers.o
 .text.prvInsertTimerInActiveList
                0x0000000008002750       0x84 ./Core/Common/ThirdParty/FreeRTOS/timers.o
 .text.prvProcessReceivedCommands
                0x00000000080027d4      0x18c ./Core/Common/ThirdParty/FreeRTOS/timers.o
 .text.prvSwitchTimerLists
                0x0000000008002960       0xc8 ./Core/Common/ThirdParty/FreeRTOS/timers.o
 .text.prvCheckForValidListAndQueue
                0x0000000008002a28       0x6c ./Core/Common/ThirdParty/FreeRTOS/timers.o
 .text.pxPortInitialiseStack
                0x0000000008002a94       0x68 ./Core/Common/ThirdParty/FreeRTOS/portable/GCC/ARM_CM4F/port.o
                0x0000000008002a94                pxPortInitialiseStack
 .text.prvTaskExitError
                0x0000000008002afc       0x58 ./Core/Common/ThirdParty/FreeRTOS/portable/GCC/ARM_CM4F/port.o
 *fill*         0x0000000008002b54        0xc 
 .text.SVC_Handler
                0x0000000008002b60       0x28 ./Core/Common/ThirdParty/FreeRTOS/portable/GCC/ARM_CM4F/port.o
                0x0000000008002b60                SVC_Handler
 .text.prvPortStartFirstTask
                0x0000000008002b88       0x2c ./Core/Common/ThirdParty/FreeRTOS/portable/GCC/ARM_CM4F/port.o
 .text.xPortStartScheduler
                0x0000000008002bb4      0x144 ./Core/Common/ThirdParty/FreeRTOS/portable/GCC/ARM_CM4F/port.o
                0x0000000008002bb4                xPortStartScheduler
 .text.vInitPrioGroupValue
                0x0000000008002cf8       0xfc ./Core/Common/ThirdParty/FreeRTOS/portable/GCC/ARM_CM4F/port.o
                0x0000000008002cf8                vInitPrioGroupValue
 .text.vPortEnterCritical
                0x0000000008002df4       0x60 ./Core/Common/ThirdParty/FreeRTOS/portable/GCC/ARM_CM4F/port.o
                0x0000000008002df4                vPortEnterCritical
 .text.vPortExitCritical
                0x0000000008002e54       0x54 ./Core/Common/ThirdParty/FreeRTOS/portable/GCC/ARM_CM4F/port.o
                0x0000000008002e54                vPortExitCritical
 *fill*         0x0000000008002ea8        0x8 
 .text.PendSV_Handler
                0x0000000008002eb0       0x68 ./Core/Common/ThirdParty/FreeRTOS/portable/GCC/ARM_CM4F/port.o
                0x0000000008002eb0                PendSV_Handler
 .text.SysTick_Handler
                0x0000000008002f18       0x54 ./Core/Common/ThirdParty/FreeRTOS/portable/GCC/ARM_CM4F/port.o
                0x0000000008002f18                SysTick_Handler
 .text.vPortSetupTimerInterrupt
                0x0000000008002f6c       0x48 ./Core/Common/ThirdParty/FreeRTOS/portable/GCC/ARM_CM4F/port.o
                0x0000000008002f6c                vPortSetupTimerInterrupt
 .text.vPortEnableVFP
                0x0000000008002fb4       0x18 ./Core/Common/ThirdParty/FreeRTOS/portable/GCC/ARM_CM4F/port.o
 .text.vPortValidateInterruptPriority
                0x0000000008002fcc       0x80 ./Core/Common/ThirdParty/FreeRTOS/portable/GCC/ARM_CM4F/port.o
                0x0000000008002fcc                vPortValidateInterruptPriority
 .text.pvPortMalloc
                0x000000000800304c      0x1c0 ./Core/Common/ThirdParty/FreeRTOS/portable/MemMang/heap_4.o
                0x000000000800304c                pvPortMalloc
 .text.vPortFree
                0x000000000800320c       0xc4 ./Core/Common/ThirdParty/FreeRTOS/portable/MemMang/heap_4.o
                0x000000000800320c                vPortFree
 .text.prvHeapInit
                0x00000000080032d0       0xc4 ./Core/Common/ThirdParty/FreeRTOS/portable/MemMang/heap_4.o
 .text.prvInsertBlockIntoFreeList
                0x0000000008003394       0xb4 ./Core/Common/ThirdParty/FreeRTOS/portable/MemMang/heap_4.o
 .text._cbSendSystemDesc
                0x0000000008003448       0x1c ./Core/Common/ThirdParty/SEGGER/Config/SEGGER_SYSVIEW_Config_FreeRTOS.o
 .text.SEGGER_SYSVIEW_Conf
                0x0000000008003464       0x2c ./Core/Common/ThirdParty/SEGGER/Config/SEGGER_SYSVIEW_Config_FreeRTOS.o
                0x0000000008003464                SEGGER_SYSVIEW_Conf
 .text._cbSendTaskList
                0x0000000008003490       0x90 ./Core/Common/ThirdParty/SEGGER/OS/SEGGER_SYSVIEW_FreeRTOS.o
 .text._cbGetTime
                0x0000000008003520       0x86 ./Core/Common/ThirdParty/SEGGER/OS/SEGGER_SYSVIEW_FreeRTOS.o
 *fill*         0x00000000080035a6        0x2 
 .text.SYSVIEW_AddTask
                0x00000000080035a8       0xd0 ./Core/Common/ThirdParty/SEGGER/OS/SEGGER_SYSVIEW_FreeRTOS.o
                0x00000000080035a8                SYSVIEW_AddTask
 .text.SYSVIEW_SendTaskInfo
                0x0000000008003678       0x42 ./Core/Common/ThirdParty/SEGGER/OS/SEGGER_SYSVIEW_FreeRTOS.o
                0x0000000008003678                SYSVIEW_SendTaskInfo
 *fill*         0x00000000080036ba        0x2 
 .text._DoInit  0x00000000080036bc       0xb0 ./Core/Common/ThirdParty/SEGGER/SEGGER/SEGGER_RTT.o
 .text.SEGGER_RTT_ReadNoLock
                0x000000000800376c      0x10c ./Core/Common/ThirdParty/SEGGER/SEGGER/SEGGER_RTT.o
                0x000000000800376c                SEGGER_RTT_ReadNoLock
 .text.SEGGER_RTT_AllocUpBuffer
                0x0000000008003878      0x108 ./Core/Common/ThirdParty/SEGGER/SEGGER/SEGGER_RTT.o
                0x0000000008003878                SEGGER_RTT_AllocUpBuffer
 .text.SEGGER_RTT_ConfigDownBuffer
                0x0000000008003980       0xe0 ./Core/Common/ThirdParty/SEGGER/SEGGER/SEGGER_RTT.o
                0x0000000008003980                SEGGER_RTT_ConfigDownBuffer
 .text._EncodeStr
                0x0000000008003a60       0x9a ./Core/Common/ThirdParty/SEGGER/SEGGER/SEGGER_SYSVIEW.o
 .text._PreparePacket
                0x0000000008003afa       0x18 ./Core/Common/ThirdParty/SEGGER/SEGGER/SEGGER_SYSVIEW.o
 *fill*         0x0000000008003b12        0x2 
 .text._HandleIncomingPacket
                0x0000000008003b14       0xe4 ./Core/Common/ThirdParty/SEGGER/SEGGER/SEGGER_SYSVIEW.o
 .text._TrySendOverflowPacket
                0x0000000008003bf8       0xe4 ./Core/Common/ThirdParty/SEGGER/SEGGER/SEGGER_SYSVIEW.o
 .text._SendPacket
                0x0000000008003cdc      0x1cc ./Core/Common/ThirdParty/SEGGER/SEGGER/SEGGER_SYSVIEW.o
 .text._VPrintHost
                0x0000000008003ea8      0x17c ./Core/Common/ThirdParty/SEGGER/SEGGER/SEGGER_SYSVIEW.o
 .text.SEGGER_SYSVIEW_Init
                0x0000000008004024       0x88 ./Core/Common/ThirdParty/SEGGER/SEGGER/SEGGER_SYSVIEW.o
                0x0000000008004024                SEGGER_SYSVIEW_Init
 .text.SEGGER_SYSVIEW_SetRAMBase
                0x00000000080040ac       0x20 ./Core/Common/ThirdParty/SEGGER/SEGGER/SEGGER_SYSVIEW.o
                0x00000000080040ac                SEGGER_SYSVIEW_SetRAMBase
 .text.SEGGER_SYSVIEW_RecordVoid
                0x00000000080040cc       0x3c ./Core/Common/ThirdParty/SEGGER/SEGGER/SEGGER_SYSVIEW.o
                0x00000000080040cc                SEGGER_SYSVIEW_RecordVoid
 .text.SEGGER_SYSVIEW_RecordU32
                0x0000000008004108       0x78 ./Core/Common/ThirdParty/SEGGER/SEGGER/SEGGER_SYSVIEW.o
                0x0000000008004108                SEGGER_SYSVIEW_RecordU32
 .text.SEGGER_SYSVIEW_RecordU32x2
                0x0000000008004180       0xb4 ./Core/Common/ThirdParty/SEGGER/SEGGER/SEGGER_SYSVIEW.o
                0x0000000008004180                SEGGER_SYSVIEW_RecordU32x2
 .text.SEGGER_SYSVIEW_RecordU32x3
                0x0000000008004234       0xec ./Core/Common/ThirdParty/SEGGER/SEGGER/SEGGER_SYSVIEW.o
                0x0000000008004234                SEGGER_SYSVIEW_RecordU32x3
 .text.SEGGER_SYSVIEW_RecordU32x4
                0x0000000008004320      0x124 ./Core/Common/ThirdParty/SEGGER/SEGGER/SEGGER_SYSVIEW.o
                0x0000000008004320                SEGGER_SYSVIEW_RecordU32x4
 .text.SEGGER_SYSVIEW_Start
                0x0000000008004444      0x174 ./Core/Common/ThirdParty/SEGGER/SEGGER/SEGGER_SYSVIEW.o
                0x0000000008004444                SEGGER_SYSVIEW_Start
 .text.SEGGER_SYSVIEW_Stop
                0x00000000080045b8       0x4c ./Core/Common/ThirdParty/SEGGER/SEGGER/SEGGER_SYSVIEW.o
                0x00000000080045b8                SEGGER_SYSVIEW_Stop
 .text.SEGGER_SYSVIEW_GetSysDesc
                0x0000000008004604      0x134 ./Core/Common/ThirdParty/SEGGER/SEGGER/SEGGER_SYSVIEW.o
                0x0000000008004604                SEGGER_SYSVIEW_GetSysDesc
 .text.SEGGER_SYSVIEW_SendTaskInfo
                0x0000000008004738      0x1c8 ./Core/Common/ThirdParty/SEGGER/SEGGER/SEGGER_SYSVIEW.o
                0x0000000008004738                SEGGER_SYSVIEW_SendTaskInfo
 .text.SEGGER_SYSVIEW_SendTaskList
                0x0000000008004900       0x28 ./Core/Common/ThirdParty/SEGGER/SEGGER/SEGGER_SYSVIEW.o
                0x0000000008004900                SEGGER_SYSVIEW_SendTaskList
 .text.SEGGER_SYSVIEW_SendSysDesc
                0x0000000008004928       0x48 ./Core/Common/ThirdParty/SEGGER/SEGGER/SEGGER_SYSVIEW.o
                0x0000000008004928                SEGGER_SYSVIEW_SendSysDesc
 .text.SEGGER_SYSVIEW_RecordSystime
                0x0000000008004970       0x64 ./Core/Common/ThirdParty/SEGGER/SEGGER/SEGGER_SYSVIEW.o
                0x0000000008004970                SEGGER_SYSVIEW_RecordSystime
 .text.SEGGER_SYSVIEW_RecordEnterISR
                0x00000000080049d4       0x84 ./Core/Common/ThirdParty/SEGGER/SEGGER/SEGGER_SYSVIEW.o
                0x00000000080049d4                SEGGER_SYSVIEW_RecordEnterISR
 .text.SEGGER_SYSVIEW_RecordExitISR
                0x0000000008004a58       0x38 ./Core/Common/ThirdParty/SEGGER/SEGGER/SEGGER_SYSVIEW.o
                0x0000000008004a58                SEGGER_SYSVIEW_RecordExitISR
 .text.SEGGER_SYSVIEW_RecordExitISRToScheduler
                0x0000000008004a90       0x38 ./Core/Common/ThirdParty/SEGGER/SEGGER/SEGGER_SYSVIEW.o
                0x0000000008004a90                SEGGER_SYSVIEW_RecordExitISRToScheduler
 .text.SEGGER_SYSVIEW_OnIdle
                0x0000000008004ac8       0x38 ./Core/Common/ThirdParty/SEGGER/SEGGER/SEGGER_SYSVIEW.o
                0x0000000008004ac8                SEGGER_SYSVIEW_OnIdle
 .text.SEGGER_SYSVIEW_OnTaskCreate
                0x0000000008004b00       0x84 ./Core/Common/ThirdParty/SEGGER/SEGGER/SEGGER_SYSVIEW.o
                0x0000000008004b00                SEGGER_SYSVIEW_OnTaskCreate
 .text.SEGGER_SYSVIEW_OnTaskStartExec
                0x0000000008004b84       0x84 ./Core/Common/ThirdParty/SEGGER/SEGGER/SEGGER_SYSVIEW.o
                0x0000000008004b84                SEGGER_SYSVIEW_OnTaskStartExec
 .text.SEGGER_SYSVIEW_OnTaskStartReady
                0x0000000008004c08       0x84 ./Core/Common/ThirdParty/SEGGER/SEGGER/SEGGER_SYSVIEW.o
                0x0000000008004c08                SEGGER_SYSVIEW_OnTaskStartReady
 .text.SEGGER_SYSVIEW_OnTaskStopReady
                0x0000000008004c8c       0xc0 ./Core/Common/ThirdParty/SEGGER/SEGGER/SEGGER_SYSVIEW.o
                0x0000000008004c8c                SEGGER_SYSVIEW_OnTaskStopReady
 .text.SEGGER_SYSVIEW_ShrinkId
                0x0000000008004d4c       0x20 ./Core/Common/ThirdParty/SEGGER/SEGGER/SEGGER_SYSVIEW.o
                0x0000000008004d4c                SEGGER_SYSVIEW_ShrinkId
 .text.SEGGER_SYSVIEW_SendModule
                0x0000000008004d6c      0x100 ./Core/Common/ThirdParty/SEGGER/SEGGER/SEGGER_SYSVIEW.o
                0x0000000008004d6c                SEGGER_SYSVIEW_SendModule
 .text.SEGGER_SYSVIEW_SendModuleDescription
                0x0000000008004e6c       0x3c ./Core/Common/ThirdParty/SEGGER/SEGGER/SEGGER_SYSVIEW.o
                0x0000000008004e6c                SEGGER_SYSVIEW_SendModuleDescription
 .text.SEGGER_SYSVIEW_SendNumModules
                0x0000000008004ea8       0x7c ./Core/Common/ThirdParty/SEGGER/SEGGER/SEGGER_SYSVIEW.o
                0x0000000008004ea8                SEGGER_SYSVIEW_SendNumModules
 .text.SEGGER_SYSVIEW_PrintfHost
                0x0000000008004f24       0x28 ./Core/Common/ThirdParty/SEGGER/SEGGER/SEGGER_SYSVIEW.o
                0x0000000008004f24                SEGGER_SYSVIEW_PrintfHost
 .text.SEGGER_SYSVIEW_Warn
                0x0000000008004f4c       0xb8 ./Core/Common/ThirdParty/SEGGER/SEGGER/SEGGER_SYSVIEW.o
                0x0000000008004f4c                SEGGER_SYSVIEW_Warn
 .text.main     0x0000000008005004       0xe4 ./Core/Src/main.o
                0x0000000008005004                main
 .text.SystemClock_Config
                0x00000000080050e8       0xd4 ./Core/Src/main.o
                0x00000000080050e8                SystemClock_Config
 .text.MX_GPIO_Init
                0x00000000080051bc      0x2bc ./Core/Src/main.o
 .text.task_green_led
                0x0000000008005478       0x48 ./Core/Src/main.o
 .text.task_blue_led
                0x00000000080054c0       0x44 ./Core/Src/main.o
 .text.toggle_green_led
                0x0000000008005504       0x44 ./Core/Src/main.o
 .text.blink_blue_led
                0x0000000008005548       0x60 ./Core/Src/main.o
 .text.turn_on_red_led
                0x00000000080055a8       0x18 ./Core/Src/main.o
 .text.turn_off_red_led
                0x00000000080055c0       0x18 ./Core/Src/main.o
 .text.HAL_TIM_PeriodElapsedCallback
                0x00000000080055d8       0x24 ./Core/Src/main.o
                0x00000000080055d8                HAL_TIM_PeriodElapsedCallback
 .text.Error_Handler
                0x00000000080055fc        0xa ./Core/Src/main.o
                0x00000000080055fc                Error_Handler
 *fill*         0x0000000008005606        0x2 
 .text.HAL_MspInit
                0x0000000008005608       0x54 ./Core/Src/stm32f4xx_hal_msp.o
                0x0000000008005608                HAL_MspInit
 .text.HAL_InitTick
                0x000000000800565c       0xf8 ./Core/Src/stm32f4xx_hal_timebase_tim.o
                0x000000000800565c                HAL_InitTick
 .text.NMI_Handler
                0x0000000008005754        0x6 ./Core/Src/stm32f4xx_it.o
                0x0000000008005754                NMI_Handler
 .text.HardFault_Handler
                0x000000000800575a        0x6 ./Core/Src/stm32f4xx_it.o
                0x000000000800575a                HardFault_Handler
 .text.MemManage_Handler
                0x0000000008005760        0x6 ./Core/Src/stm32f4xx_it.o
                0x0000000008005760                MemManage_Handler
 .text.BusFault_Handler
                0x0000000008005766        0x6 ./Core/Src/stm32f4xx_it.o
                0x0000000008005766                BusFault_Handler
 .text.UsageFault_Handler
                0x000000000800576c        0x6 ./Core/Src/stm32f4xx_it.o
                0x000000000800576c                UsageFault_Handler
 .text.DebugMon_Handler
                0x0000000008005772        0xe ./Core/Src/stm32f4xx_it.o
                0x0000000008005772                DebugMon_Handler
 .text.TIM6_DAC_IRQHandler
                0x0000000008005780       0x14 ./Core/Src/stm32f4xx_it.o
                0x0000000008005780                TIM6_DAC_IRQHandler
 .text.SystemInit
                0x0000000008005794       0x24 ./Core/Src/system_stm32f4xx.o
                0x0000000008005794                SystemInit
 .text.Reset_Handler
                0x00000000080057b8       0x50 ./Core/Startup/startup_stm32f407vgtx.o
                0x00000000080057b8                Reset_Handler
 .text.Default_Handler
                0x0000000008005808        0x2 ./Core/Startup/startup_stm32f407vgtx.o
                0x0000000008005808                RTC_Alarm_IRQHandler
                0x0000000008005808                HASH_RNG_IRQHandler
                0x0000000008005808                EXTI2_IRQHandler
                0x0000000008005808                TIM8_CC_IRQHandler
                0x0000000008005808                TIM1_CC_IRQHandler
                0x0000000008005808                DMA2_Stream5_IRQHandler
                0x0000000008005808                DMA1_Stream5_IRQHandler
                0x0000000008005808                PVD_IRQHandler
                0x0000000008005808                SDIO_IRQHandler
                0x0000000008005808                TAMP_STAMP_IRQHandler
                0x0000000008005808                CAN2_RX1_IRQHandler
                0x0000000008005808                EXTI3_IRQHandler
                0x0000000008005808                TIM8_TRG_COM_TIM14_IRQHandler
                0x0000000008005808                TIM1_UP_TIM10_IRQHandler
                0x0000000008005808                TIM8_UP_TIM13_IRQHandler
                0x0000000008005808                I2C3_ER_IRQHandler
                0x0000000008005808                EXTI0_IRQHandler
                0x0000000008005808                I2C2_EV_IRQHandler
                0x0000000008005808                DMA1_Stream2_IRQHandler
                0x0000000008005808                CAN1_RX0_IRQHandler
                0x0000000008005808                FPU_IRQHandler
                0x0000000008005808                OTG_HS_WKUP_IRQHandler
                0x0000000008005808                CAN2_SCE_IRQHandler
                0x0000000008005808                DMA2_Stream2_IRQHandler
                0x0000000008005808                SPI1_IRQHandler
                0x0000000008005808                TIM1_BRK_TIM9_IRQHandler
                0x0000000008005808                DCMI_IRQHandler
                0x0000000008005808                CAN2_RX0_IRQHandler
                0x0000000008005808                DMA2_Stream3_IRQHandler
                0x0000000008005808                USART6_IRQHandler
                0x0000000008005808                USART3_IRQHandler
                0x0000000008005808                CAN1_RX1_IRQHandler
                0x0000000008005808                UART5_IRQHandler
                0x0000000008005808                DMA2_Stream0_IRQHandler
                0x0000000008005808                TIM4_IRQHandler
                0x0000000008005808                I2C1_EV_IRQHandler
                0x0000000008005808                DMA1_Stream6_IRQHandler
                0x0000000008005808                DMA1_Stream1_IRQHandler
                0x0000000008005808                UART4_IRQHandler
                0x0000000008005808                TIM3_IRQHandler
                0x0000000008005808                RCC_IRQHandler
                0x0000000008005808                TIM8_BRK_TIM12_IRQHandler
                0x0000000008005808                Default_Handler
                0x0000000008005808                EXTI15_10_IRQHandler
                0x0000000008005808                ADC_IRQHandler
                0x0000000008005808                DMA1_Stream7_IRQHandler
                0x0000000008005808                TIM7_IRQHandler
                0x0000000008005808                CAN2_TX_IRQHandler
                0x0000000008005808                TIM5_IRQHandler
                0x0000000008005808                DMA2_Stream7_IRQHandler
                0x0000000008005808                I2C3_EV_IRQHandler
                0x0000000008005808                EXTI9_5_IRQHandler
                0x0000000008005808                RTC_WKUP_IRQHandler
                0x0000000008005808                ETH_WKUP_IRQHandler
                0x0000000008005808                SPI2_IRQHandler
                0x0000000008005808                OTG_HS_EP1_IN_IRQHandler
                0x0000000008005808                DMA1_Stream0_IRQHandler
                0x0000000008005808                CAN1_TX_IRQHandler
                0x0000000008005808                EXTI4_IRQHandler
                0x0000000008005808                FSMC_IRQHandler
                0x0000000008005808                ETH_IRQHandler
                0x0000000008005808                OTG_HS_EP1_OUT_IRQHandler
                0x0000000008005808                WWDG_IRQHandler
                0x0000000008005808                TIM2_IRQHandler
                0x0000000008005808                OTG_FS_WKUP_IRQHandler
                0x0000000008005808                TIM1_TRG_COM_TIM11_IRQHandler
                0x0000000008005808                OTG_HS_IRQHandler
                0x0000000008005808                EXTI1_IRQHandler
                0x0000000008005808                USART2_IRQHandler
                0x0000000008005808                I2C2_ER_IRQHandler
                0x0000000008005808                DMA2_Stream1_IRQHandler
                0x0000000008005808                CAN1_SCE_IRQHandler
                0x0000000008005808                FLASH_IRQHandler
                0x0000000008005808                DMA2_Stream4_IRQHandler
                0x0000000008005808                USART1_IRQHandler
                0x0000000008005808                OTG_FS_IRQHandler
                0x0000000008005808                SPI3_IRQHandler
                0x0000000008005808                DMA1_Stream4_IRQHandler
                0x0000000008005808                I2C1_ER_IRQHandler
                0x0000000008005808                DMA2_Stream6_IRQHandler
                0x0000000008005808                DMA1_Stream3_IRQHandler
 *fill*         0x000000000800580a        0x2 
 .text.HAL_Init
                0x000000000800580c       0x44 ./Drivers/STM32F4xx_HAL_Driver/Src/stm32f4xx_hal.o
                0x000000000800580c                HAL_Init
 .text.HAL_IncTick
                0x0000000008005850       0x28 ./Drivers/STM32F4xx_HAL_Driver/Src/stm32f4xx_hal.o
                0x0000000008005850                HAL_IncTick
 .text.HAL_GetTick
                0x0000000008005878       0x18 ./Drivers/STM32F4xx_HAL_Driver/Src/stm32f4xx_hal.o
                0x0000000008005878                HAL_GetTick
 .text.__NVIC_SetPriorityGrouping
                0x0000000008005890       0x48 ./Drivers/STM32F4xx_HAL_Driver/Src/stm32f4xx_hal_cortex.o
 .text.__NVIC_GetPriorityGrouping
                0x00000000080058d8       0x1c ./Drivers/STM32F4xx_HAL_Driver/Src/stm32f4xx_hal_cortex.o
 .text.__NVIC_EnableIRQ
                0x00000000080058f4       0x3c ./Drivers/STM32F4xx_HAL_Driver/Src/stm32f4xx_hal_cortex.o
 .text.__NVIC_SetPriority
                0x0000000008005930       0x54 ./Drivers/STM32F4xx_HAL_Driver/Src/stm32f4xx_hal_cortex.o
 .text.NVIC_EncodePriority
                0x0000000008005984       0x66 ./Drivers/STM32F4xx_HAL_Driver/Src/stm32f4xx_hal_cortex.o
 .text.HAL_NVIC_SetPriorityGrouping
                0x00000000080059ea       0x16 ./Drivers/STM32F4xx_HAL_Driver/Src/stm32f4xx_hal_cortex.o
                0x00000000080059ea                HAL_NVIC_SetPriorityGrouping
 .text.HAL_NVIC_SetPriority
                0x0000000008005a00       0x38 ./Drivers/STM32F4xx_HAL_Driver/Src/stm32f4xx_hal_cortex.o
                0x0000000008005a00                HAL_NVIC_SetPriority
 .text.HAL_NVIC_EnableIRQ
                0x0000000008005a38       0x1c ./Drivers/STM32F4xx_HAL_Driver/Src/stm32f4xx_hal_cortex.o
                0x0000000008005a38                HAL_NVIC_EnableIRQ
 .text.HAL_GPIO_Init
                0x0000000008005a54      0x338 ./Drivers/STM32F4xx_HAL_Driver/Src/stm32f4xx_hal_gpio.o
                0x0000000008005a54                HAL_GPIO_Init
 .text.HAL_GPIO_WritePin
                0x0000000008005d8c       0x32 ./Drivers/STM32F4xx_HAL_Driver/Src/stm32f4xx_hal_gpio.o
                0x0000000008005d8c                HAL_GPIO_WritePin
 *fill*         0x0000000008005dbe        0x2 
 .text.HAL_RCC_OscConfig
                0x0000000008005dc0      0x4f0 ./Drivers/STM32F4xx_HAL_Driver/Src/stm32f4xx_hal_rcc.o
                0x0000000008005dc0                HAL_RCC_OscConfig
 .text.HAL_RCC_ClockConfig
                0x00000000080062b0      0x1cc ./Drivers/STM32F4xx_HAL_Driver/Src/stm32f4xx_hal_rcc.o
                0x00000000080062b0                HAL_RCC_ClockConfig
 .text.HAL_RCC_GetSysClockFreq
                0x000000000800647c      0x20c ./Drivers/STM32F4xx_HAL_Driver/Src/stm32f4xx_hal_rcc.o
                0x000000000800647c                HAL_RCC_GetSysClockFreq
 .text.HAL_RCC_GetHCLKFreq
                0x0000000008006688       0x18 ./Drivers/STM32F4xx_HAL_Driver/Src/stm32f4xx_hal_rcc.o
                0x0000000008006688                HAL_RCC_GetHCLKFreq
 .text.HAL_RCC_GetPCLK1Freq
                0x00000000080066a0       0x28 ./Drivers/STM32F4xx_HAL_Driver/Src/stm32f4xx_hal_rcc.o
                0x00000000080066a0                HAL_RCC_GetPCLK1Freq
 .text.HAL_RCC_GetClockConfig
                0x00000000080066c8       0x64 ./Drivers/STM32F4xx_HAL_Driver/Src/stm32f4xx_hal_rcc.o
                0x00000000080066c8                HAL_RCC_GetClockConfig
 .text.HAL_TIM_Base_Init
                0x000000000800672c       0x9e ./Drivers/STM32F4xx_HAL_Driver/Src/stm32f4xx_hal_tim.o
                0x000000000800672c                HAL_TIM_Base_Init
 .text.HAL_TIM_Base_MspInit
                0x00000000080067ca       0x14 ./Drivers/STM32F4xx_HAL_Driver/Src/stm32f4xx_hal_tim.o
                0x00000000080067ca                HAL_TIM_Base_MspInit
 *fill*         0x00000000080067de        0x2 
 .text.HAL_TIM_Base_Start_IT
                0x00000000080067e0       0xe0 ./Drivers/STM32F4xx_HAL_Driver/Src/stm32f4xx_hal_tim.o
                0x00000000080067e0                HAL_TIM_Base_Start_IT
 .text.HAL_TIM_IRQHandler
                0x00000000080068c0      0x210 ./Drivers/STM32F4xx_HAL_Driver/Src/stm32f4xx_hal_tim.o
                0x00000000080068c0                HAL_TIM_IRQHandler
 .text.HAL_TIM_OC_DelayElapsedCallback
                0x0000000008006ad0       0x14 ./Drivers/STM32F4xx_HAL_Driver/Src/stm32f4xx_hal_tim.o
                0x0000000008006ad0                HAL_TIM_OC_DelayElapsedCallback
 .text.HAL_TIM_IC_CaptureCallback
                0x0000000008006ae4       0x14 ./Drivers/STM32F4xx_HAL_Driver/Src/stm32f4xx_hal_tim.o
                0x0000000008006ae4                HAL_TIM_IC_CaptureCallback
 .text.HAL_TIM_PWM_PulseFinishedCallback
                0x0000000008006af8       0x14 ./Drivers/STM32F4xx_HAL_Driver/Src/stm32f4xx_hal_tim.o
                0x0000000008006af8                HAL_TIM_PWM_PulseFinishedCallback
 .text.HAL_TIM_TriggerCallback
                0x0000000008006b0c       0x14 ./Drivers/STM32F4xx_HAL_Driver/Src/stm32f4xx_hal_tim.o
                0x0000000008006b0c                HAL_TIM_TriggerCallback
 .text.TIM_Base_SetConfig
                0x0000000008006b20      0x140 ./Drivers/STM32F4xx_HAL_Driver/Src/stm32f4xx_hal_tim.o
                0x0000000008006b20                TIM_Base_SetConfig
 .text.HAL_TIMEx_CommutCallback
                0x0000000008006c60       0x14 ./Drivers/STM32F4xx_HAL_Driver/Src/stm32f4xx_hal_tim_ex.o
                0x0000000008006c60                HAL_TIMEx_CommutCallback
 .text.HAL_TIMEx_BreakCallback
                0x0000000008006c74       0x14 ./Drivers/STM32F4xx_HAL_Driver/Src/stm32f4xx_hal_tim_ex.o
                0x0000000008006c74                HAL_TIMEx_BreakCallback
 .text.__libc_init_array
                0x0000000008006c88       0x48 /home/naveen/st/stm32cubeide_1.11.2/plugins/com.st.stm32cube.ide.mcu.externaltools.gnu-tools-for-stm32.10.3-2021.10.linux64_1.0.100.202210260954/tools/bin/../lib/gcc/arm-none-eabi/10.3.1/../../../../arm-none-eabi/lib/thumb/v7e-m+fp/hard/libc_nano.a(lib_a-init.o)
                0x0000000008006c88                __libc_init_array
 .text.memcmp   0x0000000008006cd0       0x20 /home/naveen/st/stm32cubeide_1.11.2/plugins/com.st.stm32cube.ide.mcu.externaltools.gnu-tools-for-stm32.10.3-2021.10.linux64_1.0.100.202210260954/tools/bin/../lib/gcc/arm-none-eabi/10.3.1/../../../../arm-none-eabi/lib/thumb/v7e-m+fp/hard/libc_nano.a(lib_a-memcmp.o)
                0x0000000008006cd0                memcmp
 .text.memcpy   0x0000000008006cf0       0x1c /home/naveen/st/stm32cubeide_1.11.2/plugins/com.st.stm32cube.ide.mcu.externaltools.gnu-tools-for-stm32.10.3-2021.10.linux64_1.0.100.202210260954/tools/bin/../lib/gcc/arm-none-eabi/10.3.1/../../../../arm-none-eabi/lib/thumb/v7e-m+fp/hard/libc_nano.a(lib_a-memcpy-stub.o)
                0x0000000008006cf0                memcpy
 .text.memset   0x0000000008006d0c       0x10 /home/naveen/st/stm32cubeide_1.11.2/plugins/com.st.stm32cube.ide.mcu.externaltools.gnu-tools-for-stm32.10.3-2021.10.linux64_1.0.100.202210260954/tools/bin/../lib/gcc/arm-none-eabi/10.3.1/../../../../arm-none-eabi/lib/thumb/v7e-m+fp/hard/libc_nano.a(lib_a-memset.o)
                0x0000000008006d0c                memset
 *(.glue_7)
 .glue_7        0x0000000008006d1c        0x0 linker stubs
 *(.glue_7t)
 .glue_7t       0x0000000008006d1c        0x0 linker stubs
 *(.eh_frame)
 .eh_frame      0x0000000008006d1c        0x0 /home/naveen/st/stm32cubeide_1.11.2/plugins/com.st.stm32cube.ide.mcu.externaltools.gnu-tools-for-stm32.10.3-2021.10.linux64_1.0.100.202210260954/tools/bin/../lib/gcc/arm-none-eabi/10.3.1/thumb/v7e-m+fp/hard/crtbegin.o
 *(.init)
 .init          0x0000000008006d1c        0x4 /home/naveen/st/stm32cubeide_1.11.2/plugins/com.st.stm32cube.ide.mcu.externaltools.gnu-tools-for-stm32.10.3-2021.10.linux64_1.0.100.202210260954/tools/bin/../lib/gcc/arm-none-eabi/10.3.1/thumb/v7e-m+fp/hard/crti.o
                0x0000000008006d1c                _init
 .init          0x0000000008006d20        0x8 /home/naveen/st/stm32cubeide_1.11.2/plugins/com.st.stm32cube.ide.mcu.externaltools.gnu-tools-for-stm32.10.3-2021.10.linux64_1.0.100.202210260954/tools/bin/../lib/gcc/arm-none-eabi/10.3.1/thumb/v7e-m+fp/hard/crtn.o
 *(.fini)
 .fini          0x0000000008006d28        0x4 /home/naveen/st/stm32cubeide_1.11.2/plugins/com.st.stm32cube.ide.mcu.externaltools.gnu-tools-for-stm32.10.3-2021.10.linux64_1.0.100.202210260954/tools/bin/../lib/gcc/arm-none-eabi/10.3.1/thumb/v7e-m+fp/hard/crti.o
                0x0000000008006d28                _fini
 .fini          0x0000000008006d2c        0x8 /home/naveen/st/stm32cubeide_1.11.2/plugins/com.st.stm32cube.ide.mcu.externaltools.gnu-tools-for-stm32.10.3-2021.10.linux64_1.0.100.202210260954/tools/bin/../lib/gcc/arm-none-eabi/10.3.1/thumb/v7e-m+fp/hard/crtn.o
                0x0000000008006d34                . = ALIGN (0x4)
                0x0000000008006d34                _etext = .

.vfp11_veneer   0x0000000008006d34        0x0
 .vfp11_veneer  0x0000000008006d34        0x0 linker stubs

.v4_bx          0x0000000008006d34        0x0
 .v4_bx         0x0000000008006d34        0x0 linker stubs

.iplt           0x0000000008006d34        0x0
 .iplt          0x0000000008006d34        0x0 /home/naveen/st/stm32cubeide_1.11.2/plugins/com.st.stm32cube.ide.mcu.externaltools.gnu-tools-for-stm32.10.3-2021.10.linux64_1.0.100.202210260954/tools/bin/../lib/gcc/arm-none-eabi/10.3.1/thumb/v7e-m+fp/hard/crtbegin.o

.rodata         0x0000000008006d34      0x20c
                0x0000000008006d34                . = ALIGN (0x4)
 *(.rodata)
 .rodata        0x0000000008006d34        0x5 ./Core/Common/ThirdParty/FreeRTOS/tasks.o
 *fill*         0x0000000008006d39        0x3 
 .rodata        0x0000000008006d3c        0xd ./Core/Common/ThirdParty/FreeRTOS/timers.o
 *fill*         0x0000000008006d49        0x3 
 .rodata        0x0000000008006d4c       0x55 ./Core/Common/ThirdParty/SEGGER/Config/SEGGER_SYSVIEW_Config_FreeRTOS.o
 *fill*         0x0000000008006da1        0x3 
 .rodata        0x0000000008006da4       0x58 ./Core/Common/ThirdParty/SEGGER/OS/SEGGER_SYSVIEW_FreeRTOS.o
 .rodata        0x0000000008006dfc       0x17 ./Core/Common/ThirdParty/SEGGER/SEGGER/SEGGER_RTT.o
 *fill*         0x0000000008006e13        0x1 
 .rodata        0x0000000008006e14        0x8 ./Core/Common/ThirdParty/SEGGER/SEGGER/SEGGER_SYSVIEW.o
 .rodata        0x0000000008006e1c       0xf5 ./Core/Src/main.o
 *(.rodata*)
 *fill*         0x0000000008006f11        0x3 
 .rodata.SYSVIEW_X_OS_TraceAPI
                0x0000000008006f14        0x8 ./Core/Common/ThirdParty/SEGGER/OS/SEGGER_SYSVIEW_FreeRTOS.o
                0x0000000008006f14                SYSVIEW_X_OS_TraceAPI
 .rodata._abSync
                0x0000000008006f1c        0xa ./Core/Common/ThirdParty/SEGGER/SEGGER/SEGGER_SYSVIEW.o
 *fill*         0x0000000008006f26        0x2 
 .rodata.AHBPrescTable
                0x0000000008006f28       0x10 ./Core/Src/system_stm32f4xx.o
                0x0000000008006f28                AHBPrescTable
 .rodata.APBPrescTable
                0x0000000008006f38        0x8 ./Core/Src/system_stm32f4xx.o
                0x0000000008006f38                APBPrescTable
                0x0000000008006f40                . = ALIGN (0x4)

.ARM.extab      0x0000000008006f40        0x0
                0x0000000008006f40                . = ALIGN (0x4)
 *(.ARM.extab* .gnu.linkonce.armextab.*)
                0x0000000008006f40                . = ALIGN (0x4)

.ARM            0x0000000008006f40        0x8
                0x0000000008006f40                . = ALIGN (0x4)
                0x0000000008006f40                __exidx_start = .
 *(.ARM.exidx*)
 .ARM.exidx     0x0000000008006f40        0x8 /home/naveen/st/stm32cubeide_1.11.2/plugins/com.st.stm32cube.ide.mcu.externaltools.gnu-tools-for-stm32.10.3-2021.10.linux64_1.0.100.202210260954/tools/bin/../lib/gcc/arm-none-eabi/10.3.1/thumb/v7e-m+fp/hard/libgcc.a(_udivmoddi4.o)
                0x0000000008006f48                __exidx_end = .
                0x0000000008006f48                . = ALIGN (0x4)

.rel.dyn        0x0000000008006f48        0x0
 .rel.iplt      0x0000000008006f48        0x0 /home/naveen/st/stm32cubeide_1.11.2/plugins/com.st.stm32cube.ide.mcu.externaltools.gnu-tools-for-stm32.10.3-2021.10.linux64_1.0.100.202210260954/tools/bin/../lib/gcc/arm-none-eabi/10.3.1/thumb/v7e-m+fp/hard/crtbegin.o

.preinit_array  0x0000000008006f48        0x0
                0x0000000008006f48                . = ALIGN (0x4)
                0x0000000008006f48                PROVIDE (__preinit_array_start = .)
 *(.preinit_array*)
                0x0000000008006f48                PROVIDE (__preinit_array_end = .)
                0x0000000008006f48                . = ALIGN (0x4)

.init_array     0x0000000008006f48        0x4
                0x0000000008006f48                . = ALIGN (0x4)
                0x0000000008006f48                PROVIDE (__init_array_start = .)
 *(SORT_BY_NAME(.init_array.*))
 *(.init_array*)
 .init_array    0x0000000008006f48        0x4 /home/naveen/st/stm32cubeide_1.11.2/plugins/com.st.stm32cube.ide.mcu.externaltools.gnu-tools-for-stm32.10.3-2021.10.linux64_1.0.100.202210260954/tools/bin/../lib/gcc/arm-none-eabi/10.3.1/thumb/v7e-m+fp/hard/crtbegin.o
                0x0000000008006f4c                PROVIDE (__init_array_end = .)
                0x0000000008006f4c                . = ALIGN (0x4)

.fini_array     0x0000000008006f4c        0x4
                0x0000000008006f4c                . = ALIGN (0x4)
                [!provide]                        PROVIDE (__fini_array_start = .)
 *(SORT_BY_NAME(.fini_array.*))
 *(.fini_array*)
 .fini_array    0x0000000008006f4c        0x4 /home/naveen/st/stm32cubeide_1.11.2/plugins/com.st.stm32cube.ide.mcu.externaltools.gnu-tools-for-stm32.10.3-2021.10.linux64_1.0.100.202210260954/tools/bin/../lib/gcc/arm-none-eabi/10.3.1/thumb/v7e-m+fp/hard/crtbegin.o
                [!provide]                        PROVIDE (__fini_array_end = .)
                0x0000000008006f50                . = ALIGN (0x4)
                0x0000000008006f50                _sidata = LOADADDR (.data)

.data           0x0000000020000000       0x14 load address 0x0000000008006f50
                0x0000000020000000                . = ALIGN (0x4)
                0x0000000020000000                _sdata = .
 *(.data)
 *(.data*)
 .data.uxTopUsedPriority
                0x0000000020000000        0x4 ./Core/Common/ThirdParty/FreeRTOS/tasks.o
                0x0000000020000000                uxTopUsedPriority
 .data.uxCriticalNesting
                0x0000000020000004        0x4 ./Core/Common/ThirdParty/FreeRTOS/portable/GCC/ARM_CM4F/port.o
 .data.SystemCoreClock
                0x0000000020000008        0x4 ./Core/Src/system_stm32f4xx.o
                0x0000000020000008                SystemCoreClock
 .data.uwTickPrio
                0x000000002000000c        0x4 ./Drivers/STM32F4xx_HAL_Driver/Src/stm32f4xx_hal.o
                0x000000002000000c                uwTickPrio
 .data.uwTickFreq
                0x0000000020000010        0x1 ./Drivers/STM32F4xx_HAL_Driver/Src/stm32f4xx_hal.o
                0x0000000020000010                uwTickFreq
 *(.RamFunc)
 *(.RamFunc*)
                0x0000000020000014                . = ALIGN (0x4)
 *fill*         0x0000000020000011        0x3 
                0x0000000020000014                _edata = .
                0x0000000008006f64                _siccmram = LOADADDR (.ccmram)

.igot.plt       0x0000000020000014        0x0 load address 0x0000000008006f64
 .igot.plt      0x0000000020000014        0x0 /home/naveen/st/stm32cubeide_1.11.2/plugins/com.st.stm32cube.ide.mcu.externaltools.gnu-tools-for-stm32.10.3-2021.10.linux64_1.0.100.202210260954/tools/bin/../lib/gcc/arm-none-eabi/10.3.1/thumb/v7e-m+fp/hard/crtbegin.o

.ccmram         0x0000000010000000        0x0 load address 0x0000000008006f64
                0x0000000010000000                . = ALIGN (0x4)
                0x0000000010000000                _sccmram = .
 *(.ccmram)
 *(.ccmram*)
                0x0000000010000000                . = ALIGN (0x4)
                0x0000000010000000                _eccmram = .
                0x0000000010000000                . = ALIGN (0x4)

.bss            0x0000000020000014    0x15098
                0x0000000020000014                _sbss = .
                0x0000000020000014                __bss_start__ = _sbss
 *(.bss)
 .bss           0x0000000020000014       0x1c /home/naveen/st/stm32cubeide_1.11.2/plugins/com.st.stm32cube.ide.mcu.externaltools.gnu-tools-for-stm32.10.3-2021.10.linux64_1.0.100.202210260954/tools/bin/../lib/gcc/arm-none-eabi/10.3.1/thumb/v7e-m+fp/hard/crtbegin.o
 *(.bss*)
 .bss.xQueueRegistry
                0x0000000020000030       0x40 ./Core/Common/ThirdParty/FreeRTOS/queue.o
                0x0000000020000030                xQueueRegistry
 .bss.pxCurrentTCB
                0x0000000020000070        0x4 ./Core/Common/ThirdParty/FreeRTOS/tasks.o
                0x0000000020000070                pxCurrentTCB
 .bss.pxReadyTasksLists
                0x0000000020000074       0x64 ./Core/Common/ThirdParty/FreeRTOS/tasks.o
 .bss.xDelayedTaskList1
                0x00000000200000d8       0x14 ./Core/Common/ThirdParty/FreeRTOS/tasks.o
 .bss.xDelayedTaskList2
                0x00000000200000ec       0x14 ./Core/Common/ThirdParty/FreeRTOS/tasks.o
 .bss.pxDelayedTaskList
                0x0000000020000100        0x4 ./Core/Common/ThirdParty/FreeRTOS/tasks.o
 .bss.pxOverflowDelayedTaskList
                0x0000000020000104        0x4 ./Core/Common/ThirdParty/FreeRTOS/tasks.o
 .bss.xPendingReadyList
                0x0000000020000108       0x14 ./Core/Common/ThirdParty/FreeRTOS/tasks.o
 .bss.xTasksWaitingTermination
                0x000000002000011c       0x14 ./Core/Common/ThirdParty/FreeRTOS/tasks.o
 .bss.uxDeletedTasksWaitingCleanUp
                0x0000000020000130        0x4 ./Core/Common/ThirdParty/FreeRTOS/tasks.o
 .bss.xSuspendedTaskList
                0x0000000020000134       0x14 ./Core/Common/ThirdParty/FreeRTOS/tasks.o
 .bss.uxCurrentNumberOfTasks
                0x0000000020000148        0x4 ./Core/Common/ThirdParty/FreeRTOS/tasks.o
 .bss.xTickCount
                0x000000002000014c        0x4 ./Core/Common/ThirdParty/FreeRTOS/tasks.o
 .bss.uxTopReadyPriority
                0x0000000020000150        0x4 ./Core/Common/ThirdParty/FreeRTOS/tasks.o
 .bss.xSchedulerRunning
                0x0000000020000154        0x4 ./Core/Common/ThirdParty/FreeRTOS/tasks.o
 .bss.xPendedTicks
                0x0000000020000158        0x4 ./Core/Common/ThirdParty/FreeRTOS/tasks.o
 .bss.xYieldPending
                0x000000002000015c        0x4 ./Core/Common/ThirdParty/FreeRTOS/tasks.o
 .bss.xNumOfOverflows
                0x0000000020000160        0x4 ./Core/Common/ThirdParty/FreeRTOS/tasks.o
 .bss.uxTaskNumber
                0x0000000020000164        0x4 ./Core/Common/ThirdParty/FreeRTOS/tasks.o
 .bss.xNextTaskUnblockTime
                0x0000000020000168        0x4 ./Core/Common/ThirdParty/FreeRTOS/tasks.o
 .bss.xIdleTaskHandle
                0x000000002000016c        0x4 ./Core/Common/ThirdParty/FreeRTOS/tasks.o
 .bss.uxSchedulerSuspended
                0x0000000020000170        0x4 ./Core/Common/ThirdParty/FreeRTOS/tasks.o
 .bss.xActiveTimerList1
                0x0000000020000174       0x14 ./Core/Common/ThirdParty/FreeRTOS/timers.o
 .bss.xActiveTimerList2
                0x0000000020000188       0x14 ./Core/Common/ThirdParty/FreeRTOS/timers.o
 .bss.pxCurrentTimerList
                0x000000002000019c        0x4 ./Core/Common/ThirdParty/FreeRTOS/timers.o
 .bss.pxOverflowTimerList
                0x00000000200001a0        0x4 ./Core/Common/ThirdParty/FreeRTOS/timers.o
 .bss.xTimerQueue
                0x00000000200001a4        0x4 ./Core/Common/ThirdParty/FreeRTOS/timers.o
 .bss.xTimerTaskHandle
                0x00000000200001a8        0x4 ./Core/Common/ThirdParty/FreeRTOS/timers.o
 .bss.xLastTime.0
                0x00000000200001ac        0x4 ./Core/Common/ThirdParty/FreeRTOS/timers.o
 .bss.ucMaxSysCallPriority
                0x00000000200001b0        0x1 ./Core/Common/ThirdParty/FreeRTOS/portable/GCC/ARM_CM4F/port.o
 *fill*         0x00000000200001b1        0x3 
 .bss.ulMaxPRIGROUPValue
                0x00000000200001b4        0x4 ./Core/Common/ThirdParty/FreeRTOS/portable/GCC/ARM_CM4F/port.o
 .bss.ucHeap    0x00000000200001b8    0x12c00 ./Core/Common/ThirdParty/FreeRTOS/portable/MemMang/heap_4.o
 .bss.xStart    0x0000000020012db8        0x8 ./Core/Common/ThirdParty/FreeRTOS/portable/MemMang/heap_4.o
 .bss.pxEnd     0x0000000020012dc0        0x4 ./Core/Common/ThirdParty/FreeRTOS/portable/MemMang/heap_4.o
 .bss.xFreeBytesRemaining
                0x0000000020012dc4        0x4 ./Core/Common/ThirdParty/FreeRTOS/portable/MemMang/heap_4.o
 .bss.xMinimumEverFreeBytesRemaining
                0x0000000020012dc8        0x4 ./Core/Common/ThirdParty/FreeRTOS/portable/MemMang/heap_4.o
 .bss.xNumberOfSuccessfulAllocations
                0x0000000020012dcc        0x4 ./Core/Common/ThirdParty/FreeRTOS/portable/MemMang/heap_4.o
 .bss.xNumberOfSuccessfulFrees
                0x0000000020012dd0        0x4 ./Core/Common/ThirdParty/FreeRTOS/portable/MemMang/heap_4.o
 .bss.xBlockAllocatedBit
                0x0000000020012dd4        0x4 ./Core/Common/ThirdParty/FreeRTOS/portable/MemMang/heap_4.o
 .bss._aTasks   0x0000000020012dd8       0xa0 ./Core/Common/ThirdParty/SEGGER/OS/SEGGER_SYSVIEW_FreeRTOS.o
 .bss._NumTasks
                0x0000000020012e78        0x4 ./Core/Common/ThirdParty/SEGGER/OS/SEGGER_SYSVIEW_FreeRTOS.o
 .bss._SEGGER_RTT
                0x0000000020012e7c       0xa8 ./Core/Common/ThirdParty/SEGGER/SEGGER/SEGGER_RTT.o
                0x0000000020012e7c                _SEGGER_RTT
 .bss._acUpBuffer
                0x0000000020012f24     0x1000 ./Core/Common/ThirdParty/SEGGER/SEGGER/SEGGER_RTT.o
 .bss._acDownBuffer
                0x0000000020013f24       0x10 ./Core/Common/ThirdParty/SEGGER/SEGGER/SEGGER_RTT.o
 .bss._UpBuffer
                0x0000000020013f34     0x1000 ./Core/Common/ThirdParty/SEGGER/SEGGER/SEGGER_SYSVIEW.o
 .bss._DownBuffer
                0x0000000020014f34        0x8 ./Core/Common/ThirdParty/SEGGER/SEGGER/SEGGER_SYSVIEW.o
 .bss._SYSVIEW_Globals
                0x0000000020014f3c       0x28 ./Core/Common/ThirdParty/SEGGER/SEGGER/SEGGER_SYSVIEW.o
 .bss._pFirstModule
                0x0000000020014f64        0x4 ./Core/Common/ThirdParty/SEGGER/SEGGER/SEGGER_SYSVIEW.o
 .bss._NumModules
                0x0000000020014f68        0x1 ./Core/Common/ThirdParty/SEGGER/SEGGER/SEGGER_SYSVIEW.o
 *fill*         0x0000000020014f69        0x3 
 .bss._aPacket  0x0000000020014f6c       0xe3 ./Core/Common/ThirdParty/SEGGER/SEGGER/SEGGER_SYSVIEW.o
 *fill*         0x000000002001504f        0x1 
 .bss.task_handle_green_led
                0x0000000020015050        0x4 ./Core/Src/main.o
                0x0000000020015050                task_handle_green_led
 .bss.task_handle_blue_led
                0x0000000020015054        0x4 ./Core/Src/main.o
                0x0000000020015054                task_handle_blue_led
 .bss.LedSemaphore
                0x0000000020015058        0x4 ./Core/Src/main.o
                0x0000000020015058                LedSemaphore
 .bss.count.0   0x000000002001505c        0x4 ./Core/Src/main.o
 .bss.htim6     0x0000000020015060       0x48 ./Core/Src/stm32f4xx_hal_timebase_tim.o
                0x0000000020015060                htim6
 .bss.uwTick    0x00000000200150a8        0x4 ./Drivers/STM32F4xx_HAL_Driver/Src/stm32f4xx_hal.o
                0x00000000200150a8                uwTick
 *(COMMON)
                0x00000000200150ac                . = ALIGN (0x4)
                0x00000000200150ac                _ebss = .
                0x00000000200150ac                __bss_end__ = _ebss

._user_heap_stack
                0x00000000200150ac      0x604
                0x00000000200150b0                . = ALIGN (0x8)
 *fill*         0x00000000200150ac        0x4 
                [!provide]                        PROVIDE (end = .)
                0x00000000200150b0                PROVIDE (_end = .)
                0x00000000200152b0                . = (. + _Min_Heap_Size)
 *fill*         0x00000000200150b0      0x200 
                0x00000000200156b0                . = (. + _Min_Stack_Size)
 *fill*         0x00000000200152b0      0x400 
                0x00000000200156b0                . = ALIGN (0x8)

/DISCARD/
 libc.a(*)
 libm.a(*)
 libgcc.a(*)

.ARM.attributes
                0x0000000000000000       0x30
 *(.ARM.attributes)
 .ARM.attributes
                0x0000000000000000       0x1e /home/naveen/st/stm32cubeide_1.11.2/plugins/com.st.stm32cube.ide.mcu.externaltools.gnu-tools-for-stm32.10.3-2021.10.linux64_1.0.100.202210260954/tools/bin/../lib/gcc/arm-none-eabi/10.3.1/thumb/v7e-m+fp/hard/crti.o
 .ARM.attributes
                0x000000000000001e       0x34 /home/naveen/st/stm32cubeide_1.11.2/plugins/com.st.stm32cube.ide.mcu.externaltools.gnu-tools-for-stm32.10.3-2021.10.linux64_1.0.100.202210260954/tools/bin/../lib/gcc/arm-none-eabi/10.3.1/thumb/v7e-m+fp/hard/crtbegin.o
 .ARM.attributes
                0x0000000000000052       0x34 ./Core/Common/ThirdParty/FreeRTOS/list.o
 .ARM.attributes
                0x0000000000000086       0x34 ./Core/Common/ThirdParty/FreeRTOS/queue.o
 .ARM.attributes
                0x00000000000000ba       0x34 ./Core/Common/ThirdParty/FreeRTOS/tasks.o
 .ARM.attributes
                0x00000000000000ee       0x34 ./Core/Common/ThirdParty/FreeRTOS/timers.o
 .ARM.attributes
                0x0000000000000122       0x34 ./Core/Common/ThirdParty/FreeRTOS/portable/GCC/ARM_CM4F/port.o
 .ARM.attributes
                0x0000000000000156       0x34 ./Core/Common/ThirdParty/FreeRTOS/portable/MemMang/heap_4.o
 .ARM.attributes
                0x000000000000018a       0x34 ./Core/Common/ThirdParty/SEGGER/Config/SEGGER_SYSVIEW_Config_FreeRTOS.o
 .ARM.attributes
                0x00000000000001be       0x34 ./Core/Common/ThirdParty/SEGGER/OS/SEGGER_SYSVIEW_FreeRTOS.o
 .ARM.attributes
                0x00000000000001f2       0x34 ./Core/Common/ThirdParty/SEGGER/SEGGER/SEGGER_RTT.o
 .ARM.attributes
                0x0000000000000226       0x20 ./Core/Common/ThirdParty/SEGGER/SEGGER/SEGGER_RTT_ASM_ARMv7M.o
 .ARM.attributes
                0x0000000000000246       0x34 ./Core/Common/ThirdParty/SEGGER/SEGGER/SEGGER_SYSVIEW.o
 .ARM.attributes
                0x000000000000027a       0x34 ./Core/Src/main.o
 .ARM.attributes
                0x00000000000002ae       0x34 ./Core/Src/stm32f4xx_hal_msp.o
 .ARM.attributes
                0x00000000000002e2       0x34 ./Core/Src/stm32f4xx_hal_timebase_tim.o
 .ARM.attributes
                0x0000000000000316       0x34 ./Core/Src/stm32f4xx_it.o
 .ARM.attributes
                0x000000000000034a       0x34 ./Core/Src/system_stm32f4xx.o
 .ARM.attributes
                0x000000000000037e       0x21 ./Core/Startup/startup_stm32f407vgtx.o
 .ARM.attributes
                0x000000000000039f       0x34 ./Drivers/STM32F4xx_HAL_Driver/Src/stm32f4xx_hal.o
 .ARM.attributes
                0x00000000000003d3       0x34 ./Drivers/STM32F4xx_HAL_Driver/Src/stm32f4xx_hal_cortex.o
 .ARM.attributes
                0x0000000000000407       0x34 ./Drivers/STM32F4xx_HAL_Driver/Src/stm32f4xx_hal_gpio.o
 .ARM.attributes
                0x000000000000043b       0x34 ./Drivers/STM32F4xx_HAL_Driver/Src/stm32f4xx_hal_rcc.o
 .ARM.attributes
                0x000000000000046f       0x34 ./Drivers/STM32F4xx_HAL_Driver/Src/stm32f4xx_hal_tim.o
 .ARM.attributes
                0x00000000000004a3       0x34 ./Drivers/STM32F4xx_HAL_Driver/Src/stm32f4xx_hal_tim_ex.o
 .ARM.attributes
                0x00000000000004d7       0x34 /home/naveen/st/stm32cubeide_1.11.2/plugins/com.st.stm32cube.ide.mcu.externaltools.gnu-tools-for-stm32.10.3-2021.10.linux64_1.0.100.202210260954/tools/bin/../lib/gcc/arm-none-eabi/10.3.1/../../../../arm-none-eabi/lib/thumb/v7e-m+fp/hard/libc_nano.a(lib_a-init.o)
 .ARM.attributes
                0x000000000000050b       0x34 /home/naveen/st/stm32cubeide_1.11.2/plugins/com.st.stm32cube.ide.mcu.externaltools.gnu-tools-for-stm32.10.3-2021.10.linux64_1.0.100.202210260954/tools/bin/../lib/gcc/arm-none-eabi/10.3.1/../../../../arm-none-eabi/lib/thumb/v7e-m+fp/hard/libc_nano.a(lib_a-memcmp.o)
 .ARM.attributes
                0x000000000000053f       0x34 /home/naveen/st/stm32cubeide_1.11.2/plugins/com.st.stm32cube.ide.mcu.externaltools.gnu-tools-for-stm32.10.3-2021.10.linux64_1.0.100.202210260954/tools/bin/../lib/gcc/arm-none-eabi/10.3.1/../../../../arm-none-eabi/lib/thumb/v7e-m+fp/hard/libc_nano.a(lib_a-memcpy-stub.o)
 .ARM.attributes
                0x0000000000000573       0x34 /home/naveen/st/stm32cubeide_1.11.2/plugins/com.st.stm32cube.ide.mcu.externaltools.gnu-tools-for-stm32.10.3-2021.10.linux64_1.0.100.202210260954/tools/bin/../lib/gcc/arm-none-eabi/10.3.1/../../../../arm-none-eabi/lib/thumb/v7e-m+fp/hard/libc_nano.a(lib_a-memset.o)
 .ARM.attributes
                0x00000000000005a7       0x1e /home/naveen/st/stm32cubeide_1.11.2/plugins/com.st.stm32cube.ide.mcu.externaltools.gnu-tools-for-stm32.10.3-2021.10.linux64_1.0.100.202210260954/tools/bin/../lib/gcc/arm-none-eabi/10.3.1/thumb/v7e-m+fp/hard/libgcc.a(_aeabi_uldivmod.o)
 .ARM.attributes
                0x00000000000005c5       0x34 /home/naveen/st/stm32cubeide_1.11.2/plugins/com.st.stm32cube.ide.mcu.externaltools.gnu-tools-for-stm32.10.3-2021.10.linux64_1.0.100.202210260954/tools/bin/../lib/gcc/arm-none-eabi/10.3.1/thumb/v7e-m+fp/hard/libgcc.a(_udivmoddi4.o)
 .ARM.attributes
                0x00000000000005f9       0x1e /home/naveen/st/stm32cubeide_1.11.2/plugins/com.st.stm32cube.ide.mcu.externaltools.gnu-tools-for-stm32.10.3-2021.10.linux64_1.0.100.202210260954/tools/bin/../lib/gcc/arm-none-eabi/10.3.1/thumb/v7e-m+fp/hard/libgcc.a(_dvmd_tls.o)
 .ARM.attributes
                0x0000000000000617       0x1e /home/naveen/st/stm32cubeide_1.11.2/plugins/com.st.stm32cube.ide.mcu.externaltools.gnu-tools-for-stm32.10.3-2021.10.linux64_1.0.100.202210260954/tools/bin/../lib/gcc/arm-none-eabi/10.3.1/thumb/v7e-m+fp/hard/crtn.o
OUTPUT(007FreeRTOSSemaphoreExample.elf elf32-littlearm)
LOAD linker stubs
LOAD /home/naveen/st/stm32cubeide_1.11.2/plugins/com.st.stm32cube.ide.mcu.externaltools.gnu-tools-for-stm32.10.3-2021.10.linux64_1.0.100.202210260954/tools/bin/../lib/gcc/arm-none-eabi/10.3.1/../../../../arm-none-eabi/lib/thumb/v7e-m+fp/hard/libc.a
LOAD /home/naveen/st/stm32cubeide_1.11.2/plugins/com.st.stm32cube.ide.mcu.externaltools.gnu-tools-for-stm32.10.3-2021.10.linux64_1.0.100.202210260954/tools/bin/../lib/gcc/arm-none-eabi/10.3.1/../../../../arm-none-eabi/lib/thumb/v7e-m+fp/hard/libm.a
LOAD /home/naveen/st/stm32cubeide_1.11.2/plugins/com.st.stm32cube.ide.mcu.externaltools.gnu-tools-for-stm32.10.3-2021.10.linux64_1.0.100.202210260954/tools/bin/../lib/gcc/arm-none-eabi/10.3.1/thumb/v7e-m+fp/hard/libgcc.a

.debug_info     0x0000000000000000    0x1429d
 .debug_info    0x0000000000000000      0x2d1 ./Core/Common/ThirdParty/FreeRTOS/list.o
 .debug_info    0x00000000000002d1     0x1988 ./Core/Common/ThirdParty/FreeRTOS/queue.o
 .debug_info    0x0000000000001c59     0x23e7 ./Core/Common/ThirdParty/FreeRTOS/tasks.o
 .debug_info    0x0000000000004040      0xedd ./Core/Common/ThirdParty/FreeRTOS/timers.o
 .debug_info    0x0000000000004f1d      0x5ca ./Core/Common/ThirdParty/FreeRTOS/portable/GCC/ARM_CM4F/port.o
 .debug_info    0x00000000000054e7      0x50d ./Core/Common/ThirdParty/FreeRTOS/portable/MemMang/heap_4.o
 .debug_info    0x00000000000059f4      0x181 ./Core/Common/ThirdParty/SEGGER/Config/SEGGER_SYSVIEW_Config_FreeRTOS.o
 .debug_info    0x0000000000005b75      0x43d ./Core/Common/ThirdParty/SEGGER/OS/SEGGER_SYSVIEW_FreeRTOS.o
 .debug_info    0x0000000000005fb2     0x14ff ./Core/Common/ThirdParty/SEGGER/SEGGER/SEGGER_RTT.o
 .debug_info    0x00000000000074b1       0x26 ./Core/Common/ThirdParty/SEGGER/SEGGER/SEGGER_RTT_ASM_ARMv7M.o
 .debug_info    0x00000000000074d7     0x380a ./Core/Common/ThirdParty/SEGGER/SEGGER/SEGGER_SYSVIEW.o
 .debug_info    0x000000000000ace1     0x1065 ./Core/Src/main.o
 .debug_info    0x000000000000bd46      0x2ca ./Core/Src/stm32f4xx_hal_msp.o
 .debug_info    0x000000000000c010      0xc4b ./Core/Src/stm32f4xx_hal_timebase_tim.o
 .debug_info    0x000000000000cc5b      0x6f8 ./Core/Src/stm32f4xx_it.o
 .debug_info    0x000000000000d353      0x523 ./Core/Src/system_stm32f4xx.o
 .debug_info    0x000000000000d876       0x22 ./Core/Startup/startup_stm32f407vgtx.o
 .debug_info    0x000000000000d898      0x97c ./Drivers/STM32F4xx_HAL_Driver/Src/stm32f4xx_hal.o
 .debug_info    0x000000000000e214      0xe1b ./Drivers/STM32F4xx_HAL_Driver/Src/stm32f4xx_hal_cortex.o
 .debug_info    0x000000000000f02f      0x76a ./Drivers/STM32F4xx_HAL_Driver/Src/stm32f4xx_hal_gpio.o
 .debug_info    0x000000000000f799      0x966 ./Drivers/STM32F4xx_HAL_Driver/Src/stm32f4xx_hal_rcc.o
 .debug_info    0x00000000000100ff     0x2bbe ./Drivers/STM32F4xx_HAL_Driver/Src/stm32f4xx_hal_tim.o
 .debug_info    0x0000000000012cbd     0x15e0 ./Drivers/STM32F4xx_HAL_Driver/Src/stm32f4xx_hal_tim_ex.o

.debug_abbrev   0x0000000000000000     0x2e14
 .debug_abbrev  0x0000000000000000       0xf2 ./Core/Common/ThirdParty/FreeRTOS/list.o
 .debug_abbrev  0x00000000000000f2      0x312 ./Core/Common/ThirdParty/FreeRTOS/queue.o
 .debug_abbrev  0x0000000000000404      0x39f ./Core/Common/ThirdParty/FreeRTOS/tasks.o
 .debug_abbrev  0x00000000000007a3      0x2d8 ./Core/Common/ThirdParty/FreeRTOS/timers.o
 .debug_abbrev  0x0000000000000a7b      0x259 ./Core/Common/ThirdParty/FreeRTOS/portable/GCC/ARM_CM4F/port.o
 .debug_abbrev  0x0000000000000cd4      0x212 ./Core/Common/ThirdParty/FreeRTOS/portable/MemMang/heap_4.o
 .debug_abbrev  0x0000000000000ee6       0xdd ./Core/Common/ThirdParty/SEGGER/Config/SEGGER_SYSVIEW_Config_FreeRTOS.o
 .debug_abbrev  0x0000000000000fc3      0x19e ./Core/Common/ThirdParty/SEGGER/OS/SEGGER_SYSVIEW_FreeRTOS.o
 .debug_abbrev  0x0000000000001161      0x24e ./Core/Common/ThirdParty/SEGGER/SEGGER/SEGGER_RTT.o
 .debug_abbrev  0x00000000000013af       0x14 ./Core/Common/ThirdParty/SEGGER/SEGGER/SEGGER_RTT_ASM_ARMv7M.o
 .debug_abbrev  0x00000000000013c3      0x326 ./Core/Common/ThirdParty/SEGGER/SEGGER/SEGGER_SYSVIEW.o
 .debug_abbrev  0x00000000000016e9      0x356 ./Core/Src/main.o
 .debug_abbrev  0x0000000000001a3f      0x103 ./Core/Src/stm32f4xx_hal_msp.o
 .debug_abbrev  0x0000000000001b42      0x1e6 ./Core/Src/stm32f4xx_hal_timebase_tim.o
 .debug_abbrev  0x0000000000001d28      0x171 ./Core/Src/stm32f4xx_it.o
 .debug_abbrev  0x0000000000001e99      0x116 ./Core/Src/system_stm32f4xx.o
 .debug_abbrev  0x0000000000001faf       0x12 ./Core/Startup/startup_stm32f407vgtx.o
 .debug_abbrev  0x0000000000001fc1      0x20d ./Drivers/STM32F4xx_HAL_Driver/Src/stm32f4xx_hal.o
 .debug_abbrev  0x00000000000021ce      0x316 ./Drivers/STM32F4xx_HAL_Driver/Src/stm32f4xx_hal_cortex.o
 .debug_abbrev  0x00000000000024e4      0x1c4 ./Drivers/STM32F4xx_HAL_Driver/Src/stm32f4xx_hal_gpio.o
 .debug_abbrev  0x00000000000026a8      0x2aa ./Drivers/STM32F4xx_HAL_Driver/Src/stm32f4xx_hal_rcc.o
 .debug_abbrev  0x0000000000002952      0x25d ./Drivers/STM32F4xx_HAL_Driver/Src/stm32f4xx_hal_tim.o
 .debug_abbrev  0x0000000000002baf      0x265 ./Drivers/STM32F4xx_HAL_Driver/Src/stm32f4xx_hal_tim_ex.o

.debug_aranges  0x0000000000000000     0x12f8
 .debug_aranges
                0x0000000000000000       0x40 ./Core/Common/ThirdParty/FreeRTOS/list.o
 .debug_aranges
                0x0000000000000040      0x130 ./Core/Common/ThirdParty/FreeRTOS/queue.o
 .debug_aranges
                0x0000000000000170      0x208 ./Core/Common/ThirdParty/FreeRTOS/tasks.o
 .debug_aranges
                0x0000000000000378       0xd8 ./Core/Common/ThirdParty/FreeRTOS/timers.o
 .debug_aranges
                0x0000000000000450       0x88 ./Core/Common/ThirdParty/FreeRTOS/portable/GCC/ARM_CM4F/port.o
 .debug_aranges
                0x00000000000004d8       0x58 ./Core/Common/ThirdParty/FreeRTOS/portable/MemMang/heap_4.o
 .debug_aranges
                0x0000000000000530       0x28 ./Core/Common/ThirdParty/SEGGER/Config/SEGGER_SYSVIEW_Config_FreeRTOS.o
 .debug_aranges
                0x0000000000000558       0x48 ./Core/Common/ThirdParty/SEGGER/OS/SEGGER_SYSVIEW_FreeRTOS.o
 .debug_aranges
                0x00000000000005a0      0x138 ./Core/Common/ThirdParty/SEGGER/SEGGER/SEGGER_RTT.o
 .debug_aranges
                0x00000000000006d8       0x20 ./Core/Common/ThirdParty/SEGGER/SEGGER/SEGGER_RTT_ASM_ARMv7M.o
 .debug_aranges
                0x00000000000006f8      0x280 ./Core/Common/ThirdParty/SEGGER/SEGGER/SEGGER_SYSVIEW.o
 .debug_aranges
                0x0000000000000978       0x70 ./Core/Src/main.o
 .debug_aranges
                0x00000000000009e8       0x20 ./Core/Src/stm32f4xx_hal_msp.o
 .debug_aranges
                0x0000000000000a08       0x30 ./Core/Src/stm32f4xx_hal_timebase_tim.o
 .debug_aranges
                0x0000000000000a38       0x50 ./Core/Src/stm32f4xx_it.o
 .debug_aranges
                0x0000000000000a88       0x28 ./Core/Src/system_stm32f4xx.o
 .debug_aranges
                0x0000000000000ab0       0x28 ./Core/Startup/startup_stm32f407vgtx.o
 .debug_aranges
                0x0000000000000ad8       0xf0 ./Drivers/STM32F4xx_HAL_Driver/Src/stm32f4xx_hal.o
 .debug_aranges
                0x0000000000000bc8      0x118 ./Drivers/STM32F4xx_HAL_Driver/Src/stm32f4xx_hal_cortex.o
 .debug_aranges
                0x0000000000000ce0       0x58 ./Drivers/STM32F4xx_HAL_Driver/Src/stm32f4xx_hal_gpio.o
 .debug_aranges
                0x0000000000000d38       0x88 ./Drivers/STM32F4xx_HAL_Driver/Src/stm32f4xx_hal_rcc.o
 .debug_aranges
                0x0000000000000dc0      0x3d0 ./Drivers/STM32F4xx_HAL_Driver/Src/stm32f4xx_hal_tim.o
 .debug_aranges
                0x0000000000001190      0x168 ./Drivers/STM32F4xx_HAL_Driver/Src/stm32f4xx_hal_tim_ex.o

.debug_ranges   0x0000000000000000     0x1180
 .debug_ranges  0x0000000000000000       0x30 ./Core/Common/ThirdParty/FreeRTOS/list.o
 .debug_ranges  0x0000000000000030      0x120 ./Core/Common/ThirdParty/FreeRTOS/queue.o
 .debug_ranges  0x0000000000000150      0x1f8 ./Core/Common/ThirdParty/FreeRTOS/tasks.o
 .debug_ranges  0x0000000000000348       0xc8 ./Core/Common/ThirdParty/FreeRTOS/timers.o
 .debug_ranges  0x0000000000000410       0x78 ./Core/Common/ThirdParty/FreeRTOS/portable/GCC/ARM_CM4F/port.o
 .debug_ranges  0x0000000000000488       0x48 ./Core/Common/ThirdParty/FreeRTOS/portable/MemMang/heap_4.o
 .debug_ranges  0x00000000000004d0       0x18 ./Core/Common/ThirdParty/SEGGER/Config/SEGGER_SYSVIEW_Config_FreeRTOS.o
 .debug_ranges  0x00000000000004e8       0x38 ./Core/Common/ThirdParty/SEGGER/OS/SEGGER_SYSVIEW_FreeRTOS.o
 .debug_ranges  0x0000000000000520      0x128 ./Core/Common/ThirdParty/SEGGER/SEGGER/SEGGER_RTT.o
 .debug_ranges  0x0000000000000648      0x270 ./Core/Common/ThirdParty/SEGGER/SEGGER/SEGGER_SYSVIEW.o
 .debug_ranges  0x00000000000008b8       0x60 ./Core/Src/main.o
 .debug_ranges  0x0000000000000918       0x10 ./Core/Src/stm32f4xx_hal_msp.o
 .debug_ranges  0x0000000000000928       0x20 ./Core/Src/stm32f4xx_hal_timebase_tim.o
 .debug_ranges  0x0000000000000948       0x40 ./Core/Src/stm32f4xx_it.o
 .debug_ranges  0x0000000000000988       0x18 ./Core/Src/system_stm32f4xx.o
 .debug_ranges  0x00000000000009a0       0x20 ./Core/Startup/startup_stm32f407vgtx.o
 .debug_ranges  0x00000000000009c0       0xe0 ./Drivers/STM32F4xx_HAL_Driver/Src/stm32f4xx_hal.o
 .debug_ranges  0x0000000000000aa0      0x108 ./Drivers/STM32F4xx_HAL_Driver/Src/stm32f4xx_hal_cortex.o
 .debug_ranges  0x0000000000000ba8       0x48 ./Drivers/STM32F4xx_HAL_Driver/Src/stm32f4xx_hal_gpio.o
 .debug_ranges  0x0000000000000bf0       0x78 ./Drivers/STM32F4xx_HAL_Driver/Src/stm32f4xx_hal_rcc.o
 .debug_ranges  0x0000000000000c68      0x3c0 ./Drivers/STM32F4xx_HAL_Driver/Src/stm32f4xx_hal_tim.o
 .debug_ranges  0x0000000000001028      0x158 ./Drivers/STM32F4xx_HAL_Driver/Src/stm32f4xx_hal_tim_ex.o

.debug_macro    0x0000000000000000    0x20c3b
 .debug_macro   0x0000000000000000      0x1f5 ./Core/Common/ThirdParty/FreeRTOS/list.o
 .debug_macro   0x00000000000001f5      0x27e ./Core/Common/ThirdParty/FreeRTOS/queue.o
 .debug_macro   0x0000000000000473       0x16 ./Core/Common/ThirdParty/FreeRTOS/queue.o
 .debug_macro   0x0000000000000489       0x35 ./Core/Common/ThirdParty/FreeRTOS/queue.o
 .debug_macro   0x00000000000004be       0x20 ./Core/Common/ThirdParty/FreeRTOS/queue.o
 .debug_macro   0x00000000000004de       0x80 ./Core/Common/ThirdParty/FreeRTOS/queue.o
 .debug_macro   0x000000000000055e      0x2e2 ./Core/Common/ThirdParty/FreeRTOS/tasks.o
 .debug_macro   0x0000000000000840       0x10 ./Core/Common/ThirdParty/FreeRTOS/tasks.o
 .debug_macro   0x0000000000000850      0x23e ./Core/Common/ThirdParty/FreeRTOS/timers.o
 .debug_macro   0x0000000000000a8e       0x97 ./Core/Common/ThirdParty/FreeRTOS/timers.o
 .debug_macro   0x0000000000000b25      0x1f8 ./Core/Common/ThirdParty/FreeRTOS/portable/GCC/ARM_CM4F/port.o
 .debug_macro   0x0000000000000d1d      0x210 ./Core/Common/ThirdParty/FreeRTOS/portable/MemMang/heap_4.o
 .debug_macro   0x0000000000000f2d      0x138 ./Core/Common/ThirdParty/SEGGER/Config/SEGGER_SYSVIEW_Config_FreeRTOS.o
 .debug_macro   0x0000000000001065      0x204 ./Core/Common/ThirdParty/SEGGER/OS/SEGGER_SYSVIEW_FreeRTOS.o
 .debug_macro   0x0000000000001269      0x1bd ./Core/Common/ThirdParty/SEGGER/SEGGER/SEGGER_RTT.o
 .debug_macro   0x0000000000001426       0x34 ./Core/Common/ThirdParty/SEGGER/SEGGER/SEGGER_RTT.o
 .debug_macro   0x000000000000145a      0x138 ./Core/Common/ThirdParty/SEGGER/SEGGER/SEGGER_RTT.o
 .debug_macro   0x0000000000001592      0x213 ./Core/Common/ThirdParty/SEGGER/SEGGER/SEGGER_SYSVIEW.o
 .debug_macro   0x00000000000017a5      0x204 ./Core/Common/ThirdParty/SEGGER/SEGGER/SEGGER_SYSVIEW.o
 .debug_macro   0x00000000000019a9      0x16e ./Core/Common/ThirdParty/SEGGER/SEGGER/SEGGER_SYSVIEW.o
 .debug_macro   0x0000000000001b17      0x2f5 ./Core/Src/main.o
 .debug_macro   0x0000000000001e0c      0x295 ./Core/Src/main.o
 .debug_macro   0x00000000000020a1       0x2e ./Core/Src/main.o
 .debug_macro   0x00000000000020cf       0x2f ./Core/Src/main.o
 .debug_macro   0x00000000000020fe       0x1c ./Core/Src/main.o
 .debug_macro   0x000000000000211a       0x22 ./Core/Src/main.o
 .debug_macro   0x000000000000213c       0xd9 ./Core/Src/main.o
 .debug_macro   0x0000000000002215     0x102d ./Core/Src/main.o
 .debug_macro   0x0000000000003242      0x11f ./Core/Src/main.o
 .debug_macro   0x0000000000003361    0x15e82 ./Core/Src/main.o
 .debug_macro   0x00000000000191e3       0x6d ./Core/Src/main.o
 .debug_macro   0x0000000000019250     0x367e ./Core/Src/main.o
 .debug_macro   0x000000000001c8ce       0x5c ./Core/Src/main.o
 .debug_macro   0x000000000001c92a      0x96b ./Core/Src/main.o
 .debug_macro   0x000000000001d295      0x9fe ./Core/Src/main.o
 .debug_macro   0x000000000001dc93      0x115 ./Core/Src/main.o
 .debug_macro   0x000000000001dda8      0x13e ./Core/Src/main.o
 .debug_macro   0x000000000001dee6       0xa5 ./Core/Src/main.o
 .debug_macro   0x000000000001df8b      0x174 ./Core/Src/main.o
 .debug_macro   0x000000000001e0ff      0x287 ./Core/Src/main.o
 .debug_macro   0x000000000001e386       0x5f ./Core/Src/main.o
 .debug_macro   0x000000000001e3e5      0x236 ./Core/Src/main.o
 .debug_macro   0x000000000001e61b      0x12c ./Core/Src/main.o
 .debug_macro   0x000000000001e747      0x21e ./Core/Src/main.o
 .debug_macro   0x000000000001e965       0x2e ./Core/Src/main.o
 .debug_macro   0x000000000001e993      0x11a ./Core/Src/main.o
 .debug_macro   0x000000000001eaad       0x7e ./Core/Src/main.o
 .debug_macro   0x000000000001eb2b       0x89 ./Core/Src/main.o
 .debug_macro   0x000000000001ebb4      0x8e6 ./Core/Src/main.o
 .debug_macro   0x000000000001f49a       0x47 ./Core/Src/main.o
 .debug_macro   0x000000000001f4e1      0x12d ./Core/Src/main.o
 .debug_macro   0x000000000001f60e      0x190 ./Core/Src/main.o
 .debug_macro   0x000000000001f79e      0x112 ./Core/Src/main.o
 .debug_macro   0x000000000001f8b0       0x7e ./Core/Src/main.o
 .debug_macro   0x000000000001f92e      0x285 ./Core/Src/stm32f4xx_hal_msp.o
 .debug_macro   0x000000000001fbb3      0x1c4 ./Core/Src/stm32f4xx_hal_timebase_tim.o
 .debug_macro   0x000000000001fd77      0x1dd ./Core/Src/stm32f4xx_it.o
 .debug_macro   0x000000000001ff54      0x1c4 ./Core/Src/system_stm32f4xx.o
 .debug_macro   0x0000000000020118      0x224 ./Drivers/STM32F4xx_HAL_Driver/Src/stm32f4xx_hal.o
 .debug_macro   0x000000000002033c      0x1c4 ./Drivers/STM32F4xx_HAL_Driver/Src/stm32f4xx_hal_cortex.o
 .debug_macro   0x0000000000020500      0x1ca ./Drivers/STM32F4xx_HAL_Driver/Src/stm32f4xx_hal_gpio.o
 .debug_macro   0x00000000000206ca      0x1e8 ./Drivers/STM32F4xx_HAL_Driver/Src/stm32f4xx_hal_rcc.o
 .debug_macro   0x00000000000208b2      0x1c5 ./Drivers/STM32F4xx_HAL_Driver/Src/stm32f4xx_hal_tim.o
 .debug_macro   0x0000000000020a77      0x1c4 ./Drivers/STM32F4xx_HAL_Driver/Src/stm32f4xx_hal_tim_ex.o

.debug_line     0x0000000000000000    0x14f5b
 .debug_line    0x0000000000000000      0x93e ./Core/Common/ThirdParty/FreeRTOS/list.o
 .debug_line    0x000000000000093e     0x1817 ./Core/Common/ThirdParty/FreeRTOS/queue.o
 .debug_line    0x0000000000002155     0x1f63 ./Core/Common/ThirdParty/FreeRTOS/tasks.o
 .debug_line    0x00000000000040b8      0xe9d ./Core/Common/ThirdParty/FreeRTOS/timers.o
 .debug_line    0x0000000000004f55      0xa51 ./Core/Common/ThirdParty/FreeRTOS/portable/GCC/ARM_CM4F/port.o
 .debug_line    0x00000000000059a6      0xb89 ./Core/Common/ThirdParty/FreeRTOS/portable/MemMang/heap_4.o
 .debug_line    0x000000000000652f      0x6be ./Core/Common/ThirdParty/SEGGER/Config/SEGGER_SYSVIEW_Config_FreeRTOS.o
 .debug_line    0x0000000000006bed      0x9b3 ./Core/Common/ThirdParty/SEGGER/OS/SEGGER_SYSVIEW_FreeRTOS.o
 .debug_line    0x00000000000075a0      0xee5 ./Core/Common/ThirdParty/SEGGER/SEGGER/SEGGER_RTT.o
 .debug_line    0x0000000000008485       0xe0 ./Core/Common/ThirdParty/SEGGER/SEGGER/SEGGER_RTT_ASM_ARMv7M.o
 .debug_line    0x0000000000008565     0x1fbd ./Core/Common/ThirdParty/SEGGER/SEGGER/SEGGER_SYSVIEW.o
 .debug_line    0x000000000000a522      0xc95 ./Core/Src/main.o
 .debug_line    0x000000000000b1b7      0x9a4 ./Core/Src/stm32f4xx_hal_msp.o
 .debug_line    0x000000000000bb5b      0x721 ./Core/Src/stm32f4xx_hal_timebase_tim.o
 .debug_line    0x000000000000c27c      0x744 ./Core/Src/stm32f4xx_it.o
 .debug_line    0x000000000000c9c0      0x729 ./Core/Src/system_stm32f4xx.o
 .debug_line    0x000000000000d0e9       0x88 ./Core/Startup/startup_stm32f407vgtx.o
 .debug_line    0x000000000000d171      0x98f ./Drivers/STM32F4xx_HAL_Driver/Src/stm32f4xx_hal.o
 .debug_line    0x000000000000db00      0xc3e ./Drivers/STM32F4xx_HAL_Driver/Src/stm32f4xx_hal_cortex.o
 .debug_line    0x000000000000e73e      0xb03 ./Drivers/STM32F4xx_HAL_Driver/Src/stm32f4xx_hal_gpio.o
 .debug_line    0x000000000000f241      0xd0b ./Drivers/STM32F4xx_HAL_Driver/Src/stm32f4xx_hal_rcc.o
 .debug_line    0x000000000000ff4c     0x3683 ./Drivers/STM32F4xx_HAL_Driver/Src/stm32f4xx_hal_tim.o
 .debug_line    0x00000000000135cf     0x198c ./Drivers/STM32F4xx_HAL_Driver/Src/stm32f4xx_hal_tim_ex.o

.debug_str      0x0000000000000000    0xd72ea
 .debug_str     0x0000000000000000     0xe5dd ./Core/Common/ThirdParty/FreeRTOS/list.o
                                       0xe830 (size before relaxing)
 .debug_str     0x000000000000e5dd     0x2548 ./Core/Common/ThirdParty/FreeRTOS/queue.o
                                      0x10d3d (size before relaxing)
 .debug_str     0x0000000000010b25     0x1d56 ./Core/Common/ThirdParty/FreeRTOS/tasks.o
                                      0x11baa (size before relaxing)
 .debug_str     0x000000000001287b      0x547 ./Core/Common/ThirdParty/FreeRTOS/timers.o
                                      0x1104f (size before relaxing)
 .debug_str     0x0000000000012dc2      0x82e ./Core/Common/ThirdParty/FreeRTOS/portable/GCC/ARM_CM4F/port.o
                                       0xd393 (size before relaxing)
 .debug_str     0x00000000000135f0      0x350 ./Core/Common/ThirdParty/FreeRTOS/portable/MemMang/heap_4.o
                                       0xfcf9 (size before relaxing)
 .debug_str     0x0000000000013940      0x221 ./Core/Common/ThirdParty/SEGGER/Config/SEGGER_SYSVIEW_Config_FreeRTOS.o
                                       0xb228 (size before relaxing)
 .debug_str     0x0000000000013b61      0x136 ./Core/Common/ThirdParty/SEGGER/OS/SEGGER_SYSVIEW_FreeRTOS.o
                                       0xfa71 (size before relaxing)
 .debug_str     0x0000000000013c97     0x1094 ./Core/Common/ThirdParty/SEGGER/SEGGER/SEGGER_RTT.o
                                       0x77ea (size before relaxing)
 .debug_str     0x0000000000014d2b       0x82 ./Core/Common/ThirdParty/SEGGER/SEGGER/SEGGER_RTT_ASM_ARMv7M.o
                                         0xe0 (size before relaxing)
 .debug_str     0x0000000000014dad      0xd90 ./Core/Common/ThirdParty/SEGGER/SEGGER/SEGGER_SYSVIEW.o
                                       0x97fa (size before relaxing)
 .debug_str     0x0000000000015b3d    0xbf02a ./Core/Src/main.o
                                      0xcc3ea (size before relaxing)
 .debug_str     0x00000000000d4b67       0x49 ./Core/Src/stm32f4xx_hal_msp.o
                                      0xc916c (size before relaxing)
 .debug_str     0x00000000000d4bb0      0x60a ./Core/Src/stm32f4xx_hal_timebase_tim.o
                                      0xc25a1 (size before relaxing)
 .debug_str     0x00000000000d51ba       0xb9 ./Core/Src/stm32f4xx_it.o
                                      0xc2510 (size before relaxing)
 .debug_str     0x00000000000d5273       0xcb ./Core/Src/system_stm32f4xx.o
                                      0xc1aaa (size before relaxing)
 .debug_str     0x00000000000d533e       0x28 ./Core/Startup/startup_stm32f407vgtx.o
                                         0x94 (size before relaxing)
 .debug_str     0x00000000000d5366      0x5b6 ./Drivers/STM32F4xx_HAL_Driver/Src/stm32f4xx_hal.o
                                      0xc262e (size before relaxing)
 .debug_str     0x00000000000d591c      0x33a ./Drivers/STM32F4xx_HAL_Driver/Src/stm32f4xx_hal_cortex.o
                                      0xc2361 (size before relaxing)
 .debug_str     0x00000000000d5c56      0x131 ./Drivers/STM32F4xx_HAL_Driver/Src/stm32f4xx_hal_gpio.o
                                      0xc1c25 (size before relaxing)
 .debug_str     0x00000000000d5d87      0x1fd ./Drivers/STM32F4xx_HAL_Driver/Src/stm32f4xx_hal_rcc.o
                                      0xc1ede (size before relaxing)
 .debug_str     0x00000000000d5f84      0xe63 ./Drivers/STM32F4xx_HAL_Driver/Src/stm32f4xx_hal_tim.o
                                      0xc2e24 (size before relaxing)
 .debug_str     0x00000000000d6de7      0x503 ./Drivers/STM32F4xx_HAL_Driver/Src/stm32f4xx_hal_tim_ex.o
                                      0xc2640 (size before relaxing)

.comment        0x0000000000000000       0x50
 .comment       0x0000000000000000       0x50 ./Core/Common/ThirdParty/FreeRTOS/list.o
                                         0x51 (size before relaxing)
 .comment       0x0000000000000050       0x51 ./Core/Common/ThirdParty/FreeRTOS/queue.o
 .comment       0x0000000000000050       0x51 ./Core/Common/ThirdParty/FreeRTOS/tasks.o
 .comment       0x0000000000000050       0x51 ./Core/Common/ThirdParty/FreeRTOS/timers.o
 .comment       0x0000000000000050       0x51 ./Core/Common/ThirdParty/FreeRTOS/portable/GCC/ARM_CM4F/port.o
 .comment       0x0000000000000050       0x51 ./Core/Common/ThirdParty/FreeRTOS/portable/MemMang/heap_4.o
 .comment       0x0000000000000050       0x51 ./Core/Common/ThirdParty/SEGGER/Config/SEGGER_SYSVIEW_Config_FreeRTOS.o
 .comment       0x0000000000000050       0x51 ./Core/Common/ThirdParty/SEGGER/OS/SEGGER_SYSVIEW_FreeRTOS.o
 .comment       0x0000000000000050       0x51 ./Core/Common/ThirdParty/SEGGER/SEGGER/SEGGER_RTT.o
 .comment       0x0000000000000050       0x51 ./Core/Common/ThirdParty/SEGGER/SEGGER/SEGGER_SYSVIEW.o
 .comment       0x0000000000000050       0x51 ./Core/Src/main.o
 .comment       0x0000000000000050       0x51 ./Core/Src/stm32f4xx_hal_msp.o
 .comment       0x0000000000000050       0x51 ./Core/Src/stm32f4xx_hal_timebase_tim.o
 .comment       0x0000000000000050       0x51 ./Core/Src/stm32f4xx_it.o
 .comment       0x0000000000000050       0x51 ./Core/Src/system_stm32f4xx.o
 .comment       0x0000000000000050       0x51 ./Drivers/STM32F4xx_HAL_Driver/Src/stm32f4xx_hal.o
 .comment       0x0000000000000050       0x51 ./Drivers/STM32F4xx_HAL_Driver/Src/stm32f4xx_hal_cortex.o
 .comment       0x0000000000000050       0x51 ./Drivers/STM32F4xx_HAL_Driver/Src/stm32f4xx_hal_gpio.o
 .comment       0x0000000000000050       0x51 ./Drivers/STM32F4xx_HAL_Driver/Src/stm32f4xx_hal_rcc.o
 .comment       0x0000000000000050       0x51 ./Drivers/STM32F4xx_HAL_Driver/Src/stm32f4xx_hal_tim.o
 .comment       0x0000000000000050       0x51 ./Drivers/STM32F4xx_HAL_Driver/Src/stm32f4xx_hal_tim_ex.o

.debug_frame    0x0000000000000000     0x4f58
 .debug_frame   0x0000000000000000       0xd8 ./Core/Common/ThirdParty/FreeRTOS/list.o
 .debug_frame   0x00000000000000d8      0x544 ./Core/Common/ThirdParty/FreeRTOS/queue.o
 .debug_frame   0x000000000000061c      0x8fc ./Core/Common/ThirdParty/FreeRTOS/tasks.o
 .debug_frame   0x0000000000000f18      0x38c ./Core/Common/ThirdParty/FreeRTOS/timers.o
 .debug_frame   0x00000000000012a4      0x1d0 ./Core/Common/ThirdParty/FreeRTOS/portable/GCC/ARM_CM4F/port.o
 .debug_frame   0x0000000000001474      0x12c ./Core/Common/ThirdParty/FreeRTOS/portable/MemMang/heap_4.o
 .debug_frame   0x00000000000015a0       0x48 ./Core/Common/ThirdParty/SEGGER/Config/SEGGER_SYSVIEW_Config_FreeRTOS.o
 .debug_frame   0x00000000000015e8      0x104 ./Core/Common/ThirdParty/SEGGER/OS/SEGGER_SYSVIEW_FreeRTOS.o
 .debug_frame   0x00000000000016ec      0x530 ./Core/Common/ThirdParty/SEGGER/SEGGER/SEGGER_RTT.o
 .debug_frame   0x0000000000001c1c      0xbc4 ./Core/Common/ThirdParty/SEGGER/SEGGER/SEGGER_SYSVIEW.o
 .debug_frame   0x00000000000027e0      0x170 ./Core/Src/main.o
 .debug_frame   0x0000000000002950       0x34 ./Core/Src/stm32f4xx_hal_msp.o
 .debug_frame   0x0000000000002984       0x74 ./Core/Src/stm32f4xx_hal_timebase_tim.o
 .debug_frame   0x00000000000029f8       0xc4 ./Core/Src/stm32f4xx_it.o
 .debug_frame   0x0000000000002abc       0x58 ./Core/Src/system_stm32f4xx.o
 .debug_frame   0x0000000000002b14      0x374 ./Drivers/STM32F4xx_HAL_Driver/Src/stm32f4xx_hal.o
 .debug_frame   0x0000000000002e88      0x498 ./Drivers/STM32F4xx_HAL_Driver/Src/stm32f4xx_hal_cortex.o
 .debug_frame   0x0000000000003320      0x14c ./Drivers/STM32F4xx_HAL_Driver/Src/stm32f4xx_hal_gpio.o
 .debug_frame   0x000000000000346c      0x1f4 ./Drivers/STM32F4xx_HAL_Driver/Src/stm32f4xx_hal_rcc.o
 .debug_frame   0x0000000000003660     0x11c4 ./Drivers/STM32F4xx_HAL_Driver/Src/stm32f4xx_hal_tim.o
 .debug_frame   0x0000000000004824      0x638 ./Drivers/STM32F4xx_HAL_Driver/Src/stm32f4xx_hal_tim_ex.o
 .debug_frame   0x0000000000004e5c       0x2c /home/naveen/st/stm32cubeide_1.11.2/plugins/com.st.stm32cube.ide.mcu.externaltools.gnu-tools-for-stm32.10.3-2021.10.linux64_1.0.100.202210260954/tools/bin/../lib/gcc/arm-none-eabi/10.3.1/../../../../arm-none-eabi/lib/thumb/v7e-m+fp/hard/libc_nano.a(lib_a-init.o)
 .debug_frame   0x0000000000004e88       0x28 /home/naveen/st/stm32cubeide_1.11.2/plugins/com.st.stm32cube.ide.mcu.externaltools.gnu-tools-for-stm32.10.3-2021.10.linux64_1.0.100.202210260954/tools/bin/../lib/gcc/arm-none-eabi/10.3.1/../../../../arm-none-eabi/lib/thumb/v7e-m+fp/hard/libc_nano.a(lib_a-memcmp.o)
 .debug_frame   0x0000000000004eb0       0x28 /home/naveen/st/stm32cubeide_1.11.2/plugins/com.st.stm32cube.ide.mcu.externaltools.gnu-tools-for-stm32.10.3-2021.10.linux64_1.0.100.202210260954/tools/bin/../lib/gcc/arm-none-eabi/10.3.1/../../../../arm-none-eabi/lib/thumb/v7e-m+fp/hard/libc_nano.a(lib_a-memcpy-stub.o)