../Core/Src/main.c:85:5:main	32	static,ignoring_inline_asm
../Core/Src/main.c:145:6:SystemClock_Config	88	static
../Core/Src/main.c:192:13:MX_GPIO_Init	56	static
../Core/Src/main.c:327:13:task_green_led	16	static
../Core/Src/main.c:344:13:task_blue_led	16	static
../Core/Src/main.c:362:13:toggle_green_led	8	static
../Core/Src/main.c:372:13:blink_blue_led	16	static
../Core/Src/main.c:387:13:turn_on_red_led	8	static
../Core/Src/main.c:392:13:turn_off_red_led	8	static
../Core/Src/main.c:406:6:HAL_TIM_PeriodElapsedCallback	16	static
../Core/Src/main.c:423:6:Error_Handler	4	static,ignoring_inline_asm
