../Core/Src/main.c:85:5:main	32	static,ignoring_inline_asm
../Core/Src/main.c:145:6:SystemClock_Config	88	static
../Core/Src/main.c:192:13:MX_GPIO_Init	56	static
../Core/Src/main.c:327:13:task_green_led	16	static
../Core/Src/main.c:344:13:task_blue_led	16	static
../Core/Src/main.c:360:13:toggle_green_led	8	static
../Core/Src/main.c:368:13:blink_blue_led	16	static
../Core/Src/main.c:381:13:turn_on_red_led	8	static
../Core/Src/main.c:386:13:turn_off_red_led	8	static
../Core/Src/main.c:400:6:HAL_TIM_PeriodElapsedCallback	16	static
../Core/Src/main.c:417:6:Error_Handler	4	static,ignoring_inline_asm
