../Src/calculator_matrix_keypad_lcd_interrupt.c:55:5:main	8	static
../Src/calculator_matrix_keypad_lcd_interrupt.c:152:5:calculation	48	static
../Src/calculator_matrix_keypad_lcd_interrupt.c:205:6:EXTI0_IRQHandler	24	static
../Src/calculator_matrix_keypad_lcd_interrupt.c:244:6:EXTI1_IRQHandler	24	static
../Src/calculator_matrix_keypad_lcd_interrupt.c:283:6:EXTI2_IRQHandler	24	static
../Src/calculator_matrix_keypad_lcd_interrupt.c:321:6:EXTI3_IRQHandler	24	static
../Src/calculator_matrix_keypad_lcd_interrupt.c:360:13:process_key_press	16	static
