../Src/combined_calculator_clock_temp_interrupt.c:70:5:main	8	static
../Src/combined_calculator_clock_temp_interrupt.c:125:5:calculation	48	static
../Src/combined_calculator_clock_temp_interrupt.c:178:6:EXTI0_IRQHandler	24	static
../Src/combined_calculator_clock_temp_interrupt.c:221:6:EXTI1_IRQHandler	24	static
../Src/combined_calculator_clock_temp_interrupt.c:264:6:EXTI2_IRQHandler	24	static
../Src/combined_calculator_clock_temp_interrupt.c:306:6:EXTI3_IRQHandler	24	static
../Src/combined_calculator_clock_temp_interrupt.c:349:13:process_key_press	16	static
../Src/combined_calculator_clock_temp_interrupt.c:465:13:disable_interrupts	4	static,ignoring_inline_asm
../Src/combined_calculator_clock_temp_interrupt.c:472:13:enable_interrupts	4	static,ignoring_inline_asm
../Src/combined_calculator_clock_temp_interrupt.c:479:13:configure_ds3231_rtc_module	48	static
../Src/combined_calculator_clock_temp_interrupt.c:537:6:EXTI15_10_IRQHandler	16	static
../Src/combined_calculator_clock_temp_interrupt.c:560:13:configure_timer5	8	static
../Src/combined_calculator_clock_temp_interrupt.c:575:6:TIM5_IRQHandler	16	static
