../Src/nRF24L01_Rx.c:267:5:main	64	static
../Src/nRF24L01_Rx.c:317:6:configure_spi	24	static
../Src/nRF24L01_Rx.c:347:6:configure_nrf_radio	24	static
../Src/nRF24L01_Rx.c:474:9:nrf_radio_transmit_packet	16	static
../Src/nRF24L01_Rx.c:493:6:nrf_radio_receive_packet_callback	24	static
../Src/nRF24L01_Rx.c:524:6:nrf_radio_interrupt_callback	16	static
../Src/nRF24L01_Rx.c:561:9:nrf_radio_get_status_register	16	static
../Src/nRF24L01_Rx.c:578:9:nrf_radio_get_interrupt_source	16	static
../Src/nRF24L01_Rx.c:605:6:nrf_radio_retreive_packet_from_fifo	16	static
../Src/nRF24L01_Rx.c:632:9:nrf_radio_get_rx_packet_length	16	static
../Src/nRF24L01_Rx.c:650:6:nrf_radio_send_packet_to_fifo	24	static
../Src/nRF24L01_Rx.c:674:6:nrf_radio_cmd_write	16	static
../Src/nRF24L01_Rx.c:681:6:configure_uart	8	static
../Src/nRF24L01_Rx.c:710:6:UART_SendChar	16	static
../Src/nRF24L01_Rx.c:715:6:configure_radio_interrupts	8	static
../Src/nRF24L01_Rx.c:720:6:EXTI0_IRQHandler	16	static
../Src/nRF24L01_Rx.c:733:6:nrf_radio_rx_polling	16	static
../Src/nRF24L01_Rx.c:765:6:configure_gpio_led	8	static
../Src/nRF24L01_Rx.c:771:6:gpio_led_turn_on	8	static
../Src/nRF24L01_Rx.c:776:6:gpio_led_turn_off	8	static
