../Src/task_scheduler_3.c:50:5:main	8	static,ignoring_inline_asm
../Src/task_scheduler_3.c:78:6:idletask	8	static
../Src/task_scheduler_3.c:86:6:task1	8	static
../Src/task_scheduler_3.c:101:6:task2	8	static
../Src/task_scheduler_3.c:116:6:task3	8	static
../Src/task_scheduler_3.c:131:6:task4	8	static
../Src/task_scheduler_3.c:146:6:configure_leds	8	static
../Src/task_scheduler_3.c:155:6:configure_systick_timer	16	static
../Src/task_scheduler_3.c:164:6:enable_systick_timer	16	static
../Src/task_scheduler_3.c:171:6:initialize_task_stacks	16	static
../Src/task_scheduler_3.c:203:6:SysTick_Handler	16	static
../Src/task_scheduler_3.c:219:28:PendSV_Handler	0	static,ignoring_inline_asm
