../Src/task_scheduler_priority.c:57:5:main	8	static,ignoring_inline_asm
../Src/task_scheduler_priority.c:91:6:idletask	8	static
../Src/task_scheduler_priority.c:99:6:task1	8	static
../Src/task_scheduler_priority.c:116:6:task2	8	static
../Src/task_scheduler_priority.c:133:6:task3	8	static
../Src/task_scheduler_priority.c:159:6:task4	8	static
../Src/task_scheduler_priority.c:176:6:configure_leds	8	static
../Src/task_scheduler_priority.c:185:6:configure_systick_timer	16	static
../Src/task_scheduler_priority.c:194:6:enable_systick_timer	16	static
../Src/task_scheduler_priority.c:201:6:initialize_task_stacks	16	static
../Src/task_scheduler_priority.c:238:6:SysTick_Handler	16	static
../Src/task_scheduler_priority.c:251:28:PendSV_Handler	0	static,ignoring_inline_asm
../Src/task_scheduler_priority.c:288:6:task_sleep	24	static
../Src/task_scheduler_priority.c:300:6:update_sleep_status	16	static
../Src/task_scheduler_priority.c:315:6:update_next_task	16	static
../Src/task_scheduler_priority.c:339:6:set_task_priority	16	static
