../Src/uart_printf_test.c:38:5:main	8	static
../Src/uart_printf_test.c:63:6:handle_command	112	static
../Src/uart_printf_test.c:92:6:handle_command_get_version	8	static
../Src/uart_printf_test.c:99:6:handle_command_sector_erase	16	static
../Src/uart_printf_test.c:116:6:handle_command_mass_erase	8	static
../Src/uart_printf_test.c:123:6:handle_command_start_app	8	static
../Src/uart_printf_test.c:130:10:getcommandname	32	static
../Src/uart_printf_test.c:153:10:getsector	136	static
../Src/uart_printf_test.c:196:9:mystrcmp	32	static
../Src/uart_printf_test.c:223:10:get_power	24	static
