Archive member included to satisfy reference by file (symbol)

/home/naveen/st/stm32cubeide_1.11.2/plugins/com.st.stm32cube.ide.mcu.externaltools.gnu-tools-for-stm32.10.3-2021.10.linux64_1.0.100.202210260954/tools/bin/../lib/gcc/arm-none-eabi/10.3.1/../../../../arm-none-eabi/lib/thumb/v7e-m/nofp/libc_nano.a(lib_a-errno.o)
                              ./Src/syscalls.o (__errno)
/home/naveen/st/stm32cubeide_1.11.2/plugins/com.st.stm32cube.ide.mcu.externaltools.gnu-tools-for-stm32.10.3-2021.10.linux64_1.0.100.202210260954/tools/bin/../lib/gcc/arm-none-eabi/10.3.1/../../../../arm-none-eabi/lib/thumb/v7e-m/nofp/libc_nano.a(lib_a-exit.o)
                              /home/naveen/st/stm32cubeide_1.11.2/plugins/com.st.stm32cube.ide.mcu.externaltools.gnu-tools-for-stm32.10.3-2021.10.linux64_1.0.100.202210260954/tools/bin/../lib/gcc/arm-none-eabi/10.3.1/../../../../arm-none-eabi/lib/thumb/v7e-m/nofp/crt0.o (exit)
/home/naveen/st/stm32cubeide_1.11.2/plugins/com.st.stm32cube.ide.mcu.externaltools.gnu-tools-for-stm32.10.3-2021.10.linux64_1.0.100.202210260954/tools/bin/../lib/gcc/arm-none-eabi/10.3.1/../../../../arm-none-eabi/lib/thumb/v7e-m/nofp/libc_nano.a(lib_a-impure.o)
                              /home/naveen/st/stm32cubeide_1.11.2/plugins/com.st.stm32cube.ide.mcu.externaltools.gnu-tools-for-stm32.10.3-2021.10.linux64_1.0.100.202210260954/tools/bin/../lib/gcc/arm-none-eabi/10.3.1/../../../../arm-none-eabi/lib/thumb/v7e-m/nofp/libc_nano.a(lib_a-exit.o) (_global_impure_ptr)
/home/naveen/st/stm32cubeide_1.11.2/plugins/com.st.stm32cube.ide.mcu.externaltools.gnu-tools-for-stm32.10.3-2021.10.linux64_1.0.100.202210260954/tools/bin/../lib/gcc/arm-none-eabi/10.3.1/../../../../arm-none-eabi/lib/thumb/v7e-m/nofp/libc_nano.a(lib_a-init.o)
                              /home/naveen/st/stm32cubeide_1.11.2/plugins/com.st.stm32cube.ide.mcu.externaltools.gnu-tools-for-stm32.10.3-2021.10.linux64_1.0.100.202210260954/tools/bin/../lib/gcc/arm-none-eabi/10.3.1/../../../../arm-none-eabi/lib/thumb/v7e-m/nofp/crt0.o (__libc_init_array)
/home/naveen/st/stm32cubeide_1.11.2/plugins/com.st.stm32cube.ide.mcu.externaltools.gnu-tools-for-stm32.10.3-2021.10.linux64_1.0.100.202210260954/tools/bin/../lib/gcc/arm-none-eabi/10.3.1/../../../../arm-none-eabi/lib/thumb/v7e-m/nofp/libc_nano.a(lib_a-memset.o)
                              /home/naveen/st/stm32cubeide_1.11.2/plugins/com.st.stm32cube.ide.mcu.externaltools.gnu-tools-for-stm32.10.3-2021.10.linux64_1.0.100.202210260954/tools/bin/../lib/gcc/arm-none-eabi/10.3.1/../../../../arm-none-eabi/lib/thumb/v7e-m/nofp/crt0.o (memset)
/home/naveen/st/stm32cubeide_1.11.2/plugins/com.st.stm32cube.ide.mcu.externaltools.gnu-tools-for-stm32.10.3-2021.10.linux64_1.0.100.202210260954/tools/bin/../lib/gcc/arm-none-eabi/10.3.1/../../../../arm-none-eabi/lib/thumb/v7e-m/nofp/libc_nano.a(lib_a-putchar.o)
                              ./Driver/Src/i2c_driver.o (putchar)
/home/naveen/st/stm32cubeide_1.11.2/plugins/com.st.stm32cube.ide.mcu.externaltools.gnu-tools-for-stm32.10.3-2021.10.linux64_1.0.100.202210260954/tools/bin/../lib/gcc/arm-none-eabi/10.3.1/../../../../arm-none-eabi/lib/thumb/v7e-m/nofp/libc_nano.a(lib_a-puts.o)
                              ./Driver/Src/i2c_driver.o (puts)
/home/naveen/st/stm32cubeide_1.11.2/plugins/com.st.stm32cube.ide.mcu.externaltools.gnu-tools-for-stm32.10.3-2021.10.linux64_1.0.100.202210260954/tools/bin/../lib/gcc/arm-none-eabi/10.3.1/../../../../arm-none-eabi/lib/thumb/v7e-m/nofp/libc_nano.a(lib_a-wbuf.o)
                              /home/naveen/st/stm32cubeide_1.11.2/plugins/com.st.stm32cube.ide.mcu.externaltools.gnu-tools-for-stm32.10.3-2021.10.linux64_1.0.100.202210260954/tools/bin/../lib/gcc/arm-none-eabi/10.3.1/../../../../arm-none-eabi/lib/thumb/v7e-m/nofp/libc_nano.a(lib_a-puts.o) (__swbuf_r)
/home/naveen/st/stm32cubeide_1.11.2/plugins/com.st.stm32cube.ide.mcu.externaltools.gnu-tools-for-stm32.10.3-2021.10.linux64_1.0.100.202210260954/tools/bin/../lib/gcc/arm-none-eabi/10.3.1/../../../../arm-none-eabi/lib/thumb/v7e-m/nofp/libc_nano.a(lib_a-wsetup.o)
                              /home/naveen/st/stm32cubeide_1.11.2/plugins/com.st.stm32cube.ide.mcu.externaltools.gnu-tools-for-stm32.10.3-2021.10.linux64_1.0.100.202210260954/tools/bin/../lib/gcc/arm-none-eabi/10.3.1/../../../../arm-none-eabi/lib/thumb/v7e-m/nofp/libc_nano.a(lib_a-puts.o) (__swsetup_r)
/home/naveen/st/stm32cubeide_1.11.2/plugins/com.st.stm32cube.ide.mcu.externaltools.gnu-tools-for-stm32.10.3-2021.10.linux64_1.0.100.202210260954/tools/bin/../lib/gcc/arm-none-eabi/10.3.1/../../../../arm-none-eabi/lib/thumb/v7e-m/nofp/libc_nano.a(lib_a-fflush.o)
                              /home/naveen/st/stm32cubeide_1.11.2/plugins/com.st.stm32cube.ide.mcu.externaltools.gnu-tools-for-stm32.10.3-2021.10.linux64_1.0.100.202210260954/tools/bin/../lib/gcc/arm-none-eabi/10.3.1/../../../../arm-none-eabi/lib/thumb/v7e-m/nofp/libc_nano.a(lib_a-wbuf.o) (_fflush_r)
[...]
Memory Configuration

Name             Origin             Length             Attributes
CCMRAM           0x0000000010000000 0x0000000000010000 xrw
RAM              0x0000000020000000 0x0000000000020000 xrw
FLASH            0x0000000008000000 0x0000000000100000 xr
*default*        0x0000000000000000 0xffffffffffffffff

Linker script and memory map

LOAD /home/naveen/st/stm32cubeide_1.11.2/plugins/com.st.stm32cube.ide.mcu.externaltools.gnu-tools-for-stm32.10.3-2021.10.linux64_1.0.100.202210260954/tools/bin/../lib/gcc/arm-none-eabi/10.3.1/thumb/v7e-m/nofp/crti.o
LOAD /home/naveen/st/stm32cubeide_1.11.2/plugins/com.st.stm32cube.ide.mcu.externaltools.gnu-tools-for-stm32.10.3-2021.10.linux64_1.0.100.202210260954/tools/bin/../lib/gcc/arm-none-eabi/10.3.1/thumb/v7e-m/nofp/crtbegin.o
LOAD /home/naveen/st/stm32cubeide_1.11.2/plugins/com.st.stm32cube.ide.mcu.externaltools.gnu-tools-for-stm32.10.3-2021.10.linux64_1.0.100.202210260954/tools/bin/../lib/gcc/arm-none-eabi/10.3.1/../../../../arm-none-eabi/lib/thumb/v7e-m/nofp/crt0.o
LOAD ./Driver/Src/dma_driver.o
LOAD ./Driver/Src/gpio_driver.o
LOAD ./Driver/Src/i2c_driver.o
LOAD ./Driver/Src/spi_driver.o
LOAD ./Driver/Src/stm32f4xx.o
LOAD ./Driver/Src/timer_driver.o
LOAD ./Driver/Src/usart_driver.o
LOAD ./Src/dma_test_1.o
LOAD ./Src/syscalls.o
LOAD ./Src/sysmem.o
LOAD ./Startup/startup_stm32f407vgtx.o
START GROUP
LOAD /home/naveen/st/stm32cubeide_1.11.2/plugins/com.st.stm32cube.ide.mcu.externaltools.gnu-tools-for-stm32.10.3-2021.10.linux64_1.0.100.202210260954/tools/bin/../lib/gcc/arm-none-eabi/10.3.1/../../../../arm-none-eabi/lib/thumb/v7e-m/nofp/libc_nano.a
LOAD /home/naveen/st/stm32cubeide_1.11.2/plugins/com.st.stm32cube.ide.mcu.externaltools.gnu-tools-for-stm32.10.3-2021.10.linux64_1.0.100.202210260954/tools/bin/../lib/gcc/arm-none-eabi/10.3.1/../../../../arm-none-eabi/lib/thumb/v7e-m/nofp/libm.a
END GROUP
START GROUP
LOAD /home/naveen/st/stm32cubeide_1.11.2/plugins/com.st.stm32cube.ide.mcu.externaltools.gnu-tools-for-stm32.10.3-2021.10.linux64_1.0.100.202210260954/tools/bin/../lib/gcc/arm-none-eabi/10.3.1/thumb/v7e-m/nofp/libgcc.a
LOAD /home/naveen/st/stm32cubeide_1.11.2/plugins/com.st.stm32cube.ide.mcu.externaltools.gnu-tools-for-stm32.10.3-2021.10.linux64_1.0.100.202210260954/tools/bin/../lib/gcc/arm-none-eabi/10.3.1/../../../../arm-none-eabi/lib/thumb/v7e-m/nofp/libc_nano.a
END GROUP
START GROUP
LOAD /home/naveen/st/stm32cubeide_1.11.2/plugins/com.st.stm32cube.ide.mcu.externaltools.gnu-tools-for-stm32.10.3-2021.10.linux64_1.0.100.202210260954/tools/bin/../lib/gcc/arm-none-eabi/10.3.1/thumb/v7e-m/nofp/libgcc.a
LOAD /home/naveen/st/stm32cubeide_1.11.2/plugins/com.st.stm32cube.ide.mcu.externaltools.gnu-tools-for-stm32.10.3-2021.10.linux64_1.0.100.202210260954/tools/bin/../lib/gcc/arm-none-eabi/10.3.1/../../../../arm-none-eabi/lib/thumb/v7e-m/nofp/libc_nano.a
LOAD /home/naveen/st/stm32cubeide_1.11.2/plugins/com.st.stm32cube.ide.mcu.externaltools.gnu-tools-for-stm32.10.3-2021.10.linux64_1.0.100.202210260954/tools/bin/../lib/gcc/arm-none-eabi/10.3.1/../../../../arm-none-eabi/lib/thumb/v7e-m/nofp/libnosys.a
END GROUP
START GROUP
LOAD /home/naveen/st/stm32cubeide_1.11.2/plugins/com.st.stm32cube.ide.mcu.externaltools.gnu-tools-for-stm32.10.3-2021.10.linux64_1.0.100.202210260954/tools/bin/../lib/gcc/arm-none-eabi/10.3.1/thumb/v7e-m/nofp/libgcc.a
LOAD /home/naveen/st/stm32cubeide_1.11.2/plugins/com.st.stm32cube.ide.mcu.externaltools.gnu-tools-for-stm32.10.3-2021.10.linux64_1.0.100.202210260954/tools/bin/../lib/gcc/arm-none-eabi/10.3.1/../../../../arm-none-eabi/lib/thumb/v7e-m/nofp/libc_nano.a
LOAD /home/naveen/st/stm32cubeide_1.11.2/plugins/com.st.stm32cube.ide.mcu.externaltools.gnu-tools-for-stm32.10.3-2021.10.linux64_1.0.100.202210260954/tools/bin/../lib/gcc/arm-none-eabi/10.3.1/../../../../arm-none-eabi/lib/thumb/v7e-m/nofp/libnosys.a
END GROUP
LOAD /home/naveen/st/stm32cubeide_1.11.2/plugins/com.st.stm32cube.ide.mcu.externaltools.gnu-tools-for-stm32.10.3-2021.10.linux64_1.0.100.202210260954/tools/bin/../lib/gcc/arm-none-eabi/10.3.1/thumb/v7e-m/nofp/crtend.o
LOAD /home/naveen/st/stm32cubeide_1.11.2/plugins/com.st.stm32cube.ide.mcu.externaltools.gnu-tools-for-stm32.10.3-2021.10.linux64_1.0.100.202210260954/tools/bin/../lib/gcc/arm-none-eabi/10.3.1/thumb/v7e-m/nofp/crtn.o
                0x0000000020020000                _estack = (ORIGIN (RAM) + LENGTH (RAM))
                0x0000000000000200                _Min_Heap_Size = 0x200
                0x0000000000000400                _Min_Stack_Size = 0x400

.isr_vector     0x0000000008000000      0x1a8
                0x0000000008000000                . = ALIGN (0x4)
 *(.isr_vector)
 .isr_vector    0x0000000008000000      0x1a8 ./Startup/startup_stm32f407vgtx.o
                0x0000000008000000                g_pfnVectors
                0x00000000080001a8                . = ALIGN (0x4)

.text           0x00000000080001a8      0xc5c
                0x00000000080001a8                . = ALIGN (0x4)
 *(.text)
 .text          0x00000000080001a8       0x40 /home/naveen/st/stm32cubeide_1.11.2/plugins/com.st.stm32cube.ide.mcu.externaltools.gnu-tools-for-stm32.10.3-2021.10.linux64_1.0.100.202210260954/tools/bin/../lib/gcc/arm-none-eabi/10.3.1/thumb/v7e-m/nofp/crtbegin.o
 *(.text*)
 .text.DMA_Config
                0x00000000080001e8      0x174 ./Driver/Src/dma_driver.o
                0x00000000080001e8                DMA_Config
 .text.DMA_PeripheralEnable
                0x000000000800035c       0x22 ./Driver/Src/dma_driver.o
                0x000000000800035c                DMA_PeripheralEnable
 .text.GPIOSetMode
                0x000000000800037e       0x48 ./Driver/Src/gpio_driver.o
                0x000000000800037e                GPIOSetMode
 .text.GPIOSetAltFn
                0x00000000080003c6       0x72 ./Driver/Src/gpio_driver.o
                0x00000000080003c6                GPIOSetAltFn
 .text.GPIOSetOutputType
                0x0000000008000438       0x44 ./Driver/Src/gpio_driver.o
                0x0000000008000438                GPIOSetOutputType
 .text.GPIOSetPullUpDownConfig
                0x000000000800047c       0x48 ./Driver/Src/gpio_driver.o
                0x000000000800047c                GPIOSetPullUpDownConfig
 .text.GPIOSetOutputSpeed
                0x00000000080004c4       0x48 ./Driver/Src/gpio_driver.o
                0x00000000080004c4                GPIOSetOutputSpeed
 .text.EnablePeriClk
                0x000000000800050c      0x314 ./Driver/Src/stm32f4xx.o
                0x000000000800050c                EnablePeriClk
 .text.NVIC_EnableIRQ
                0x0000000008000820       0x44 ./Driver/Src/stm32f4xx.o
                0x0000000008000820                NVIC_EnableIRQ
 .text.USART_Init
                0x0000000008000864      0x200 ./Driver/Src/usart_driver.o
                0x0000000008000864                USART_Init
 .text.USART_PeripheralEnable
                0x0000000008000a64       0x22 ./Driver/Src/usart_driver.o
                0x0000000008000a64                USART_PeripheralEnable
 .text.USART_SetBaudRate
                0x0000000008000a86       0x22 ./Driver/Src/usart_driver.o
                0x0000000008000a86                USART_SetBaudRate
 .text.EXTI0_IRQHandler
                0x0000000008000aa8       0x3c ./Src/dma_test_1.o
                0x0000000008000aa8                EXTI0_IRQHandler
 .text.DMA1_Stream6_IRQHandler
                0x0000000008000ae4       0x50 ./Src/dma_test_1.o
                0x0000000008000ae4                DMA1_Stream6_IRQHandler
 .text.main     0x0000000008000b34       0x2c ./Src/dma_test_1.o
                0x0000000008000b34                main
 .text.configure_uart
                0x0000000008000b60       0xbc ./Src/dma_test_1.o
                0x0000000008000b60                configure_uart
 .text.configure_button
                0x0000000008000c1c       0x78 ./Src/dma_test_1.o
                0x0000000008000c1c                configure_button
 .text.configure_dma
                0x0000000008000c94       0x90 ./Src/dma_test_1.o
                0x0000000008000c94                configure_dma
 .text.delay    0x0000000008000d24       0x2c ./Src/dma_test_1.o
                0x0000000008000d24                delay
 .text.Reset_Handler
                0x0000000008000d50       0x50 ./Startup/startup_stm32f407vgtx.o
                0x0000000008000d50                Reset_Handler
 .text.Default_Handler
                0x0000000008000da0        0x2 ./Startup/startup_stm32f407vgtx.o
                0x0000000008000da0                RTC_Alarm_IRQHandler
                0x0000000008000da0                HASH_RNG_IRQHandler
                0x0000000008000da0                EXTI2_IRQHandler
                0x0000000008000da0                TIM8_CC_IRQHandler
                0x0000000008000da0                DebugMon_Handler
                0x0000000008000da0                TIM1_CC_IRQHandler
                0x0000000008000da0                DMA2_Stream5_IRQHandler
                0x0000000008000da0                HardFault_Handler
                0x0000000008000da0                DMA1_Stream5_IRQHandler
                0x0000000008000da0                SysTick_Handler
                0x0000000008000da0                PVD_IRQHandler
                0x0000000008000da0                SDIO_IRQHandler
                0x0000000008000da0                TAMP_STAMP_IRQHandler
                0x0000000008000da0                PendSV_Handler
                0x0000000008000da0                NMI_Handler
                0x0000000008000da0                CAN2_RX1_IRQHandler
                0x0000000008000da0                EXTI3_IRQHandler
                0x0000000008000da0                TIM8_TRG_COM_TIM14_IRQHandler
                0x0000000008000da0                TIM1_UP_TIM10_IRQHandler
                0x0000000008000da0                TIM8_UP_TIM13_IRQHandler
                0x0000000008000da0                I2C3_ER_IRQHandler
                0x0000000008000da0                LCD_TFT_IRQHandler
                0x0000000008000da0                I2C2_EV_IRQHandler
                0x0000000008000da0                DMA1_Stream2_IRQHandler
                0x0000000008000da0                CAN1_RX0_IRQHandler
                0x0000000008000da0                FPU_IRQHandler
                0x0000000008000da0                OTG_HS_WKUP_IRQHandler
                0x0000000008000da0                UsageFault_Handler
                0x0000000008000da0                CAN2_SCE_IRQHandler
                0x0000000008000da0                DMA2_Stream2_IRQHandler
                0x0000000008000da0                SPI1_IRQHandler
                0x0000000008000da0                TIM6_DAC_IRQHandler
                0x0000000008000da0                TIM1_BRK_TIM9_IRQHandler
                0x0000000008000da0                DCMI_IRQHandler
                0x0000000008000da0                CAN2_RX0_IRQHandler
                0x0000000008000da0                DMA2_Stream3_IRQHandler
                0x0000000008000da0                USART6_IRQHandler
                0x0000000008000da0                USART3_IRQHandler
                0x0000000008000da0                CRYP_IRQHandler
                0x0000000008000da0                CAN1_RX1_IRQHandler
                0x0000000008000da0                UART5_IRQHandler
                0x0000000008000da0                DMA2_Stream0_IRQHandler
                0x0000000008000da0                TIM4_IRQHandler
                0x0000000008000da0                I2C1_EV_IRQHandler
                0x0000000008000da0                DMA1_Stream1_IRQHandler
                0x0000000008000da0                UART4_IRQHandler
                0x0000000008000da0                LCD_TFT_1_IRQHandler
                0x0000000008000da0                TIM3_IRQHandler
                0x0000000008000da0                RCC_IRQHandler
                0x0000000008000da0                TIM8_BRK_TIM12_IRQHandler
                0x0000000008000da0                Default_Handler
                0x0000000008000da0                EXTI15_10_IRQHandler
                0x0000000008000da0                ADC_IRQHandler
                0x0000000008000da0                DMA1_Stream7_IRQHandler
                0x0000000008000da0                TIM7_IRQHandler
                0x0000000008000da0                CAN2_TX_IRQHandler
                0x0000000008000da0                TIM5_IRQHandler
                0x0000000008000da0                DMA2_Stream7_IRQHandler
                0x0000000008000da0                I2C3_EV_IRQHandler
                0x0000000008000da0                EXTI9_5_IRQHandler
                0x0000000008000da0                RTC_WKUP_IRQHandler
                0x0000000008000da0                ETH_WKUP_IRQHandler
                0x0000000008000da0                SPI2_IRQHandler
                0x0000000008000da0                OTG_HS_EP1_IN_IRQHandler
                0x0000000008000da0                MemManage_Handler
                0x0000000008000da0                DMA1_Stream0_IRQHandler
                0x0000000008000da0                CAN1_TX_IRQHandler
                0x0000000008000da0                SVC_Handler
                0x0000000008000da0                EXTI4_IRQHandler
                0x0000000008000da0                FSMC_IRQHandler
                0x0000000008000da0                ETH_IRQHandler
                0x0000000008000da0                OTG_HS_EP1_OUT_IRQHandler
                0x0000000008000da0                WWDG_IRQHandler
                0x0000000008000da0                TIM2_IRQHandler
                0x0000000008000da0                OTG_FS_WKUP_IRQHandler
                0x0000000008000da0                TIM1_TRG_COM_TIM11_IRQHandler
                0x0000000008000da0                OTG_HS_IRQHandler
                0x0000000008000da0                EXTI1_IRQHandler
                0x0000000008000da0                USART2_IRQHandler
                0x0000000008000da0                I2C2_ER_IRQHandler
                0x0000000008000da0                DMA2_Stream1_IRQHandler
                0x0000000008000da0                CAN1_SCE_IRQHandler
                0x0000000008000da0                DMA2_Stream4_IRQHandler
                0x0000000008000da0                BusFault_Handler
                0x0000000008000da0                USART1_IRQHandler
                0x0000000008000da0                OTG_FS_IRQHandler
                0x0000000008000da0                SPI3_IRQHandler
                0x0000000008000da0                DMA1_Stream4_IRQHandler
                0x0000000008000da0                I2C1_ER_IRQHandler
                0x0000000008000da0                DMA2_Stream6_IRQHandler
                0x0000000008000da0                DMA1_Stream3_IRQHandler
 *fill*         0x0000000008000da2        0x2 
 .text.__libc_init_array
                0x0000000008000da4       0x48 /home/naveen/st/stm32cubeide_1.11.2/plugins/com.st.stm32cube.ide.mcu.externaltools.gnu-tools-for-stm32.10.3-2021.10.linux64_1.0.100.202210260954/tools/bin/../lib/gcc/arm-none-eabi/10.3.1/../../../../arm-none-eabi/lib/thumb/v7e-m/nofp/libc_nano.a(lib_a-init.o)
                0x0000000008000da4                __libc_init_array
 *(.glue_7)
 .glue_7        0x0000000008000dec        0x0 linker stubs
 *(.glue_7t)
 .glue_7t       0x0000000008000dec        0x0 linker stubs
 *(.eh_frame)
 .eh_frame      0x0000000008000dec        0x0 /home/naveen/st/stm32cubeide_1.11.2/plugins/com.st.stm32cube.ide.mcu.externaltools.gnu-tools-for-stm32.10.3-2021.10.linux64_1.0.100.202210260954/tools/bin/../lib/gcc/arm-none-eabi/10.3.1/thumb/v7e-m/nofp/crtbegin.o
 *(.init)
 .init          0x0000000008000dec        0x4 /home/naveen/st/stm32cubeide_1.11.2/plugins/com.st.stm32cube.ide.mcu.externaltools.gnu-tools-for-stm32.10.3-2021.10.linux64_1.0.100.202210260954/tools/bin/../lib/gcc/arm-none-eabi/10.3.1/thumb/v7e-m/nofp/crti.o
                0x0000000008000dec                _init
 .init          0x0000000008000df0        0x8 /home/naveen/st/stm32cubeide_1.11.2/plugins/com.st.stm32cube.ide.mcu.externaltools.gnu-tools-for-stm32.10.3-2021.10.linux64_1.0.100.202210260954/tools/bin/../lib/gcc/arm-none-eabi/10.3.1/thumb/v7e-m/nofp/crtn.o
 *(.fini)
 .fini          0x0000000008000df8        0x4 /home/naveen/st/stm32cubeide_1.11.2/plugins/com.st.stm32cube.ide.mcu.externaltools.gnu-tools-for-stm32.10.3-2021.10.linux64_1.0.100.202210260954/tools/bin/../lib/gcc/arm-none-eabi/10.3.1/thumb/v7e-m/nofp/crti.o
                0x0000000008000df8                _fini
 .fini          0x0000000008000dfc        0x8 /home/naveen/st/stm32cubeide_1.11.2/plugins/com.st.stm32cube.ide.mcu.externaltools.gnu-tools-for-stm32.10.3-2021.10.linux64_1.0.100.202210260954/tools/bin/../lib/gcc/arm-none-eabi/10.3.1/thumb/v7e-m/nofp/crtn.o
                0x0000000008000e04                . = ALIGN (0x4)
                0x0000000008000e04                _etext = .

.vfp11_veneer   0x0000000008000e04        0x0
 .vfp11_veneer  0x0000000008000e04        0x0 linker stubs

.v4_bx          0x0000000008000e04        0x0
 .v4_bx         0x0000000008000e04        0x0 linker stubs

.iplt           0x0000000008000e04        0x0
 .iplt          0x0000000008000e04        0x0 /home/naveen/st/stm32cubeide_1.11.2/plugins/com.st.stm32cube.ide.mcu.externaltools.gnu-tools-for-stm32.10.3-2021.10.linux64_1.0.100.202210260954/tools/bin/../lib/gcc/arm-none-eabi/10.3.1/thumb/v7e-m/nofp/crtbegin.o

.rel.dyn        0x0000000008000e04        0x0
 .rel.iplt      0x0000000008000e04        0x0 /home/naveen/st/stm32cubeide_1.11.2/plugins/com.st.stm32cube.ide.mcu.externaltools.gnu-tools-for-stm32.10.3-2021.10.linux64_1.0.100.202210260954/tools/bin/../lib/gcc/arm-none-eabi/10.3.1/thumb/v7e-m/nofp/crtbegin.o

.rodata         0x0000000008000e04        0x0
                0x0000000008000e04                . = ALIGN (0x4)
 *(.rodata)
 *(.rodata*)
                0x0000000008000e04                . = ALIGN (0x4)

.ARM.extab      0x0000000008000e04        0x0
                0x0000000008000e04                . = ALIGN (0x4)
 *(.ARM.extab* .gnu.linkonce.armextab.*)
                0x0000000008000e04                . = ALIGN (0x4)

.ARM            0x0000000008000e04        0x0
                0x0000000008000e04                . = ALIGN (0x4)
                0x0000000008000e04                __exidx_start = .
 *(.ARM.exidx*)
                0x0000000008000e04                __exidx_end = .
                0x0000000008000e04                . = ALIGN (0x4)

.preinit_array  0x0000000008000e04        0x0
                0x0000000008000e04                . = ALIGN (0x4)
                0x0000000008000e04                PROVIDE (__preinit_array_start = .)
 *(.preinit_array*)
                0x0000000008000e04                PROVIDE (__preinit_array_end = .)
                0x0000000008000e04                . = ALIGN (0x4)

.init_array     0x0000000008000e04        0x4
                0x0000000008000e04                . = ALIGN (0x4)
                0x0000000008000e04                PROVIDE (__init_array_start = .)
 *(SORT_BY_NAME(.init_array.*))
 *(.init_array*)
 .init_array    0x0000000008000e04        0x4 /home/naveen/st/stm32cubeide_1.11.2/plugins/com.st.stm32cube.ide.mcu.externaltools.gnu-tools-for-stm32.10.3-2021.10.linux64_1.0.100.202210260954/tools/bin/../lib/gcc/arm-none-eabi/10.3.1/thumb/v7e-m/nofp/crtbegin.o
                0x0000000008000e08                PROVIDE (__init_array_end = .)
                0x0000000008000e08                . = ALIGN (0x4)

.fini_array     0x0000000008000e08        0x4
                0x0000000008000e08                . = ALIGN (0x4)
                [!provide]                        PROVIDE (__fini_array_start = .)
 *(SORT_BY_NAME(.fini_array.*))
 *(.fini_array*)
 .fini_array    0x0000000008000e08        0x4 /home/naveen/st/stm32cubeide_1.11.2/plugins/com.st.stm32cube.ide.mcu.externaltools.gnu-tools-for-stm32.10.3-2021.10.linux64_1.0.100.202210260954/tools/bin/../lib/gcc/arm-none-eabi/10.3.1/thumb/v7e-m/nofp/crtbegin.o
                [!provide]                        PROVIDE (__fini_array_end = .)
                0x0000000008000e0c                . = ALIGN (0x4)
                0x0000000008000e0c                _sidata = LOADADDR (.data)

.data           0x0000000020000000       0x18 load address 0x0000000008000e0c
                0x0000000020000000                . = ALIGN (0x4)
                0x0000000020000000                _sdata = .
 *(.data)
 *(.data*)
 .data.message  0x0000000020000000       0x16 ./Src/dma_test_1.o
                0x0000000020000000                message
 *(.RamFunc)
 *(.RamFunc*)
                0x0000000020000018                . = ALIGN (0x4)
 *fill*         0x0000000020000016        0x2 
                0x0000000020000018                _edata = .
                0x0000000008000e24                _siccmram = LOADADDR (.ccmram)

.igot.plt       0x0000000020000018        0x0 load address 0x0000000008000e24
 .igot.plt      0x0000000020000018        0x0 /home/naveen/st/stm32cubeide_1.11.2/plugins/com.st.stm32cube.ide.mcu.externaltools.gnu-tools-for-stm32.10.3-2021.10.linux64_1.0.100.202210260954/tools/bin/../lib/gcc/arm-none-eabi/10.3.1/thumb/v7e-m/nofp/crtbegin.o

.ccmram         0x0000000010000000        0x0 load address 0x0000000008000e24
                0x0000000010000000                . = ALIGN (0x4)
                0x0000000010000000                _sccmram = .
 *(.ccmram)
 *(.ccmram*)
                0x0000000010000000                . = ALIGN (0x4)
                0x0000000010000000                _eccmram = .
                0x0000000010000000                . = ALIGN (0x4)

.bss            0x0000000020000018       0x74
                0x0000000020000018                _sbss = .
                0x0000000020000018                __bss_start__ = _sbss
 *(.bss)
 .bss           0x0000000020000018       0x1c /home/naveen/st/stm32cubeide_1.11.2/plugins/com.st.stm32cube.ide.mcu.externaltools.gnu-tools-for-stm32.10.3-2021.10.linux64_1.0.100.202210260954/tools/bin/../lib/gcc/arm-none-eabi/10.3.1/thumb/v7e-m/nofp/crtbegin.o
 *(.bss*)
 .bss.Test_USART
                0x0000000020000034       0x1c ./Src/dma_test_1.o
                0x0000000020000034                Test_USART
 .bss.Test_DMA  0x0000000020000050       0x3c ./Src/dma_test_1.o
                0x0000000020000050                Test_DMA
 *(COMMON)
                0x000000002000008c                . = ALIGN (0x4)
                0x000000002000008c                _ebss = .
                0x000000002000008c                __bss_end__ = _ebss

._user_heap_stack
                0x000000002000008c      0x604
                0x0000000020000090                . = ALIGN (0x8)
 *fill*         0x000000002000008c        0x4 
                [!provide]                        PROVIDE (end = .)
                0x0000000020000090                PROVIDE (_end = .)
                0x0000000020000290                . = (. + _Min_Heap_Size)
 *fill*         0x0000000020000090      0x200 
                0x0000000020000690                . = (. + _Min_Stack_Size)
 *fill*         0x0000000020000290      0x400 
                0x0000000020000690                . = ALIGN (0x8)

/DISCARD/
 libc.a(*)
 libm.a(*)
 libgcc.a(*)

.ARM.attributes
                0x0000000000000000       0x2a
 *(.ARM.attributes)
 .ARM.attributes
                0x0000000000000000       0x1e /home/naveen/st/stm32cubeide_1.11.2/plugins/com.st.stm32cube.ide.mcu.externaltools.gnu-tools-for-stm32.10.3-2021.10.linux64_1.0.100.202210260954/tools/bin/../lib/gcc/arm-none-eabi/10.3.1/thumb/v7e-m/nofp/crti.o
 .ARM.attributes
                0x000000000000001e       0x2e /home/naveen/st/stm32cubeide_1.11.2/plugins/com.st.stm32cube.ide.mcu.externaltools.gnu-tools-for-stm32.10.3-2021.10.linux64_1.0.100.202210260954/tools/bin/../lib/gcc/arm-none-eabi/10.3.1/thumb/v7e-m/nofp/crtbegin.o
 .ARM.attributes
                0x000000000000004c       0x2e ./Driver/Src/dma_driver.o
 .ARM.attributes
                0x000000000000007a       0x2e ./Driver/Src/gpio_driver.o
 .ARM.attributes
                0x00000000000000a8       0x2e ./Driver/Src/stm32f4xx.o
 .ARM.attributes
                0x00000000000000d6       0x2e ./Driver/Src/usart_driver.o
 .ARM.attributes
                0x0000000000000104       0x2e ./Src/dma_test_1.o
 .ARM.attributes
                0x0000000000000132       0x21 ./Startup/startup_stm32f407vgtx.o
 .ARM.attributes
                0x0000000000000153       0x2e /home/naveen/st/stm32cubeide_1.11.2/plugins/com.st.stm32cube.ide.mcu.externaltools.gnu-tools-for-stm32.10.3-2021.10.linux64_1.0.100.202210260954/tools/bin/../lib/gcc/arm-none-eabi/10.3.1/../../../../arm-none-eabi/lib/thumb/v7e-m/nofp/libc_nano.a(lib_a-init.o)
 .ARM.attributes
                0x0000000000000181       0x1e /home/naveen/st/stm32cubeide_1.11.2/plugins/com.st.stm32cube.ide.mcu.externaltools.gnu-tools-for-stm32.10.3-2021.10.linux64_1.0.100.202210260954/tools/bin/../lib/gcc/arm-none-eabi/10.3.1/thumb/v7e-m/nofp/crtn.o
OUTPUT(011GPIODriver.elf elf32-littlearm)
LOAD linker stubs
LOAD /home/naveen/st/stm32cubeide_1.11.2/plugins/com.st.stm32cube.ide.mcu.externaltools.gnu-tools-for-stm32.10.3-2021.10.linux64_1.0.100.202210260954/tools/bin/../lib/gcc/arm-none-eabi/10.3.1/../../../../arm-none-eabi/lib/thumb/v7e-m/nofp/libc.a
LOAD /home/naveen/st/stm32cubeide_1.11.2/plugins/com.st.stm32cube.ide.mcu.externaltools.gnu-tools-for-stm32.10.3-2021.10.linux64_1.0.100.202210260954/tools/bin/../lib/gcc/arm-none-eabi/10.3.1/../../../../arm-none-eabi/lib/thumb/v7e-m/nofp/libm.a
LOAD /home/naveen/st/stm32cubeide_1.11.2/plugins/com.st.stm32cube.ide.mcu.externaltools.gnu-tools-for-stm32.10.3-2021.10.linux64_1.0.100.202210260954/tools/bin/../lib/gcc/arm-none-eabi/10.3.1/thumb/v7e-m/nofp/libgcc.a

.debug_info     0x0000000000000000     0x12cf
 .debug_info    0x0000000000000000      0x2a0 ./Driver/Src/dma_driver.o
 .debug_info    0x00000000000002a0      0x4ab ./Driver/Src/gpio_driver.o
 .debug_info    0x000000000000074b      0x1b2 ./Driver/Src/stm32f4xx.o
 .debug_info    0x00000000000008fd      0x3d9 ./Driver/Src/usart_driver.o
 .debug_info    0x0000000000000cd6      0x5d7 ./Src/dma_test_1.o
 .debug_info    0x00000000000012ad       0x22 ./Startup/startup_stm32f407vgtx.o

.debug_abbrev   0x0000000000000000      0x4e6
 .debug_abbrev  0x0000000000000000       0xae ./Driver/Src/dma_driver.o
 .debug_abbrev  0x00000000000000ae      0x100 ./Driver/Src/gpio_driver.o
 .debug_abbrev  0x00000000000001ae       0x9d ./Driver/Src/stm32f4xx.o
 .debug_abbrev  0x000000000000024b      0x126 ./Driver/Src/usart_driver.o
 .debug_abbrev  0x0000000000000371      0x163 ./Src/dma_test_1.o
 .debug_abbrev  0x00000000000004d4       0x12 ./Startup/startup_stm32f407vgtx.o

.debug_aranges  0x0000000000000000      0x1d0
 .debug_aranges
                0x0000000000000000       0x30 ./Driver/Src/dma_driver.o
 .debug_aranges
                0x0000000000000030       0x70 ./Driver/Src/gpio_driver.o
 .debug_aranges
                0x00000000000000a0       0x38 ./Driver/Src/stm32f4xx.o
 .debug_aranges
                0x00000000000000d8       0x70 ./Driver/Src/usart_driver.o
 .debug_aranges
                0x0000000000000148       0x60 ./Src/dma_test_1.o
 .debug_aranges
                0x00000000000001a8       0x28 ./Startup/startup_stm32f407vgtx.o

.debug_ranges   0x0000000000000000      0x178
 .debug_ranges  0x0000000000000000       0x20 ./Driver/Src/dma_driver.o
 .debug_ranges  0x0000000000000020       0x60 ./Driver/Src/gpio_driver.o
 .debug_ranges  0x0000000000000080       0x28 ./Driver/Src/stm32f4xx.o
 .debug_ranges  0x00000000000000a8       0x60 ./Driver/Src/usart_driver.o
 .debug_ranges  0x0000000000000108       0x50 ./Src/dma_test_1.o
 .debug_ranges  0x0000000000000158       0x20 ./Startup/startup_stm32f407vgtx.o

.debug_macro    0x0000000000000000     0x2a6a
 .debug_macro   0x0000000000000000      0x213 ./Driver/Src/dma_driver.o
 .debug_macro   0x0000000000000213      0xa78 ./Driver/Src/dma_driver.o
 .debug_macro   0x0000000000000c8b       0x22 ./Driver/Src/dma_driver.o
 .debug_macro   0x0000000000000cad       0x8e ./Driver/Src/dma_driver.o
 .debug_macro   0x0000000000000d3b       0x51 ./Driver/Src/dma_driver.o
 .debug_macro   0x0000000000000d8c      0x103 ./Driver/Src/dma_driver.o
 .debug_macro   0x0000000000000e8f       0x6a ./Driver/Src/dma_driver.o
 .debug_macro   0x0000000000000ef9      0x1df ./Driver/Src/dma_driver.o
 .debug_macro   0x00000000000010d8       0x52 ./Driver/Src/dma_driver.o
 .debug_macro   0x000000000000112a       0x18 ./Driver/Src/dma_driver.o
 .debug_macro   0x0000000000001142       0x3c ./Driver/Src/dma_driver.o
 .debug_macro   0x000000000000117e       0x34 ./Driver/Src/dma_driver.o
 .debug_macro   0x00000000000011b2      0x174 ./Driver/Src/dma_driver.o
 .debug_macro   0x0000000000001326       0x16 ./Driver/Src/dma_driver.o
 .debug_macro   0x000000000000133c       0x43 ./Driver/Src/dma_driver.o
 .debug_macro   0x000000000000137f       0x34 ./Driver/Src/dma_driver.o
 .debug_macro   0x00000000000013b3       0x10 ./Driver/Src/dma_driver.o
 .debug_macro   0x00000000000013c3       0x58 ./Driver/Src/dma_driver.o
 .debug_macro   0x000000000000141b       0x71 ./Driver/Src/dma_driver.o
 .debug_macro   0x000000000000148c       0x1c ./Driver/Src/dma_driver.o
 .debug_macro   0x00000000000014a8      0x12a ./Driver/Src/dma_driver.o
 .debug_macro   0x00000000000015d2      0x341 ./Driver/Src/dma_driver.o
 .debug_macro   0x0000000000001913       0x10 ./Driver/Src/dma_driver.o
 .debug_macro   0x0000000000001923       0x35 ./Driver/Src/dma_driver.o
 .debug_macro   0x0000000000001958       0x20 ./Driver/Src/dma_driver.o
 .debug_macro   0x0000000000001978      0x29c ./Driver/Src/dma_driver.o
 .debug_macro   0x0000000000001c14      0x106 ./Driver/Src/dma_driver.o
 .debug_macro   0x0000000000001d1a       0x1c ./Driver/Src/dma_driver.o
 .debug_macro   0x0000000000001d36       0x10 ./Driver/Src/dma_driver.o
 .debug_macro   0x0000000000001d46       0x10 ./Driver/Src/dma_driver.o
 .debug_macro   0x0000000000001d56       0x1c ./Driver/Src/dma_driver.o
 .debug_macro   0x0000000000001d72       0x52 ./Driver/Src/dma_driver.o
 .debug_macro   0x0000000000001dc4       0x22 ./Driver/Src/dma_driver.o
 .debug_macro   0x0000000000001de6       0x10 ./Driver/Src/dma_driver.o
 .debug_macro   0x0000000000001df6       0x52 ./Driver/Src/dma_driver.o
 .debug_macro   0x0000000000001e48       0xd5 ./Driver/Src/dma_driver.o
 .debug_macro   0x0000000000001f1d       0x1c ./Driver/Src/dma_driver.o
 .debug_macro   0x0000000000001f39       0x3d ./Driver/Src/dma_driver.o
 .debug_macro   0x0000000000001f76       0x16 ./Driver/Src/dma_driver.o
 .debug_macro   0x0000000000001f8c      0x145 ./Driver/Src/dma_driver.o
 .debug_macro   0x00000000000020d1       0x7b ./Driver/Src/gpio_driver.o
 .debug_macro   0x000000000000214c      0x15a ./Driver/Src/gpio_driver.o
 .debug_macro   0x00000000000022a6       0x6c ./Driver/Src/stm32f4xx.o
 .debug_macro   0x0000000000002312      0x213 ./Driver/Src/usart_driver.o
 .debug_macro   0x0000000000002525      0x1d2 ./Driver/Src/usart_driver.o
 .debug_macro   0x00000000000026f7      0x267 ./Src/dma_test_1.o
 .debug_macro   0x000000000000295e      0x10c ./Src/dma_test_1.o

.debug_line     0x0000000000000000     0x256e
 .debug_line    0x0000000000000000      0x764 ./Driver/Src/dma_driver.o
 .debug_line    0x0000000000000764      0x589 ./Driver/Src/gpio_driver.o
 .debug_line    0x0000000000000ced      0x74b ./Driver/Src/stm32f4xx.o
 .debug_line    0x0000000000001438      0x8fe ./Driver/Src/usart_driver.o
 .debug_line    0x0000000000001d36      0x7b4 ./Src/dma_test_1.o
 .debug_line    0x00000000000024ea       0x84 ./Startup/startup_stm32f407vgtx.o

.debug_str      0x0000000000000000     0x9f12
 .debug_str     0x0000000000000000     0x8e32 ./Driver/Src/dma_driver.o
                                       0x901d (size before relaxing)
 .debug_str     0x0000000000008e32      0x58f ./Driver/Src/gpio_driver.o
                                       0x4f5e (size before relaxing)
 .debug_str     0x00000000000093c1       0xaf ./Driver/Src/stm32f4xx.o
                                       0x4a88 (size before relaxing)
 .debug_str     0x0000000000009470      0x84e ./Driver/Src/usart_driver.o
                                       0x932b (size before relaxing)
 .debug_str     0x0000000000009cbe      0x223 ./Src/dma_test_1.o
                                       0x9dc6 (size before relaxing)
 .debug_str     0x0000000000009ee1       0x31 ./Startup/startup_stm32f407vgtx.o
                                         0x62 (size before relaxing)

.comment        0x0000000000000000       0x50
 .comment       0x0000000000000000       0x50 ./Driver/Src/dma_driver.o
                                         0x51 (size before relaxing)
 .comment       0x0000000000000050       0x51 ./Driver/Src/gpio_driver.o
 .comment       0x0000000000000050       0x51 ./Driver/Src/stm32f4xx.o
 .comment       0x0000000000000050       0x51 ./Driver/Src/usart_driver.o
 .comment       0x0000000000000050       0x51 ./Src/dma_test_1.o

.debug_frame    0x0000000000000000      0x614
 .debug_frame   0x0000000000000000       0x88 ./Driver/Src/dma_driver.o
 .debug_frame   0x0000000000000088      0x1c8 ./Driver/Src/gpio_driver.o
 .debug_frame   0x0000000000000250       0xb0 ./Driver/Src/stm32f4xx.o
 .debug_frame   0x0000000000000300      0x1b8 ./Driver/Src/usart_driver.o
 .debug_frame   0x00000000000004b8      0x130 ./Src/dma_test_1.o
 .debug_frame   0x00000000000005e8       0x2c /home/naveen/st/stm32cubeide_1.11.2/plugins/com.st.stm32cube.ide.mcu.externaltools.gnu-tools-for-stm32.10.3-2021.10.linux64_1.0.100.202210260954/tools/bin/../lib/gcc/arm-none-eabi/10.3.1/../../../../arm-none-eabi/lib/thumb/v7e-m/nofp/libc_nano.a(lib_a-init.o)
