Archive member included to satisfy reference by file (symbol)

/home/naveen/st/stm32cubeide_1.11.2/plugins/com.st.stm32cube.ide.mcu.externaltools.gnu-tools-for-stm32.10.3-2021.10.linux64_1.0.100.202210260954/tools/bin/../lib/gcc/arm-none-eabi/10.3.1/../../../../arm-none-eabi/lib/thumb/v7e-m/nofp/libc_nano.a(lib_a-errno.o)
                              ./Src/syscalls.o (__errno)
/home/naveen/st/stm32cubeide_1.11.2/plugins/com.st.stm32cube.ide.mcu.externaltools.gnu-tools-for-stm32.10.3-2021.10.linux64_1.0.100.202210260954/tools/bin/../lib/gcc/arm-none-eabi/10.3.1/../../../../arm-none-eabi/lib/thumb/v7e-m/nofp/libc_nano.a(lib_a-exit.o)
                              /home/naveen/st/stm32cubeide_1.11.2/plugins/com.st.stm32cube.ide.mcu.externaltools.gnu-tools-for-stm32.10.3-2021.10.linux64_1.0.100.202210260954/tools/bin/../lib/gcc/arm-none-eabi/10.3.1/../../../../arm-none-eabi/lib/thumb/v7e-m/nofp/crt0.o (exit)
/home/naveen/st/stm32cubeide_1.11.2/plugins/com.st.stm32cube.ide.mcu.externaltools.gnu-tools-for-stm32.10.3-2021.10.linux64_1.0.100.202210260954/tools/bin/../lib/gcc/arm-none-eabi/10.3.1/../../../../arm-none-eabi/lib/thumb/v7e-m/nofp/libc_nano.a(lib_a-impure.o)
                              /home/naveen/st/stm32cubeide_1.11.2/plugins/com.st.stm32cube.ide.mcu.externaltools.gnu-tools-for-stm32.10.3-2021.10.linux64_1.0.100.202210260954/tools/bin/../lib/gcc/arm-none-eabi/10.3.1/../../../../arm-none-eabi/lib/thumb/v7e-m/nofp/libc_nano.a(lib_a-exit.o) (_global_impure_ptr)
/home/naveen/st/stm32cubeide_1.11.2/plugins/com.st.stm32cube.ide.mcu.externaltools.gnu-tools-for-stm32.10.3-2021.10.linux64_1.0.100.202210260954/tools/bin/../lib/gcc/arm-none-eabi/10.3.1/../../../../arm-none-eabi/lib/thumb/v7e-m/nofp/libc_nano.a(lib_a-init.o)
                              /home/naveen/st/stm32cubeide_1.11.2/plugins/com.st.stm32cube.ide.mcu.externaltools.gnu-tools-for-stm32.10.3-2021.10.linux64_1.0.100.202210260954/tools/bin/../lib/gcc/arm-none-eabi/10.3.1/../../../../arm-none-eabi/lib/thumb/v7e-m/nofp/crt0.o (__libc_init_array)
/home/naveen/st/stm32cubeide_1.11.2/plugins/com.st.stm32cube.ide.mcu.externaltools.gnu-tools-for-stm32.10.3-2021.10.linux64_1.0.100.202210260954/tools/bin/../lib/gcc/arm-none-eabi/10.3.1/../../../../arm-none-eabi/lib/thumb/v7e-m/nofp/libc_nano.a(lib_a-memset.o)
                              /home/naveen/st/stm32cubeide_1.11.2/plugins/com.st.stm32cube.ide.mcu.externaltools.gnu-tools-for-stm32.10.3-2021.10.linux64_1.0.100.202210260954/tools/bin/../lib/gcc/arm-none-eabi/10.3.1/../../../../arm-none-eabi/lib/thumb/v7e-m/nofp/crt0.o (memset)
/home/naveen/st/stm32cubeide_1.11.2/plugins/com.st.stm32cube.ide.mcu.externaltools.gnu-tools-for-stm32.10.3-2021.10.linux64_1.0.100.202210260954/tools/bin/../lib/gcc/arm-none-eabi/10.3.1/../../../../arm-none-eabi/lib/thumb/v7e-m/nofp/libc_nano.a(lib_a-printf.o)
                              ./Src/nRF24L01_Rx.o (printf)
/home/naveen/st/stm32cubeide_1.11.2/plugins/com.st.stm32cube.ide.mcu.externaltools.gnu-tools-for-stm32.10.3-2021.10.linux64_1.0.100.202210260954/tools/bin/../lib/gcc/arm-none-eabi/10.3.1/../../../../arm-none-eabi/lib/thumb/v7e-m/nofp/libc_nano.a(lib_a-putchar.o)
                              ./Driver/Src/i2c_driver.o (putchar)
/home/naveen/st/stm32cubeide_1.11.2/plugins/com.st.stm32cube.ide.mcu.externaltools.gnu-tools-for-stm32.10.3-2021.10.linux64_1.0.100.202210260954/tools/bin/../lib/gcc/arm-none-eabi/10.3.1/../../../../arm-none-eabi/lib/thumb/v7e-m/nofp/libc_nano.a(lib_a-puts.o)
                              ./Driver/Src/i2c_driver.o (puts)
/home/naveen/st/stm32cubeide_1.11.2/plugins/com.st.stm32cube.ide.mcu.externaltools.gnu-tools-for-stm32.10.3-2021.10.linux64_1.0.100.202210260954/tools/bin/../lib/gcc/arm-none-eabi/10.3.1/../../../../arm-none-eabi/lib/thumb/v7e-m/nofp/libc_nano.a(lib_a-strlen.o)
                              ./Src/nRF24L01_Rx.o (strlen)
/home/naveen/st/stm32cubeide_1.11.2/plugins/com.st.stm32cube.ide.mcu.externaltools.gnu-tools-for-stm32.10.3-2021.10.linux64_1.0.100.202210260954/tools/bin/../lib/gcc/arm-none-eabi/10.3.1/../../../../arm-none-eabi/lib/thumb/v7e-m/nofp/libc_nano.a(lib_a-wbuf.o)
                              /home/naveen/st/stm32cubeide_1.11.2/plugins/com.st.stm32cube.ide.mcu.externaltools.gnu-tools-for-stm32.10.3-2021.10.linux64_1.0.100.202210260954/tools/bin/../lib/gcc/arm-none-eabi/10.3.1/../../../../arm-none-eabi/lib/thumb/v7e-m/nofp/libc_nano.a(lib_a-puts.o) (__swbuf_r)
/home/naveen/st/stm32cubeide_1.11.2/plugins/com.st.stm32cube.ide.mcu.externaltools.gnu-tools-for-stm32.10.3-2021.10.linux64_1.0.100.202210260954/tools/bin/../lib/gcc/arm-none-eabi/10.3.1/../../../../arm-none-eabi/lib/thumb/v7e-m/nofp/libc_nano.a(lib_a-wsetup.o)
[...]
Memory Configuration

Name             Origin             Length             Attributes
CCMRAM           0x0000000010000000 0x0000000000010000 xrw
RAM              0x0000000020000000 0x0000000000020000 xrw
FLASH            0x0000000008000000 0x0000000000100000 xr
*default*        0x0000000000000000 0xffffffffffffffff

Linker script and memory map

LOAD /home/naveen/st/stm32cubeide_1.11.2/plugins/com.st.stm32cube.ide.mcu.externaltools.gnu-tools-for-stm32.10.3-2021.10.linux64_1.0.100.202210260954/tools/bin/../lib/gcc/arm-none-eabi/10.3.1/thumb/v7e-m/nofp/crti.o
LOAD /home/naveen/st/stm32cubeide_1.11.2/plugins/com.st.stm32cube.ide.mcu.externaltools.gnu-tools-for-stm32.10.3-2021.10.linux64_1.0.100.202210260954/tools/bin/../lib/gcc/arm-none-eabi/10.3.1/thumb/v7e-m/nofp/crtbegin.o
LOAD /home/naveen/st/stm32cubeide_1.11.2/plugins/com.st.stm32cube.ide.mcu.externaltools.gnu-tools-for-stm32.10.3-2021.10.linux64_1.0.100.202210260954/tools/bin/../lib/gcc/arm-none-eabi/10.3.1/../../../../arm-none-eabi/lib/thumb/v7e-m/nofp/crt0.o
LOAD ./Driver/Src/common_utilities.o
LOAD ./Driver/Src/dma_driver.o
LOAD ./Driver/Src/external_interrupt_config.o
LOAD ./Driver/Src/general_purpose_timer.o
LOAD ./Driver/Src/gpio_driver.o
LOAD ./Driver/Src/i2c_driver.o
LOAD ./Driver/Src/spi_driver.o
LOAD ./Driver/Src/stm32f4xx.o
LOAD ./Driver/Src/timer_driver.o
LOAD ./Driver/Src/usart_driver.o
LOAD ./Src/nRF24L01_Rx.o
LOAD ./Src/syscalls.o
LOAD ./Src/sysmem.o
LOAD ./Startup/startup_stm32f407vgtx.o
START GROUP
LOAD /home/naveen/st/stm32cubeide_1.11.2/plugins/com.st.stm32cube.ide.mcu.externaltools.gnu-tools-for-stm32.10.3-2021.10.linux64_1.0.100.202210260954/tools/bin/../lib/gcc/arm-none-eabi/10.3.1/../../../../arm-none-eabi/lib/thumb/v7e-m/nofp/libc_nano.a
LOAD /home/naveen/st/stm32cubeide_1.11.2/plugins/com.st.stm32cube.ide.mcu.externaltools.gnu-tools-for-stm32.10.3-2021.10.linux64_1.0.100.202210260954/tools/bin/../lib/gcc/arm-none-eabi/10.3.1/../../../../arm-none-eabi/lib/thumb/v7e-m/nofp/libm.a
END GROUP
START GROUP
LOAD /home/naveen/st/stm32cubeide_1.11.2/plugins/com.st.stm32cube.ide.mcu.externaltools.gnu-tools-for-stm32.10.3-2021.10.linux64_1.0.100.202210260954/tools/bin/../lib/gcc/arm-none-eabi/10.3.1/thumb/v7e-m/nofp/libgcc.a
LOAD /home/naveen/st/stm32cubeide_1.11.2/plugins/com.st.stm32cube.ide.mcu.externaltools.gnu-tools-for-stm32.10.3-2021.10.linux64_1.0.100.202210260954/tools/bin/../lib/gcc/arm-none-eabi/10.3.1/../../../../arm-none-eabi/lib/thumb/v7e-m/nofp/libc_nano.a
END GROUP
START GROUP
LOAD /home/naveen/st/stm32cubeide_1.11.2/plugins/com.st.stm32cube.ide.mcu.externaltools.gnu-tools-for-stm32.10.3-2021.10.linux64_1.0.100.202210260954/tools/bin/../lib/gcc/arm-none-eabi/10.3.1/thumb/v7e-m/nofp/libgcc.a
LOAD /home/naveen/st/stm32cubeide_1.11.2/plugins/com.st.stm32cube.ide.mcu.externaltools.gnu-tools-for-stm32.10.3-2021.10.linux64_1.0.100.202210260954/tools/bin/../lib/gcc/arm-none-eabi/10.3.1/../../../../arm-none-eabi/lib/thumb/v7e-m/nofp/libc_nano.a
LOAD /home/naveen/st/stm32cubeide_1.11.2/plugins/com.st.stm32cube.ide.mcu.externaltools.gnu-tools-for-stm32.10.3-2021.10.linux64_1.0.100.202210260954/tools/bin/../lib/gcc/arm-none-eabi/10.3.1/../../../../arm-none-eabi/lib/thumb/v7e-m/nofp/libnosys.a
END GROUP
START GROUP
LOAD /home/naveen/st/stm32cubeide_1.11.2/plugins/com.st.stm32cube.ide.mcu.externaltools.gnu-tools-for-stm32.10.3-2021.10.linux64_1.0.100.202210260954/tools/bin/../lib/gcc/arm-none-eabi/10.3.1/thumb/v7e-m/nofp/libgcc.a
LOAD /home/naveen/st/stm32cubeide_1.11.2/plugins/com.st.stm32cube.ide.mcu.externaltools.gnu-tools-for-stm32.10.3-2021.10.linux64_1.0.100.202210260954/tools/bin/../lib/gcc/arm-none-eabi/10.3.1/../../../../arm-none-eabi/lib/thumb/v7e-m/nofp/libc_nano.a
LOAD /home/naveen/st/stm32cubeide_1.11.2/plugins/com.st.stm32cube.ide.mcu.externaltools.gnu-tools-for-stm32.10.3-2021.10.linux64_1.0.100.202210260954/tools/bin/../lib/gcc/arm-none-eabi/10.3.1/../../../../arm-none-eabi/lib/thumb/v7e-m/nofp/libnosys.a
END GROUP
LOAD /home/naveen/st/stm32cubeide_1.11.2/plugins/com.st.stm32cube.ide.mcu.externaltools.gnu-tools-for-stm32.10.3-2021.10.linux64_1.0.100.202210260954/tools/bin/../lib/gcc/arm-none-eabi/10.3.1/thumb/v7e-m/nofp/crtend.o
LOAD /home/naveen/st/stm32cubeide_1.11.2/plugins/com.st.stm32cube.ide.mcu.externaltools.gnu-tools-for-stm32.10.3-2021.10.linux64_1.0.100.202210260954/tools/bin/../lib/gcc/arm-none-eabi/10.3.1/thumb/v7e-m/nofp/crtn.o
                0x0000000020020000                _estack = (ORIGIN (RAM) + LENGTH (RAM))
                0x0000000000000200                _Min_Heap_Size = 0x200
                0x0000000000000400                _Min_Stack_Size = 0x400

.isr_vector     0x0000000008000000      0x1a8
                0x0000000008000000                . = ALIGN (0x4)
 *(.isr_vector)
 .isr_vector    0x0000000008000000      0x1a8 ./Startup/startup_stm32f407vgtx.o
                0x0000000008000000                g_pfnVectors
                0x00000000080001a8                . = ALIGN (0x4)

.text           0x00000000080001b0     0x2cf0
                0x00000000080001b0                . = ALIGN (0x4)
 *(.text)
 .text          0x00000000080001b0       0x40 /home/naveen/st/stm32cubeide_1.11.2/plugins/com.st.stm32cube.ide.mcu.externaltools.gnu-tools-for-stm32.10.3-2021.10.linux64_1.0.100.202210260954/tools/bin/../lib/gcc/arm-none-eabi/10.3.1/thumb/v7e-m/nofp/crtbegin.o
 .text          0x00000000080001f0       0x10 /home/naveen/st/stm32cubeide_1.11.2/plugins/com.st.stm32cube.ide.mcu.externaltools.gnu-tools-for-stm32.10.3-2021.10.linux64_1.0.100.202210260954/tools/bin/../lib/gcc/arm-none-eabi/10.3.1/../../../../arm-none-eabi/lib/thumb/v7e-m/nofp/libc_nano.a(lib_a-strlen.o)
                0x00000000080001f0                strlen
 .text          0x0000000008000200       0xa0 /home/naveen/st/stm32cubeide_1.11.2/plugins/com.st.stm32cube.ide.mcu.externaltools.gnu-tools-for-stm32.10.3-2021.10.linux64_1.0.100.202210260954/tools/bin/../lib/gcc/arm-none-eabi/10.3.1/../../../../arm-none-eabi/lib/thumb/v7e-m/nofp/libc_nano.a(lib_a-memchr.o)
                0x0000000008000200                memchr
 *(.text*)
 .text.delay_us
                0x00000000080002a0       0x30 ./Driver/Src/common_utilities.o
                0x00000000080002a0                delay_us
 .text.configure_delay_timer
                0x00000000080002d0       0x44 ./Driver/Src/common_utilities.o
                0x00000000080002d0                configure_delay_timer
 .text.configure_external_interrupt
                0x0000000008000314       0xb4 ./Driver/Src/external_interrupt_config.o
                0x0000000008000314                configure_external_interrupt
 .text.gpio_port_name_to_num
                0x00000000080003c8       0xb4 ./Driver/Src/external_interrupt_config.o
 .text.General_Purpose_Timer_Init
                0x000000000800047c      0x450 ./Driver/Src/general_purpose_timer.o
                0x000000000800047c                General_Purpose_Timer_Init
 .text.General_Purpose_Timer_PeripheralEnable
                0x00000000080008cc       0x22 ./Driver/Src/general_purpose_timer.o
                0x00000000080008cc                General_Purpose_Timer_PeripheralEnable
 .text.GPIOSetMode
                0x00000000080008ee       0x48 ./Driver/Src/gpio_driver.o
                0x00000000080008ee                GPIOSetMode
 .text.GPIOWritePin
                0x0000000008000936       0x44 ./Driver/Src/gpio_driver.o
                0x0000000008000936                GPIOWritePin
 .text.GPIOSetAltFn
                0x000000000800097a       0x72 ./Driver/Src/gpio_driver.o
                0x000000000800097a                GPIOSetAltFn
 .text.GPIOSetOutputType
                0x00000000080009ec       0x44 ./Driver/Src/gpio_driver.o
                0x00000000080009ec                GPIOSetOutputType
 .text.GPIOSetPullUpDownConfig
                0x0000000008000a30       0x48 ./Driver/Src/gpio_driver.o
                0x0000000008000a30                GPIOSetPullUpDownConfig
 .text.GPIOSetOutputSpeed
                0x0000000008000a78       0x48 ./Driver/Src/gpio_driver.o
                0x0000000008000a78                GPIOSetOutputSpeed
 .text.SPIPeriConfig
                0x0000000008000ac0       0xf6 ./Driver/Src/spi_driver.o
                0x0000000008000ac0                SPIPeriConfig
 .text.SPIEnable
                0x0000000008000bb6       0x22 ./Driver/Src/spi_driver.o
                0x0000000008000bb6                SPIEnable
 .text.SPIGetFlags
                0x0000000008000bd8       0x2c ./Driver/Src/spi_driver.o
                0x0000000008000bd8                SPIGetFlags
 .text.SPISendData
                0x0000000008000c04       0x5a ./Driver/Src/spi_driver.o
                0x0000000008000c04                SPISendData
 .text.SPIMasterRecvData
                0x0000000008000c5e       0x94 ./Driver/Src/spi_driver.o
                0x0000000008000c5e                SPIMasterRecvData
 *fill*         0x0000000008000cf2        0x2 
 .text.EnablePeriClk
                0x0000000008000cf4      0x388 ./Driver/Src/stm32f4xx.o
                0x0000000008000cf4                EnablePeriClk
 .text.NVIC_EnableIRQ
                0x000000000800107c       0x44 ./Driver/Src/stm32f4xx.o
                0x000000000800107c                NVIC_EnableIRQ
 .text.USART_Init
                0x00000000080010c0      0x200 ./Driver/Src/usart_driver.o
                0x00000000080010c0                USART_Init
 .text.USART_PeripheralEnable
                0x00000000080012c0       0x22 ./Driver/Src/usart_driver.o
                0x00000000080012c0                USART_PeripheralEnable
 .text.USART_GetFlagStatus
                0x00000000080012e2       0x2a ./Driver/Src/usart_driver.o
                0x00000000080012e2                USART_GetFlagStatus
 .text.USART_SendData
                0x000000000800130c       0x54 ./Driver/Src/usart_driver.o
                0x000000000800130c                USART_SendData
 .text.USART_SetBaudRate
                0x0000000008001360       0x22 ./Driver/Src/usart_driver.o
                0x0000000008001360                USART_SetBaudRate
 *fill*         0x0000000008001382        0x2 
 .text.main     0x0000000008001384       0xec ./Src/nRF24L01_Rx.o
                0x0000000008001384                main
 .text.configure_spi
                0x0000000008001470       0xa4 ./Src/nRF24L01_Rx.o
                0x0000000008001470                configure_spi
 .text.configure_nrf_radio
                0x0000000008001514      0x304 ./Src/nRF24L01_Rx.o
                0x0000000008001514                configure_nrf_radio
 .text.nrf_radio_transmit_packet
                0x0000000008001818       0x5c ./Src/nRF24L01_Rx.o
                0x0000000008001818                nrf_radio_transmit_packet
 .text.nrf_radio_receive_packet_callback
                0x0000000008001874       0x40 ./Src/nRF24L01_Rx.o
                0x0000000008001874                nrf_radio_receive_packet_callback
 .text.nrf_radio_interrupt_callback
                0x00000000080018b4       0x9c ./Src/nRF24L01_Rx.o
                0x00000000080018b4                nrf_radio_interrupt_callback
 .text.nrf_radio_get_status_register
                0x0000000008001950       0x58 ./Src/nRF24L01_Rx.o
                0x0000000008001950                nrf_radio_get_status_register
 .text.nrf_radio_get_interrupt_source
                0x00000000080019a8       0x46 ./Src/nRF24L01_Rx.o
                0x00000000080019a8                nrf_radio_get_interrupt_source
 *fill*         0x00000000080019ee        0x2 
 .text.nrf_radio_retreive_packet_from_fifo
                0x00000000080019f0       0x84 ./Src/nRF24L01_Rx.o
                0x00000000080019f0                nrf_radio_retreive_packet_from_fifo
 .text.nrf_radio_get_rx_packet_length
                0x0000000008001a74       0x60 ./Src/nRF24L01_Rx.o
                0x0000000008001a74                nrf_radio_get_rx_packet_length
 .text.nrf_radio_send_packet_to_fifo
                0x0000000008001ad4       0x74 ./Src/nRF24L01_Rx.o
                0x0000000008001ad4                nrf_radio_send_packet_to_fifo
 .text.nrf_radio_cmd_write
                0x0000000008001b48       0x3c ./Src/nRF24L01_Rx.o
                0x0000000008001b48                nrf_radio_cmd_write
 .text.configure_uart
                0x0000000008001b84       0xbc ./Src/nRF24L01_Rx.o
                0x0000000008001b84                configure_uart
 .text.UART_SendChar
                0x0000000008001c40       0x24 ./Src/nRF24L01_Rx.o
                0x0000000008001c40                UART_SendChar
 .text.configure_radio_interrupts
                0x0000000008001c64        0xc ./Src/nRF24L01_Rx.o
                0x0000000008001c64                configure_radio_interrupts
 .text.EXTI0_IRQHandler
                0x0000000008001c70       0x28 ./Src/nRF24L01_Rx.o
                0x0000000008001c70                EXTI0_IRQHandler
 .text._read    0x0000000008001c98       0x3a ./Src/syscalls.o
                0x0000000008001c98                _read
 .text._write   0x0000000008001cd2       0x38 ./Src/syscalls.o
                0x0000000008001cd2                _write
 .text._close   0x0000000008001d0a       0x16 ./Src/syscalls.o
                0x0000000008001d0a                _close
 .text._fstat   0x0000000008001d20       0x1e ./Src/syscalls.o
                0x0000000008001d20                _fstat
 .text._isatty  0x0000000008001d3e       0x14 ./Src/syscalls.o
                0x0000000008001d3e                _isatty
 .text._lseek   0x0000000008001d52       0x18 ./Src/syscalls.o
                0x0000000008001d52                _lseek
 *fill*         0x0000000008001d6a        0x2 
 .text._sbrk    0x0000000008001d6c       0x6c ./Src/sysmem.o
                0x0000000008001d6c                _sbrk
 .text.Reset_Handler
                0x0000000008001dd8       0x50 ./Startup/startup_stm32f407vgtx.o
                0x0000000008001dd8                Reset_Handler
 .text.Default_Handler
                0x0000000008001e28        0x2 ./Startup/startup_stm32f407vgtx.o
                0x0000000008001e28                RTC_Alarm_IRQHandler
                0x0000000008001e28                HASH_RNG_IRQHandler
                0x0000000008001e28                EXTI2_IRQHandler
                0x0000000008001e28                TIM8_CC_IRQHandler
                0x0000000008001e28                DebugMon_Handler
                0x0000000008001e28                TIM1_CC_IRQHandler
                0x0000000008001e28                DMA2_Stream5_IRQHandler
                0x0000000008001e28                HardFault_Handler
                0x0000000008001e28                DMA1_Stream5_IRQHandler
                0x0000000008001e28                SysTick_Handler
                0x0000000008001e28                PVD_IRQHandler
                0x0000000008001e28                SDIO_IRQHandler
                0x0000000008001e28                TAMP_STAMP_IRQHandler
                0x0000000008001e28                PendSV_Handler
                0x0000000008001e28                NMI_Handler
                0x0000000008001e28                CAN2_RX1_IRQHandler
                0x0000000008001e28                EXTI3_IRQHandler
                0x0000000008001e28                TIM8_TRG_COM_TIM14_IRQHandler
                0x0000000008001e28                TIM1_UP_TIM10_IRQHandler
                0x0000000008001e28                TIM8_UP_TIM13_IRQHandler
                0x0000000008001e28                I2C3_ER_IRQHandler
                0x0000000008001e28                LCD_TFT_IRQHandler
                0x0000000008001e28                I2C2_EV_IRQHandler
                0x0000000008001e28                DMA1_Stream2_IRQHandler
                0x0000000008001e28                CAN1_RX0_IRQHandler
                0x0000000008001e28                FPU_IRQHandler
                0x0000000008001e28                OTG_HS_WKUP_IRQHandler
                0x0000000008001e28                UsageFault_Handler
                0x0000000008001e28                CAN2_SCE_IRQHandler
                0x0000000008001e28                DMA2_Stream2_IRQHandler
                0x0000000008001e28                SPI1_IRQHandler
                0x0000000008001e28                TIM6_DAC_IRQHandler
                0x0000000008001e28                TIM1_BRK_TIM9_IRQHandler
                0x0000000008001e28                DCMI_IRQHandler
                0x0000000008001e28                CAN2_RX0_IRQHandler
                0x0000000008001e28                DMA2_Stream3_IRQHandler
                0x0000000008001e28                USART6_IRQHandler
                0x0000000008001e28                USART3_IRQHandler
                0x0000000008001e28                CRYP_IRQHandler
                0x0000000008001e28                CAN1_RX1_IRQHandler
                0x0000000008001e28                UART5_IRQHandler
                0x0000000008001e28                DMA2_Stream0_IRQHandler
                0x0000000008001e28                TIM4_IRQHandler
                0x0000000008001e28                I2C1_EV_IRQHandler
                0x0000000008001e28                DMA1_Stream6_IRQHandler
                0x0000000008001e28                DMA1_Stream1_IRQHandler
                0x0000000008001e28                UART4_IRQHandler
                0x0000000008001e28                LCD_TFT_1_IRQHandler
                0x0000000008001e28                TIM3_IRQHandler
                0x0000000008001e28                RCC_IRQHandler
                0x0000000008001e28                TIM8_BRK_TIM12_IRQHandler
                0x0000000008001e28                Default_Handler
                0x0000000008001e28                EXTI15_10_IRQHandler
                0x0000000008001e28                ADC_IRQHandler
                0x0000000008001e28                DMA1_Stream7_IRQHandler
                0x0000000008001e28                TIM7_IRQHandler
                0x0000000008001e28                CAN2_TX_IRQHandler
                0x0000000008001e28                TIM5_IRQHandler
                0x0000000008001e28                DMA2_Stream7_IRQHandler
                0x0000000008001e28                I2C3_EV_IRQHandler
                0x0000000008001e28                EXTI9_5_IRQHandler
                0x0000000008001e28                RTC_WKUP_IRQHandler
                0x0000000008001e28                ETH_WKUP_IRQHandler
                0x0000000008001e28                SPI2_IRQHandler
                0x0000000008001e28                OTG_HS_EP1_IN_IRQHandler
                0x0000000008001e28                MemManage_Handler
                0x0000000008001e28                DMA1_Stream0_IRQHandler
                0x0000000008001e28                CAN1_TX_IRQHandler
                0x0000000008001e28                SVC_Handler
                0x0000000008001e28                EXTI4_IRQHandler
                0x0000000008001e28                FSMC_IRQHandler
                0x0000000008001e28                ETH_IRQHandler
                0x0000000008001e28                OTG_HS_EP1_OUT_IRQHandler
                0x0000000008001e28                WWDG_IRQHandler
                0x0000000008001e28                TIM2_IRQHandler
                0x0000000008001e28                OTG_FS_WKUP_IRQHandler
                0x0000000008001e28                TIM1_TRG_COM_TIM11_IRQHandler
                0x0000000008001e28                OTG_HS_IRQHandler
                0x0000000008001e28                EXTI1_IRQHandler
                0x0000000008001e28                USART2_IRQHandler
                0x0000000008001e28                I2C2_ER_IRQHandler
                0x0000000008001e28                DMA2_Stream1_IRQHandler
                0x0000000008001e28                CAN1_SCE_IRQHandler
                0x0000000008001e28                DMA2_Stream4_IRQHandler
                0x0000000008001e28                BusFault_Handler
                0x0000000008001e28                USART1_IRQHandler
                0x0000000008001e28                OTG_FS_IRQHandler
                0x0000000008001e28                SPI3_IRQHandler
                0x0000000008001e28                DMA1_Stream4_IRQHandler
                0x0000000008001e28                I2C1_ER_IRQHandler
                0x0000000008001e28                DMA2_Stream6_IRQHandler
                0x0000000008001e28                DMA1_Stream3_IRQHandler
 *fill*         0x0000000008001e2a        0x2 
 .text.__errno  0x0000000008001e2c        0xc /home/naveen/st/stm32cubeide_1.11.2/plugins/com.st.stm32cube.ide.mcu.externaltools.gnu-tools-for-stm32.10.3-2021.10.linux64_1.0.100.202210260954/tools/bin/../lib/gcc/arm-none-eabi/10.3.1/../../../../arm-none-eabi/lib/thumb/v7e-m/nofp/libc_nano.a(lib_a-errno.o)
                0x0000000008001e2c                __errno
 .text.__libc_init_array
                0x0000000008001e38       0x48 /home/naveen/st/stm32cubeide_1.11.2/plugins/com.st.stm32cube.ide.mcu.externaltools.gnu-tools-for-stm32.10.3-2021.10.linux64_1.0.100.202210260954/tools/bin/../lib/gcc/arm-none-eabi/10.3.1/../../../../arm-none-eabi/lib/thumb/v7e-m/nofp/libc_nano.a(lib_a-init.o)
                0x0000000008001e38                __libc_init_array
 .text.memset   0x0000000008001e80       0x10 /home/naveen/st/stm32cubeide_1.11.2/plugins/com.st.stm32cube.ide.mcu.externaltools.gnu-tools-for-stm32.10.3-2021.10.linux64_1.0.100.202210260954/tools/bin/../lib/gcc/arm-none-eabi/10.3.1/../../../../arm-none-eabi/lib/thumb/v7e-m/nofp/libc_nano.a(lib_a-memset.o)
                0x0000000008001e80                memset
 .text.printf   0x0000000008001e90       0x30 /home/naveen/st/stm32cubeide_1.11.2/plugins/com.st.stm32cube.ide.mcu.externaltools.gnu-tools-for-stm32.10.3-2021.10.linux64_1.0.100.202210260954/tools/bin/../lib/gcc/arm-none-eabi/10.3.1/../../../../arm-none-eabi/lib/thumb/v7e-m/nofp/libc_nano.a(lib_a-printf.o)
                0x0000000008001e90                printf
                0x0000000008001e90                iprintf
 .text._puts_r  0x0000000008001ec0       0xdc /home/naveen/st/stm32cubeide_1.11.2/plugins/com.st.stm32cube.ide.mcu.externaltools.gnu-tools-for-stm32.10.3-2021.10.linux64_1.0.100.202210260954/tools/bin/../lib/gcc/arm-none-eabi/10.3.1/../../../../arm-none-eabi/lib/thumb/v7e-m/nofp/libc_nano.a(lib_a-puts.o)
                0x0000000008001ec0                _puts_r
 .text.puts     0x0000000008001f9c       0x10 /home/naveen/st/stm32cubeide_1.11.2/plugins/com.st.stm32cube.ide.mcu.externaltools.gnu-tools-for-stm32.10.3-2021.10.linux64_1.0.100.202210260954/tools/bin/../lib/gcc/arm-none-eabi/10.3.1/../../../../arm-none-eabi/lib/thumb/v7e-m/nofp/libc_nano.a(lib_a-puts.o)
                0x0000000008001f9c                puts
 .text.__swbuf_r
                0x0000000008001fac       0xa4 /home/naveen/st/stm32cubeide_1.11.2/plugins/com.st.stm32cube.ide.mcu.externaltools.gnu-tools-for-stm32.10.3-2021.10.linux64_1.0.100.202210260954/tools/bin/../lib/gcc/arm-none-eabi/10.3.1/../../../../arm-none-eabi/lib/thumb/v7e-m/nofp/libc_nano.a(lib_a-wbuf.o)
                0x0000000008001fac                __swbuf_r
 .text.__swsetup_r
                0x0000000008002050       0xdc /home/naveen/st/stm32cubeide_1.11.2/plugins/com.st.stm32cube.ide.mcu.externaltools.gnu-tools-for-stm32.10.3-2021.10.linux64_1.0.100.202210260954/tools/bin/../lib/gcc/arm-none-eabi/10.3.1/../../../../arm-none-eabi/lib/thumb/v7e-m/nofp/libc_nano.a(lib_a-wsetup.o)
                0x0000000008002050                __swsetup_r
 .text.__sflush_r
                0x000000000800212c      0x104 /home/naveen/st/stm32cubeide_1.11.2/plugins/com.st.stm32cube.ide.mcu.externaltools.gnu-tools-for-stm32.10.3-2021.10.linux64_1.0.100.202210260954/tools/bin/../lib/gcc/arm-none-eabi/10.3.1/../../../../arm-none-eabi/lib/thumb/v7e-m/nofp/libc_nano.a(lib_a-fflush.o)
                0x000000000800212c                __sflush_r
 .text._fflush_r
                0x0000000008002230       0x78 /home/naveen/st/stm32cubeide_1.11.2/plugins/com.st.stm32cube.ide.mcu.externaltools.gnu-tools-for-stm32.10.3-2021.10.linux64_1.0.100.202210260954/tools/bin/../lib/gcc/arm-none-eabi/10.3.1/../../../../arm-none-eabi/lib/thumb/v7e-m/nofp/libc_nano.a(lib_a-fflush.o)
                0x0000000008002230                _fflush_r
 .text.std      0x00000000080022a8       0x48 /home/naveen/st/stm32cubeide_1.11.2/plugins/com.st.stm32cube.ide.mcu.externaltools.gnu-tools-for-stm32.10.3-2021.10.linux64_1.0.100.202210260954/tools/bin/../lib/gcc/arm-none-eabi/10.3.1/../../../../arm-none-eabi/lib/thumb/v7e-m/nofp/libc_nano.a(lib_a-findfp.o)
 .text._cleanup_r
                0x00000000080022f0        0xc /home/naveen/st/stm32cubeide_1.11.2/plugins/com.st.stm32cube.ide.mcu.externaltools.gnu-tools-for-stm32.10.3-2021.10.linux64_1.0.100.202210260954/tools/bin/../lib/gcc/arm-none-eabi/10.3.1/../../../../arm-none-eabi/lib/thumb/v7e-m/nofp/libc_nano.a(lib_a-findfp.o)
                0x00000000080022f0                _cleanup_r
 .text.__sfmoreglue
                0x00000000080022fc       0x2c /home/naveen/st/stm32cubeide_1.11.2/plugins/com.st.stm32cube.ide.mcu.externaltools.gnu-tools-for-stm32.10.3-2021.10.linux64_1.0.100.202210260954/tools/bin/../lib/gcc/arm-none-eabi/10.3.1/../../../../arm-none-eabi/lib/thumb/v7e-m/nofp/libc_nano.a(lib_a-findfp.o)
                0x00000000080022fc                __sfmoreglue
 .text.__sfp_lock_acquire
                0x0000000008002328        0xc /home/naveen/st/stm32cubeide_1.11.2/plugins/com.st.stm32cube.ide.mcu.externaltools.gnu-tools-for-stm32.10.3-2021.10.linux64_1.0.100.202210260954/tools/bin/../lib/gcc/arm-none-eabi/10.3.1/../../../../arm-none-eabi/lib/thumb/v7e-m/nofp/libc_nano.a(lib_a-findfp.o)
                0x0000000008002328                __sfp_lock_acquire
 .text.__sfp_lock_release
                0x0000000008002334        0xc /home/naveen/st/stm32cubeide_1.11.2/plugins/com.st.stm32cube.ide.mcu.externaltools.gnu-tools-for-stm32.10.3-2021.10.linux64_1.0.100.202210260954/tools/bin/../lib/gcc/arm-none-eabi/10.3.1/../../../../arm-none-eabi/lib/thumb/v7e-m/nofp/libc_nano.a(lib_a-findfp.o)
                0x0000000008002334                __sfp_lock_release
 .text.__sinit_lock_acquire
                0x0000000008002340        0xc /home/naveen/st/stm32cubeide_1.11.2/plugins/com.st.stm32cube.ide.mcu.externaltools.gnu-tools-for-stm32.10.3-2021.10.linux64_1.0.100.202210260954/tools/bin/../lib/gcc/arm-none-eabi/10.3.1/../../../../arm-none-eabi/lib/thumb/v7e-m/nofp/libc_nano.a(lib_a-findfp.o)
                0x0000000008002340                __sinit_lock_acquire
 .text.__sinit_lock_release
                0x000000000800234c        0xc /home/naveen/st/stm32cubeide_1.11.2/plugins/com.st.stm32cube.ide.mcu.externaltools.gnu-tools-for-stm32.10.3-2021.10.linux64_1.0.100.202210260954/tools/bin/../lib/gcc/arm-none-eabi/10.3.1/../../../../arm-none-eabi/lib/thumb/v7e-m/nofp/libc_nano.a(lib_a-findfp.o)
                0x000000000800234c                __sinit_lock_release
 .text.__sinit  0x0000000008002358       0x70 /home/naveen/st/stm32cubeide_1.11.2/plugins/com.st.stm32cube.ide.mcu.externaltools.gnu-tools-for-stm32.10.3-2021.10.linux64_1.0.100.202210260954/tools/bin/../lib/gcc/arm-none-eabi/10.3.1/../../../../arm-none-eabi/lib/thumb/v7e-m/nofp/libc_nano.a(lib_a-findfp.o)
                0x0000000008002358                __sinit
 .text.__sfp    0x00000000080023c8       0x8c /home/naveen/st/stm32cubeide_1.11.2/plugins/com.st.stm32cube.ide.mcu.externaltools.gnu-tools-for-stm32.10.3-2021.10.linux64_1.0.100.202210260954/tools/bin/../lib/gcc/arm-none-eabi/10.3.1/../../../../arm-none-eabi/lib/thumb/v7e-m/nofp/libc_nano.a(lib_a-findfp.o)
                0x00000000080023c8                __sfp
 .text._fwalk_reent
                0x0000000008002454       0x3e /home/naveen/st/stm32cubeide_1.11.2/plugins/com.st.stm32cube.ide.mcu.externaltools.gnu-tools-for-stm32.10.3-2021.10.linux64_1.0.100.202210260954/tools/bin/../lib/gcc/arm-none-eabi/10.3.1/../../../../arm-none-eabi/lib/thumb/v7e-m/nofp/libc_nano.a(lib_a-fwalk.o)
                0x0000000008002454                _fwalk_reent
 .text.__retarget_lock_init_recursive
                0x0000000008002492        0x2 /home/naveen/st/stm32cubeide_1.11.2/plugins/com.st.stm32cube.ide.mcu.externaltools.gnu-tools-for-stm32.10.3-2021.10.linux64_1.0.100.202210260954/tools/bin/../lib/gcc/arm-none-eabi/10.3.1/../../../../arm-none-eabi/lib/thumb/v7e-m/nofp/libc_nano.a(lib_a-lock.o)
                0x0000000008002492                __retarget_lock_init_recursive
 .text.__retarget_lock_acquire_recursive
                0x0000000008002494        0x2 /home/naveen/st/stm32cubeide_1.11.2/plugins/com.st.stm32cube.ide.mcu.externaltools.gnu-tools-for-stm32.10.3-2021.10.linux64_1.0.100.202210260954/tools/bin/../lib/gcc/arm-none-eabi/10.3.1/../../../../arm-none-eabi/lib/thumb/v7e-m/nofp/libc_nano.a(lib_a-lock.o)
                0x0000000008002494                __retarget_lock_acquire_recursive
 .text.__retarget_lock_release_recursive
                0x0000000008002496        0x2 /home/naveen/st/stm32cubeide_1.11.2/plugins/com.st.stm32cube.ide.mcu.externaltools.gnu-tools-for-stm32.10.3-2021.10.linux64_1.0.100.202210260954/tools/bin/../lib/gcc/arm-none-eabi/10.3.1/../../../../arm-none-eabi/lib/thumb/v7e-m/nofp/libc_nano.a(lib_a-lock.o)
                0x0000000008002496                __retarget_lock_release_recursive
 .text.__swhatbuf_r
                0x0000000008002498       0x4a /home/naveen/st/stm32cubeide_1.11.2/plugins/com.st.stm32cube.ide.mcu.externaltools.gnu-tools-for-stm32.10.3-2021.10.linux64_1.0.100.202210260954/tools/bin/../lib/gcc/arm-none-eabi/10.3.1/../../../../arm-none-eabi/lib/thumb/v7e-m/nofp/libc_nano.a(lib_a-makebuf.o)
                0x0000000008002498                __swhatbuf_r
 *fill*         0x00000000080024e2        0x2 
 .text.__smakebuf_r
                0x00000000080024e4       0x80 /home/naveen/st/stm32cubeide_1.11.2/plugins/com.st.stm32cube.ide.mcu.externaltools.gnu-tools-for-stm32.10.3-2021.10.linux64_1.0.100.202210260954/tools/bin/../lib/gcc/arm-none-eabi/10.3.1/../../../../arm-none-eabi/lib/thumb/v7e-m/nofp/libc_nano.a(lib_a-makebuf.o)
                0x00000000080024e4                __smakebuf_r
 .text._free_r  0x0000000008002564       0x94 /home/naveen/st/stm32cubeide_1.11.2/plugins/com.st.stm32cube.ide.mcu.externaltools.gnu-tools-for-stm32.10.3-2021.10.linux64_1.0.100.202210260954/tools/bin/../lib/gcc/arm-none-eabi/10.3.1/../../../../arm-none-eabi/lib/thumb/v7e-m/nofp/libc_nano.a(lib_a-nano-freer.o)
                0x0000000008002564                _free_r
 .text.sbrk_aligned
                0x00000000080025f8       0x40 /home/naveen/st/stm32cubeide_1.11.2/plugins/com.st.stm32cube.ide.mcu.externaltools.gnu-tools-for-stm32.10.3-2021.10.linux64_1.0.100.202210260954/tools/bin/../lib/gcc/arm-none-eabi/10.3.1/../../../../arm-none-eabi/lib/thumb/v7e-m/nofp/libc_nano.a(lib_a-nano-mallocr.o)
 .text._malloc_r
                0x0000000008002638       0xe8 /home/naveen/st/stm32cubeide_1.11.2/plugins/com.st.stm32cube.ide.mcu.externaltools.gnu-tools-for-stm32.10.3-2021.10.linux64_1.0.100.202210260954/tools/bin/../lib/gcc/arm-none-eabi/10.3.1/../../../../arm-none-eabi/lib/thumb/v7e-m/nofp/libc_nano.a(lib_a-nano-mallocr.o)
                0x0000000008002638                _malloc_r
 .text.__sfputc_r
                0x0000000008002720       0x2a /home/naveen/st/stm32cubeide_1.11.2/plugins/com.st.stm32cube.ide.mcu.externaltools.gnu-tools-for-stm32.10.3-2021.10.linux64_1.0.100.202210260954/tools/bin/../lib/gcc/arm-none-eabi/10.3.1/../../../../arm-none-eabi/lib/thumb/v7e-m/nofp/libc_nano.a(lib_a-nano-vfprintf.o)
 .text.__sfputs_r
                0x000000000800274a       0x24 /home/naveen/st/stm32cubeide_1.11.2/plugins/com.st.stm32cube.ide.mcu.externaltools.gnu-tools-for-stm32.10.3-2021.10.linux64_1.0.100.202210260954/tools/bin/../lib/gcc/arm-none-eabi/10.3.1/../../../../arm-none-eabi/lib/thumb/v7e-m/nofp/libc_nano.a(lib_a-nano-vfprintf.o)
                0x000000000800274a                __sfputs_r
 *fill*         0x000000000800276e        0x2 
 .text._vfprintf_r
                0x0000000008002770      0x260 /home/naveen/st/stm32cubeide_1.11.2/plugins/com.st.stm32cube.ide.mcu.externaltools.gnu-tools-for-stm32.10.3-2021.10.linux64_1.0.100.202210260954/tools/bin/../lib/gcc/arm-none-eabi/10.3.1/../../../../arm-none-eabi/lib/thumb/v7e-m/nofp/libc_nano.a(lib_a-nano-vfprintf.o)
                0x0000000008002770                _vfiprintf_r
                0x0000000008002770                _vfprintf_r
 .text._printf_common
                0x00000000080029d0       0xda /home/naveen/st/stm32cubeide_1.11.2/plugins/com.st.stm32cube.ide.mcu.externaltools.gnu-tools-for-stm32.10.3-2021.10.linux64_1.0.100.202210260954/tools/bin/../lib/gcc/arm-none-eabi/10.3.1/../../../../arm-none-eabi/lib/thumb/v7e-m/nofp/libc_nano.a(lib_a-nano-vfprintf_i.o)
                0x00000000080029d0                _printf_common
 *fill*         0x0000000008002aaa        0x2 
 .text._printf_i
                0x0000000008002aac      0x24c /home/naveen/st/stm32cubeide_1.11.2/plugins/com.st.stm32cube.ide.mcu.externaltools.gnu-tools-for-stm32.10.3-2021.10.linux64_1.0.100.202210260954/tools/bin/../lib/gcc/arm-none-eabi/10.3.1/../../../../arm-none-eabi/lib/thumb/v7e-m/nofp/libc_nano.a(lib_a-nano-vfprintf_i.o)
                0x0000000008002aac                _printf_i
 .text._sbrk_r  0x0000000008002cf8       0x20 /home/naveen/st/stm32cubeide_1.11.2/plugins/com.st.stm32cube.ide.mcu.externaltools.gnu-tools-for-stm32.10.3-2021.10.linux64_1.0.100.202210260954/tools/bin/../lib/gcc/arm-none-eabi/10.3.1/../../../../arm-none-eabi/lib/thumb/v7e-m/nofp/libc_nano.a(lib_a-sbrkr.o)
                0x0000000008002cf8                _sbrk_r
 .text.__sread  0x0000000008002d18       0x22 /home/naveen/st/stm32cubeide_1.11.2/plugins/com.st.stm32cube.ide.mcu.externaltools.gnu-tools-for-stm32.10.3-2021.10.linux64_1.0.100.202210260954/tools/bin/../lib/gcc/arm-none-eabi/10.3.1/../../../../arm-none-eabi/lib/thumb/v7e-m/nofp/libc_nano.a(lib_a-stdio.o)
                0x0000000008002d18                __sread
 .text.__swrite
                0x0000000008002d3a       0x38 /home/naveen/st/stm32cubeide_1.11.2/plugins/com.st.stm32cube.ide.mcu.externaltools.gnu-tools-for-stm32.10.3-2021.10.linux64_1.0.100.202210260954/tools/bin/../lib/gcc/arm-none-eabi/10.3.1/../../../../arm-none-eabi/lib/thumb/v7e-m/nofp/libc_nano.a(lib_a-stdio.o)
                0x0000000008002d3a                __swrite
 .text.__sseek  0x0000000008002d72       0x24 /home/naveen/st/stm32cubeide_1.11.2/plugins/com.st.stm32cube.ide.mcu.externaltools.gnu-tools-for-stm32.10.3-2021.10.linux64_1.0.100.202210260954/tools/bin/../lib/gcc/arm-none-eabi/10.3.1/../../../../arm-none-eabi/lib/thumb/v7e-m/nofp/libc_nano.a(lib_a-stdio.o)
                0x0000000008002d72                __sseek
 .text.__sclose
                0x0000000008002d96        0x8 /home/naveen/st/stm32cubeide_1.11.2/plugins/com.st.stm32cube.ide.mcu.externaltools.gnu-tools-for-stm32.10.3-2021.10.linux64_1.0.100.202210260954/tools/bin/../lib/gcc/arm-none-eabi/10.3.1/../../../../arm-none-eabi/lib/thumb/v7e-m/nofp/libc_nano.a(lib_a-stdio.o)
                0x0000000008002d96                __sclose
 *fill*         0x0000000008002d9e        0x2 
 .text._write_r
                0x0000000008002da0       0x24 /home/naveen/st/stm32cubeide_1.11.2/plugins/com.st.stm32cube.ide.mcu.externaltools.gnu-tools-for-stm32.10.3-2021.10.linux64_1.0.100.202210260954/tools/bin/../lib/gcc/arm-none-eabi/10.3.1/../../../../arm-none-eabi/lib/thumb/v7e-m/nofp/libc_nano.a(lib_a-writer.o)
                0x0000000008002da0                _write_r
 .text._close_r
                0x0000000008002dc4       0x20 /home/naveen/st/stm32cubeide_1.11.2/plugins/com.st.stm32cube.ide.mcu.externaltools.gnu-tools-for-stm32.10.3-2021.10.linux64_1.0.100.202210260954/tools/bin/../lib/gcc/arm-none-eabi/10.3.1/../../../../arm-none-eabi/lib/thumb/v7e-m/nofp/libc_nano.a(lib_a-closer.o)
                0x0000000008002dc4                _close_r
 .text._fstat_r
                0x0000000008002de4       0x24 /home/naveen/st/stm32cubeide_1.11.2/plugins/com.st.stm32cube.ide.mcu.externaltools.gnu-tools-for-stm32.10.3-2021.10.linux64_1.0.100.202210260954/tools/bin/../lib/gcc/arm-none-eabi/10.3.1/../../../../arm-none-eabi/lib/thumb/v7e-m/nofp/libc_nano.a(lib_a-fstatr.o)
                0x0000000008002de4                _fstat_r
 .text._isatty_r
                0x0000000008002e08       0x20 /home/naveen/st/stm32cubeide_1.11.2/plugins/com.st.stm32cube.ide.mcu.externaltools.gnu-tools-for-stm32.10.3-2021.10.linux64_1.0.100.202210260954/tools/bin/../lib/gcc/arm-none-eabi/10.3.1/../../../../arm-none-eabi/lib/thumb/v7e-m/nofp/libc_nano.a(lib_a-isattyr.o)
                0x0000000008002e08                _isatty_r
 .text._lseek_r
                0x0000000008002e28       0x24 /home/naveen/st/stm32cubeide_1.11.2/plugins/com.st.stm32cube.ide.mcu.externaltools.gnu-tools-for-stm32.10.3-2021.10.linux64_1.0.100.202210260954/tools/bin/../lib/gcc/arm-none-eabi/10.3.1/../../../../arm-none-eabi/lib/thumb/v7e-m/nofp/libc_nano.a(lib_a-lseekr.o)
                0x0000000008002e28                _lseek_r
 .text.__malloc_lock
                0x0000000008002e4c        0xc /home/naveen/st/stm32cubeide_1.11.2/plugins/com.st.stm32cube.ide.mcu.externaltools.gnu-tools-for-stm32.10.3-2021.10.linux64_1.0.100.202210260954/tools/bin/../lib/gcc/arm-none-eabi/10.3.1/../../../../arm-none-eabi/lib/thumb/v7e-m/nofp/libc_nano.a(lib_a-mlock.o)
                0x0000000008002e4c                __malloc_lock
 .text.__malloc_unlock
                0x0000000008002e58        0xc /home/naveen/st/stm32cubeide_1.11.2/plugins/com.st.stm32cube.ide.mcu.externaltools.gnu-tools-for-stm32.10.3-2021.10.linux64_1.0.100.202210260954/tools/bin/../lib/gcc/arm-none-eabi/10.3.1/../../../../arm-none-eabi/lib/thumb/v7e-m/nofp/libc_nano.a(lib_a-mlock.o)
                0x0000000008002e58                __malloc_unlock
 .text._read_r  0x0000000008002e64       0x24 /home/naveen/st/stm32cubeide_1.11.2/plugins/com.st.stm32cube.ide.mcu.externaltools.gnu-tools-for-stm32.10.3-2021.10.linux64_1.0.100.202210260954/tools/bin/../lib/gcc/arm-none-eabi/10.3.1/../../../../arm-none-eabi/lib/thumb/v7e-m/nofp/libc_nano.a(lib_a-readr.o)
                0x0000000008002e64                _read_r
 *(.glue_7)
 .glue_7        0x0000000008002e88        0x0 linker stubs
 *(.glue_7t)
 .glue_7t       0x0000000008002e88        0x0 linker stubs
 *(.eh_frame)
 .eh_frame      0x0000000008002e88        0x0 /home/naveen/st/stm32cubeide_1.11.2/plugins/com.st.stm32cube.ide.mcu.externaltools.gnu-tools-for-stm32.10.3-2021.10.linux64_1.0.100.202210260954/tools/bin/../lib/gcc/arm-none-eabi/10.3.1/thumb/v7e-m/nofp/crtbegin.o
 *(.init)
 .init          0x0000000008002e88        0x4 /home/naveen/st/stm32cubeide_1.11.2/plugins/com.st.stm32cube.ide.mcu.externaltools.gnu-tools-for-stm32.10.3-2021.10.linux64_1.0.100.202210260954/tools/bin/../lib/gcc/arm-none-eabi/10.3.1/thumb/v7e-m/nofp/crti.o
                0x0000000008002e88                _init
 .init          0x0000000008002e8c        0x8 /home/naveen/st/stm32cubeide_1.11.2/plugins/com.st.stm32cube.ide.mcu.externaltools.gnu-tools-for-stm32.10.3-2021.10.linux64_1.0.100.202210260954/tools/bin/../lib/gcc/arm-none-eabi/10.3.1/thumb/v7e-m/nofp/crtn.o
 *(.fini)
 .fini          0x0000000008002e94        0x4 /home/naveen/st/stm32cubeide_1.11.2/plugins/com.st.stm32cube.ide.mcu.externaltools.gnu-tools-for-stm32.10.3-2021.10.linux64_1.0.100.202210260954/tools/bin/../lib/gcc/arm-none-eabi/10.3.1/thumb/v7e-m/nofp/crti.o
                0x0000000008002e94                _fini
 .fini          0x0000000008002e98        0x8 /home/naveen/st/stm32cubeide_1.11.2/plugins/com.st.stm32cube.ide.mcu.externaltools.gnu-tools-for-stm32.10.3-2021.10.linux64_1.0.100.202210260954/tools/bin/../lib/gcc/arm-none-eabi/10.3.1/thumb/v7e-m/nofp/crtn.o
                0x0000000008002ea0                . = ALIGN (0x4)
                0x0000000008002ea0                _etext = .

.vfp11_veneer   0x0000000008002ea0        0x0
 .vfp11_veneer  0x0000000008002ea0        0x0 linker stubs

.v4_bx          0x0000000008002ea0        0x0
 .v4_bx         0x0000000008002ea0        0x0 linker stubs

.iplt           0x0000000008002ea0        0x0
 .iplt          0x0000000008002ea0        0x0 /home/naveen/st/stm32cubeide_1.11.2/plugins/com.st.stm32cube.ide.mcu.externaltools.gnu-tools-for-stm32.10.3-2021.10.linux64_1.0.100.202210260954/tools/bin/../lib/gcc/arm-none-eabi/10.3.1/thumb/v7e-m/nofp/crtbegin.o

.rodata         0x0000000008002ea0      0x130
                0x0000000008002ea0                . = ALIGN (0x4)
 *(.rodata)
 .rodata        0x0000000008002ea0       0x96 ./Src/nRF24L01_Rx.o
 *(.rodata*)
 *fill*         0x0000000008002f36        0x2 
 .rodata._global_impure_ptr
                0x0000000008002f38        0x4 /home/naveen/st/stm32cubeide_1.11.2/plugins/com.st.stm32cube.ide.mcu.externaltools.gnu-tools-for-stm32.10.3-2021.10.linux64_1.0.100.202210260954/tools/bin/../lib/gcc/arm-none-eabi/10.3.1/../../../../arm-none-eabi/lib/thumb/v7e-m/nofp/libc_nano.a(lib_a-impure.o)
                0x0000000008002f38                _global_impure_ptr
 .rodata.__sf_fake_stderr
                0x0000000008002f3c       0x20 /home/naveen/st/stm32cubeide_1.11.2/plugins/com.st.stm32cube.ide.mcu.externaltools.gnu-tools-for-stm32.10.3-2021.10.linux64_1.0.100.202210260954/tools/bin/../lib/gcc/arm-none-eabi/10.3.1/../../../../arm-none-eabi/lib/thumb/v7e-m/nofp/libc_nano.a(lib_a-findfp.o)
                0x0000000008002f3c                __sf_fake_stderr
 .rodata.__sf_fake_stdin
                0x0000000008002f5c       0x20 /home/naveen/st/stm32cubeide_1.11.2/plugins/com.st.stm32cube.ide.mcu.externaltools.gnu-tools-for-stm32.10.3-2021.10.linux64_1.0.100.202210260954/tools/bin/../lib/gcc/arm-none-eabi/10.3.1/../../../../arm-none-eabi/lib/thumb/v7e-m/nofp/libc_nano.a(lib_a-findfp.o)
                0x0000000008002f5c                __sf_fake_stdin
 .rodata.__sf_fake_stdout
                0x0000000008002f7c       0x20 /home/naveen/st/stm32cubeide_1.11.2/plugins/com.st.stm32cube.ide.mcu.externaltools.gnu-tools-for-stm32.10.3-2021.10.linux64_1.0.100.202210260954/tools/bin/../lib/gcc/arm-none-eabi/10.3.1/../../../../arm-none-eabi/lib/thumb/v7e-m/nofp/libc_nano.a(lib_a-findfp.o)
                0x0000000008002f7c                __sf_fake_stdout
 .rodata._vfprintf_r.str1.1
                0x0000000008002f9c       0x11 /home/naveen/st/stm32cubeide_1.11.2/plugins/com.st.stm32cube.ide.mcu.externaltools.gnu-tools-for-stm32.10.3-2021.10.linux64_1.0.100.202210260954/tools/bin/../lib/gcc/arm-none-eabi/10.3.1/../../../../arm-none-eabi/lib/thumb/v7e-m/nofp/libc_nano.a(lib_a-nano-vfprintf.o)
 .rodata._printf_i.str1.1
                0x0000000008002fad       0x22 /home/naveen/st/stm32cubeide_1.11.2/plugins/com.st.stm32cube.ide.mcu.externaltools.gnu-tools-for-stm32.10.3-2021.10.linux64_1.0.100.202210260954/tools/bin/../lib/gcc/arm-none-eabi/10.3.1/../../../../arm-none-eabi/lib/thumb/v7e-m/nofp/libc_nano.a(lib_a-nano-vfprintf_i.o)
                0x0000000008002fd0                . = ALIGN (0x4)
 *fill*         0x0000000008002fcf        0x1 

.rel.dyn        0x0000000008002fd0        0x0
 .rel.iplt      0x0000000008002fd0        0x0 /home/naveen/st/stm32cubeide_1.11.2/plugins/com.st.stm32cube.ide.mcu.externaltools.gnu-tools-for-stm32.10.3-2021.10.linux64_1.0.100.202210260954/tools/bin/../lib/gcc/arm-none-eabi/10.3.1/thumb/v7e-m/nofp/crtbegin.o

.ARM.extab      0x0000000008002fd0        0x0
                0x0000000008002fd0                . = ALIGN (0x4)
 *(.ARM.extab* .gnu.linkonce.armextab.*)
                0x0000000008002fd0                . = ALIGN (0x4)

.ARM            0x0000000008002fd0        0x0
                0x0000000008002fd0                . = ALIGN (0x4)
                0x0000000008002fd0                __exidx_start = .
 *(.ARM.exidx*)
                0x0000000008002fd0                __exidx_end = .
                0x0000000008002fd0                . = ALIGN (0x4)

.preinit_array  0x0000000008002fd0        0x0
                0x0000000008002fd0                . = ALIGN (0x4)
                0x0000000008002fd0                PROVIDE (__preinit_array_start = .)
 *(.preinit_array*)
                0x0000000008002fd0                PROVIDE (__preinit_array_end = .)
                0x0000000008002fd0                . = ALIGN (0x4)

.init_array     0x0000000008002fd0        0x4
                0x0000000008002fd0                . = ALIGN (0x4)
                0x0000000008002fd0                PROVIDE (__init_array_start = .)
 *(SORT_BY_NAME(.init_array.*))
 *(.init_array*)
 .init_array    0x0000000008002fd0        0x4 /home/naveen/st/stm32cubeide_1.11.2/plugins/com.st.stm32cube.ide.mcu.externaltools.gnu-tools-for-stm32.10.3-2021.10.linux64_1.0.100.202210260954/tools/bin/../lib/gcc/arm-none-eabi/10.3.1/thumb/v7e-m/nofp/crtbegin.o
                0x0000000008002fd4                PROVIDE (__init_array_end = .)
                0x0000000008002fd4                . = ALIGN (0x4)

.fini_array     0x0000000008002fd4        0x4
                0x0000000008002fd4                . = ALIGN (0x4)
                [!provide]                        PROVIDE (__fini_array_start = .)
 *(SORT_BY_NAME(.fini_array.*))
 *(.fini_array*)
 .fini_array    0x0000000008002fd4        0x4 /home/naveen/st/stm32cubeide_1.11.2/plugins/com.st.stm32cube.ide.mcu.externaltools.gnu-tools-for-stm32.10.3-2021.10.linux64_1.0.100.202210260954/tools/bin/../lib/gcc/arm-none-eabi/10.3.1/thumb/v7e-m/nofp/crtbegin.o
                [!provide]                        PROVIDE (__fini_array_end = .)
                0x0000000008002fd8                . = ALIGN (0x4)
                0x0000000008002fd8                _sidata = LOADADDR (.data)

.data           0x0000000020000000       0x84 load address 0x0000000008002fd8
                0x0000000020000000                . = ALIGN (0x4)
                0x0000000020000000                _sdata = .
 *(.data)
 *(.data*)
 .data.tx_buffer
                0x0000000020000000       0x20 ./Src/nRF24L01_Rx.o
                0x0000000020000000                tx_buffer
 .data._impure_ptr
                0x0000000020000020        0x4 /home/naveen/st/stm32cubeide_1.11.2/plugins/com.st.stm32cube.ide.mcu.externaltools.gnu-tools-for-stm32.10.3-2021.10.linux64_1.0.100.202210260954/tools/bin/../lib/gcc/arm-none-eabi/10.3.1/../../../../arm-none-eabi/lib/thumb/v7e-m/nofp/libc_nano.a(lib_a-impure.o)
                0x0000000020000020                _impure_ptr
 .data.impure_data
                0x0000000020000024       0x60 /home/naveen/st/stm32cubeide_1.11.2/plugins/com.st.stm32cube.ide.mcu.externaltools.gnu-tools-for-stm32.10.3-2021.10.linux64_1.0.100.202210260954/tools/bin/../lib/gcc/arm-none-eabi/10.3.1/../../../../arm-none-eabi/lib/thumb/v7e-m/nofp/libc_nano.a(lib_a-impure.o)
 *(.RamFunc)
 *(.RamFunc*)
                0x0000000020000084                . = ALIGN (0x4)
                0x0000000020000084                _edata = .
                0x000000000800305c                _siccmram = LOADADDR (.ccmram)

.igot.plt       0x0000000020000084        0x0 load address 0x000000000800305c
 .igot.plt      0x0000000020000084        0x0 /home/naveen/st/stm32cubeide_1.11.2/plugins/com.st.stm32cube.ide.mcu.externaltools.gnu-tools-for-stm32.10.3-2021.10.linux64_1.0.100.202210260954/tools/bin/../lib/gcc/arm-none-eabi/10.3.1/thumb/v7e-m/nofp/crtbegin.o

.ccmram         0x0000000010000000        0x0 load address 0x000000000800305c
                0x0000000010000000                . = ALIGN (0x4)
                0x0000000010000000                _sccmram = .
 *(.ccmram)
 *(.ccmram*)
                0x0000000010000000                . = ALIGN (0x4)
                0x0000000010000000                _eccmram = .
                0x0000000010000000                . = ALIGN (0x4)

.bss            0x0000000020000084       0xc0
                0x0000000020000084                _sbss = .
                0x0000000020000084                __bss_start__ = _sbss
 *(.bss)
 .bss           0x0000000020000084       0x1c /home/naveen/st/stm32cubeide_1.11.2/plugins/com.st.stm32cube.ide.mcu.externaltools.gnu-tools-for-stm32.10.3-2021.10.linux64_1.0.100.202210260954/tools/bin/../lib/gcc/arm-none-eabi/10.3.1/thumb/v7e-m/nofp/crtbegin.o
 *(.bss*)
 .bss.TIM2_Handle
                0x00000000200000a0       0x2c ./Driver/Src/common_utilities.o
                0x00000000200000a0                TIM2_Handle
 .bss.rx_buffer
                0x00000000200000cc       0x20 ./Src/nRF24L01_Rx.o
                0x00000000200000cc                rx_buffer
 .bss.cmd_buffer
                0x00000000200000ec       0x21 ./Src/nRF24L01_Rx.o
                0x00000000200000ec                cmd_buffer
 .bss.tx_packet_length
                0x000000002000010d        0x1 ./Src/nRF24L01_Rx.o
                0x000000002000010d                tx_packet_length
 .bss.rx_packet_length
                0x000000002000010e        0x1 ./Src/nRF24L01_Rx.o
                0x000000002000010e                rx_packet_length
 .bss.cmd_packet_length
                0x000000002000010f        0x1 ./Src/nRF24L01_Rx.o
                0x000000002000010f                cmd_packet_length
 .bss.nrf_packet_tx_state
                0x0000000020000110        0x1 ./Src/nRF24L01_Rx.o
                0x0000000020000110                nrf_packet_tx_state
 *fill*         0x0000000020000111        0x3 
 .bss.Test_USART
                0x0000000020000114       0x1c ./Src/nRF24L01_Rx.o
                0x0000000020000114                Test_USART
 .bss.__sbrk_heap_end
                0x0000000020000130        0x4 ./Src/sysmem.o
 .bss.__lock___malloc_recursive_mutex
                0x0000000020000134        0x1 /home/naveen/st/stm32cubeide_1.11.2/plugins/com.st.stm32cube.ide.mcu.externaltools.gnu-tools-for-stm32.10.3-2021.10.linux64_1.0.100.202210260954/tools/bin/../lib/gcc/arm-none-eabi/10.3.1/../../../../arm-none-eabi/lib/thumb/v7e-m/nofp/libc_nano.a(lib_a-lock.o)
                0x0000000020000134                __lock___malloc_recursive_mutex
 .bss.__lock___sfp_recursive_mutex
                0x0000000020000135        0x1 /home/naveen/st/stm32cubeide_1.11.2/plugins/com.st.stm32cube.ide.mcu.externaltools.gnu-tools-for-stm32.10.3-2021.10.linux64_1.0.100.202210260954/tools/bin/../lib/gcc/arm-none-eabi/10.3.1/../../../../arm-none-eabi/lib/thumb/v7e-m/nofp/libc_nano.a(lib_a-lock.o)
                0x0000000020000135                __lock___sfp_recursive_mutex
 .bss.__lock___sinit_recursive_mutex
                0x0000000020000136        0x1 /home/naveen/st/stm32cubeide_1.11.2/plugins/com.st.stm32cube.ide.mcu.externaltools.gnu-tools-for-stm32.10.3-2021.10.linux64_1.0.100.202210260954/tools/bin/../lib/gcc/arm-none-eabi/10.3.1/../../../../arm-none-eabi/lib/thumb/v7e-m/nofp/libc_nano.a(lib_a-lock.o)
                0x0000000020000136                __lock___sinit_recursive_mutex
 *fill*         0x0000000020000137        0x1 
 .bss.__malloc_free_list
                0x0000000020000138        0x4 /home/naveen/st/stm32cubeide_1.11.2/plugins/com.st.stm32cube.ide.mcu.externaltools.gnu-tools-for-stm32.10.3-2021.10.linux64_1.0.100.202210260954/tools/bin/../lib/gcc/arm-none-eabi/10.3.1/../../../../arm-none-eabi/lib/thumb/v7e-m/nofp/libc_nano.a(lib_a-nano-mallocr.o)
                0x0000000020000138                __malloc_free_list
 .bss.__malloc_sbrk_start
                0x000000002000013c        0x4 /home/naveen/st/stm32cubeide_1.11.2/plugins/com.st.stm32cube.ide.mcu.externaltools.gnu-tools-for-stm32.10.3-2021.10.linux64_1.0.100.202210260954/tools/bin/../lib/gcc/arm-none-eabi/10.3.1/../../../../arm-none-eabi/lib/thumb/v7e-m/nofp/libc_nano.a(lib_a-nano-mallocr.o)
                0x000000002000013c                __malloc_sbrk_start
 .bss.errno     0x0000000020000140        0x4 /home/naveen/st/stm32cubeide_1.11.2/plugins/com.st.stm32cube.ide.mcu.externaltools.gnu-tools-for-stm32.10.3-2021.10.linux64_1.0.100.202210260954/tools/bin/../lib/gcc/arm-none-eabi/10.3.1/../../../../arm-none-eabi/lib/thumb/v7e-m/nofp/libc_nano.a(lib_a-reent.o)
                0x0000000020000140                errno
 *(COMMON)
                0x0000000020000144                . = ALIGN (0x4)
                0x0000000020000144                _ebss = .
                0x0000000020000144                __bss_end__ = _ebss

._user_heap_stack
                0x0000000020000144      0x604
                0x0000000020000148                . = ALIGN (0x8)
 *fill*         0x0000000020000144        0x4 
                [!provide]                        PROVIDE (end = .)
                0x0000000020000148                PROVIDE (_end = .)
                0x0000000020000348                . = (. + _Min_Heap_Size)
 *fill*         0x0000000020000148      0x200 
                0x0000000020000748                . = (. + _Min_Stack_Size)
 *fill*         0x0000000020000348      0x400 
                0x0000000020000748                . = ALIGN (0x8)

/DISCARD/
 libc.a(*)
 libm.a(*)
 libgcc.a(*)

.ARM.attributes
                0x0000000000000000       0x2a
 *(.ARM.attributes)
 .ARM.attributes
                0x0000000000000000       0x1e /home/naveen/st/stm32cubeide_1.11.2/plugins/com.st.stm32cube.ide.mcu.externaltools.gnu-tools-for-stm32.10.3-2021.10.linux64_1.0.100.202210260954/tools/bin/../lib/gcc/arm-none-eabi/10.3.1/thumb/v7e-m/nofp/crti.o
 .ARM.attributes
                0x000000000000001e       0x2e /home/naveen/st/stm32cubeide_1.11.2/plugins/com.st.stm32cube.ide.mcu.externaltools.gnu-tools-for-stm32.10.3-2021.10.linux64_1.0.100.202210260954/tools/bin/../lib/gcc/arm-none-eabi/10.3.1/thumb/v7e-m/nofp/crtbegin.o
 .ARM.attributes
                0x000000000000004c       0x2e ./Driver/Src/common_utilities.o
 .ARM.attributes
                0x000000000000007a       0x2e ./Driver/Src/external_interrupt_config.o
 .ARM.attributes
                0x00000000000000a8       0x2e ./Driver/Src/general_purpose_timer.o
 .ARM.attributes
                0x00000000000000d6       0x2e ./Driver/Src/gpio_driver.o
 .ARM.attributes
                0x0000000000000104       0x2e ./Driver/Src/spi_driver.o
 .ARM.attributes
                0x0000000000000132       0x2e ./Driver/Src/stm32f4xx.o
 .ARM.attributes
                0x0000000000000160       0x2e ./Driver/Src/usart_driver.o
 .ARM.attributes
                0x000000000000018e       0x2e ./Src/nRF24L01_Rx.o
 .ARM.attributes
                0x00000000000001bc       0x2e ./Src/syscalls.o
 .ARM.attributes
                0x00000000000001ea       0x2e ./Src/sysmem.o
 .ARM.attributes
                0x0000000000000218       0x21 ./Startup/startup_stm32f407vgtx.o
 .ARM.attributes
                0x0000000000000239       0x2e /home/naveen/st/stm32cubeide_1.11.2/plugins/com.st.stm32cube.ide.mcu.externaltools.gnu-tools-for-stm32.10.3-2021.10.linux64_1.0.100.202210260954/tools/bin/../lib/gcc/arm-none-eabi/10.3.1/../../../../arm-none-eabi/lib/thumb/v7e-m/nofp/libc_nano.a(lib_a-errno.o)
 .ARM.attributes
                0x0000000000000267       0x2e /home/naveen/st/stm32cubeide_1.11.2/plugins/com.st.stm32cube.ide.mcu.externaltools.gnu-tools-for-stm32.10.3-2021.10.linux64_1.0.100.202210260954/tools/bin/../lib/gcc/arm-none-eabi/10.3.1/../../../../arm-none-eabi/lib/thumb/v7e-m/nofp/libc_nano.a(lib_a-impure.o)
 .ARM.attributes
                0x0000000000000295       0x2e /home/naveen/st/stm32cubeide_1.11.2/plugins/com.st.stm32cube.ide.mcu.externaltools.gnu-tools-for-stm32.10.3-2021.10.linux64_1.0.100.202210260954/tools/bin/../lib/gcc/arm-none-eabi/10.3.1/../../../../arm-none-eabi/lib/thumb/v7e-m/nofp/libc_nano.a(lib_a-init.o)
 .ARM.attributes
                0x00000000000002c3       0x2e /home/naveen/st/stm32cubeide_1.11.2/plugins/com.st.stm32cube.ide.mcu.externaltools.gnu-tools-for-stm32.10.3-2021.10.linux64_1.0.100.202210260954/tools/bin/../lib/gcc/arm-none-eabi/10.3.1/../../../../arm-none-eabi/lib/thumb/v7e-m/nofp/libc_nano.a(lib_a-memset.o)
 .ARM.attributes
                0x00000000000002f1       0x2e /home/naveen/st/stm32cubeide_1.11.2/plugins/com.st.stm32cube.ide.mcu.externaltools.gnu-tools-for-stm32.10.3-2021.10.linux64_1.0.100.202210260954/tools/bin/../lib/gcc/arm-none-eabi/10.3.1/../../../../arm-none-eabi/lib/thumb/v7e-m/nofp/libc_nano.a(lib_a-printf.o)
 .ARM.attributes
                0x000000000000031f       0x2e /home/naveen/st/stm32cubeide_1.11.2/plugins/com.st.stm32cube.ide.mcu.externaltools.gnu-tools-for-stm32.10.3-2021.10.linux64_1.0.100.202210260954/tools/bin/../lib/gcc/arm-none-eabi/10.3.1/../../../../arm-none-eabi/lib/thumb/v7e-m/nofp/libc_nano.a(lib_a-puts.o)
 .ARM.attributes
                0x000000000000034d       0x17 /home/naveen/st/stm32cubeide_1.11.2/plugins/com.st.stm32cube.ide.mcu.externaltools.gnu-tools-for-stm32.10.3-2021.10.linux64_1.0.100.202210260954/tools/bin/../lib/gcc/arm-none-eabi/10.3.1/../../../../arm-none-eabi/lib/thumb/v7e-m/nofp/libc_nano.a(lib_a-strlen.o)
 .ARM.attributes
                0x0000000000000364       0x2e /home/naveen/st/stm32cubeide_1.11.2/plugins/com.st.stm32cube.ide.mcu.externaltools.gnu-tools-for-stm32.10.3-2021.10.linux64_1.0.100.202210260954/tools/bin/../lib/gcc/arm-none-eabi/10.3.1/../../../../arm-none-eabi/lib/thumb/v7e-m/nofp/libc_nano.a(lib_a-wbuf.o)
 .ARM.attributes
                0x0000000000000392       0x2e /home/naveen/st/stm32cubeide_1.11.2/plugins/com.st.stm32cube.ide.mcu.externaltools.gnu-tools-for-stm32.10.3-2021.10.linux64_1.0.100.202210260954/tools/bin/../lib/gcc/arm-none-eabi/10.3.1/../../../../arm-none-eabi/lib/thumb/v7e-m/nofp/libc_nano.a(lib_a-wsetup.o)
 .ARM.attributes
                0x00000000000003c0       0x2e /home/naveen/st/stm32cubeide_1.11.2/plugins/com.st.stm32cube.ide.mcu.externaltools.gnu-tools-for-stm32.10.3-2021.10.linux64_1.0.100.202210260954/tools/bin/../lib/gcc/arm-none-eabi/10.3.1/../../../../arm-none-eabi/lib/thumb/v7e-m/nofp/libc_nano.a(lib_a-fflush.o)
 .ARM.attributes
                0x00000000000003ee       0x2e /home/naveen/st/stm32cubeide_1.11.2/plugins/com.st.stm32cube.ide.mcu.externaltools.gnu-tools-for-stm32.10.3-2021.10.linux64_1.0.100.202210260954/tools/bin/../lib/gcc/arm-none-eabi/10.3.1/../../../../arm-none-eabi/lib/thumb/v7e-m/nofp/libc_nano.a(lib_a-findfp.o)
 .ARM.attributes
                0x000000000000041c       0x2e /home/naveen/st/stm32cubeide_1.11.2/plugins/com.st.stm32cube.ide.mcu.externaltools.gnu-tools-for-stm32.10.3-2021.10.linux64_1.0.100.202210260954/tools/bin/../lib/gcc/arm-none-eabi/10.3.1/../../../../arm-none-eabi/lib/thumb/v7e-m/nofp/libc_nano.a(lib_a-fwalk.o)
 .ARM.attributes
                0x000000000000044a       0x2e /home/naveen/st/stm32cubeide_1.11.2/plugins/com.st.stm32cube.ide.mcu.externaltools.gnu-tools-for-stm32.10.3-2021.10.linux64_1.0.100.202210260954/tools/bin/../lib/gcc/arm-none-eabi/10.3.1/../../../../arm-none-eabi/lib/thumb/v7e-m/nofp/libc_nano.a(lib_a-lock.o)
 .ARM.attributes
                0x0000000000000478       0x2e /home/naveen/st/stm32cubeide_1.11.2/plugins/com.st.stm32cube.ide.mcu.externaltools.gnu-tools-for-stm32.10.3-2021.10.linux64_1.0.100.202210260954/tools/bin/../lib/gcc/arm-none-eabi/10.3.1/../../../../arm-none-eabi/lib/thumb/v7e-m/nofp/libc_nano.a(lib_a-makebuf.o)
 .ARM.attributes
                0x00000000000004a6       0x2e /home/naveen/st/stm32cubeide_1.11.2/plugins/com.st.stm32cube.ide.mcu.externaltools.gnu-tools-for-stm32.10.3-2021.10.linux64_1.0.100.202210260954/tools/bin/../lib/gcc/arm-none-eabi/10.3.1/../../../../arm-none-eabi/lib/thumb/v7e-m/nofp/libc_nano.a(lib_a-nano-freer.o)
 .ARM.attributes
                0x00000000000004d4       0x2e /home/naveen/st/stm32cubeide_1.11.2/plugins/com.st.stm32cube.ide.mcu.externaltools.gnu-tools-for-stm32.10.3-2021.10.linux64_1.0.100.202210260954/tools/bin/../lib/gcc/arm-none-eabi/10.3.1/../../../../arm-none-eabi/lib/thumb/v7e-m/nofp/libc_nano.a(lib_a-nano-mallocr.o)
 .ARM.attributes
                0x0000000000000502       0x2e /home/naveen/st/stm32cubeide_1.11.2/plugins/com.st.stm32cube.ide.mcu.externaltools.gnu-tools-for-stm32.10.3-2021.10.linux64_1.0.100.202210260954/tools/bin/../lib/gcc/arm-none-eabi/10.3.1/../../../../arm-none-eabi/lib/thumb/v7e-m/nofp/libc_nano.a(lib_a-nano-vfprintf.o)
 .ARM.attributes
                0x0000000000000530       0x2e /home/naveen/st/stm32cubeide_1.11.2/plugins/com.st.stm32cube.ide.mcu.externaltools.gnu-tools-for-stm32.10.3-2021.10.linux64_1.0.100.202210260954/tools/bin/../lib/gcc/arm-none-eabi/10.3.1/../../../../arm-none-eabi/lib/thumb/v7e-m/nofp/libc_nano.a(lib_a-nano-vfprintf_i.o)
 .ARM.attributes
                0x000000000000055e       0x2e /home/naveen/st/stm32cubeide_1.11.2/plugins/com.st.stm32cube.ide.mcu.externaltools.gnu-tools-for-stm32.10.3-2021.10.linux64_1.0.100.202210260954/tools/bin/../lib/gcc/arm-none-eabi/10.3.1/../../../../arm-none-eabi/lib/thumb/v7e-m/nofp/libc_nano.a(lib_a-sbrkr.o)
 .ARM.attributes
                0x000000000000058c       0x2e /home/naveen/st/stm32cubeide_1.11.2/plugins/com.st.stm32cube.ide.mcu.externaltools.gnu-tools-for-stm32.10.3-2021.10.linux64_1.0.100.202210260954/tools/bin/../lib/gcc/arm-none-eabi/10.3.1/../../../../arm-none-eabi/lib/thumb/v7e-m/nofp/libc_nano.a(lib_a-stdio.o)
 .ARM.attributes
                0x00000000000005ba       0x2e /home/naveen/st/stm32cubeide_1.11.2/plugins/com.st.stm32cube.ide.mcu.externaltools.gnu-tools-for-stm32.10.3-2021.10.linux64_1.0.100.202210260954/tools/bin/../lib/gcc/arm-none-eabi/10.3.1/../../../../arm-none-eabi/lib/thumb/v7e-m/nofp/libc_nano.a(lib_a-writer.o)
 .ARM.attributes
                0x00000000000005e8       0x2e /home/naveen/st/stm32cubeide_1.11.2/plugins/com.st.stm32cube.ide.mcu.externaltools.gnu-tools-for-stm32.10.3-2021.10.linux64_1.0.100.202210260954/tools/bin/../lib/gcc/arm-none-eabi/10.3.1/../../../../arm-none-eabi/lib/thumb/v7e-m/nofp/libc_nano.a(lib_a-closer.o)
 .ARM.attributes
                0x0000000000000616       0x2e /home/naveen/st/stm32cubeide_1.11.2/plugins/com.st.stm32cube.ide.mcu.externaltools.gnu-tools-for-stm32.10.3-2021.10.linux64_1.0.100.202210260954/tools/bin/../lib/gcc/arm-none-eabi/10.3.1/../../../../arm-none-eabi/lib/thumb/v7e-m/nofp/libc_nano.a(lib_a-fstatr.o)
 .ARM.attributes
                0x0000000000000644       0x2e /home/naveen/st/stm32cubeide_1.11.2/plugins/com.st.stm32cube.ide.mcu.externaltools.gnu-tools-for-stm32.10.3-2021.10.linux64_1.0.100.202210260954/tools/bin/../lib/gcc/arm-none-eabi/10.3.1/../../../../arm-none-eabi/lib/thumb/v7e-m/nofp/libc_nano.a(lib_a-isattyr.o)
 .ARM.attributes
                0x0000000000000672       0x2e /home/naveen/st/stm32cubeide_1.11.2/plugins/com.st.stm32cube.ide.mcu.externaltools.gnu-tools-for-stm32.10.3-2021.10.linux64_1.0.100.202210260954/tools/bin/../lib/gcc/arm-none-eabi/10.3.1/../../../../arm-none-eabi/lib/thumb/v7e-m/nofp/libc_nano.a(lib_a-lseekr.o)
 .ARM.attributes
                0x00000000000006a0       0x1c /home/naveen/st/stm32cubeide_1.11.2/plugins/com.st.stm32cube.ide.mcu.externaltools.gnu-tools-for-stm32.10.3-2021.10.linux64_1.0.100.202210260954/tools/bin/../lib/gcc/arm-none-eabi/10.3.1/../../../../arm-none-eabi/lib/thumb/v7e-m/nofp/libc_nano.a(lib_a-memchr.o)
 .ARM.attributes
                0x00000000000006bc       0x2e /home/naveen/st/stm32cubeide_1.11.2/plugins/com.st.stm32cube.ide.mcu.externaltools.gnu-tools-for-stm32.10.3-2021.10.linux64_1.0.100.202210260954/tools/bin/../lib/gcc/arm-none-eabi/10.3.1/../../../../arm-none-eabi/lib/thumb/v7e-m/nofp/libc_nano.a(lib_a-mlock.o)
 .ARM.attributes
                0x00000000000006ea       0x2e /home/naveen/st/stm32cubeide_1.11.2/plugins/com.st.stm32cube.ide.mcu.externaltools.gnu-tools-for-stm32.10.3-2021.10.linux64_1.0.100.202210260954/tools/bin/../lib/gcc/arm-none-eabi/10.3.1/../../../../arm-none-eabi/lib/thumb/v7e-m/nofp/libc_nano.a(lib_a-readr.o)
 .ARM.attributes
                0x0000000000000718       0x2e /home/naveen/st/stm32cubeide_1.11.2/plugins/com.st.stm32cube.ide.mcu.externaltools.gnu-tools-for-stm32.10.3-2021.10.linux64_1.0.100.202210260954/tools/bin/../lib/gcc/arm-none-eabi/10.3.1/../../../../arm-none-eabi/lib/thumb/v7e-m/nofp/libc_nano.a(lib_a-reent.o)
 .ARM.attributes
                0x0000000000000746       0x1e /home/naveen/st/stm32cubeide_1.11.2/plugins/com.st.stm32cube.ide.mcu.externaltools.gnu-tools-for-stm32.10.3-2021.10.linux64_1.0.100.202210260954/tools/bin/../lib/gcc/arm-none-eabi/10.3.1/thumb/v7e-m/nofp/crtn.o
OUTPUT(011GPIODriver.elf elf32-littlearm)
LOAD linker stubs
LOAD /home/naveen/st/stm32cubeide_1.11.2/plugins/com.st.stm32cube.ide.mcu.externaltools.gnu-tools-for-stm32.10.3-2021.10.linux64_1.0.100.202210260954/tools/bin/../lib/gcc/arm-none-eabi/10.3.1/../../../../arm-none-eabi/lib/thumb/v7e-m/nofp/libc.a
LOAD /home/naveen/st/stm32cubeide_1.11.2/plugins/com.st.stm32cube.ide.mcu.externaltools.gnu-tools-for-stm32.10.3-2021.10.linux64_1.0.100.202210260954/tools/bin/../lib/gcc/arm-none-eabi/10.3.1/../../../../arm-none-eabi/lib/thumb/v7e-m/nofp/libm.a
LOAD /home/naveen/st/stm32cubeide_1.11.2/plugins/com.st.stm32cube.ide.mcu.externaltools.gnu-tools-for-stm32.10.3-2021.10.linux64_1.0.100.202210260954/tools/bin/../lib/gcc/arm-none-eabi/10.3.1/thumb/v7e-m/nofp/libgcc.a

.debug_info     0x0000000000000000     0x2ade
 .debug_info    0x0000000000000000      0x382 ./Driver/Src/common_utilities.o
 .debug_info    0x0000000000000382      0x18c ./Driver/Src/external_interrupt_config.o
 .debug_info    0x000000000000050e      0x3ca ./Driver/Src/general_purpose_timer.o
 .debug_info    0x00000000000008d8      0x4ab ./Driver/Src/gpio_driver.o
 .debug_info    0x0000000000000d83      0x5e5 ./Driver/Src/spi_driver.o
 .debug_info    0x0000000000001368      0x1bc ./Driver/Src/stm32f4xx.o
 .debug_info    0x0000000000001524      0x3d9 ./Driver/Src/usart_driver.o
 .debug_info    0x00000000000018fd      0x92d ./Src/nRF24L01_Rx.o
 .debug_info    0x000000000000222a      0x721 ./Src/syscalls.o
 .debug_info    0x000000000000294b      0x171 ./Src/sysmem.o
 .debug_info    0x0000000000002abc       0x22 ./Startup/startup_stm32f407vgtx.o

.debug_abbrev   0x0000000000000000      0xab1
 .debug_abbrev  0x0000000000000000       0xf9 ./Driver/Src/common_utilities.o
 .debug_abbrev  0x00000000000000f9       0xb9 ./Driver/Src/external_interrupt_config.o
 .debug_abbrev  0x00000000000001b2       0xae ./Driver/Src/general_purpose_timer.o
 .debug_abbrev  0x0000000000000260      0x100 ./Driver/Src/gpio_driver.o
 .debug_abbrev  0x0000000000000360      0x10c ./Driver/Src/spi_driver.o
 .debug_abbrev  0x000000000000046c       0xdb ./Driver/Src/stm32f4xx.o
 .debug_abbrev  0x0000000000000547      0x126 ./Driver/Src/usart_driver.o
 .debug_abbrev  0x000000000000066d      0x1ac ./Src/nRF24L01_Rx.o
 .debug_abbrev  0x0000000000000819      0x1cb ./Src/syscalls.o
 .debug_abbrev  0x00000000000009e4       0xbb ./Src/sysmem.o
 .debug_abbrev  0x0000000000000a9f       0x12 ./Startup/startup_stm32f407vgtx.o

.debug_aranges  0x0000000000000000      0x3c0
 .debug_aranges
                0x0000000000000000       0x28 ./Driver/Src/common_utilities.o
 .debug_aranges
                0x0000000000000028       0x28 ./Driver/Src/external_interrupt_config.o
 .debug_aranges
                0x0000000000000050       0x50 ./Driver/Src/general_purpose_timer.o
 .debug_aranges
                0x00000000000000a0       0x70 ./Driver/Src/gpio_driver.o
 .debug_aranges
                0x0000000000000110       0x78 ./Driver/Src/spi_driver.o
 .debug_aranges
                0x0000000000000188       0x38 ./Driver/Src/stm32f4xx.o
 .debug_aranges
                0x00000000000001c0       0x70 ./Driver/Src/usart_driver.o
 .debug_aranges
                0x0000000000000230       0x98 ./Src/nRF24L01_Rx.o
 .debug_aranges
                0x00000000000002c8       0xb0 ./Src/syscalls.o
 .debug_aranges
                0x0000000000000378       0x20 ./Src/sysmem.o
 .debug_aranges
                0x0000000000000398       0x28 ./Startup/startup_stm32f407vgtx.o

.debug_ranges   0x0000000000000000      0x318
 .debug_ranges  0x0000000000000000       0x18 ./Driver/Src/common_utilities.o
 .debug_ranges  0x0000000000000018       0x18 ./Driver/Src/external_interrupt_config.o
 .debug_ranges  0x0000000000000030       0x40 ./Driver/Src/general_purpose_timer.o
 .debug_ranges  0x0000000000000070       0x60 ./Driver/Src/gpio_driver.o
 .debug_ranges  0x00000000000000d0       0x68 ./Driver/Src/spi_driver.o
 .debug_ranges  0x0000000000000138       0x28 ./Driver/Src/stm32f4xx.o
 .debug_ranges  0x0000000000000160       0x60 ./Driver/Src/usart_driver.o
 .debug_ranges  0x00000000000001c0       0x88 ./Src/nRF24L01_Rx.o
 .debug_ranges  0x0000000000000248       0xa0 ./Src/syscalls.o
 .debug_ranges  0x00000000000002e8       0x10 ./Src/sysmem.o
 .debug_ranges  0x00000000000002f8       0x20 ./Startup/startup_stm32f407vgtx.o

.debug_macro    0x0000000000000000     0x3d05
 .debug_macro   0x0000000000000000      0x165 ./Driver/Src/common_utilities.o
 .debug_macro   0x0000000000000165      0xa78 ./Driver/Src/common_utilities.o
 .debug_macro   0x0000000000000bdd       0x22 ./Driver/Src/common_utilities.o
 .debug_macro   0x0000000000000bff       0x4c ./Driver/Src/common_utilities.o
 .debug_macro   0x0000000000000c4b       0x18 ./Driver/Src/common_utilities.o
 .debug_macro   0x0000000000000c63       0x94 ./Driver/Src/common_utilities.o
 .debug_macro   0x0000000000000cf7       0x3c ./Driver/Src/common_utilities.o
 .debug_macro   0x0000000000000d33       0x34 ./Driver/Src/common_utilities.o
 .debug_macro   0x0000000000000d67      0x174 ./Driver/Src/common_utilities.o
 .debug_macro   0x0000000000000edb       0x16 ./Driver/Src/common_utilities.o
 .debug_macro   0x0000000000000ef1       0x43 ./Driver/Src/common_utilities.o
 .debug_macro   0x0000000000000f34       0x57 ./Driver/Src/common_utilities.o
 .debug_macro   0x0000000000000f8b       0x34 ./Driver/Src/common_utilities.o
 .debug_macro   0x0000000000000fbf       0x10 ./Driver/Src/common_utilities.o
 .debug_macro   0x0000000000000fcf       0x58 ./Driver/Src/common_utilities.o
 .debug_macro   0x0000000000001027       0x71 ./Driver/Src/common_utilities.o
 .debug_macro   0x0000000000001098       0x1c ./Driver/Src/common_utilities.o
 .debug_macro   0x00000000000010b4      0x12a ./Driver/Src/common_utilities.o
 .debug_macro   0x00000000000011de      0x341 ./Driver/Src/common_utilities.o
 .debug_macro   0x000000000000151f       0x10 ./Driver/Src/common_utilities.o
 .debug_macro   0x000000000000152f       0x35 ./Driver/Src/common_utilities.o
 .debug_macro   0x0000000000001564       0x20 ./Driver/Src/common_utilities.o
 .debug_macro   0x0000000000001584      0x103 ./Driver/Src/common_utilities.o
 .debug_macro   0x0000000000001687       0x6a ./Driver/Src/common_utilities.o
 .debug_macro   0x00000000000016f1      0x1df ./Driver/Src/common_utilities.o
 .debug_macro   0x00000000000018d0      0x2eb ./Driver/Src/common_utilities.o
 .debug_macro   0x0000000000001bbb      0x15a ./Driver/Src/common_utilities.o
 .debug_macro   0x0000000000001d15      0x196 ./Driver/Src/common_utilities.o
 .debug_macro   0x0000000000001eab       0x8e ./Driver/Src/external_interrupt_config.o
 .debug_macro   0x0000000000001f39       0x52 ./Driver/Src/external_interrupt_config.o
 .debug_macro   0x0000000000001f8b       0x81 ./Driver/Src/general_purpose_timer.o
 .debug_macro   0x000000000000200c      0x190 ./Driver/Src/general_purpose_timer.o
 .debug_macro   0x000000000000219c       0x7b ./Driver/Src/gpio_driver.o
 .debug_macro   0x0000000000002217       0x7b ./Driver/Src/spi_driver.o
 .debug_macro   0x0000000000002292      0x154 ./Driver/Src/spi_driver.o
 .debug_macro   0x00000000000023e6       0x6c ./Driver/Src/stm32f4xx.o
 .debug_macro   0x0000000000002452      0x213 ./Driver/Src/usart_driver.o
 .debug_macro   0x0000000000002665      0x1d2 ./Driver/Src/usart_driver.o
 .debug_macro   0x0000000000002837      0x694 ./Src/nRF24L01_Rx.o
 .debug_macro   0x0000000000002ecb       0x16 ./Src/nRF24L01_Rx.o
 .debug_macro   0x0000000000002ee1      0x1d8 ./Src/nRF24L01_Rx.o
 .debug_macro   0x00000000000030b9      0x25e ./Src/syscalls.o
 .debug_macro   0x0000000000003317       0x10 ./Src/syscalls.o
 .debug_macro   0x0000000000003327       0x10 ./Src/syscalls.o
 .debug_macro   0x0000000000003337       0x10 ./Src/syscalls.o
 .debug_macro   0x0000000000003347       0x35 ./Src/syscalls.o
 .debug_macro   0x000000000000337c      0x12c ./Src/syscalls.o
 .debug_macro   0x00000000000034a8       0x16 ./Src/syscalls.o
 .debug_macro   0x00000000000034be       0x16 ./Src/syscalls.o
 .debug_macro   0x00000000000034d4       0x29 ./Src/syscalls.o
 .debug_macro   0x00000000000034fd       0x10 ./Src/syscalls.o
 .debug_macro   0x000000000000350d      0x241 ./Src/syscalls.o
 .debug_macro   0x000000000000374e       0x10 ./Src/syscalls.o
 .debug_macro   0x000000000000375e      0x189 ./Src/syscalls.o
 .debug_macro   0x00000000000038e7       0x16 ./Src/syscalls.o
 .debug_macro   0x00000000000038fd       0xce ./Src/syscalls.o
 .debug_macro   0x00000000000039cb       0xff ./Src/sysmem.o
 .debug_macro   0x0000000000003aca      0x23b ./Src/sysmem.o

.debug_line     0x0000000000000000     0x48d0
 .debug_line    0x0000000000000000      0x5c8 ./Driver/Src/common_utilities.o
 .debug_line    0x00000000000005c8      0x491 ./Driver/Src/external_interrupt_config.o
 .debug_line    0x0000000000000a59      0x802 ./Driver/Src/general_purpose_timer.o
 .debug_line    0x000000000000125b      0x589 ./Driver/Src/gpio_driver.o
 .debug_line    0x00000000000017e4      0x79b ./Driver/Src/spi_driver.o
 .debug_line    0x0000000000001f7f      0x800 ./Driver/Src/stm32f4xx.o
 .debug_line    0x000000000000277f      0x8fe ./Driver/Src/usart_driver.o
 .debug_line    0x000000000000307d      0xabc ./Src/nRF24L01_Rx.o
 .debug_line    0x0000000000003b39      0x829 ./Src/syscalls.o
 .debug_line    0x0000000000004362      0x4ea ./Src/sysmem.o
 .debug_line    0x000000000000484c       0x84 ./Startup/startup_stm32f407vgtx.o

.debug_str      0x0000000000000000     0xdc2b
 .debug_str     0x0000000000000000     0x878b ./Driver/Src/common_utilities.o
                                       0x8996 (size before relaxing)
 .debug_str     0x000000000000878b      0x245 ./Driver/Src/external_interrupt_config.o
                                       0x518b (size before relaxing)
 .debug_str     0x00000000000089d0      0x11c ./Driver/Src/general_purpose_timer.o
                                       0x54d2 (size before relaxing)
 .debug_str     0x0000000000008aec      0x176 ./Driver/Src/gpio_driver.o
                                       0x50ba (size before relaxing)
 .debug_str     0x0000000000008c62      0x66d ./Driver/Src/spi_driver.o
                                       0x51bc (size before relaxing)
 .debug_str     0x00000000000092cf       0x92 ./Driver/Src/stm32f4xx.o
                                       0x4be4 (size before relaxing)
 .debug_str     0x0000000000009361     0x17f3 ./Driver/Src/usart_driver.o
                                       0x9487 (size before relaxing)
 .debug_str     0x000000000000ab54     0x1866 ./Src/nRF24L01_Rx.o
                                       0xb717 (size before relaxing)
 .debug_str     0x000000000000c3ba     0x17da ./Src/syscalls.o
                                       0x8ae4 (size before relaxing)
 .debug_str     0x000000000000db94       0x66 ./Src/sysmem.o
                                       0x5d64 (size before relaxing)
 .debug_str     0x000000000000dbfa       0x31 ./Startup/startup_stm32f407vgtx.o
                                         0x62 (size before relaxing)

.comment        0x0000000000000000       0x50
 .comment       0x0000000000000000       0x50 ./Driver/Src/common_utilities.o
                                         0x51 (size before relaxing)
 .comment       0x0000000000000050       0x51 ./Driver/Src/external_interrupt_config.o
 .comment       0x0000000000000050       0x51 ./Driver/Src/general_purpose_timer.o
 .comment       0x0000000000000050       0x51 ./Driver/Src/gpio_driver.o
 .comment       0x0000000000000050       0x51 ./Driver/Src/spi_driver.o
 .comment       0x0000000000000050       0x51 ./Driver/Src/stm32f4xx.o
 .comment       0x0000000000000050       0x51 ./Driver/Src/usart_driver.o
 .comment       0x0000000000000050       0x51 ./Src/nRF24L01_Rx.o
 .comment       0x0000000000000050       0x51 ./Src/syscalls.o
 .comment       0x0000000000000050       0x51 ./Src/sysmem.o

.debug_frame    0x0000000000000000     0x1590
 .debug_frame   0x0000000000000000       0x54 ./Driver/Src/common_utilities.o
 .debug_frame   0x0000000000000054       0x5c ./Driver/Src/external_interrupt_config.o
 .debug_frame   0x00000000000000b0      0x128 ./Driver/Src/general_purpose_timer.o
 .debug_frame   0x00000000000001d8      0x1c8 ./Driver/Src/gpio_driver.o
 .debug_frame   0x00000000000003a0      0x1dc ./Driver/Src/spi_driver.o
 .debug_frame   0x000000000000057c       0xb0 ./Driver/Src/stm32f4xx.o
 .debug_frame   0x000000000000062c      0x1b8 ./Driver/Src/usart_driver.o
 .debug_frame   0x00000000000007e4      0x240 ./Src/nRF24L01_Rx.o
 .debug_frame   0x0000000000000a24      0x2d4 ./Src/syscalls.o
 .debug_frame   0x0000000000000cf8       0x34 ./Src/sysmem.o
 .debug_frame   0x0000000000000d2c       0x20 /home/naveen/st/stm32cubeide_1.11.2/plugins/com.st.stm32cube.ide.mcu.externaltools.gnu-tools-for-stm32.10.3-2021.10.linux64_1.0.100.202210260954/tools/bin/../lib/gcc/arm-none-eabi/10.3.1/../../../../arm-none-eabi/lib/thumb/v7e-m/nofp/libc_nano.a(lib_a-errno.o)
 .debug_frame   0x0000000000000d4c       0x2c /home/naveen/st/stm32cubeide_1.11.2/plugins/com.st.stm32cube.ide.mcu.externaltools.gnu-tools-for-stm32.10.3-2021.10.linux64_1.0.100.202210260954/tools/bin/../lib/gcc/arm-none-eabi/10.3.1/../../../../arm-none-eabi/lib/thumb/v7e-m/nofp/libc_nano.a(lib_a-init.o)
 .debug_frame   0x0000000000000d78       0x20 /home/naveen/st/stm32cubeide_1.11.2/plugins/com.st.stm32cube.ide.mcu.externaltools.gnu-tools-for-stm32.10.3-2021.10.linux64_1.0.100.202210260954/tools/bin/../lib/gcc/arm-none-eabi/10.3.1/../../../../arm-none-eabi/lib/thumb/v7e-m/nofp/libc_nano.a(lib_a-memset.o)
 .debug_frame   0x0000000000000d98       0x74 /home/naveen/st/stm32cubeide_1.11.2/plugins/com.st.stm32cube.ide.mcu.externaltools.gnu-tools-for-stm32.10.3-2021.10.linux64_1.0.100.202210260954/tools/bin/../lib/gcc/arm-none-eabi/10.3.1/../../../../arm-none-eabi/lib/thumb/v7e-m/nofp/libc_nano.a(lib_a-printf.o)
 .debug_frame   0x0000000000000e0c       0x3c /home/naveen/st/stm32cubeide_1.11.2/plugins/com.st.stm32cube.ide.mcu.externaltools.gnu-tools-for-stm32.10.3-2021.10.linux64_1.0.100.202210260954/tools/bin/../lib/gcc/arm-none-eabi/10.3.1/../../../../arm-none-eabi/lib/thumb/v7e-m/nofp/libc_nano.a(lib_a-puts.o)
 .debug_frame   0x0000000000000e48       0x40 /home/naveen/st/stm32cubeide_1.11.2/plugins/com.st.stm32cube.ide.mcu.externaltools.gnu-tools-for-stm32.10.3-2021.10.linux64_1.0.100.202210260954/tools/bin/../lib/gcc/arm-none-eabi/10.3.1/../../../../arm-none-eabi/lib/thumb/v7e-m/nofp/libc_nano.a(lib_a-wbuf.o)
 .debug_frame   0x0000000000000e88       0x2c /home/naveen/st/stm32cubeide_1.11.2/plugins/com.st.stm32cube.ide.mcu.externaltools.gnu-tools-for-stm32.10.3-2021.10.linux64_1.0.100.202210260954/tools/bin/../lib/gcc/arm-none-eabi/10.3.1/../../../../arm-none-eabi/lib/thumb/v7e-m/nofp/libc_nano.a(lib_a-wsetup.o)
 .debug_frame   0x0000000000000eb4       0x5c /home/naveen/st/stm32cubeide_1.11.2/plugins/com.st.stm32cube.ide.mcu.externaltools.gnu-tools-for-stm32.10.3-2021.10.linux64_1.0.100.202210260954/tools/bin/../lib/gcc/arm-none-eabi/10.3.1/../../../../arm-none-eabi/lib/thumb/v7e-m/nofp/libc_nano.a(lib_a-fflush.o)
 .debug_frame   0x0000000000000f10      0x14c /home/naveen/st/stm32cubeide_1.11.2/plugins/com.st.stm32cube.ide.mcu.externaltools.gnu-tools-for-stm32.10.3-2021.10.linux64_1.0.100.202210260954/tools/bin/../lib/gcc/arm-none-eabi/10.3.1/../../../../arm-none-eabi/lib/thumb/v7e-m/nofp/libc_nano.a(lib_a-findfp.o)
 .debug_frame   0x000000000000105c       0x54 /home/naveen/st/stm32cubeide_1.11.2/plugins/com.st.stm32cube.ide.mcu.externaltools.gnu-tools-for-stm32.10.3-2021.10.linux64_1.0.100.202210260954/tools/bin/../lib/gcc/arm-none-eabi/10.3.1/../../../../arm-none-eabi/lib/thumb/v7e-m/nofp/libc_nano.a(lib_a-fwalk.o)
 .debug_frame   0x00000000000010b0       0xb0 /home/naveen/st/stm32cubeide_1.11.2/plugins/com.st.stm32cube.ide.mcu.externaltools.gnu-tools-for-stm32.10.3-2021.10.linux64_1.0.100.202210260954/tools/bin/../lib/gcc/arm-none-eabi/10.3.1/../../../../arm-none-eabi/lib/thumb/v7e-m/nofp/libc_nano.a(lib_a-lock.o)
 .debug_frame   0x0000000000001160       0x58 /home/naveen/st/stm32cubeide_1.11.2/plugins/com.st.stm32cube.ide.mcu.externaltools.gnu-tools-for-stm32.10.3-2021.10.linux64_1.0.100.202210260954/tools/bin/../lib/gcc/arm-none-eabi/10.3.1/../../../../arm-none-eabi/lib/thumb/v7e-m/nofp/libc_nano.a(lib_a-makebuf.o)
 .debug_frame   0x00000000000011b8       0x38 /home/naveen/st/stm32cubeide_1.11.2/plugins/com.st.stm32cube.ide.mcu.externaltools.gnu-tools-for-stm32.10.3-2021.10.linux64_1.0.100.202210260954/tools/bin/../lib/gcc/arm-none-eabi/10.3.1/../../../../arm-none-eabi/lib/thumb/v7e-m/nofp/libc_nano.a(lib_a-nano-freer.o)
 .debug_frame   0x00000000000011f0       0x4c /home/naveen/st/stm32cubeide_1.11.2/plugins/com.st.stm32cube.ide.mcu.externaltools.gnu-tools-for-stm32.10.3-2021.10.linux64_1.0.100.202210260954/tools/bin/../lib/gcc/arm-none-eabi/10.3.1/../../../../arm-none-eabi/lib/thumb/v7e-m/nofp/libc_nano.a(lib_a-nano-mallocr.o)
 .debug_frame   0x000000000000123c       0xac /home/naveen/st/stm32cubeide_1.11.2/plugins/com.st.stm32cube.ide.mcu.externaltools.gnu-tools-for-stm32.10.3-2021.10.linux64_1.0.100.202210260954/tools/bin/../lib/gcc/arm-none-eabi/10.3.1/../../../../arm-none-eabi/lib/thumb/v7e-m/nofp/libc_nano.a(lib_a-nano-vfprintf.o)
 .debug_frame   0x00000000000012e8       0x60 /home/naveen/st/stm32cubeide_1.11.2/plugins/com.st.stm32cube.ide.mcu.externaltools.gnu-tools-for-stm32.10.3-2021.10.linux64_1.0.100.202210260954/tools/bin/../lib/gcc/arm-none-eabi/10.3.1/../../../../arm-none-eabi/lib/thumb/v7e-m/nofp/libc_nano.a(lib_a-nano-vfprintf_i.o)
 .debug_frame   0x0000000000001348       0x2c /home/naveen/st/stm32cubeide_1.11.2/plugins/com.st.stm32cube.ide.mcu.externaltools.gnu-tools-for-stm32.10.3-2021.10.linux64_1.0.100.202210260954/tools/bin/../lib/gcc/arm-none-eabi/10.3.1/../../../../arm-none-eabi/lib/thumb/v7e-m/nofp/libc_nano.a(lib_a-sbrkr.o)
 .debug_frame   0x0000000000001374       0x88 /home/naveen/st/stm32cubeide_1.11.2/plugins/com.st.stm32cube.ide.mcu.externaltools.gnu-tools-for-stm32.10.3-2021.10.linux64_1.0.100.202210260954/tools/bin/../lib/gcc/arm-none-eabi/10.3.1/../../../../arm-none-eabi/lib/thumb/v7e-m/nofp/libc_nano.a(lib_a-stdio.o)
 .debug_frame   0x00000000000013fc       0x2c /home/naveen/st/stm32cubeide_1.11.2/plugins/com.st.stm32cube.ide.mcu.externaltools.gnu-tools-for-stm32.10.3-2021.10.linux64_1.0.100.202210260954/tools/bin/../lib/gcc/arm-none-eabi/10.3.1/../../../../arm-none-eabi/lib/thumb/v7e-m/nofp/libc_nano.a(lib_a-writer.o)
 .debug_frame   0x0000000000001428       0x2c /home/naveen/st/stm32cubeide_1.11.2/plugins/com.st.stm32cube.ide.mcu.externaltools.gnu-tools-for-stm32.10.3-2021.10.linux64_1.0.100.202210260954/tools/bin/../lib/gcc/arm-none-eabi/10.3.1/../../../../arm-none-eabi/lib/thumb/v7e-m/nofp/libc_nano.a(lib_a-closer.o)
 .debug_frame   0x0000000000001454       0x2c /home/naveen/st/stm32cubeide_1.11.2/plugins/com.st.stm32cube.ide.mcu.externaltools.gnu-tools-for-stm32.10.3-2021.10.linux64_1.0.100.202210260954/tools/bin/../lib/gcc/arm-none-eabi/10.3.1/../../../../arm-none-eabi/lib/thumb/v7e-m/nofp/libc_nano.a(lib_a-fstatr.o)
 .debug_frame   0x0000000000001480       0x2c /home/naveen/st/stm32cubeide_1.11.2/plugins/com.st.stm32cube.ide.mcu.externaltools.gnu-tools-for-stm32.10.3-2021.10.linux64_1.0.100.202210260954/tools/bin/../lib/gcc/arm-none-eabi/10.3.1/../../../../arm-none-eabi/lib/thumb/v7e-m/nofp/libc_nano.a(lib_a-isattyr.o)
 .debug_frame   0x00000000000014ac       0x2c /home/naveen/st/stm32cubeide_1.11.2/plugins/com.st.stm32cube.ide.mcu.externaltools.gnu-tools-for-stm32.10.3-2021.10.linux64_1.0.100.202210260954/tools/bin/../lib/gcc/arm-none-eabi/10.3.1/../../../../arm-none-eabi/lib/thumb/v7e-m/nofp/libc_nano.a(lib_a-lseekr.o)
 .debug_frame   0x00000000000014d8       0x30 /home/naveen/st/stm32cubeide_1.11.2/plugins/com.st.stm32cube.ide.mcu.externaltools.gnu-tools-for-stm32.10.3-2021.10.linux64_1.0.100.202210260954/tools/bin/../lib/gcc/arm-none-eabi/10.3.1/../../../../arm-none-eabi/lib/thumb/v7e-m/nofp/libc_nano.a(lib_a-mlock.o)
 .debug_frame   0x0000000000001508       0x2c /home/naveen/st/stm32cubeide_1.11.2/plugins/com.st.stm32cube.ide.mcu.externaltools.gnu-tools-for-stm32.10.3-2021.10.linux64_1.0.100.202210260954/tools/bin/../lib/gcc/arm-none-eabi/10.3.1/../../../../arm-none-eabi/lib/thumb/v7e-m/nofp/libc_nano.a(lib_a-readr.o)
 .debug_frame   0x0000000000001534       0x5c /home/naveen/st/stm32cubeide_1.11.2/plugins/com.st.stm32cube.ide.mcu.externaltools.gnu-tools-for-stm32.10.3-2021.10.linux64_1.0.100.202210260954/tools/bin/../lib/gcc/arm-none-eabi/10.3.1/../../../../arm-none-eabi/lib/thumb/v7e-m/nofp/libc_nano.a(lib_a-reent.o)
