Archive member included to satisfy reference by file (symbol)

/home/naveen/st/stm32cubeide_1.11.2/plugins/com.st.stm32cube.ide.mcu.externaltools.gnu-tools-for-stm32.10.3-2021.10.linux64_1.0.100.202210260954/tools/bin/../lib/gcc/arm-none-eabi/10.3.1/../../../../arm-none-eabi/lib/thumb/v7e-m/nofp/libc_nano.a(lib_a-errno.o)
                              ./Src/syscalls.o (__errno)
/home/naveen/st/stm32cubeide_1.11.2/plugins/com.st.stm32cube.ide.mcu.externaltools.gnu-tools-for-stm32.10.3-2021.10.linux64_1.0.100.202210260954/tools/bin/../lib/gcc/arm-none-eabi/10.3.1/../../../../arm-none-eabi/lib/thumb/v7e-m/nofp/libc_nano.a(lib_a-exit.o)
                              /home/naveen/st/stm32cubeide_1.11.2/plugins/com.st.stm32cube.ide.mcu.externaltools.gnu-tools-for-stm32.10.3-2021.10.linux64_1.0.100.202210260954/tools/bin/../lib/gcc/arm-none-eabi/10.3.1/../../../../arm-none-eabi/lib/thumb/v7e-m/nofp/crt0.o (exit)
/home/naveen/st/stm32cubeide_1.11.2/plugins/com.st.stm32cube.ide.mcu.externaltools.gnu-tools-for-stm32.10.3-2021.10.linux64_1.0.100.202210260954/tools/bin/../lib/gcc/arm-none-eabi/10.3.1/../../../../arm-none-eabi/lib/thumb/v7e-m/nofp/libc_nano.a(lib_a-impure.o)
                              /home/naveen/st/stm32cubeide_1.11.2/plugins/com.st.stm32cube.ide.mcu.externaltools.gnu-tools-for-stm32.10.3-2021.10.linux64_1.0.100.202210260954/tools/bin/../lib/gcc/arm-none-eabi/10.3.1/../../../../arm-none-eabi/lib/thumb/v7e-m/nofp/libc_nano.a(lib_a-exit.o) (_global_impure_ptr)
/home/naveen/st/stm32cubeide_1.11.2/plugins/com.st.stm32cube.ide.mcu.externaltools.gnu-tools-for-stm32.10.3-2021.10.linux64_1.0.100.202210260954/tools/bin/../lib/gcc/arm-none-eabi/10.3.1/../../../../arm-none-eabi/lib/thumb/v7e-m/nofp/libc_nano.a(lib_a-init.o)
                              /home/naveen/st/stm32cubeide_1.11.2/plugins/com.st.stm32cube.ide.mcu.externaltools.gnu-tools-for-stm32.10.3-2021.10.linux64_1.0.100.202210260954/tools/bin/../lib/gcc/arm-none-eabi/10.3.1/../../../../arm-none-eabi/lib/thumb/v7e-m/nofp/crt0.o (__libc_init_array)
/home/naveen/st/stm32cubeide_1.11.2/plugins/com.st.stm32cube.ide.mcu.externaltools.gnu-tools-for-stm32.10.3-2021.10.linux64_1.0.100.202210260954/tools/bin/../lib/gcc/arm-none-eabi/10.3.1/../../../../arm-none-eabi/lib/thumb/v7e-m/nofp/libc_nano.a(lib_a-malloc.o)
                              ./Driver/Src/at24cxx_eeprom_driver.o (malloc)
/home/naveen/st/stm32cubeide_1.11.2/plugins/com.st.stm32cube.ide.mcu.externaltools.gnu-tools-for-stm32.10.3-2021.10.linux64_1.0.100.202210260954/tools/bin/../lib/gcc/arm-none-eabi/10.3.1/../../../../arm-none-eabi/lib/thumb/v7e-m/nofp/libc_nano.a(lib_a-memset.o)
                              /home/naveen/st/stm32cubeide_1.11.2/plugins/com.st.stm32cube.ide.mcu.externaltools.gnu-tools-for-stm32.10.3-2021.10.linux64_1.0.100.202210260954/tools/bin/../lib/gcc/arm-none-eabi/10.3.1/../../../../arm-none-eabi/lib/thumb/v7e-m/nofp/crt0.o (memset)
/home/naveen/st/stm32cubeide_1.11.2/plugins/com.st.stm32cube.ide.mcu.externaltools.gnu-tools-for-stm32.10.3-2021.10.linux64_1.0.100.202210260954/tools/bin/../lib/gcc/arm-none-eabi/10.3.1/../../../../arm-none-eabi/lib/thumb/v7e-m/nofp/libc_nano.a(lib_a-nano-freer.o)
                              /home/naveen/st/stm32cubeide_1.11.2/plugins/com.st.stm32cube.ide.mcu.externaltools.gnu-tools-for-stm32.10.3-2021.10.linux64_1.0.100.202210260954/tools/bin/../lib/gcc/arm-none-eabi/10.3.1/../../../../arm-none-eabi/lib/thumb/v7e-m/nofp/libc_nano.a(lib_a-malloc.o) (_free_r)
/home/naveen/st/stm32cubeide_1.11.2/plugins/com.st.stm32cube.ide.mcu.externaltools.gnu-tools-for-stm32.10.3-2021.10.linux64_1.0.100.202210260954/tools/bin/../lib/gcc/arm-none-eabi/10.3.1/../../../../arm-none-eabi/lib/thumb/v7e-m/nofp/libc_nano.a(lib_a-nano-mallocr.o)
                              /home/naveen/st/stm32cubeide_1.11.2/plugins/com.st.stm32cube.ide.mcu.externaltools.gnu-tools-for-stm32.10.3-2021.10.linux64_1.0.100.202210260954/tools/bin/../lib/gcc/arm-none-eabi/10.3.1/../../../../arm-none-eabi/lib/thumb/v7e-m/nofp/libc_nano.a(lib_a-malloc.o) (_malloc_r)
/home/naveen/st/stm32cubeide_1.11.2/plugins/com.st.stm32cube.ide.mcu.externaltools.gnu-tools-for-stm32.10.3-2021.10.linux64_1.0.100.202210260954/tools/bin/../lib/gcc/arm-none-eabi/10.3.1/../../../../arm-none-eabi/lib/thumb/v7e-m/nofp/libc_nano.a(lib_a-printf.o)
                              ./Driver/Src/ds3231_rtc_driver.o (printf)
/home/naveen/st/stm32cubeide_1.11.2/plugins/com.st.stm32cube.ide.mcu.externaltools.gnu-tools-for-stm32.10.3-2021.10.linux64_1.0.100.202210260954/tools/bin/../lib/gcc/arm-none-eabi/10.3.1/../../../../arm-none-eabi/lib/thumb/v7e-m/nofp/libc_nano.a(lib_a-putchar.o)
                              ./Driver/Src/i2c_driver.o (putchar)
/home/naveen/st/stm32cubeide_1.11.2/plugins/com.st.stm32cube.ide.mcu.externaltools.gnu-tools-for-stm32.10.3-2021.10.linux64_1.0.100.202210260954/tools/bin/../lib/gcc/arm-none-eabi/10.3.1/../../../../arm-none-eabi/lib/thumb/v7e-m/nofp/libc_nano.a(lib_a-puts.o)
[...]
Memory Configuration

Name             Origin             Length             Attributes
CCMRAM           0x0000000010000000 0x0000000000010000 xrw
RAM              0x0000000020000000 0x0000000000020000 xrw
FLASH            0x0000000008000000 0x0000000000100000 xr
*default*        0x0000000000000000 0xffffffffffffffff

Linker script and memory map

LOAD /home/naveen/st/stm32cubeide_1.11.2/plugins/com.st.stm32cube.ide.mcu.externaltools.gnu-tools-for-stm32.10.3-2021.10.linux64_1.0.100.202210260954/tools/bin/../lib/gcc/arm-none-eabi/10.3.1/thumb/v7e-m/nofp/crti.o
LOAD /home/naveen/st/stm32cubeide_1.11.2/plugins/com.st.stm32cube.ide.mcu.externaltools.gnu-tools-for-stm32.10.3-2021.10.linux64_1.0.100.202210260954/tools/bin/../lib/gcc/arm-none-eabi/10.3.1/thumb/v7e-m/nofp/crtbegin.o
LOAD /home/naveen/st/stm32cubeide_1.11.2/plugins/com.st.stm32cube.ide.mcu.externaltools.gnu-tools-for-stm32.10.3-2021.10.linux64_1.0.100.202210260954/tools/bin/../lib/gcc/arm-none-eabi/10.3.1/../../../../arm-none-eabi/lib/thumb/v7e-m/nofp/crt0.o
LOAD ./Driver/Src/at24cxx_eeprom_driver.o
LOAD ./Driver/Src/at45dbxx_flash_memory_driver.o
LOAD ./Driver/Src/common_utils.o
LOAD ./Driver/Src/dht11_driver.o
LOAD ./Driver/Src/dma_driver.o
LOAD ./Driver/Src/ds3231_rtc_driver.o
LOAD ./Driver/Src/external_interrupt_config.o
LOAD ./Driver/Src/general_purpose_timer.o
LOAD ./Driver/Src/gpio_driver.o
LOAD ./Driver/Src/i2c_driver.o
LOAD ./Driver/Src/lcd_driver_pcf8574.o
LOAD ./Driver/Src/nRFL01_driver.o
LOAD ./Driver/Src/rtc_driver.o
LOAD ./Driver/Src/spi_driver.o
LOAD ./Driver/Src/stm32f4xx.o
LOAD ./Driver/Src/timer_driver.o
LOAD ./Driver/Src/usart_driver.o
LOAD ./Src/syscalls.o
LOAD ./Src/sysmem.o
LOAD ./Src/temp_on_lcd_over_wireless_rx_interrupt.o
LOAD ./Startup/startup_stm32f407vgtx.o
START GROUP
LOAD /home/naveen/st/stm32cubeide_1.11.2/plugins/com.st.stm32cube.ide.mcu.externaltools.gnu-tools-for-stm32.10.3-2021.10.linux64_1.0.100.202210260954/tools/bin/../lib/gcc/arm-none-eabi/10.3.1/../../../../arm-none-eabi/lib/thumb/v7e-m/nofp/libc_nano.a
LOAD /home/naveen/st/stm32cubeide_1.11.2/plugins/com.st.stm32cube.ide.mcu.externaltools.gnu-tools-for-stm32.10.3-2021.10.linux64_1.0.100.202210260954/tools/bin/../lib/gcc/arm-none-eabi/10.3.1/../../../../arm-none-eabi/lib/thumb/v7e-m/nofp/libm.a
END GROUP
START GROUP
LOAD /home/naveen/st/stm32cubeide_1.11.2/plugins/com.st.stm32cube.ide.mcu.externaltools.gnu-tools-for-stm32.10.3-2021.10.linux64_1.0.100.202210260954/tools/bin/../lib/gcc/arm-none-eabi/10.3.1/thumb/v7e-m/nofp/libgcc.a
LOAD /home/naveen/st/stm32cubeide_1.11.2/plugins/com.st.stm32cube.ide.mcu.externaltools.gnu-tools-for-stm32.10.3-2021.10.linux64_1.0.100.202210260954/tools/bin/../lib/gcc/arm-none-eabi/10.3.1/../../../../arm-none-eabi/lib/thumb/v7e-m/nofp/libc_nano.a
END GROUP
START GROUP
LOAD /home/naveen/st/stm32cubeide_1.11.2/plugins/com.st.stm32cube.ide.mcu.externaltools.gnu-tools-for-stm32.10.3-2021.10.linux64_1.0.100.202210260954/tools/bin/../lib/gcc/arm-none-eabi/10.3.1/thumb/v7e-m/nofp/libgcc.a
LOAD /home/naveen/st/stm32cubeide_1.11.2/plugins/com.st.stm32cube.ide.mcu.externaltools.gnu-tools-for-stm32.10.3-2021.10.linux64_1.0.100.202210260954/tools/bin/../lib/gcc/arm-none-eabi/10.3.1/../../../../arm-none-eabi/lib/thumb/v7e-m/nofp/libc_nano.a
LOAD /home/naveen/st/stm32cubeide_1.11.2/plugins/com.st.stm32cube.ide.mcu.externaltools.gnu-tools-for-stm32.10.3-2021.10.linux64_1.0.100.202210260954/tools/bin/../lib/gcc/arm-none-eabi/10.3.1/../../../../arm-none-eabi/lib/thumb/v7e-m/nofp/libnosys.a
END GROUP
START GROUP
LOAD /home/naveen/st/stm32cubeide_1.11.2/plugins/com.st.stm32cube.ide.mcu.externaltools.gnu-tools-for-stm32.10.3-2021.10.linux64_1.0.100.202210260954/tools/bin/../lib/gcc/arm-none-eabi/10.3.1/thumb/v7e-m/nofp/libgcc.a
LOAD /home/naveen/st/stm32cubeide_1.11.2/plugins/com.st.stm32cube.ide.mcu.externaltools.gnu-tools-for-stm32.10.3-2021.10.linux64_1.0.100.202210260954/tools/bin/../lib/gcc/arm-none-eabi/10.3.1/../../../../arm-none-eabi/lib/thumb/v7e-m/nofp/libc_nano.a
LOAD /home/naveen/st/stm32cubeide_1.11.2/plugins/com.st.stm32cube.ide.mcu.externaltools.gnu-tools-for-stm32.10.3-2021.10.linux64_1.0.100.202210260954/tools/bin/../lib/gcc/arm-none-eabi/10.3.1/../../../../arm-none-eabi/lib/thumb/v7e-m/nofp/libnosys.a
END GROUP
LOAD /home/naveen/st/stm32cubeide_1.11.2/plugins/com.st.stm32cube.ide.mcu.externaltools.gnu-tools-for-stm32.10.3-2021.10.linux64_1.0.100.202210260954/tools/bin/../lib/gcc/arm-none-eabi/10.3.1/thumb/v7e-m/nofp/crtend.o
LOAD /home/naveen/st/stm32cubeide_1.11.2/plugins/com.st.stm32cube.ide.mcu.externaltools.gnu-tools-for-stm32.10.3-2021.10.linux64_1.0.100.202210260954/tools/bin/../lib/gcc/arm-none-eabi/10.3.1/thumb/v7e-m/nofp/crtn.o
                0x0000000020020000                _estack = (ORIGIN (RAM) + LENGTH (RAM))
                0x0000000000000200                _Min_Heap_Size = 0x200
                0x0000000000000400                _Min_Stack_Size = 0x400

.isr_vector     0x0000000008000000      0x1a8
                0x0000000008000000                . = ALIGN (0x4)
 *(.isr_vector)
 .isr_vector    0x0000000008000000      0x1a8 ./Startup/startup_stm32f407vgtx.o
                0x0000000008000000                g_pfnVectors
                0x00000000080001a8                . = ALIGN (0x4)

.text           0x00000000080001b0     0x2ed0
                0x00000000080001b0                . = ALIGN (0x4)
 *(.text)
 .text          0x00000000080001b0       0x40 /home/naveen/st/stm32cubeide_1.11.2/plugins/com.st.stm32cube.ide.mcu.externaltools.gnu-tools-for-stm32.10.3-2021.10.linux64_1.0.100.202210260954/tools/bin/../lib/gcc/arm-none-eabi/10.3.1/thumb/v7e-m/nofp/crtbegin.o
 .text          0x00000000080001f0       0xa0 /home/naveen/st/stm32cubeide_1.11.2/plugins/com.st.stm32cube.ide.mcu.externaltools.gnu-tools-for-stm32.10.3-2021.10.linux64_1.0.100.202210260954/tools/bin/../lib/gcc/arm-none-eabi/10.3.1/../../../../arm-none-eabi/lib/thumb/v7e-m/nofp/libc_nano.a(lib_a-memchr.o)
                0x00000000080001f0                memchr
 *(.text*)
 .text.delay_us
                0x0000000008000290       0x30 ./Driver/Src/common_utils.o
                0x0000000008000290                delay_us
 .text.configure_delay_timer
                0x00000000080002c0       0x44 ./Driver/Src/common_utils.o
                0x00000000080002c0                configure_delay_timer
 .text.configure_spi
                0x0000000008000304       0xa4 ./Driver/Src/common_utils.o
                0x0000000008000304                configure_spi
 .text.configure_i2c
                0x00000000080003a8       0xd0 ./Driver/Src/common_utils.o
                0x00000000080003a8                configure_i2c
 .text.LCD_SendChar
                0x0000000008000478       0x1a ./Driver/Src/common_utils.o
                0x0000000008000478                LCD_SendChar
 *fill*         0x0000000008000492        0x2 
 .text.configure_external_gpio_interrupt
                0x0000000008000494      0x120 ./Driver/Src/external_interrupt_config.o
                0x0000000008000494                configure_external_gpio_interrupt
 .text.gpio_port_name_to_num
                0x00000000080005b4       0xb4 ./Driver/Src/external_interrupt_config.o
 .text.General_Purpose_Timer_Init
                0x0000000008000668      0x482 ./Driver/Src/general_purpose_timer.o
                0x0000000008000668                General_Purpose_Timer_Init
 .text.General_Purpose_Timer_PeripheralEnable
                0x0000000008000aea       0x22 ./Driver/Src/general_purpose_timer.o
                0x0000000008000aea                General_Purpose_Timer_PeripheralEnable
 .text.GPIOSetMode
                0x0000000008000b0c       0x48 ./Driver/Src/gpio_driver.o
                0x0000000008000b0c                GPIOSetMode
 .text.GPIOWritePin
                0x0000000008000b54       0x44 ./Driver/Src/gpio_driver.o
                0x0000000008000b54                GPIOWritePin
 .text.GPIOSetAltFn
                0x0000000008000b98       0x72 ./Driver/Src/gpio_driver.o
                0x0000000008000b98                GPIOSetAltFn
 .text.GPIOSetOutputType
                0x0000000008000c0a       0x44 ./Driver/Src/gpio_driver.o
                0x0000000008000c0a                GPIOSetOutputType
 .text.GPIOSetPullUpDownConfig
                0x0000000008000c4e       0x48 ./Driver/Src/gpio_driver.o
                0x0000000008000c4e                GPIOSetPullUpDownConfig
 .text.GPIOSetOutputSpeed
                0x0000000008000c96       0x48 ./Driver/Src/gpio_driver.o
                0x0000000008000c96                GPIOSetOutputSpeed
 .text.I2CPeriConfig
                0x0000000008000cde       0xac ./Driver/Src/i2c_driver.o
                0x0000000008000cde                I2CPeriConfig
 .text.I2CEnable
                0x0000000008000d8a       0x22 ./Driver/Src/i2c_driver.o
                0x0000000008000d8a                I2CEnable
 .text.I2CMasterSendData
                0x0000000008000dac       0xb0 ./Driver/Src/i2c_driver.o
                0x0000000008000dac                I2CMasterSendData
 .text.I2C_SendStartBit
                0x0000000008000e5c       0x22 ./Driver/Src/i2c_driver.o
 .text.I2C_SendStopBit
                0x0000000008000e7e       0x22 ./Driver/Src/i2c_driver.o
 .text.I2C_GetFlagStatus
                0x0000000008000ea0       0x2a ./Driver/Src/i2c_driver.o
 .text.I2C_SendSlaveAddress
                0x0000000008000eca       0x20 ./Driver/Src/i2c_driver.o
 .text.I2C_ClearADDRStatusBit
                0x0000000008000eea       0x22 ./Driver/Src/i2c_driver.o
 .text.I2CConfigureTrise
                0x0000000008000f0c       0x20 ./Driver/Src/i2c_driver.o
                0x0000000008000f0c                I2CConfigureTrise
 .text.lcd_pcf8574_init
                0x0000000008000f2c       0x9c ./Driver/Src/lcd_driver_pcf8574.o
                0x0000000008000f2c                lcd_pcf8574_init
 .text.lcd_pcf8574_send_cmd
                0x0000000008000fc8       0x64 ./Driver/Src/lcd_driver_pcf8574.o
                0x0000000008000fc8                lcd_pcf8574_send_cmd
 .text.lcd_pcf8574_send_data
                0x000000000800102c       0x64 ./Driver/Src/lcd_driver_pcf8574.o
                0x000000000800102c                lcd_pcf8574_send_data
 .text.lcd_pcf8574_clear_screen
                0x0000000008001090        0xe ./Driver/Src/lcd_driver_pcf8574.o
                0x0000000008001090                lcd_pcf8574_clear_screen
 .text.lcd_pcf8574_return_home
                0x000000000800109e        0xe ./Driver/Src/lcd_driver_pcf8574.o
                0x000000000800109e                lcd_pcf8574_return_home
 .text.lcd_pcf8574_set_position
                0x00000000080010ac       0x5e ./Driver/Src/lcd_driver_pcf8574.o
                0x00000000080010ac                lcd_pcf8574_set_position
 *fill*         0x000000000800110a        0x2 
 .text.configure_nrf_radio
                0x000000000800110c      0x2f0 ./Driver/Src/nRFL01_driver.o
                0x000000000800110c                configure_nrf_radio
 .text.nrf_radio_get_status_register
                0x00000000080013fc       0x58 ./Driver/Src/nRFL01_driver.o
                0x00000000080013fc                nrf_radio_get_status_register
 .text.nrf_radio_get_interrupt_source
                0x0000000008001454       0x4c ./Driver/Src/nRFL01_driver.o
                0x0000000008001454                nrf_radio_get_interrupt_source
 .text.nrf_radio_retreive_packet_from_fifo
                0x00000000080014a0       0x84 ./Driver/Src/nRFL01_driver.o
                0x00000000080014a0                nrf_radio_retreive_packet_from_fifo
 .text.nrf_radio_get_rx_packet_length
                0x0000000008001524       0x60 ./Driver/Src/nRFL01_driver.o
                0x0000000008001524                nrf_radio_get_rx_packet_length
 .text.nrf_radio_cmd_write
                0x0000000008001584       0x3c ./Driver/Src/nRFL01_driver.o
                0x0000000008001584                nrf_radio_cmd_write
 .text.RTC_Alarm_IRQHandler
                0x00000000080015c0       0x28 ./Driver/Src/rtc_driver.o
                0x00000000080015c0                RTC_Alarm_IRQHandler
 .text.RTC_Alarm_Interrupt_Callback
                0x00000000080015e8       0x18 ./Driver/Src/rtc_driver.o
                0x00000000080015e8                RTC_Alarm_Interrupt_Callback
 .text.SPIPeriConfig
                0x0000000008001600       0xf6 ./Driver/Src/spi_driver.o
                0x0000000008001600                SPIPeriConfig
 .text.SPIEnable
                0x00000000080016f6       0x22 ./Driver/Src/spi_driver.o
                0x00000000080016f6                SPIEnable
 .text.SPIGetFlags
                0x0000000008001718       0x2c ./Driver/Src/spi_driver.o
                0x0000000008001718                SPIGetFlags
 .text.SPISendData
                0x0000000008001744       0x58 ./Driver/Src/spi_driver.o
                0x0000000008001744                SPISendData
 .text.SPIMasterRecvData
                0x000000000800179c       0x92 ./Driver/Src/spi_driver.o
                0x000000000800179c                SPIMasterRecvData
 *fill*         0x000000000800182e        0x2 
 .text.EnablePeriClk
                0x0000000008001830      0x388 ./Driver/Src/stm32f4xx.o
                0x0000000008001830                EnablePeriClk
 .text.NVIC_EnableIRQ
                0x0000000008001bb8       0x44 ./Driver/Src/stm32f4xx.o
                0x0000000008001bb8                NVIC_EnableIRQ
 .text._read    0x0000000008001bfc       0x3a ./Src/syscalls.o
                0x0000000008001bfc                _read
 .text._write   0x0000000008001c36       0x38 ./Src/syscalls.o
                0x0000000008001c36                _write
 .text._close   0x0000000008001c6e       0x16 ./Src/syscalls.o
                0x0000000008001c6e                _close
 .text._fstat   0x0000000008001c84       0x1e ./Src/syscalls.o
                0x0000000008001c84                _fstat
 .text._isatty  0x0000000008001ca2       0x14 ./Src/syscalls.o
                0x0000000008001ca2                _isatty
 .text._lseek   0x0000000008001cb6       0x18 ./Src/syscalls.o
                0x0000000008001cb6                _lseek
 *fill*         0x0000000008001cce        0x2 
 .text._sbrk    0x0000000008001cd0       0x6c ./Src/sysmem.o
                0x0000000008001cd0                _sbrk
 .text.main     0x0000000008001d3c       0xc4 ./Src/temp_on_lcd_over_wireless_rx_interrupt.o
                0x0000000008001d3c                main
 .text.nrf_radio_packet_received_application_callback
                0x0000000008001e00       0x70 ./Src/temp_on_lcd_over_wireless_rx_interrupt.o
                0x0000000008001e00                nrf_radio_packet_received_application_callback
 .text.nrf_radio_enable_irq
                0x0000000008001e70       0x18 ./Src/temp_on_lcd_over_wireless_rx_interrupt.o
                0x0000000008001e70                nrf_radio_enable_irq
 .text.EXTI0_IRQHandler
                0x0000000008001e88       0x70 ./Src/temp_on_lcd_over_wireless_rx_interrupt.o
                0x0000000008001e88                EXTI0_IRQHandler
 .text.Reset_Handler
                0x0000000008001ef8       0x50 ./Startup/startup_stm32f407vgtx.o
                0x0000000008001ef8                Reset_Handler
 .text.Default_Handler
                0x0000000008001f48        0x2 ./Startup/startup_stm32f407vgtx.o
                0x0000000008001f48                HASH_RNG_IRQHandler
                0x0000000008001f48                EXTI2_IRQHandler
                0x0000000008001f48                TIM8_CC_IRQHandler
                0x0000000008001f48                DebugMon_Handler
                0x0000000008001f48                TIM1_CC_IRQHandler
                0x0000000008001f48                DMA2_Stream5_IRQHandler
                0x0000000008001f48                HardFault_Handler
                0x0000000008001f48                DMA1_Stream5_IRQHandler
                0x0000000008001f48                SysTick_Handler
                0x0000000008001f48                PVD_IRQHandler
                0x0000000008001f48                SDIO_IRQHandler
                0x0000000008001f48                TAMP_STAMP_IRQHandler
                0x0000000008001f48                PendSV_Handler
                0x0000000008001f48                NMI_Handler
                0x0000000008001f48                CAN2_RX1_IRQHandler
                0x0000000008001f48                EXTI3_IRQHandler
                0x0000000008001f48                TIM8_TRG_COM_TIM14_IRQHandler
                0x0000000008001f48                TIM1_UP_TIM10_IRQHandler
                0x0000000008001f48                TIM8_UP_TIM13_IRQHandler
                0x0000000008001f48                I2C3_ER_IRQHandler
                0x0000000008001f48                LCD_TFT_IRQHandler
                0x0000000008001f48                I2C2_EV_IRQHandler
                0x0000000008001f48                DMA1_Stream2_IRQHandler
                0x0000000008001f48                CAN1_RX0_IRQHandler
                0x0000000008001f48                FPU_IRQHandler
                0x0000000008001f48                OTG_HS_WKUP_IRQHandler
                0x0000000008001f48                UsageFault_Handler
                0x0000000008001f48                CAN2_SCE_IRQHandler
                0x0000000008001f48                DMA2_Stream2_IRQHandler
                0x0000000008001f48                SPI1_IRQHandler
                0x0000000008001f48                TIM6_DAC_IRQHandler
                0x0000000008001f48                TIM1_BRK_TIM9_IRQHandler
                0x0000000008001f48                DCMI_IRQHandler
                0x0000000008001f48                CAN2_RX0_IRQHandler
                0x0000000008001f48                DMA2_Stream3_IRQHandler
                0x0000000008001f48                USART6_IRQHandler
                0x0000000008001f48                USART3_IRQHandler
                0x0000000008001f48                CRYP_IRQHandler
                0x0000000008001f48                CAN1_RX1_IRQHandler
                0x0000000008001f48                UART5_IRQHandler
                0x0000000008001f48                DMA2_Stream0_IRQHandler
                0x0000000008001f48                TIM4_IRQHandler
                0x0000000008001f48                I2C1_EV_IRQHandler
                0x0000000008001f48                DMA1_Stream6_IRQHandler
                0x0000000008001f48                DMA1_Stream1_IRQHandler
                0x0000000008001f48                UART4_IRQHandler
                0x0000000008001f48                LCD_TFT_1_IRQHandler
                0x0000000008001f48                TIM3_IRQHandler
                0x0000000008001f48                RCC_IRQHandler
                0x0000000008001f48                TIM8_BRK_TIM12_IRQHandler
                0x0000000008001f48                Default_Handler
                0x0000000008001f48                EXTI15_10_IRQHandler
                0x0000000008001f48                ADC_IRQHandler
                0x0000000008001f48                DMA1_Stream7_IRQHandler
                0x0000000008001f48                TIM7_IRQHandler
                0x0000000008001f48                CAN2_TX_IRQHandler
                0x0000000008001f48                TIM5_IRQHandler
                0x0000000008001f48                DMA2_Stream7_IRQHandler
                0x0000000008001f48                I2C3_EV_IRQHandler
                0x0000000008001f48                EXTI9_5_IRQHandler
                0x0000000008001f48                RTC_WKUP_IRQHandler
                0x0000000008001f48                ETH_WKUP_IRQHandler
                0x0000000008001f48                SPI2_IRQHandler
                0x0000000008001f48                OTG_HS_EP1_IN_IRQHandler
                0x0000000008001f48                MemManage_Handler
                0x0000000008001f48                DMA1_Stream0_IRQHandler
                0x0000000008001f48                CAN1_TX_IRQHandler
                0x0000000008001f48                SVC_Handler
                0x0000000008001f48                EXTI4_IRQHandler
                0x0000000008001f48                FSMC_IRQHandler
                0x0000000008001f48                ETH_IRQHandler
                0x0000000008001f48                OTG_HS_EP1_OUT_IRQHandler
                0x0000000008001f48                WWDG_IRQHandler
                0x0000000008001f48                TIM2_IRQHandler
                0x0000000008001f48                OTG_FS_WKUP_IRQHandler
                0x0000000008001f48                TIM1_TRG_COM_TIM11_IRQHandler
                0x0000000008001f48                OTG_HS_IRQHandler
                0x0000000008001f48                EXTI1_IRQHandler
                0x0000000008001f48                USART2_IRQHandler
                0x0000000008001f48                I2C2_ER_IRQHandler
                0x0000000008001f48                DMA2_Stream1_IRQHandler
                0x0000000008001f48                CAN1_SCE_IRQHandler
                0x0000000008001f48                DMA2_Stream4_IRQHandler
                0x0000000008001f48                BusFault_Handler
                0x0000000008001f48                USART1_IRQHandler
                0x0000000008001f48                OTG_FS_IRQHandler
                0x0000000008001f48                SPI3_IRQHandler
                0x0000000008001f48                DMA1_Stream4_IRQHandler
                0x0000000008001f48                I2C1_ER_IRQHandler
                0x0000000008001f48                DMA2_Stream6_IRQHandler
                0x0000000008001f48                DMA1_Stream3_IRQHandler
 *fill*         0x0000000008001f4a        0x2 
 .text.__errno  0x0000000008001f4c        0xc /home/naveen/st/stm32cubeide_1.11.2/plugins/com.st.stm32cube.ide.mcu.externaltools.gnu-tools-for-stm32.10.3-2021.10.linux64_1.0.100.202210260954/tools/bin/../lib/gcc/arm-none-eabi/10.3.1/../../../../arm-none-eabi/lib/thumb/v7e-m/nofp/libc_nano.a(lib_a-errno.o)
                0x0000000008001f4c                __errno
 .text.__libc_init_array
                0x0000000008001f58       0x48 /home/naveen/st/stm32cubeide_1.11.2/plugins/com.st.stm32cube.ide.mcu.externaltools.gnu-tools-for-stm32.10.3-2021.10.linux64_1.0.100.202210260954/tools/bin/../lib/gcc/arm-none-eabi/10.3.1/../../../../arm-none-eabi/lib/thumb/v7e-m/nofp/libc_nano.a(lib_a-init.o)
                0x0000000008001f58                __libc_init_array
 .text.malloc   0x0000000008001fa0       0x10 /home/naveen/st/stm32cubeide_1.11.2/plugins/com.st.stm32cube.ide.mcu.externaltools.gnu-tools-for-stm32.10.3-2021.10.linux64_1.0.100.202210260954/tools/bin/../lib/gcc/arm-none-eabi/10.3.1/../../../../arm-none-eabi/lib/thumb/v7e-m/nofp/libc_nano.a(lib_a-malloc.o)
                0x0000000008001fa0                malloc
 .text.memset   0x0000000008001fb0       0x10 /home/naveen/st/stm32cubeide_1.11.2/plugins/com.st.stm32cube.ide.mcu.externaltools.gnu-tools-for-stm32.10.3-2021.10.linux64_1.0.100.202210260954/tools/bin/../lib/gcc/arm-none-eabi/10.3.1/../../../../arm-none-eabi/lib/thumb/v7e-m/nofp/libc_nano.a(lib_a-memset.o)
                0x0000000008001fb0                memset
 .text._free_r  0x0000000008001fc0       0x94 /home/naveen/st/stm32cubeide_1.11.2/plugins/com.st.stm32cube.ide.mcu.externaltools.gnu-tools-for-stm32.10.3-2021.10.linux64_1.0.100.202210260954/tools/bin/../lib/gcc/arm-none-eabi/10.3.1/../../../../arm-none-eabi/lib/thumb/v7e-m/nofp/libc_nano.a(lib_a-nano-freer.o)
                0x0000000008001fc0                _free_r
 .text.sbrk_aligned
                0x0000000008002054       0x40 /home/naveen/st/stm32cubeide_1.11.2/plugins/com.st.stm32cube.ide.mcu.externaltools.gnu-tools-for-stm32.10.3-2021.10.linux64_1.0.100.202210260954/tools/bin/../lib/gcc/arm-none-eabi/10.3.1/../../../../arm-none-eabi/lib/thumb/v7e-m/nofp/libc_nano.a(lib_a-nano-mallocr.o)
 .text._malloc_r
                0x0000000008002094       0xe8 /home/naveen/st/stm32cubeide_1.11.2/plugins/com.st.stm32cube.ide.mcu.externaltools.gnu-tools-for-stm32.10.3-2021.10.linux64_1.0.100.202210260954/tools/bin/../lib/gcc/arm-none-eabi/10.3.1/../../../../arm-none-eabi/lib/thumb/v7e-m/nofp/libc_nano.a(lib_a-nano-mallocr.o)
                0x0000000008002094                _malloc_r
 .text.printf   0x000000000800217c       0x30 /home/naveen/st/stm32cubeide_1.11.2/plugins/com.st.stm32cube.ide.mcu.externaltools.gnu-tools-for-stm32.10.3-2021.10.linux64_1.0.100.202210260954/tools/bin/../lib/gcc/arm-none-eabi/10.3.1/../../../../arm-none-eabi/lib/thumb/v7e-m/nofp/libc_nano.a(lib_a-printf.o)
                0x000000000800217c                printf
                0x000000000800217c                iprintf
 .text._sbrk_r  0x00000000080021ac       0x20 /home/naveen/st/stm32cubeide_1.11.2/plugins/com.st.stm32cube.ide.mcu.externaltools.gnu-tools-for-stm32.10.3-2021.10.linux64_1.0.100.202210260954/tools/bin/../lib/gcc/arm-none-eabi/10.3.1/../../../../arm-none-eabi/lib/thumb/v7e-m/nofp/libc_nano.a(lib_a-sbrkr.o)
                0x00000000080021ac                _sbrk_r
 .text.setbuf   0x00000000080021cc       0x10 /home/naveen/st/stm32cubeide_1.11.2/plugins/com.st.stm32cube.ide.mcu.externaltools.gnu-tools-for-stm32.10.3-2021.10.linux64_1.0.100.202210260954/tools/bin/../lib/gcc/arm-none-eabi/10.3.1/../../../../arm-none-eabi/lib/thumb/v7e-m/nofp/libc_nano.a(lib_a-setbuf.o)
                0x00000000080021cc                setbuf
 .text.setvbuf  0x00000000080021dc      0x18c /home/naveen/st/stm32cubeide_1.11.2/plugins/com.st.stm32cube.ide.mcu.externaltools.gnu-tools-for-stm32.10.3-2021.10.linux64_1.0.100.202210260954/tools/bin/../lib/gcc/arm-none-eabi/10.3.1/../../../../arm-none-eabi/lib/thumb/v7e-m/nofp/libc_nano.a(lib_a-setvbuf.o)
                0x00000000080021dc                setvbuf
 .text.__swbuf_r
                0x0000000008002368       0xa4 /home/naveen/st/stm32cubeide_1.11.2/plugins/com.st.stm32cube.ide.mcu.externaltools.gnu-tools-for-stm32.10.3-2021.10.linux64_1.0.100.202210260954/tools/bin/../lib/gcc/arm-none-eabi/10.3.1/../../../../arm-none-eabi/lib/thumb/v7e-m/nofp/libc_nano.a(lib_a-wbuf.o)
                0x0000000008002368                __swbuf_r
 .text.__swsetup_r
                0x000000000800240c       0xdc /home/naveen/st/stm32cubeide_1.11.2/plugins/com.st.stm32cube.ide.mcu.externaltools.gnu-tools-for-stm32.10.3-2021.10.linux64_1.0.100.202210260954/tools/bin/../lib/gcc/arm-none-eabi/10.3.1/../../../../arm-none-eabi/lib/thumb/v7e-m/nofp/libc_nano.a(lib_a-wsetup.o)
                0x000000000800240c                __swsetup_r
 .text.__sflush_r
                0x00000000080024e8      0x104 /home/naveen/st/stm32cubeide_1.11.2/plugins/com.st.stm32cube.ide.mcu.externaltools.gnu-tools-for-stm32.10.3-2021.10.linux64_1.0.100.202210260954/tools/bin/../lib/gcc/arm-none-eabi/10.3.1/../../../../arm-none-eabi/lib/thumb/v7e-m/nofp/libc_nano.a(lib_a-fflush.o)
                0x00000000080024e8                __sflush_r
 .text._fflush_r
                0x00000000080025ec       0x78 /home/naveen/st/stm32cubeide_1.11.2/plugins/com.st.stm32cube.ide.mcu.externaltools.gnu-tools-for-stm32.10.3-2021.10.linux64_1.0.100.202210260954/tools/bin/../lib/gcc/arm-none-eabi/10.3.1/../../../../arm-none-eabi/lib/thumb/v7e-m/nofp/libc_nano.a(lib_a-fflush.o)
                0x00000000080025ec                _fflush_r
 .text.std      0x0000000008002664       0x48 /home/naveen/st/stm32cubeide_1.11.2/plugins/com.st.stm32cube.ide.mcu.externaltools.gnu-tools-for-stm32.10.3-2021.10.linux64_1.0.100.202210260954/tools/bin/../lib/gcc/arm-none-eabi/10.3.1/../../../../arm-none-eabi/lib/thumb/v7e-m/nofp/libc_nano.a(lib_a-findfp.o)
 .text._cleanup_r
                0x00000000080026ac        0xc /home/naveen/st/stm32cubeide_1.11.2/plugins/com.st.stm32cube.ide.mcu.externaltools.gnu-tools-for-stm32.10.3-2021.10.linux64_1.0.100.202210260954/tools/bin/../lib/gcc/arm-none-eabi/10.3.1/../../../../arm-none-eabi/lib/thumb/v7e-m/nofp/libc_nano.a(lib_a-findfp.o)
                0x00000000080026ac                _cleanup_r
 .text.__sfmoreglue
                0x00000000080026b8       0x2c /home/naveen/st/stm32cubeide_1.11.2/plugins/com.st.stm32cube.ide.mcu.externaltools.gnu-tools-for-stm32.10.3-2021.10.linux64_1.0.100.202210260954/tools/bin/../lib/gcc/arm-none-eabi/10.3.1/../../../../arm-none-eabi/lib/thumb/v7e-m/nofp/libc_nano.a(lib_a-findfp.o)
                0x00000000080026b8                __sfmoreglue
 .text.__sfp_lock_acquire
                0x00000000080026e4        0xc /home/naveen/st/stm32cubeide_1.11.2/plugins/com.st.stm32cube.ide.mcu.externaltools.gnu-tools-for-stm32.10.3-2021.10.linux64_1.0.100.202210260954/tools/bin/../lib/gcc/arm-none-eabi/10.3.1/../../../../arm-none-eabi/lib/thumb/v7e-m/nofp/libc_nano.a(lib_a-findfp.o)
                0x00000000080026e4                __sfp_lock_acquire
 .text.__sfp_lock_release
                0x00000000080026f0        0xc /home/naveen/st/stm32cubeide_1.11.2/plugins/com.st.stm32cube.ide.mcu.externaltools.gnu-tools-for-stm32.10.3-2021.10.linux64_1.0.100.202210260954/tools/bin/../lib/gcc/arm-none-eabi/10.3.1/../../../../arm-none-eabi/lib/thumb/v7e-m/nofp/libc_nano.a(lib_a-findfp.o)
                0x00000000080026f0                __sfp_lock_release
 .text.__sinit_lock_acquire
                0x00000000080026fc        0xc /home/naveen/st/stm32cubeide_1.11.2/plugins/com.st.stm32cube.ide.mcu.externaltools.gnu-tools-for-stm32.10.3-2021.10.linux64_1.0.100.202210260954/tools/bin/../lib/gcc/arm-none-eabi/10.3.1/../../../../arm-none-eabi/lib/thumb/v7e-m/nofp/libc_nano.a(lib_a-findfp.o)
                0x00000000080026fc                __sinit_lock_acquire
 .text.__sinit_lock_release
                0x0000000008002708        0xc /home/naveen/st/stm32cubeide_1.11.2/plugins/com.st.stm32cube.ide.mcu.externaltools.gnu-tools-for-stm32.10.3-2021.10.linux64_1.0.100.202210260954/tools/bin/../lib/gcc/arm-none-eabi/10.3.1/../../../../arm-none-eabi/lib/thumb/v7e-m/nofp/libc_nano.a(lib_a-findfp.o)
                0x0000000008002708                __sinit_lock_release
 .text.__sinit  0x0000000008002714       0x70 /home/naveen/st/stm32cubeide_1.11.2/plugins/com.st.stm32cube.ide.mcu.externaltools.gnu-tools-for-stm32.10.3-2021.10.linux64_1.0.100.202210260954/tools/bin/../lib/gcc/arm-none-eabi/10.3.1/../../../../arm-none-eabi/lib/thumb/v7e-m/nofp/libc_nano.a(lib_a-findfp.o)
                0x0000000008002714                __sinit
 .text.__sfp    0x0000000008002784       0x8c /home/naveen/st/stm32cubeide_1.11.2/plugins/com.st.stm32cube.ide.mcu.externaltools.gnu-tools-for-stm32.10.3-2021.10.linux64_1.0.100.202210260954/tools/bin/../lib/gcc/arm-none-eabi/10.3.1/../../../../arm-none-eabi/lib/thumb/v7e-m/nofp/libc_nano.a(lib_a-findfp.o)
                0x0000000008002784                __sfp
 .text._fwalk_reent
                0x0000000008002810       0x3e /home/naveen/st/stm32cubeide_1.11.2/plugins/com.st.stm32cube.ide.mcu.externaltools.gnu-tools-for-stm32.10.3-2021.10.linux64_1.0.100.202210260954/tools/bin/../lib/gcc/arm-none-eabi/10.3.1/../../../../arm-none-eabi/lib/thumb/v7e-m/nofp/libc_nano.a(lib_a-fwalk.o)
                0x0000000008002810                _fwalk_reent
 .text.__retarget_lock_init_recursive
                0x000000000800284e        0x2 /home/naveen/st/stm32cubeide_1.11.2/plugins/com.st.stm32cube.ide.mcu.externaltools.gnu-tools-for-stm32.10.3-2021.10.linux64_1.0.100.202210260954/tools/bin/../lib/gcc/arm-none-eabi/10.3.1/../../../../arm-none-eabi/lib/thumb/v7e-m/nofp/libc_nano.a(lib_a-lock.o)
                0x000000000800284e                __retarget_lock_init_recursive
 .text.__retarget_lock_acquire_recursive
                0x0000000008002850        0x2 /home/naveen/st/stm32cubeide_1.11.2/plugins/com.st.stm32cube.ide.mcu.externaltools.gnu-tools-for-stm32.10.3-2021.10.linux64_1.0.100.202210260954/tools/bin/../lib/gcc/arm-none-eabi/10.3.1/../../../../arm-none-eabi/lib/thumb/v7e-m/nofp/libc_nano.a(lib_a-lock.o)
                0x0000000008002850                __retarget_lock_acquire_recursive
 .text.__retarget_lock_release_recursive
                0x0000000008002852        0x2 /home/naveen/st/stm32cubeide_1.11.2/plugins/com.st.stm32cube.ide.mcu.externaltools.gnu-tools-for-stm32.10.3-2021.10.linux64_1.0.100.202210260954/tools/bin/../lib/gcc/arm-none-eabi/10.3.1/../../../../arm-none-eabi/lib/thumb/v7e-m/nofp/libc_nano.a(lib_a-lock.o)
                0x0000000008002852                __retarget_lock_release_recursive
 .text.__swhatbuf_r
                0x0000000008002854       0x4a /home/naveen/st/stm32cubeide_1.11.2/plugins/com.st.stm32cube.ide.mcu.externaltools.gnu-tools-for-stm32.10.3-2021.10.linux64_1.0.100.202210260954/tools/bin/../lib/gcc/arm-none-eabi/10.3.1/../../../../arm-none-eabi/lib/thumb/v7e-m/nofp/libc_nano.a(lib_a-makebuf.o)
                0x0000000008002854                __swhatbuf_r
 *fill*         0x000000000800289e        0x2 
 .text.__smakebuf_r
                0x00000000080028a0       0x80 /home/naveen/st/stm32cubeide_1.11.2/plugins/com.st.stm32cube.ide.mcu.externaltools.gnu-tools-for-stm32.10.3-2021.10.linux64_1.0.100.202210260954/tools/bin/../lib/gcc/arm-none-eabi/10.3.1/../../../../arm-none-eabi/lib/thumb/v7e-m/nofp/libc_nano.a(lib_a-makebuf.o)
                0x00000000080028a0                __smakebuf_r
 .text.__malloc_lock
                0x0000000008002920        0xc /home/naveen/st/stm32cubeide_1.11.2/plugins/com.st.stm32cube.ide.mcu.externaltools.gnu-tools-for-stm32.10.3-2021.10.linux64_1.0.100.202210260954/tools/bin/../lib/gcc/arm-none-eabi/10.3.1/../../../../arm-none-eabi/lib/thumb/v7e-m/nofp/libc_nano.a(lib_a-mlock.o)
                0x0000000008002920                __malloc_lock
 .text.__malloc_unlock
                0x000000000800292c        0xc /home/naveen/st/stm32cubeide_1.11.2/plugins/com.st.stm32cube.ide.mcu.externaltools.gnu-tools-for-stm32.10.3-2021.10.linux64_1.0.100.202210260954/tools/bin/../lib/gcc/arm-none-eabi/10.3.1/../../../../arm-none-eabi/lib/thumb/v7e-m/nofp/libc_nano.a(lib_a-mlock.o)
                0x000000000800292c                __malloc_unlock
 .text.__sfputc_r
                0x0000000008002938       0x2a /home/naveen/st/stm32cubeide_1.11.2/plugins/com.st.stm32cube.ide.mcu.externaltools.gnu-tools-for-stm32.10.3-2021.10.linux64_1.0.100.202210260954/tools/bin/../lib/gcc/arm-none-eabi/10.3.1/../../../../arm-none-eabi/lib/thumb/v7e-m/nofp/libc_nano.a(lib_a-nano-vfprintf.o)
 .text.__sfputs_r
                0x0000000008002962       0x24 /home/naveen/st/stm32cubeide_1.11.2/plugins/com.st.stm32cube.ide.mcu.externaltools.gnu-tools-for-stm32.10.3-2021.10.linux64_1.0.100.202210260954/tools/bin/../lib/gcc/arm-none-eabi/10.3.1/../../../../arm-none-eabi/lib/thumb/v7e-m/nofp/libc_nano.a(lib_a-nano-vfprintf.o)
                0x0000000008002962                __sfputs_r
 *fill*         0x0000000008002986        0x2 
 .text._vfprintf_r
                0x0000000008002988      0x260 /home/naveen/st/stm32cubeide_1.11.2/plugins/com.st.stm32cube.ide.mcu.externaltools.gnu-tools-for-stm32.10.3-2021.10.linux64_1.0.100.202210260954/tools/bin/../lib/gcc/arm-none-eabi/10.3.1/../../../../arm-none-eabi/lib/thumb/v7e-m/nofp/libc_nano.a(lib_a-nano-vfprintf.o)
                0x0000000008002988                _vfiprintf_r
                0x0000000008002988                _vfprintf_r
 .text._printf_common
                0x0000000008002be8       0xda /home/naveen/st/stm32cubeide_1.11.2/plugins/com.st.stm32cube.ide.mcu.externaltools.gnu-tools-for-stm32.10.3-2021.10.linux64_1.0.100.202210260954/tools/bin/../lib/gcc/arm-none-eabi/10.3.1/../../../../arm-none-eabi/lib/thumb/v7e-m/nofp/libc_nano.a(lib_a-nano-vfprintf_i.o)
                0x0000000008002be8                _printf_common
 *fill*         0x0000000008002cc2        0x2 
 .text._printf_i
                0x0000000008002cc4      0x24c /home/naveen/st/stm32cubeide_1.11.2/plugins/com.st.stm32cube.ide.mcu.externaltools.gnu-tools-for-stm32.10.3-2021.10.linux64_1.0.100.202210260954/tools/bin/../lib/gcc/arm-none-eabi/10.3.1/../../../../arm-none-eabi/lib/thumb/v7e-m/nofp/libc_nano.a(lib_a-nano-vfprintf_i.o)
                0x0000000008002cc4                _printf_i
 .text.__sread  0x0000000008002f10       0x22 /home/naveen/st/stm32cubeide_1.11.2/plugins/com.st.stm32cube.ide.mcu.externaltools.gnu-tools-for-stm32.10.3-2021.10.linux64_1.0.100.202210260954/tools/bin/../lib/gcc/arm-none-eabi/10.3.1/../../../../arm-none-eabi/lib/thumb/v7e-m/nofp/libc_nano.a(lib_a-stdio.o)
                0x0000000008002f10                __sread
 .text.__swrite
                0x0000000008002f32       0x38 /home/naveen/st/stm32cubeide_1.11.2/plugins/com.st.stm32cube.ide.mcu.externaltools.gnu-tools-for-stm32.10.3-2021.10.linux64_1.0.100.202210260954/tools/bin/../lib/gcc/arm-none-eabi/10.3.1/../../../../arm-none-eabi/lib/thumb/v7e-m/nofp/libc_nano.a(lib_a-stdio.o)
                0x0000000008002f32                __swrite
 .text.__sseek  0x0000000008002f6a       0x24 /home/naveen/st/stm32cubeide_1.11.2/plugins/com.st.stm32cube.ide.mcu.externaltools.gnu-tools-for-stm32.10.3-2021.10.linux64_1.0.100.202210260954/tools/bin/../lib/gcc/arm-none-eabi/10.3.1/../../../../arm-none-eabi/lib/thumb/v7e-m/nofp/libc_nano.a(lib_a-stdio.o)
                0x0000000008002f6a                __sseek
 .text.__sclose
                0x0000000008002f8e        0x8 /home/naveen/st/stm32cubeide_1.11.2/plugins/com.st.stm32cube.ide.mcu.externaltools.gnu-tools-for-stm32.10.3-2021.10.linux64_1.0.100.202210260954/tools/bin/../lib/gcc/arm-none-eabi/10.3.1/../../../../arm-none-eabi/lib/thumb/v7e-m/nofp/libc_nano.a(lib_a-stdio.o)
                0x0000000008002f8e                __sclose
 *fill*         0x0000000008002f96        0x2 
 .text._write_r
                0x0000000008002f98       0x24 /home/naveen/st/stm32cubeide_1.11.2/plugins/com.st.stm32cube.ide.mcu.externaltools.gnu-tools-for-stm32.10.3-2021.10.linux64_1.0.100.202210260954/tools/bin/../lib/gcc/arm-none-eabi/10.3.1/../../../../arm-none-eabi/lib/thumb/v7e-m/nofp/libc_nano.a(lib_a-writer.o)
                0x0000000008002f98                _write_r
 .text._close_r
                0x0000000008002fbc       0x20 /home/naveen/st/stm32cubeide_1.11.2/plugins/com.st.stm32cube.ide.mcu.externaltools.gnu-tools-for-stm32.10.3-2021.10.linux64_1.0.100.202210260954/tools/bin/../lib/gcc/arm-none-eabi/10.3.1/../../../../arm-none-eabi/lib/thumb/v7e-m/nofp/libc_nano.a(lib_a-closer.o)
                0x0000000008002fbc                _close_r
 .text._fstat_r
                0x0000000008002fdc       0x24 /home/naveen/st/stm32cubeide_1.11.2/plugins/com.st.stm32cube.ide.mcu.externaltools.gnu-tools-for-stm32.10.3-2021.10.linux64_1.0.100.202210260954/tools/bin/../lib/gcc/arm-none-eabi/10.3.1/../../../../arm-none-eabi/lib/thumb/v7e-m/nofp/libc_nano.a(lib_a-fstatr.o)
                0x0000000008002fdc                _fstat_r
 .text._isatty_r
                0x0000000008003000       0x20 /home/naveen/st/stm32cubeide_1.11.2/plugins/com.st.stm32cube.ide.mcu.externaltools.gnu-tools-for-stm32.10.3-2021.10.linux64_1.0.100.202210260954/tools/bin/../lib/gcc/arm-none-eabi/10.3.1/../../../../arm-none-eabi/lib/thumb/v7e-m/nofp/libc_nano.a(lib_a-isattyr.o)
                0x0000000008003000                _isatty_r
 .text._lseek_r
                0x0000000008003020       0x24 /home/naveen/st/stm32cubeide_1.11.2/plugins/com.st.stm32cube.ide.mcu.externaltools.gnu-tools-for-stm32.10.3-2021.10.linux64_1.0.100.202210260954/tools/bin/../lib/gcc/arm-none-eabi/10.3.1/../../../../arm-none-eabi/lib/thumb/v7e-m/nofp/libc_nano.a(lib_a-lseekr.o)
                0x0000000008003020                _lseek_r
 .text._read_r  0x0000000008003044       0x24 /home/naveen/st/stm32cubeide_1.11.2/plugins/com.st.stm32cube.ide.mcu.externaltools.gnu-tools-for-stm32.10.3-2021.10.linux64_1.0.100.202210260954/tools/bin/../lib/gcc/arm-none-eabi/10.3.1/../../../../arm-none-eabi/lib/thumb/v7e-m/nofp/libc_nano.a(lib_a-readr.o)
                0x0000000008003044                _read_r
 *(.glue_7)
 .glue_7        0x0000000008003068        0x0 linker stubs
 *(.glue_7t)
 .glue_7t       0x0000000008003068        0x0 linker stubs
 *(.eh_frame)
 .eh_frame      0x0000000008003068        0x0 /home/naveen/st/stm32cubeide_1.11.2/plugins/com.st.stm32cube.ide.mcu.externaltools.gnu-tools-for-stm32.10.3-2021.10.linux64_1.0.100.202210260954/tools/bin/../lib/gcc/arm-none-eabi/10.3.1/thumb/v7e-m/nofp/crtbegin.o
 *(.init)
 .init          0x0000000008003068        0x4 /home/naveen/st/stm32cubeide_1.11.2/plugins/com.st.stm32cube.ide.mcu.externaltools.gnu-tools-for-stm32.10.3-2021.10.linux64_1.0.100.202210260954/tools/bin/../lib/gcc/arm-none-eabi/10.3.1/thumb/v7e-m/nofp/crti.o
                0x0000000008003068                _init
 .init          0x000000000800306c        0x8 /home/naveen/st/stm32cubeide_1.11.2/plugins/com.st.stm32cube.ide.mcu.externaltools.gnu-tools-for-stm32.10.3-2021.10.linux64_1.0.100.202210260954/tools/bin/../lib/gcc/arm-none-eabi/10.3.1/thumb/v7e-m/nofp/crtn.o
 *(.fini)
 .fini          0x0000000008003074        0x4 /home/naveen/st/stm32cubeide_1.11.2/plugins/com.st.stm32cube.ide.mcu.externaltools.gnu-tools-for-stm32.10.3-2021.10.linux64_1.0.100.202210260954/tools/bin/../lib/gcc/arm-none-eabi/10.3.1/thumb/v7e-m/nofp/crti.o
                0x0000000008003074                _fini
 .fini          0x0000000008003078        0x8 /home/naveen/st/stm32cubeide_1.11.2/plugins/com.st.stm32cube.ide.mcu.externaltools.gnu-tools-for-stm32.10.3-2021.10.linux64_1.0.100.202210260954/tools/bin/../lib/gcc/arm-none-eabi/10.3.1/thumb/v7e-m/nofp/crtn.o
                0x0000000008003080                . = ALIGN (0x4)
                0x0000000008003080                _etext = .

.vfp11_veneer   0x0000000008003080        0x0
 .vfp11_veneer  0x0000000008003080        0x0 linker stubs

.v4_bx          0x0000000008003080        0x0
 .v4_bx         0x0000000008003080        0x0 linker stubs

.iplt           0x0000000008003080        0x0
 .iplt          0x0000000008003080        0x0 /home/naveen/st/stm32cubeide_1.11.2/plugins/com.st.stm32cube.ide.mcu.externaltools.gnu-tools-for-stm32.10.3-2021.10.linux64_1.0.100.202210260954/tools/bin/../lib/gcc/arm-none-eabi/10.3.1/thumb/v7e-m/nofp/crtbegin.o

.rodata         0x0000000008003080       0xbc
                0x0000000008003080                . = ALIGN (0x4)
 *(.rodata)
 .rodata        0x0000000008003080       0x22 ./Src/temp_on_lcd_over_wireless_rx_interrupt.o
 *(.rodata*)
 *fill*         0x00000000080030a2        0x2 
 .rodata._global_impure_ptr
                0x00000000080030a4        0x4 /home/naveen/st/stm32cubeide_1.11.2/plugins/com.st.stm32cube.ide.mcu.externaltools.gnu-tools-for-stm32.10.3-2021.10.linux64_1.0.100.202210260954/tools/bin/../lib/gcc/arm-none-eabi/10.3.1/../../../../arm-none-eabi/lib/thumb/v7e-m/nofp/libc_nano.a(lib_a-impure.o)
                0x00000000080030a4                _global_impure_ptr
 .rodata.__sf_fake_stderr
                0x00000000080030a8       0x20 /home/naveen/st/stm32cubeide_1.11.2/plugins/com.st.stm32cube.ide.mcu.externaltools.gnu-tools-for-stm32.10.3-2021.10.linux64_1.0.100.202210260954/tools/bin/../lib/gcc/arm-none-eabi/10.3.1/../../../../arm-none-eabi/lib/thumb/v7e-m/nofp/libc_nano.a(lib_a-findfp.o)
                0x00000000080030a8                __sf_fake_stderr
 .rodata.__sf_fake_stdin
                0x00000000080030c8       0x20 /home/naveen/st/stm32cubeide_1.11.2/plugins/com.st.stm32cube.ide.mcu.externaltools.gnu-tools-for-stm32.10.3-2021.10.linux64_1.0.100.202210260954/tools/bin/../lib/gcc/arm-none-eabi/10.3.1/../../../../arm-none-eabi/lib/thumb/v7e-m/nofp/libc_nano.a(lib_a-findfp.o)
                0x00000000080030c8                __sf_fake_stdin
 .rodata.__sf_fake_stdout
                0x00000000080030e8       0x20 /home/naveen/st/stm32cubeide_1.11.2/plugins/com.st.stm32cube.ide.mcu.externaltools.gnu-tools-for-stm32.10.3-2021.10.linux64_1.0.100.202210260954/tools/bin/../lib/gcc/arm-none-eabi/10.3.1/../../../../arm-none-eabi/lib/thumb/v7e-m/nofp/libc_nano.a(lib_a-findfp.o)
                0x00000000080030e8                __sf_fake_stdout
 .rodata._vfprintf_r.str1.1
                0x0000000008003108       0x11 /home/naveen/st/stm32cubeide_1.11.2/plugins/com.st.stm32cube.ide.mcu.externaltools.gnu-tools-for-stm32.10.3-2021.10.linux64_1.0.100.202210260954/tools/bin/../lib/gcc/arm-none-eabi/10.3.1/../../../../arm-none-eabi/lib/thumb/v7e-m/nofp/libc_nano.a(lib_a-nano-vfprintf.o)
 .rodata._printf_i.str1.1
                0x0000000008003119       0x22 /home/naveen/st/stm32cubeide_1.11.2/plugins/com.st.stm32cube.ide.mcu.externaltools.gnu-tools-for-stm32.10.3-2021.10.linux64_1.0.100.202210260954/tools/bin/../lib/gcc/arm-none-eabi/10.3.1/../../../../arm-none-eabi/lib/thumb/v7e-m/nofp/libc_nano.a(lib_a-nano-vfprintf_i.o)
                0x000000000800313c                . = ALIGN (0x4)
 *fill*         0x000000000800313b        0x1 

.rel.dyn        0x000000000800313c        0x0
 .rel.iplt      0x000000000800313c        0x0 /home/naveen/st/stm32cubeide_1.11.2/plugins/com.st.stm32cube.ide.mcu.externaltools.gnu-tools-for-stm32.10.3-2021.10.linux64_1.0.100.202210260954/tools/bin/../lib/gcc/arm-none-eabi/10.3.1/thumb/v7e-m/nofp/crtbegin.o

.ARM.extab      0x000000000800313c        0x0
                0x000000000800313c                . = ALIGN (0x4)
 *(.ARM.extab* .gnu.linkonce.armextab.*)
                0x000000000800313c                . = ALIGN (0x4)

.ARM            0x000000000800313c        0x0
                0x000000000800313c                . = ALIGN (0x4)
                0x000000000800313c                __exidx_start = .
 *(.ARM.exidx*)
                0x000000000800313c                __exidx_end = .
                0x000000000800313c                . = ALIGN (0x4)

.preinit_array  0x000000000800313c        0x0
                0x000000000800313c                . = ALIGN (0x4)
                0x000000000800313c                PROVIDE (__preinit_array_start = .)
 *(.preinit_array*)
                0x000000000800313c                PROVIDE (__preinit_array_end = .)
                0x000000000800313c                . = ALIGN (0x4)

.init_array     0x000000000800313c        0x4
                0x000000000800313c                . = ALIGN (0x4)
                0x000000000800313c                PROVIDE (__init_array_start = .)
 *(SORT_BY_NAME(.init_array.*))
 *(.init_array*)
 .init_array    0x000000000800313c        0x4 /home/naveen/st/stm32cubeide_1.11.2/plugins/com.st.stm32cube.ide.mcu.externaltools.gnu-tools-for-stm32.10.3-2021.10.linux64_1.0.100.202210260954/tools/bin/../lib/gcc/arm-none-eabi/10.3.1/thumb/v7e-m/nofp/crtbegin.o
                0x0000000008003140                PROVIDE (__init_array_end = .)
                0x0000000008003140                . = ALIGN (0x4)

.fini_array     0x0000000008003140        0x4
                0x0000000008003140                . = ALIGN (0x4)
                [!provide]                        PROVIDE (__fini_array_start = .)
 *(SORT_BY_NAME(.fini_array.*))
 *(.fini_array*)
 .fini_array    0x0000000008003140        0x4 /home/naveen/st/stm32cubeide_1.11.2/plugins/com.st.stm32cube.ide.mcu.externaltools.gnu-tools-for-stm32.10.3-2021.10.linux64_1.0.100.202210260954/tools/bin/../lib/gcc/arm-none-eabi/10.3.1/thumb/v7e-m/nofp/crtbegin.o
                [!provide]                        PROVIDE (__fini_array_end = .)
                0x0000000008003144                . = ALIGN (0x4)
                0x0000000008003144                _sidata = LOADADDR (.data)

.data           0x0000000020000000       0x6c load address 0x0000000008003144
                0x0000000020000000                . = ALIGN (0x4)
                0x0000000020000000                _sdata = .
 *(.data)
 *(.data*)
 .data.I2C_DEVICE
                0x0000000020000000        0x4 ./Driver/Src/common_utils.o
                0x0000000020000000                I2C_DEVICE
 .data.SlaveAddress
                0x0000000020000004        0x1 ./Driver/Src/common_utils.o
                0x0000000020000004                SlaveAddress
 *fill*         0x0000000020000005        0x3 
 .data._impure_ptr
                0x0000000020000008        0x4 /home/naveen/st/stm32cubeide_1.11.2/plugins/com.st.stm32cube.ide.mcu.externaltools.gnu-tools-for-stm32.10.3-2021.10.linux64_1.0.100.202210260954/tools/bin/../lib/gcc/arm-none-eabi/10.3.1/../../../../arm-none-eabi/lib/thumb/v7e-m/nofp/libc_nano.a(lib_a-impure.o)
                0x0000000020000008                _impure_ptr
 .data.impure_data
                0x000000002000000c       0x60 /home/naveen/st/stm32cubeide_1.11.2/plugins/com.st.stm32cube.ide.mcu.externaltools.gnu-tools-for-stm32.10.3-2021.10.linux64_1.0.100.202210260954/tools/bin/../lib/gcc/arm-none-eabi/10.3.1/../../../../arm-none-eabi/lib/thumb/v7e-m/nofp/libc_nano.a(lib_a-impure.o)
 *(.RamFunc)
 *(.RamFunc*)
                0x000000002000006c                . = ALIGN (0x4)
                0x000000002000006c                _edata = .
                0x00000000080031b0                _siccmram = LOADADDR (.ccmram)

.igot.plt       0x000000002000006c        0x0 load address 0x00000000080031b0
 .igot.plt      0x000000002000006c        0x0 /home/naveen/st/stm32cubeide_1.11.2/plugins/com.st.stm32cube.ide.mcu.externaltools.gnu-tools-for-stm32.10.3-2021.10.linux64_1.0.100.202210260954/tools/bin/../lib/gcc/arm-none-eabi/10.3.1/thumb/v7e-m/nofp/crtbegin.o

.ccmram         0x0000000010000000        0x0 load address 0x00000000080031b0
                0x0000000010000000                . = ALIGN (0x4)
                0x0000000010000000                _sccmram = .
 *(.ccmram)
 *(.ccmram*)
                0x0000000010000000                . = ALIGN (0x4)
                0x0000000010000000                _eccmram = .
                0x0000000010000000                . = ALIGN (0x4)

.bss            0x000000002000006c       0xa0
                0x000000002000006c                _sbss = .
                0x000000002000006c                __bss_start__ = _sbss
 *(.bss)
 .bss           0x000000002000006c       0x1c /home/naveen/st/stm32cubeide_1.11.2/plugins/com.st.stm32cube.ide.mcu.externaltools.gnu-tools-for-stm32.10.3-2021.10.linux64_1.0.100.202210260954/tools/bin/../lib/gcc/arm-none-eabi/10.3.1/thumb/v7e-m/nofp/crtbegin.o
 *(.bss*)
 .bss.TIM2_Handle
                0x0000000020000088       0x2c ./Driver/Src/common_utils.o
                0x0000000020000088                TIM2_Handle
 .bss.rx_buffer
                0x00000000200000b4       0x20 ./Driver/Src/nRFL01_driver.o
                0x00000000200000b4                rx_buffer
 .bss.cmd_buffer
                0x00000000200000d4       0x21 ./Driver/Src/nRFL01_driver.o
                0x00000000200000d4                cmd_buffer
 .bss.rx_packet_length
                0x00000000200000f5        0x1 ./Driver/Src/nRFL01_driver.o
                0x00000000200000f5                rx_packet_length
 .bss.cmd_packet_length
                0x00000000200000f6        0x1 ./Driver/Src/nRFL01_driver.o
                0x00000000200000f6                cmd_packet_length
 *fill*         0x00000000200000f7        0x1 
 .bss.__sbrk_heap_end
                0x00000000200000f8        0x4 ./Src/sysmem.o
 .bss.__malloc_free_list
                0x00000000200000fc        0x4 /home/naveen/st/stm32cubeide_1.11.2/plugins/com.st.stm32cube.ide.mcu.externaltools.gnu-tools-for-stm32.10.3-2021.10.linux64_1.0.100.202210260954/tools/bin/../lib/gcc/arm-none-eabi/10.3.1/../../../../arm-none-eabi/lib/thumb/v7e-m/nofp/libc_nano.a(lib_a-nano-mallocr.o)
                0x00000000200000fc                __malloc_free_list
 .bss.__malloc_sbrk_start
                0x0000000020000100        0x4 /home/naveen/st/stm32cubeide_1.11.2/plugins/com.st.stm32cube.ide.mcu.externaltools.gnu-tools-for-stm32.10.3-2021.10.linux64_1.0.100.202210260954/tools/bin/../lib/gcc/arm-none-eabi/10.3.1/../../../../arm-none-eabi/lib/thumb/v7e-m/nofp/libc_nano.a(lib_a-nano-mallocr.o)
                0x0000000020000100                __malloc_sbrk_start
 .bss.__lock___malloc_recursive_mutex
                0x0000000020000104        0x1 /home/naveen/st/stm32cubeide_1.11.2/plugins/com.st.stm32cube.ide.mcu.externaltools.gnu-tools-for-stm32.10.3-2021.10.linux64_1.0.100.202210260954/tools/bin/../lib/gcc/arm-none-eabi/10.3.1/../../../../arm-none-eabi/lib/thumb/v7e-m/nofp/libc_nano.a(lib_a-lock.o)
                0x0000000020000104                __lock___malloc_recursive_mutex
 .bss.__lock___sfp_recursive_mutex
                0x0000000020000105        0x1 /home/naveen/st/stm32cubeide_1.11.2/plugins/com.st.stm32cube.ide.mcu.externaltools.gnu-tools-for-stm32.10.3-2021.10.linux64_1.0.100.202210260954/tools/bin/../lib/gcc/arm-none-eabi/10.3.1/../../../../arm-none-eabi/lib/thumb/v7e-m/nofp/libc_nano.a(lib_a-lock.o)
                0x0000000020000105                __lock___sfp_recursive_mutex
 .bss.__lock___sinit_recursive_mutex
                0x0000000020000106        0x1 /home/naveen/st/stm32cubeide_1.11.2/plugins/com.st.stm32cube.ide.mcu.externaltools.gnu-tools-for-stm32.10.3-2021.10.linux64_1.0.100.202210260954/tools/bin/../lib/gcc/arm-none-eabi/10.3.1/../../../../arm-none-eabi/lib/thumb/v7e-m/nofp/libc_nano.a(lib_a-lock.o)
                0x0000000020000106                __lock___sinit_recursive_mutex
 *fill*         0x0000000020000107        0x1 
 .bss.errno     0x0000000020000108        0x4 /home/naveen/st/stm32cubeide_1.11.2/plugins/com.st.stm32cube.ide.mcu.externaltools.gnu-tools-for-stm32.10.3-2021.10.linux64_1.0.100.202210260954/tools/bin/../lib/gcc/arm-none-eabi/10.3.1/../../../../arm-none-eabi/lib/thumb/v7e-m/nofp/libc_nano.a(lib_a-reent.o)
                0x0000000020000108                errno
 *(COMMON)
                0x000000002000010c                . = ALIGN (0x4)
                0x000000002000010c                _ebss = .
                0x000000002000010c                __bss_end__ = _ebss

._user_heap_stack
                0x000000002000010c      0x604
                0x0000000020000110                . = ALIGN (0x8)
 *fill*         0x000000002000010c        0x4 
                [!provide]                        PROVIDE (end = .)
                0x0000000020000110                PROVIDE (_end = .)
                0x0000000020000310                . = (. + _Min_Heap_Size)
 *fill*         0x0000000020000110      0x200 
                0x0000000020000710                . = (. + _Min_Stack_Size)
 *fill*         0x0000000020000310      0x400 
                0x0000000020000710                . = ALIGN (0x8)

/DISCARD/
 libc.a(*)
 libm.a(*)
 libgcc.a(*)

.ARM.attributes
                0x0000000000000000       0x2a
 *(.ARM.attributes)
 .ARM.attributes
                0x0000000000000000       0x1e /home/naveen/st/stm32cubeide_1.11.2/plugins/com.st.stm32cube.ide.mcu.externaltools.gnu-tools-for-stm32.10.3-2021.10.linux64_1.0.100.202210260954/tools/bin/../lib/gcc/arm-none-eabi/10.3.1/thumb/v7e-m/nofp/crti.o
 .ARM.attributes
                0x000000000000001e       0x2e /home/naveen/st/stm32cubeide_1.11.2/plugins/com.st.stm32cube.ide.mcu.externaltools.gnu-tools-for-stm32.10.3-2021.10.linux64_1.0.100.202210260954/tools/bin/../lib/gcc/arm-none-eabi/10.3.1/thumb/v7e-m/nofp/crtbegin.o
 .ARM.attributes
                0x000000000000004c       0x2e ./Driver/Src/common_utils.o
 .ARM.attributes
                0x000000000000007a       0x2e ./Driver/Src/external_interrupt_config.o
 .ARM.attributes
                0x00000000000000a8       0x2e ./Driver/Src/general_purpose_timer.o
 .ARM.attributes
                0x00000000000000d6       0x2e ./Driver/Src/gpio_driver.o
 .ARM.attributes
                0x0000000000000104       0x2e ./Driver/Src/i2c_driver.o
 .ARM.attributes
                0x0000000000000132       0x2e ./Driver/Src/lcd_driver_pcf8574.o
 .ARM.attributes
                0x0000000000000160       0x2e ./Driver/Src/nRFL01_driver.o
 .ARM.attributes
                0x000000000000018e       0x2e ./Driver/Src/rtc_driver.o
 .ARM.attributes
                0x00000000000001bc       0x2e ./Driver/Src/spi_driver.o
 .ARM.attributes
                0x00000000000001ea       0x2e ./Driver/Src/stm32f4xx.o
 .ARM.attributes
                0x0000000000000218       0x2e ./Src/syscalls.o
 .ARM.attributes
                0x0000000000000246       0x2e ./Src/sysmem.o
 .ARM.attributes
                0x0000000000000274       0x2e ./Src/temp_on_lcd_over_wireless_rx_interrupt.o
 .ARM.attributes
                0x00000000000002a2       0x21 ./Startup/startup_stm32f407vgtx.o
 .ARM.attributes
                0x00000000000002c3       0x2e /home/naveen/st/stm32cubeide_1.11.2/plugins/com.st.stm32cube.ide.mcu.externaltools.gnu-tools-for-stm32.10.3-2021.10.linux64_1.0.100.202210260954/tools/bin/../lib/gcc/arm-none-eabi/10.3.1/../../../../arm-none-eabi/lib/thumb/v7e-m/nofp/libc_nano.a(lib_a-errno.o)
 .ARM.attributes
                0x00000000000002f1       0x2e /home/naveen/st/stm32cubeide_1.11.2/plugins/com.st.stm32cube.ide.mcu.externaltools.gnu-tools-for-stm32.10.3-2021.10.linux64_1.0.100.202210260954/tools/bin/../lib/gcc/arm-none-eabi/10.3.1/../../../../arm-none-eabi/lib/thumb/v7e-m/nofp/libc_nano.a(lib_a-impure.o)
 .ARM.attributes
                0x000000000000031f       0x2e /home/naveen/st/stm32cubeide_1.11.2/plugins/com.st.stm32cube.ide.mcu.externaltools.gnu-tools-for-stm32.10.3-2021.10.linux64_1.0.100.202210260954/tools/bin/../lib/gcc/arm-none-eabi/10.3.1/../../../../arm-none-eabi/lib/thumb/v7e-m/nofp/libc_nano.a(lib_a-init.o)
 .ARM.attributes
                0x000000000000034d       0x2e /home/naveen/st/stm32cubeide_1.11.2/plugins/com.st.stm32cube.ide.mcu.externaltools.gnu-tools-for-stm32.10.3-2021.10.linux64_1.0.100.202210260954/tools/bin/../lib/gcc/arm-none-eabi/10.3.1/../../../../arm-none-eabi/lib/thumb/v7e-m/nofp/libc_nano.a(lib_a-malloc.o)
 .ARM.attributes
                0x000000000000037b       0x2e /home/naveen/st/stm32cubeide_1.11.2/plugins/com.st.stm32cube.ide.mcu.externaltools.gnu-tools-for-stm32.10.3-2021.10.linux64_1.0.100.202210260954/tools/bin/../lib/gcc/arm-none-eabi/10.3.1/../../../../arm-none-eabi/lib/thumb/v7e-m/nofp/libc_nano.a(lib_a-memset.o)
 .ARM.attributes
                0x00000000000003a9       0x2e /home/naveen/st/stm32cubeide_1.11.2/plugins/com.st.stm32cube.ide.mcu.externaltools.gnu-tools-for-stm32.10.3-2021.10.linux64_1.0.100.202210260954/tools/bin/../lib/gcc/arm-none-eabi/10.3.1/../../../../arm-none-eabi/lib/thumb/v7e-m/nofp/libc_nano.a(lib_a-nano-freer.o)
 .ARM.attributes
                0x00000000000003d7       0x2e /home/naveen/st/stm32cubeide_1.11.2/plugins/com.st.stm32cube.ide.mcu.externaltools.gnu-tools-for-stm32.10.3-2021.10.linux64_1.0.100.202210260954/tools/bin/../lib/gcc/arm-none-eabi/10.3.1/../../../../arm-none-eabi/lib/thumb/v7e-m/nofp/libc_nano.a(lib_a-nano-mallocr.o)
 .ARM.attributes
                0x0000000000000405       0x2e /home/naveen/st/stm32cubeide_1.11.2/plugins/com.st.stm32cube.ide.mcu.externaltools.gnu-tools-for-stm32.10.3-2021.10.linux64_1.0.100.202210260954/tools/bin/../lib/gcc/arm-none-eabi/10.3.1/../../../../arm-none-eabi/lib/thumb/v7e-m/nofp/libc_nano.a(lib_a-printf.o)
 .ARM.attributes
                0x0000000000000433       0x2e /home/naveen/st/stm32cubeide_1.11.2/plugins/com.st.stm32cube.ide.mcu.externaltools.gnu-tools-for-stm32.10.3-2021.10.linux64_1.0.100.202210260954/tools/bin/../lib/gcc/arm-none-eabi/10.3.1/../../../../arm-none-eabi/lib/thumb/v7e-m/nofp/libc_nano.a(lib_a-sbrkr.o)
 .ARM.attributes
                0x0000000000000461       0x2e /home/naveen/st/stm32cubeide_1.11.2/plugins/com.st.stm32cube.ide.mcu.externaltools.gnu-tools-for-stm32.10.3-2021.10.linux64_1.0.100.202210260954/tools/bin/../lib/gcc/arm-none-eabi/10.3.1/../../../../arm-none-eabi/lib/thumb/v7e-m/nofp/libc_nano.a(lib_a-setbuf.o)
 .ARM.attributes
                0x000000000000048f       0x2e /home/naveen/st/stm32cubeide_1.11.2/plugins/com.st.stm32cube.ide.mcu.externaltools.gnu-tools-for-stm32.10.3-2021.10.linux64_1.0.100.202210260954/tools/bin/../lib/gcc/arm-none-eabi/10.3.1/../../../../arm-none-eabi/lib/thumb/v7e-m/nofp/libc_nano.a(lib_a-setvbuf.o)
 .ARM.attributes
                0x00000000000004bd       0x2e /home/naveen/st/stm32cubeide_1.11.2/plugins/com.st.stm32cube.ide.mcu.externaltools.gnu-tools-for-stm32.10.3-2021.10.linux64_1.0.100.202210260954/tools/bin/../lib/gcc/arm-none-eabi/10.3.1/../../../../arm-none-eabi/lib/thumb/v7e-m/nofp/libc_nano.a(lib_a-wbuf.o)
 .ARM.attributes
                0x00000000000004eb       0x2e /home/naveen/st/stm32cubeide_1.11.2/plugins/com.st.stm32cube.ide.mcu.externaltools.gnu-tools-for-stm32.10.3-2021.10.linux64_1.0.100.202210260954/tools/bin/../lib/gcc/arm-none-eabi/10.3.1/../../../../arm-none-eabi/lib/thumb/v7e-m/nofp/libc_nano.a(lib_a-wsetup.o)
 .ARM.attributes
                0x0000000000000519       0x2e /home/naveen/st/stm32cubeide_1.11.2/plugins/com.st.stm32cube.ide.mcu.externaltools.gnu-tools-for-stm32.10.3-2021.10.linux64_1.0.100.202210260954/tools/bin/../lib/gcc/arm-none-eabi/10.3.1/../../../../arm-none-eabi/lib/thumb/v7e-m/nofp/libc_nano.a(lib_a-fflush.o)
 .ARM.attributes
                0x0000000000000547       0x2e /home/naveen/st/stm32cubeide_1.11.2/plugins/com.st.stm32cube.ide.mcu.externaltools.gnu-tools-for-stm32.10.3-2021.10.linux64_1.0.100.202210260954/tools/bin/../lib/gcc/arm-none-eabi/10.3.1/../../../../arm-none-eabi/lib/thumb/v7e-m/nofp/libc_nano.a(lib_a-findfp.o)
 .ARM.attributes
                0x0000000000000575       0x2e /home/naveen/st/stm32cubeide_1.11.2/plugins/com.st.stm32cube.ide.mcu.externaltools.gnu-tools-for-stm32.10.3-2021.10.linux64_1.0.100.202210260954/tools/bin/../lib/gcc/arm-none-eabi/10.3.1/../../../../arm-none-eabi/lib/thumb/v7e-m/nofp/libc_nano.a(lib_a-fwalk.o)
 .ARM.attributes
                0x00000000000005a3       0x2e /home/naveen/st/stm32cubeide_1.11.2/plugins/com.st.stm32cube.ide.mcu.externaltools.gnu-tools-for-stm32.10.3-2021.10.linux64_1.0.100.202210260954/tools/bin/../lib/gcc/arm-none-eabi/10.3.1/../../../../arm-none-eabi/lib/thumb/v7e-m/nofp/libc_nano.a(lib_a-lock.o)
 .ARM.attributes
                0x00000000000005d1       0x2e /home/naveen/st/stm32cubeide_1.11.2/plugins/com.st.stm32cube.ide.mcu.externaltools.gnu-tools-for-stm32.10.3-2021.10.linux64_1.0.100.202210260954/tools/bin/../lib/gcc/arm-none-eabi/10.3.1/../../../../arm-none-eabi/lib/thumb/v7e-m/nofp/libc_nano.a(lib_a-makebuf.o)
 .ARM.attributes
                0x00000000000005ff       0x2e /home/naveen/st/stm32cubeide_1.11.2/plugins/com.st.stm32cube.ide.mcu.externaltools.gnu-tools-for-stm32.10.3-2021.10.linux64_1.0.100.202210260954/tools/bin/../lib/gcc/arm-none-eabi/10.3.1/../../../../arm-none-eabi/lib/thumb/v7e-m/nofp/libc_nano.a(lib_a-mlock.o)
 .ARM.attributes
                0x000000000000062d       0x2e /home/naveen/st/stm32cubeide_1.11.2/plugins/com.st.stm32cube.ide.mcu.externaltools.gnu-tools-for-stm32.10.3-2021.10.linux64_1.0.100.202210260954/tools/bin/../lib/gcc/arm-none-eabi/10.3.1/../../../../arm-none-eabi/lib/thumb/v7e-m/nofp/libc_nano.a(lib_a-nano-vfprintf.o)
 .ARM.attributes
                0x000000000000065b       0x2e /home/naveen/st/stm32cubeide_1.11.2/plugins/com.st.stm32cube.ide.mcu.externaltools.gnu-tools-for-stm32.10.3-2021.10.linux64_1.0.100.202210260954/tools/bin/../lib/gcc/arm-none-eabi/10.3.1/../../../../arm-none-eabi/lib/thumb/v7e-m/nofp/libc_nano.a(lib_a-nano-vfprintf_i.o)
 .ARM.attributes
                0x0000000000000689       0x2e /home/naveen/st/stm32cubeide_1.11.2/plugins/com.st.stm32cube.ide.mcu.externaltools.gnu-tools-for-stm32.10.3-2021.10.linux64_1.0.100.202210260954/tools/bin/../lib/gcc/arm-none-eabi/10.3.1/../../../../arm-none-eabi/lib/thumb/v7e-m/nofp/libc_nano.a(lib_a-reent.o)
 .ARM.attributes
                0x00000000000006b7       0x2e /home/naveen/st/stm32cubeide_1.11.2/plugins/com.st.stm32cube.ide.mcu.externaltools.gnu-tools-for-stm32.10.3-2021.10.linux64_1.0.100.202210260954/tools/bin/../lib/gcc/arm-none-eabi/10.3.1/../../../../arm-none-eabi/lib/thumb/v7e-m/nofp/libc_nano.a(lib_a-stdio.o)
 .ARM.attributes
                0x00000000000006e5       0x2e /home/naveen/st/stm32cubeide_1.11.2/plugins/com.st.stm32cube.ide.mcu.externaltools.gnu-tools-for-stm32.10.3-2021.10.linux64_1.0.100.202210260954/tools/bin/../lib/gcc/arm-none-eabi/10.3.1/../../../../arm-none-eabi/lib/thumb/v7e-m/nofp/libc_nano.a(lib_a-writer.o)
 .ARM.attributes
                0x0000000000000713       0x2e /home/naveen/st/stm32cubeide_1.11.2/plugins/com.st.stm32cube.ide.mcu.externaltools.gnu-tools-for-stm32.10.3-2021.10.linux64_1.0.100.202210260954/tools/bin/../lib/gcc/arm-none-eabi/10.3.1/../../../../arm-none-eabi/lib/thumb/v7e-m/nofp/libc_nano.a(lib_a-closer.o)
 .ARM.attributes
                0x0000000000000741       0x2e /home/naveen/st/stm32cubeide_1.11.2/plugins/com.st.stm32cube.ide.mcu.externaltools.gnu-tools-for-stm32.10.3-2021.10.linux64_1.0.100.202210260954/tools/bin/../lib/gcc/arm-none-eabi/10.3.1/../../../../arm-none-eabi/lib/thumb/v7e-m/nofp/libc_nano.a(lib_a-fstatr.o)
 .ARM.attributes
                0x000000000000076f       0x2e /home/naveen/st/stm32cubeide_1.11.2/plugins/com.st.stm32cube.ide.mcu.externaltools.gnu-tools-for-stm32.10.3-2021.10.linux64_1.0.100.202210260954/tools/bin/../lib/gcc/arm-none-eabi/10.3.1/../../../../arm-none-eabi/lib/thumb/v7e-m/nofp/libc_nano.a(lib_a-isattyr.o)
 .ARM.attributes
                0x000000000000079d       0x2e /home/naveen/st/stm32cubeide_1.11.2/plugins/com.st.stm32cube.ide.mcu.externaltools.gnu-tools-for-stm32.10.3-2021.10.linux64_1.0.100.202210260954/tools/bin/../lib/gcc/arm-none-eabi/10.3.1/../../../../arm-none-eabi/lib/thumb/v7e-m/nofp/libc_nano.a(lib_a-lseekr.o)
 .ARM.attributes
                0x00000000000007cb       0x1c /home/naveen/st/stm32cubeide_1.11.2/plugins/com.st.stm32cube.ide.mcu.externaltools.gnu-tools-for-stm32.10.3-2021.10.linux64_1.0.100.202210260954/tools/bin/../lib/gcc/arm-none-eabi/10.3.1/../../../../arm-none-eabi/lib/thumb/v7e-m/nofp/libc_nano.a(lib_a-memchr.o)
 .ARM.attributes
                0x00000000000007e7       0x2e /home/naveen/st/stm32cubeide_1.11.2/plugins/com.st.stm32cube.ide.mcu.externaltools.gnu-tools-for-stm32.10.3-2021.10.linux64_1.0.100.202210260954/tools/bin/../lib/gcc/arm-none-eabi/10.3.1/../../../../arm-none-eabi/lib/thumb/v7e-m/nofp/libc_nano.a(lib_a-readr.o)
 .ARM.attributes
                0x0000000000000815       0x1e /home/naveen/st/stm32cubeide_1.11.2/plugins/com.st.stm32cube.ide.mcu.externaltools.gnu-tools-for-stm32.10.3-2021.10.linux64_1.0.100.202210260954/tools/bin/../lib/gcc/arm-none-eabi/10.3.1/thumb/v7e-m/nofp/crtn.o
OUTPUT(011GPIODriver.elf elf32-littlearm)
LOAD linker stubs
LOAD /home/naveen/st/stm32cubeide_1.11.2/plugins/com.st.stm32cube.ide.mcu.externaltools.gnu-tools-for-stm32.10.3-2021.10.linux64_1.0.100.202210260954/tools/bin/../lib/gcc/arm-none-eabi/10.3.1/../../../../arm-none-eabi/lib/thumb/v7e-m/nofp/libc.a
LOAD /home/naveen/st/stm32cubeide_1.11.2/plugins/com.st.stm32cube.ide.mcu.externaltools.gnu-tools-for-stm32.10.3-2021.10.linux64_1.0.100.202210260954/tools/bin/../lib/gcc/arm-none-eabi/10.3.1/../../../../arm-none-eabi/lib/thumb/v7e-m/nofp/libm.a
LOAD /home/naveen/st/stm32cubeide_1.11.2/plugins/com.st.stm32cube.ide.mcu.externaltools.gnu-tools-for-stm32.10.3-2021.10.linux64_1.0.100.202210260954/tools/bin/../lib/gcc/arm-none-eabi/10.3.1/thumb/v7e-m/nofp/libgcc.a

.debug_info     0x0000000000000000     0x47ec
 .debug_info    0x0000000000000000      0x7e8 ./Driver/Src/common_utils.o
 .debug_info    0x00000000000007e8      0x2ab ./Driver/Src/external_interrupt_config.o
 .debug_info    0x0000000000000a93      0x3d7 ./Driver/Src/general_purpose_timer.o
 .debug_info    0x0000000000000e6a      0x4ab ./Driver/Src/gpio_driver.o
 .debug_info    0x0000000000001315      0x859 ./Driver/Src/i2c_driver.o
 .debug_info    0x0000000000001b6e      0x307 ./Driver/Src/lcd_driver_pcf8574.o
 .debug_info    0x0000000000001e75      0x61b ./Driver/Src/nRFL01_driver.o
 .debug_info    0x0000000000002490      0x7d4 ./Driver/Src/rtc_driver.o
 .debug_info    0x0000000000002c64      0x5e5 ./Driver/Src/spi_driver.o
 .debug_info    0x0000000000003249      0x1bc ./Driver/Src/stm32f4xx.o
 .debug_info    0x0000000000003405      0x721 ./Src/syscalls.o
 .debug_info    0x0000000000003b26      0x171 ./Src/sysmem.o
 .debug_info    0x0000000000003c97      0xb33 ./Src/temp_on_lcd_over_wireless_rx_interrupt.o
 .debug_info    0x00000000000047ca       0x22 ./Startup/startup_stm32f407vgtx.o

.debug_abbrev   0x0000000000000000     0x10cd
 .debug_abbrev  0x0000000000000000      0x137 ./Driver/Src/common_utils.o
 .debug_abbrev  0x0000000000000137       0xd5 ./Driver/Src/external_interrupt_config.o
 .debug_abbrev  0x000000000000020c       0xae ./Driver/Src/general_purpose_timer.o
 .debug_abbrev  0x00000000000002ba      0x100 ./Driver/Src/gpio_driver.o
 .debug_abbrev  0x00000000000003ba      0x1c1 ./Driver/Src/i2c_driver.o
 .debug_abbrev  0x000000000000057b      0x100 ./Driver/Src/lcd_driver_pcf8574.o
 .debug_abbrev  0x000000000000067b      0x1db ./Driver/Src/nRFL01_driver.o
 .debug_abbrev  0x0000000000000856      0x1d3 ./Driver/Src/rtc_driver.o
 .debug_abbrev  0x0000000000000a29      0x10c ./Driver/Src/spi_driver.o
 .debug_abbrev  0x0000000000000b35       0xdb ./Driver/Src/stm32f4xx.o
 .debug_abbrev  0x0000000000000c10      0x1cb ./Src/syscalls.o
 .debug_abbrev  0x0000000000000ddb       0xbb ./Src/sysmem.o
 .debug_abbrev  0x0000000000000e96      0x225 ./Src/temp_on_lcd_over_wireless_rx_interrupt.o
 .debug_abbrev  0x00000000000010bb       0x12 ./Startup/startup_stm32f407vgtx.o

.debug_aranges  0x0000000000000000      0x530
 .debug_aranges
                0x0000000000000000       0x58 ./Driver/Src/common_utils.o
 .debug_aranges
                0x0000000000000058       0x30 ./Driver/Src/external_interrupt_config.o
 .debug_aranges
                0x0000000000000088       0x50 ./Driver/Src/general_purpose_timer.o
 .debug_aranges
                0x00000000000000d8       0x70 ./Driver/Src/gpio_driver.o
 .debug_aranges
                0x0000000000000148       0xb8 ./Driver/Src/i2c_driver.o
 .debug_aranges
                0x0000000000000200       0x68 ./Driver/Src/lcd_driver_pcf8574.o
 .debug_aranges
                0x0000000000000268       0x88 ./Driver/Src/nRFL01_driver.o
 .debug_aranges
                0x00000000000002f0       0x60 ./Driver/Src/rtc_driver.o
 .debug_aranges
                0x0000000000000350       0x78 ./Driver/Src/spi_driver.o
 .debug_aranges
                0x00000000000003c8       0x38 ./Driver/Src/stm32f4xx.o
 .debug_aranges
                0x0000000000000400       0xb0 ./Src/syscalls.o
 .debug_aranges
                0x00000000000004b0       0x20 ./Src/sysmem.o
 .debug_aranges
                0x00000000000004d0       0x38 ./Src/temp_on_lcd_over_wireless_rx_interrupt.o
 .debug_aranges
                0x0000000000000508       0x28 ./Startup/startup_stm32f407vgtx.o

.debug_ranges   0x0000000000000000      0x458
 .debug_ranges  0x0000000000000000       0x48 ./Driver/Src/common_utils.o
 .debug_ranges  0x0000000000000048       0x20 ./Driver/Src/external_interrupt_config.o
 .debug_ranges  0x0000000000000068       0x40 ./Driver/Src/general_purpose_timer.o
 .debug_ranges  0x00000000000000a8       0x60 ./Driver/Src/gpio_driver.o
 .debug_ranges  0x0000000000000108       0xa8 ./Driver/Src/i2c_driver.o
 .debug_ranges  0x00000000000001b0       0x58 ./Driver/Src/lcd_driver_pcf8574.o
 .debug_ranges  0x0000000000000208       0x78 ./Driver/Src/nRFL01_driver.o
 .debug_ranges  0x0000000000000280       0x50 ./Driver/Src/rtc_driver.o
 .debug_ranges  0x00000000000002d0       0x68 ./Driver/Src/spi_driver.o
 .debug_ranges  0x0000000000000338       0x28 ./Driver/Src/stm32f4xx.o
 .debug_ranges  0x0000000000000360       0xa0 ./Src/syscalls.o
 .debug_ranges  0x0000000000000400       0x10 ./Src/sysmem.o
 .debug_ranges  0x0000000000000410       0x28 ./Src/temp_on_lcd_over_wireless_rx_interrupt.o
 .debug_ranges  0x0000000000000438       0x20 ./Startup/startup_stm32f407vgtx.o

.debug_macro    0x0000000000000000     0x2d20
 .debug_macro   0x0000000000000000      0x292 ./Driver/Src/common_utils.o
 .debug_macro   0x0000000000000292       0x4c ./Driver/Src/common_utils.o
 .debug_macro   0x00000000000002de       0x94 ./Driver/Src/common_utils.o
 .debug_macro   0x0000000000000372       0x57 ./Driver/Src/common_utils.o
 .debug_macro   0x00000000000003c9      0x2f2 ./Driver/Src/common_utils.o
 .debug_macro   0x00000000000006bb       0x8e ./Driver/Src/external_interrupt_config.o
 .debug_macro   0x0000000000000749       0x81 ./Driver/Src/general_purpose_timer.o
 .debug_macro   0x00000000000007ca      0x190 ./Driver/Src/general_purpose_timer.o
 .debug_macro   0x000000000000095a       0x7b ./Driver/Src/gpio_driver.o
 .debug_macro   0x00000000000009d5      0x226 ./Driver/Src/i2c_driver.o
 .debug_macro   0x0000000000000bfb      0x160 ./Driver/Src/i2c_driver.o
 .debug_macro   0x0000000000000d5b       0x9d ./Driver/Src/lcd_driver_pcf8574.o
 .debug_macro   0x0000000000000df8      0x2a7 ./Driver/Src/nRFL01_driver.o
 .debug_macro   0x000000000000109f      0x435 ./Driver/Src/nRFL01_driver.o
 .debug_macro   0x00000000000014d4      0x2b0 ./Driver/Src/rtc_driver.o
 .debug_macro   0x0000000000001784      0x4a9 ./Driver/Src/rtc_driver.o
 .debug_macro   0x0000000000001c2d       0x7b ./Driver/Src/spi_driver.o
 .debug_macro   0x0000000000001ca8      0x154 ./Driver/Src/spi_driver.o
 .debug_macro   0x0000000000001dfc       0x6c ./Driver/Src/stm32f4xx.o
 .debug_macro   0x0000000000001e68      0x25e ./Src/syscalls.o
 .debug_macro   0x00000000000020c6       0x10 ./Src/syscalls.o
 .debug_macro   0x00000000000020d6       0x10 ./Src/syscalls.o
 .debug_macro   0x00000000000020e6       0x10 ./Src/syscalls.o
 .debug_macro   0x00000000000020f6       0x35 ./Src/syscalls.o
 .debug_macro   0x000000000000212b      0x12c ./Src/syscalls.o
 .debug_macro   0x0000000000002257       0x10 ./Src/syscalls.o
 .debug_macro   0x0000000000002267      0x241 ./Src/syscalls.o
 .debug_macro   0x00000000000024a8       0x10 ./Src/syscalls.o
 .debug_macro   0x00000000000024b8      0x189 ./Src/syscalls.o
 .debug_macro   0x0000000000002641       0x16 ./Src/syscalls.o
 .debug_macro   0x0000000000002657       0xce ./Src/syscalls.o
 .debug_macro   0x0000000000002725       0xff ./Src/sysmem.o
 .debug_macro   0x0000000000002824      0x23b ./Src/sysmem.o
 .debug_macro   0x0000000000002a5f      0x2c1 ./Src/temp_on_lcd_over_wireless_rx_interrupt.o

.debug_line     0x0000000000000000     0x67d0
 .debug_line    0x0000000000000000      0x823 ./Driver/Src/common_utils.o
 .debug_line    0x0000000000000823      0x50c ./Driver/Src/external_interrupt_config.o
 .debug_line    0x0000000000000d2f      0x827 ./Driver/Src/general_purpose_timer.o
 .debug_line    0x0000000000001556      0x589 ./Driver/Src/gpio_driver.o
 .debug_line    0x0000000000001adf      0xbff ./Driver/Src/i2c_driver.o
 .debug_line    0x00000000000026de      0x585 ./Driver/Src/lcd_driver_pcf8574.o
 .debug_line    0x0000000000002c63      0xab5 ./Driver/Src/nRFL01_driver.o
 .debug_line    0x0000000000003718      0xbad ./Driver/Src/rtc_driver.o
 .debug_line    0x00000000000042c5      0x79e ./Driver/Src/spi_driver.o
 .debug_line    0x0000000000004a63      0x800 ./Driver/Src/stm32f4xx.o
 .debug_line    0x0000000000005263      0x829 ./Src/syscalls.o
 .debug_line    0x0000000000005a8c      0x4ea ./Src/sysmem.o
 .debug_line    0x0000000000005f76      0x7d6 ./Src/temp_on_lcd_over_wireless_rx_interrupt.o
 .debug_line    0x000000000000674c       0x84 ./Startup/startup_stm32f407vgtx.o

.debug_str      0x0000000000000000     0xfce5
 .debug_str     0x0000000000000000     0xacd1 ./Driver/Src/common_utils.o
                                       0xaee9 (size before relaxing)
 .debug_str     0x000000000000acd1      0x2c0 ./Driver/Src/external_interrupt_config.o
                                       0x526a (size before relaxing)
 .debug_str     0x000000000000af91      0x11c ./Driver/Src/general_purpose_timer.o
                                       0x5509 (size before relaxing)
 .debug_str     0x000000000000b0ad      0x121 ./Driver/Src/gpio_driver.o
                                       0x50d5 (size before relaxing)
 .debug_str     0x000000000000b1ce      0x25f ./Driver/Src/i2c_driver.o
                                       0x97f3 (size before relaxing)
 .debug_str     0x000000000000b42d       0xda ./Driver/Src/lcd_driver_pcf8574.o
                                       0x5664 (size before relaxing)
 .debug_str     0x000000000000b507     0x1807 ./Driver/Src/nRFL01_driver.o
                                       0xc03e (size before relaxing)
 .debug_str     0x000000000000cd0e     0x1277 ./Driver/Src/rtc_driver.o
                                       0xbcb6 (size before relaxing)
 .debug_str     0x000000000000df85      0x1a8 ./Driver/Src/spi_driver.o
                                       0x51d7 (size before relaxing)
 .debug_str     0x000000000000e12d       0x83 ./Driver/Src/stm32f4xx.o
                                       0x4bff (size before relaxing)
 .debug_str     0x000000000000e1b0     0x16ed ./Src/syscalls.o
                                       0x8ae3 (size before relaxing)
 .debug_str     0x000000000000f89d       0x66 ./Src/sysmem.o
                                       0x5d64 (size before relaxing)
 .debug_str     0x000000000000f903      0x3b1 ./Src/temp_on_lcd_over_wireless_rx_interrupt.o
                                       0xc52a (size before relaxing)
 .debug_str     0x000000000000fcb4       0x31 ./Startup/startup_stm32f407vgtx.o
                                         0x62 (size before relaxing)

.comment        0x0000000000000000       0x50
 .comment       0x0000000000000000       0x50 ./Driver/Src/common_utils.o
                                         0x51 (size before relaxing)
 .comment       0x0000000000000050       0x51 ./Driver/Src/external_interrupt_config.o
 .comment       0x0000000000000050       0x51 ./Driver/Src/general_purpose_timer.o
 .comment       0x0000000000000050       0x51 ./Driver/Src/gpio_driver.o
 .comment       0x0000000000000050       0x51 ./Driver/Src/i2c_driver.o
 .comment       0x0000000000000050       0x51 ./Driver/Src/lcd_driver_pcf8574.o
 .comment       0x0000000000000050       0x51 ./Driver/Src/nRFL01_driver.o
 .comment       0x0000000000000050       0x51 ./Driver/Src/rtc_driver.o
 .comment       0x0000000000000050       0x51 ./Driver/Src/spi_driver.o
 .comment       0x0000000000000050       0x51 ./Driver/Src/stm32f4xx.o
 .comment       0x0000000000000050       0x51 ./Src/syscalls.o
 .comment       0x0000000000000050       0x51 ./Src/sysmem.o
 .comment       0x0000000000000050       0x51 ./Src/temp_on_lcd_over_wireless_rx_interrupt.o

.debug_frame    0x0000000000000000     0x1b3c
 .debug_frame   0x0000000000000000      0x124 ./Driver/Src/common_utils.o
 .debug_frame   0x0000000000000124       0x80 ./Driver/Src/external_interrupt_config.o
 .debug_frame   0x00000000000001a4      0x128 ./Driver/Src/general_purpose_timer.o
 .debug_frame   0x00000000000002cc      0x1c8 ./Driver/Src/gpio_driver.o
 .debug_frame   0x0000000000000494      0x318 ./Driver/Src/i2c_driver.o
 .debug_frame   0x00000000000007ac      0x150 ./Driver/Src/lcd_driver_pcf8574.o
 .debug_frame   0x00000000000008fc      0x204 ./Driver/Src/nRFL01_driver.o
 .debug_frame   0x0000000000000b00      0x164 ./Driver/Src/rtc_driver.o
 .debug_frame   0x0000000000000c64      0x1dc ./Driver/Src/spi_driver.o
 .debug_frame   0x0000000000000e40       0xb0 ./Driver/Src/stm32f4xx.o
 .debug_frame   0x0000000000000ef0      0x2d4 ./Src/syscalls.o
 .debug_frame   0x00000000000011c4       0x34 ./Src/sysmem.o
 .debug_frame   0x00000000000011f8       0x94 ./Src/temp_on_lcd_over_wireless_rx_interrupt.o
 .debug_frame   0x000000000000128c       0x20 /home/naveen/st/stm32cubeide_1.11.2/plugins/com.st.stm32cube.ide.mcu.externaltools.gnu-tools-for-stm32.10.3-2021.10.linux64_1.0.100.202210260954/tools/bin/../lib/gcc/arm-none-eabi/10.3.1/../../../../arm-none-eabi/lib/thumb/v7e-m/nofp/libc_nano.a(lib_a-errno.o)
 .debug_frame   0x00000000000012ac       0x2c /home/naveen/st/stm32cubeide_1.11.2/plugins/com.st.stm32cube.ide.mcu.externaltools.gnu-tools-for-stm32.10.3-2021.10.linux64_1.0.100.202210260954/tools/bin/../lib/gcc/arm-none-eabi/10.3.1/../../../../arm-none-eabi/lib/thumb/v7e-m/nofp/libc_nano.a(lib_a-init.o)
 .debug_frame   0x00000000000012d8       0x30 /home/naveen/st/stm32cubeide_1.11.2/plugins/com.st.stm32cube.ide.mcu.externaltools.gnu-tools-for-stm32.10.3-2021.10.linux64_1.0.100.202210260954/tools/bin/../lib/gcc/arm-none-eabi/10.3.1/../../../../arm-none-eabi/lib/thumb/v7e-m/nofp/libc_nano.a(lib_a-malloc.o)
 .debug_frame   0x0000000000001308       0x20 /home/naveen/st/stm32cubeide_1.11.2/plugins/com.st.stm32cube.ide.mcu.externaltools.gnu-tools-for-stm32.10.3-2021.10.linux64_1.0.100.202210260954/tools/bin/../lib/gcc/arm-none-eabi/10.3.1/../../../../arm-none-eabi/lib/thumb/v7e-m/nofp/libc_nano.a(lib_a-memset.o)
 .debug_frame   0x0000000000001328       0x38 /home/naveen/st/stm32cubeide_1.11.2/plugins/com.st.stm32cube.ide.mcu.externaltools.gnu-tools-for-stm32.10.3-2021.10.linux64_1.0.100.202210260954/tools/bin/../lib/gcc/arm-none-eabi/10.3.1/../../../../arm-none-eabi/lib/thumb/v7e-m/nofp/libc_nano.a(lib_a-nano-freer.o)
 .debug_frame   0x0000000000001360       0x4c /home/naveen/st/stm32cubeide_1.11.2/plugins/com.st.stm32cube.ide.mcu.externaltools.gnu-tools-for-stm32.10.3-2021.10.linux64_1.0.100.202210260954/tools/bin/../lib/gcc/arm-none-eabi/10.3.1/../../../../arm-none-eabi/lib/thumb/v7e-m/nofp/libc_nano.a(lib_a-nano-mallocr.o)
 .debug_frame   0x00000000000013ac       0x74 /home/naveen/st/stm32cubeide_1.11.2/plugins/com.st.stm32cube.ide.mcu.externaltools.gnu-tools-for-stm32.10.3-2021.10.linux64_1.0.100.202210260954/tools/bin/../lib/gcc/arm-none-eabi/10.3.1/../../../../arm-none-eabi/lib/thumb/v7e-m/nofp/libc_nano.a(lib_a-printf.o)
 .debug_frame   0x0000000000001420       0x2c /home/naveen/st/stm32cubeide_1.11.2/plugins/com.st.stm32cube.ide.mcu.externaltools.gnu-tools-for-stm32.10.3-2021.10.linux64_1.0.100.202210260954/tools/bin/../lib/gcc/arm-none-eabi/10.3.1/../../../../arm-none-eabi/lib/thumb/v7e-m/nofp/libc_nano.a(lib_a-sbrkr.o)
 .debug_frame   0x000000000000144c       0x20 /home/naveen/st/stm32cubeide_1.11.2/plugins/com.st.stm32cube.ide.mcu.externaltools.gnu-tools-for-stm32.10.3-2021.10.linux64_1.0.100.202210260954/tools/bin/../lib/gcc/arm-none-eabi/10.3.1/../../../../arm-none-eabi/lib/thumb/v7e-m/nofp/libc_nano.a(lib_a-setbuf.o)
 .debug_frame   0x000000000000146c       0x38 /home/naveen/st/stm32cubeide_1.11.2/plugins/com.st.stm32cube.ide.mcu.externaltools.gnu-tools-for-stm32.10.3-2021.10.linux64_1.0.100.202210260954/tools/bin/../lib/gcc/arm-none-eabi/10.3.1/../../../../arm-none-eabi/lib/thumb/v7e-m/nofp/libc_nano.a(lib_a-setvbuf.o)
 .debug_frame   0x00000000000014a4       0x40 /home/naveen/st/stm32cubeide_1.11.2/plugins/com.st.stm32cube.ide.mcu.externaltools.gnu-tools-for-stm32.10.3-2021.10.linux64_1.0.100.202210260954/tools/bin/../lib/gcc/arm-none-eabi/10.3.1/../../../../arm-none-eabi/lib/thumb/v7e-m/nofp/libc_nano.a(lib_a-wbuf.o)
 .debug_frame   0x00000000000014e4       0x2c /home/naveen/st/stm32cubeide_1.11.2/plugins/com.st.stm32cube.ide.mcu.externaltools.gnu-tools-for-stm32.10.3-2021.10.linux64_1.0.100.202210260954/tools/bin/../lib/gcc/arm-none-eabi/10.3.1/../../../../arm-none-eabi/lib/thumb/v7e-m/nofp/libc_nano.a(lib_a-wsetup.o)
 .debug_frame   0x0000000000001510       0x5c /home/naveen/st/stm32cubeide_1.11.2/plugins/com.st.stm32cube.ide.mcu.externaltools.gnu-tools-for-stm32.10.3-2021.10.linux64_1.0.100.202210260954/tools/bin/../lib/gcc/arm-none-eabi/10.3.1/../../../../arm-none-eabi/lib/thumb/v7e-m/nofp/libc_nano.a(lib_a-fflush.o)
 .debug_frame   0x000000000000156c      0x14c /home/naveen/st/stm32cubeide_1.11.2/plugins/com.st.stm32cube.ide.mcu.externaltools.gnu-tools-for-stm32.10.3-2021.10.linux64_1.0.100.202210260954/tools/bin/../lib/gcc/arm-none-eabi/10.3.1/../../../../arm-none-eabi/lib/thumb/v7e-m/nofp/libc_nano.a(lib_a-findfp.o)
 .debug_frame   0x00000000000016b8       0x54 /home/naveen/st/stm32cubeide_1.11.2/plugins/com.st.stm32cube.ide.mcu.externaltools.gnu-tools-for-stm32.10.3-2021.10.linux64_1.0.100.202210260954/tools/bin/../lib/gcc/arm-none-eabi/10.3.1/../../../../arm-none-eabi/lib/thumb/v7e-m/nofp/libc_nano.a(lib_a-fwalk.o)
 .debug_frame   0x000000000000170c       0xb0 /home/naveen/st/stm32cubeide_1.11.2/plugins/com.st.stm32cube.ide.mcu.externaltools.gnu-tools-for-stm32.10.3-2021.10.linux64_1.0.100.202210260954/tools/bin/../lib/gcc/arm-none-eabi/10.3.1/../../../../arm-none-eabi/lib/thumb/v7e-m/nofp/libc_nano.a(lib_a-lock.o)
 .debug_frame   0x00000000000017bc       0x58 /home/naveen/st/stm32cubeide_1.11.2/plugins/com.st.stm32cube.ide.mcu.externaltools.gnu-tools-for-stm32.10.3-2021.10.linux64_1.0.100.202210260954/tools/bin/../lib/gcc/arm-none-eabi/10.3.1/../../../../arm-none-eabi/lib/thumb/v7e-m/nofp/libc_nano.a(lib_a-makebuf.o)
 .debug_frame   0x0000000000001814       0x30 /home/naveen/st/stm32cubeide_1.11.2/plugins/com.st.stm32cube.ide.mcu.externaltools.gnu-tools-for-stm32.10.3-2021.10.linux64_1.0.100.202210260954/tools/bin/../lib/gcc/arm-none-eabi/10.3.1/../../../../arm-none-eabi/lib/thumb/v7e-m/nofp/libc_nano.a(lib_a-mlock.o)
 .debug_frame   0x0000000000001844       0xac /home/naveen/st/stm32cubeide_1.11.2/plugins/com.st.stm32cube.ide.mcu.externaltools.gnu-tools-for-stm32.10.3-2021.10.linux64_1.0.100.202210260954/tools/bin/../lib/gcc/arm-none-eabi/10.3.1/../../../../arm-none-eabi/lib/thumb/v7e-m/nofp/libc_nano.a(lib_a-nano-vfprintf.o)
 .debug_frame   0x00000000000018f0       0x60 /home/naveen/st/stm32cubeide_1.11.2/plugins/com.st.stm32cube.ide.mcu.externaltools.gnu-tools-for-stm32.10.3-2021.10.linux64_1.0.100.202210260954/tools/bin/../lib/gcc/arm-none-eabi/10.3.1/../../../../arm-none-eabi/lib/thumb/v7e-m/nofp/libc_nano.a(lib_a-nano-vfprintf_i.o)
 .debug_frame   0x0000000000001950       0x5c /home/naveen/st/stm32cubeide_1.11.2/plugins/com.st.stm32cube.ide.mcu.externaltools.gnu-tools-for-stm32.10.3-2021.10.linux64_1.0.100.202210260954/tools/bin/../lib/gcc/arm-none-eabi/10.3.1/../../../../arm-none-eabi/lib/thumb/v7e-m/nofp/libc_nano.a(lib_a-reent.o)
 .debug_frame   0x00000000000019ac       0x88 /home/naveen/st/stm32cubeide_1.11.2/plugins/com.st.stm32cube.ide.mcu.externaltools.gnu-tools-for-stm32.10.3-2021.10.linux64_1.0.100.202210260954/tools/bin/../lib/gcc/arm-none-eabi/10.3.1/../../../../arm-none-eabi/lib/thumb/v7e-m/nofp/libc_nano.a(lib_a-stdio.o)
 .debug_frame   0x0000000000001a34       0x2c /home/naveen/st/stm32cubeide_1.11.2/plugins/com.st.stm32cube.ide.mcu.externaltools.gnu-tools-for-stm32.10.3-2021.10.linux64_1.0.100.202210260954/tools/bin/../lib/gcc/arm-none-eabi/10.3.1/../../../../arm-none-eabi/lib/thumb/v7e-m/nofp/libc_nano.a(lib_a-writer.o)
 .debug_frame   0x0000000000001a60       0x2c /home/naveen/st/stm32cubeide_1.11.2/plugins/com.st.stm32cube.ide.mcu.externaltools.gnu-tools-for-stm32.10.3-2021.10.linux64_1.0.100.202210260954/tools/bin/../lib/gcc/arm-none-eabi/10.3.1/../../../../arm-none-eabi/lib/thumb/v7e-m/nofp/libc_nano.a(lib_a-closer.o)
 .debug_frame   0x0000000000001a8c       0x2c /home/naveen/st/stm32cubeide_1.11.2/plugins/com.st.stm32cube.ide.mcu.externaltools.gnu-tools-for-stm32.10.3-2021.10.linux64_1.0.100.202210260954/tools/bin/../lib/gcc/arm-none-eabi/10.3.1/../../../../arm-none-eabi/lib/thumb/v7e-m/nofp/libc_nano.a(lib_a-fstatr.o)
 .debug_frame   0x0000000000001ab8       0x2c /home/naveen/st/stm32cubeide_1.11.2/plugins/com.st.stm32cube.ide.mcu.externaltools.gnu-tools-for-stm32.10.3-2021.10.linux64_1.0.100.202210260954/tools/bin/../lib/gcc/arm-none-eabi/10.3.1/../../../../arm-none-eabi/lib/thumb/v7e-m/nofp/libc_nano.a(lib_a-isattyr.o)
 .debug_frame   0x0000000000001ae4       0x2c /home/naveen/st/stm32cubeide_1.11.2/plugins/com.st.stm32cube.ide.mcu.externaltools.gnu-tools-for-stm32.10.3-2021.10.linux64_1.0.100.202210260954/tools/bin/../lib/gcc/arm-none-eabi/10.3.1/../../../../arm-none-eabi/lib/thumb/v7e-m/nofp/libc_nano.a(lib_a-lseekr.o)
 .debug_frame   0x0000000000001b10       0x2c /home/naveen/st/stm32cubeide_1.11.2/plugins/com.st.stm32cube.ide.mcu.externaltools.gnu-tools-for-stm32.10.3-2021.10.linux64_1.0.100.202210260954/tools/bin/../lib/gcc/arm-none-eabi/10.3.1/../../../../arm-none-eabi/lib/thumb/v7e-m/nofp/libc_nano.a(lib_a-readr.o)
