Archive member included to satisfy reference by file (symbol)

/home/naveen/st/stm32cubeide_1.11.2/plugins/com.st.stm32cube.ide.mcu.externaltools.gnu-tools-for-stm32.10.3-2021.10.linux64_1.0.100.202210260954/tools/bin/../lib/gcc/arm-none-eabi/10.3.1/../../../../arm-none-eabi/lib/thumb/v7e-m/nofp/libc_nano.a(lib_a-errno.o)
                              ./Src/syscalls.o (__errno)
/home/naveen/st/stm32cubeide_1.11.2/plugins/com.st.stm32cube.ide.mcu.externaltools.gnu-tools-for-stm32.10.3-2021.10.linux64_1.0.100.202210260954/tools/bin/../lib/gcc/arm-none-eabi/10.3.1/../../../../arm-none-eabi/lib/thumb/v7e-m/nofp/libc_nano.a(lib_a-exit.o)
                              /home/naveen/st/stm32cubeide_1.11.2/plugins/com.st.stm32cube.ide.mcu.externaltools.gnu-tools-for-stm32.10.3-2021.10.linux64_1.0.100.202210260954/tools/bin/../lib/gcc/arm-none-eabi/10.3.1/../../../../arm-none-eabi/lib/thumb/v7e-m/nofp/crt0.o (exit)
/home/naveen/st/stm32cubeide_1.11.2/plugins/com.st.stm32cube.ide.mcu.externaltools.gnu-tools-for-stm32.10.3-2021.10.linux64_1.0.100.202210260954/tools/bin/../lib/gcc/arm-none-eabi/10.3.1/../../../../arm-none-eabi/lib/thumb/v7e-m/nofp/libc_nano.a(lib_a-impure.o)
                              /home/naveen/st/stm32cubeide_1.11.2/plugins/com.st.stm32cube.ide.mcu.externaltools.gnu-tools-for-stm32.10.3-2021.10.linux64_1.0.100.202210260954/tools/bin/../lib/gcc/arm-none-eabi/10.3.1/../../../../arm-none-eabi/lib/thumb/v7e-m/nofp/libc_nano.a(lib_a-exit.o) (_global_impure_ptr)
/home/naveen/st/stm32cubeide_1.11.2/plugins/com.st.stm32cube.ide.mcu.externaltools.gnu-tools-for-stm32.10.3-2021.10.linux64_1.0.100.202210260954/tools/bin/../lib/gcc/arm-none-eabi/10.3.1/../../../../arm-none-eabi/lib/thumb/v7e-m/nofp/libc_nano.a(lib_a-init.o)
                              /home/naveen/st/stm32cubeide_1.11.2/plugins/com.st.stm32cube.ide.mcu.externaltools.gnu-tools-for-stm32.10.3-2021.10.linux64_1.0.100.202210260954/tools/bin/../lib/gcc/arm-none-eabi/10.3.1/../../../../arm-none-eabi/lib/thumb/v7e-m/nofp/crt0.o (__libc_init_array)
/home/naveen/st/stm32cubeide_1.11.2/plugins/com.st.stm32cube.ide.mcu.externaltools.gnu-tools-for-stm32.10.3-2021.10.linux64_1.0.100.202210260954/tools/bin/../lib/gcc/arm-none-eabi/10.3.1/../../../../arm-none-eabi/lib/thumb/v7e-m/nofp/libc_nano.a(lib_a-malloc.o)
                              ./Driver/Src/at24cxx_eeprom_driver.o (malloc)
/home/naveen/st/stm32cubeide_1.11.2/plugins/com.st.stm32cube.ide.mcu.externaltools.gnu-tools-for-stm32.10.3-2021.10.linux64_1.0.100.202210260954/tools/bin/../lib/gcc/arm-none-eabi/10.3.1/../../../../arm-none-eabi/lib/thumb/v7e-m/nofp/libc_nano.a(lib_a-memset.o)
                              /home/naveen/st/stm32cubeide_1.11.2/plugins/com.st.stm32cube.ide.mcu.externaltools.gnu-tools-for-stm32.10.3-2021.10.linux64_1.0.100.202210260954/tools/bin/../lib/gcc/arm-none-eabi/10.3.1/../../../../arm-none-eabi/lib/thumb/v7e-m/nofp/crt0.o (memset)
/home/naveen/st/stm32cubeide_1.11.2/plugins/com.st.stm32cube.ide.mcu.externaltools.gnu-tools-for-stm32.10.3-2021.10.linux64_1.0.100.202210260954/tools/bin/../lib/gcc/arm-none-eabi/10.3.1/../../../../arm-none-eabi/lib/thumb/v7e-m/nofp/libc_nano.a(lib_a-nano-freer.o)
                              /home/naveen/st/stm32cubeide_1.11.2/plugins/com.st.stm32cube.ide.mcu.externaltools.gnu-tools-for-stm32.10.3-2021.10.linux64_1.0.100.202210260954/tools/bin/../lib/gcc/arm-none-eabi/10.3.1/../../../../arm-none-eabi/lib/thumb/v7e-m/nofp/libc_nano.a(lib_a-malloc.o) (_free_r)
/home/naveen/st/stm32cubeide_1.11.2/plugins/com.st.stm32cube.ide.mcu.externaltools.gnu-tools-for-stm32.10.3-2021.10.linux64_1.0.100.202210260954/tools/bin/../lib/gcc/arm-none-eabi/10.3.1/../../../../arm-none-eabi/lib/thumb/v7e-m/nofp/libc_nano.a(lib_a-nano-mallocr.o)
                              /home/naveen/st/stm32cubeide_1.11.2/plugins/com.st.stm32cube.ide.mcu.externaltools.gnu-tools-for-stm32.10.3-2021.10.linux64_1.0.100.202210260954/tools/bin/../lib/gcc/arm-none-eabi/10.3.1/../../../../arm-none-eabi/lib/thumb/v7e-m/nofp/libc_nano.a(lib_a-malloc.o) (_malloc_r)
/home/naveen/st/stm32cubeide_1.11.2/plugins/com.st.stm32cube.ide.mcu.externaltools.gnu-tools-for-stm32.10.3-2021.10.linux64_1.0.100.202210260954/tools/bin/../lib/gcc/arm-none-eabi/10.3.1/../../../../arm-none-eabi/lib/thumb/v7e-m/nofp/libc_nano.a(lib_a-printf.o)
                              ./Driver/Src/ds3231_rtc_driver.o (printf)
/home/naveen/st/stm32cubeide_1.11.2/plugins/com.st.stm32cube.ide.mcu.externaltools.gnu-tools-for-stm32.10.3-2021.10.linux64_1.0.100.202210260954/tools/bin/../lib/gcc/arm-none-eabi/10.3.1/../../../../arm-none-eabi/lib/thumb/v7e-m/nofp/libc_nano.a(lib_a-putchar.o)
                              ./Driver/Src/i2c_driver.o (putchar)
/home/naveen/st/stm32cubeide_1.11.2/plugins/com.st.stm32cube.ide.mcu.externaltools.gnu-tools-for-stm32.10.3-2021.10.linux64_1.0.100.202210260954/tools/bin/../lib/gcc/arm-none-eabi/10.3.1/../../../../arm-none-eabi/lib/thumb/v7e-m/nofp/libc_nano.a(lib_a-puts.o)
[...]
Memory Configuration

Name             Origin             Length             Attributes
CCMRAM           0x0000000010000000 0x0000000000010000 xrw
RAM              0x0000000020000000 0x0000000000020000 xrw
FLASH            0x0000000008000000 0x0000000000100000 xr
*default*        0x0000000000000000 0xffffffffffffffff

Linker script and memory map

LOAD /home/naveen/st/stm32cubeide_1.11.2/plugins/com.st.stm32cube.ide.mcu.externaltools.gnu-tools-for-stm32.10.3-2021.10.linux64_1.0.100.202210260954/tools/bin/../lib/gcc/arm-none-eabi/10.3.1/thumb/v7e-m/nofp/crti.o
LOAD /home/naveen/st/stm32cubeide_1.11.2/plugins/com.st.stm32cube.ide.mcu.externaltools.gnu-tools-for-stm32.10.3-2021.10.linux64_1.0.100.202210260954/tools/bin/../lib/gcc/arm-none-eabi/10.3.1/thumb/v7e-m/nofp/crtbegin.o
LOAD /home/naveen/st/stm32cubeide_1.11.2/plugins/com.st.stm32cube.ide.mcu.externaltools.gnu-tools-for-stm32.10.3-2021.10.linux64_1.0.100.202210260954/tools/bin/../lib/gcc/arm-none-eabi/10.3.1/../../../../arm-none-eabi/lib/thumb/v7e-m/nofp/crt0.o
LOAD ./Driver/Src/at24cxx_eeprom_driver.o
LOAD ./Driver/Src/at45dbxx_flash_memory_driver.o
LOAD ./Driver/Src/common_utils.o
LOAD ./Driver/Src/dht11_driver.o
LOAD ./Driver/Src/dma_driver.o
LOAD ./Driver/Src/ds3231_rtc_driver.o
LOAD ./Driver/Src/external_interrupt_config.o
LOAD ./Driver/Src/general_purpose_timer.o
LOAD ./Driver/Src/gpio_driver.o
LOAD ./Driver/Src/i2c_driver.o
LOAD ./Driver/Src/lcd_driver_pcf8574.o
LOAD ./Driver/Src/nRFL01_driver.o
LOAD ./Driver/Src/rtc_driver.o
LOAD ./Driver/Src/spi_driver.o
LOAD ./Driver/Src/stm32f4xx.o
LOAD ./Driver/Src/timer_driver.o
LOAD ./Driver/Src/usart_driver.o
LOAD ./Src/calculator_matrix_keypad_lcd_interrupt.o
LOAD ./Src/syscalls.o
LOAD ./Src/sysmem.o
LOAD ./Startup/startup_stm32f407vgtx.o
START GROUP
LOAD /home/naveen/st/stm32cubeide_1.11.2/plugins/com.st.stm32cube.ide.mcu.externaltools.gnu-tools-for-stm32.10.3-2021.10.linux64_1.0.100.202210260954/tools/bin/../lib/gcc/arm-none-eabi/10.3.1/../../../../arm-none-eabi/lib/thumb/v7e-m/nofp/libc_nano.a
LOAD /home/naveen/st/stm32cubeide_1.11.2/plugins/com.st.stm32cube.ide.mcu.externaltools.gnu-tools-for-stm32.10.3-2021.10.linux64_1.0.100.202210260954/tools/bin/../lib/gcc/arm-none-eabi/10.3.1/../../../../arm-none-eabi/lib/thumb/v7e-m/nofp/libm.a
END GROUP
START GROUP
LOAD /home/naveen/st/stm32cubeide_1.11.2/plugins/com.st.stm32cube.ide.mcu.externaltools.gnu-tools-for-stm32.10.3-2021.10.linux64_1.0.100.202210260954/tools/bin/../lib/gcc/arm-none-eabi/10.3.1/thumb/v7e-m/nofp/libgcc.a
LOAD /home/naveen/st/stm32cubeide_1.11.2/plugins/com.st.stm32cube.ide.mcu.externaltools.gnu-tools-for-stm32.10.3-2021.10.linux64_1.0.100.202210260954/tools/bin/../lib/gcc/arm-none-eabi/10.3.1/../../../../arm-none-eabi/lib/thumb/v7e-m/nofp/libc_nano.a
END GROUP
START GROUP
LOAD /home/naveen/st/stm32cubeide_1.11.2/plugins/com.st.stm32cube.ide.mcu.externaltools.gnu-tools-for-stm32.10.3-2021.10.linux64_1.0.100.202210260954/tools/bin/../lib/gcc/arm-none-eabi/10.3.1/thumb/v7e-m/nofp/libgcc.a
LOAD /home/naveen/st/stm32cubeide_1.11.2/plugins/com.st.stm32cube.ide.mcu.externaltools.gnu-tools-for-stm32.10.3-2021.10.linux64_1.0.100.202210260954/tools/bin/../lib/gcc/arm-none-eabi/10.3.1/../../../../arm-none-eabi/lib/thumb/v7e-m/nofp/libc_nano.a
LOAD /home/naveen/st/stm32cubeide_1.11.2/plugins/com.st.stm32cube.ide.mcu.externaltools.gnu-tools-for-stm32.10.3-2021.10.linux64_1.0.100.202210260954/tools/bin/../lib/gcc/arm-none-eabi/10.3.1/../../../../arm-none-eabi/lib/thumb/v7e-m/nofp/libnosys.a
END GROUP
START GROUP
LOAD /home/naveen/st/stm32cubeide_1.11.2/plugins/com.st.stm32cube.ide.mcu.externaltools.gnu-tools-for-stm32.10.3-2021.10.linux64_1.0.100.202210260954/tools/bin/../lib/gcc/arm-none-eabi/10.3.1/thumb/v7e-m/nofp/libgcc.a
LOAD /home/naveen/st/stm32cubeide_1.11.2/plugins/com.st.stm32cube.ide.mcu.externaltools.gnu-tools-for-stm32.10.3-2021.10.linux64_1.0.100.202210260954/tools/bin/../lib/gcc/arm-none-eabi/10.3.1/../../../../arm-none-eabi/lib/thumb/v7e-m/nofp/libc_nano.a
LOAD /home/naveen/st/stm32cubeide_1.11.2/plugins/com.st.stm32cube.ide.mcu.externaltools.gnu-tools-for-stm32.10.3-2021.10.linux64_1.0.100.202210260954/tools/bin/../lib/gcc/arm-none-eabi/10.3.1/../../../../arm-none-eabi/lib/thumb/v7e-m/nofp/libnosys.a
END GROUP
LOAD /home/naveen/st/stm32cubeide_1.11.2/plugins/com.st.stm32cube.ide.mcu.externaltools.gnu-tools-for-stm32.10.3-2021.10.linux64_1.0.100.202210260954/tools/bin/../lib/gcc/arm-none-eabi/10.3.1/thumb/v7e-m/nofp/crtend.o
LOAD /home/naveen/st/stm32cubeide_1.11.2/plugins/com.st.stm32cube.ide.mcu.externaltools.gnu-tools-for-stm32.10.3-2021.10.linux64_1.0.100.202210260954/tools/bin/../lib/gcc/arm-none-eabi/10.3.1/thumb/v7e-m/nofp/crtn.o
                0x0000000020020000                _estack = (ORIGIN (RAM) + LENGTH (RAM))
                0x0000000000000200                _Min_Heap_Size = 0x200
                0x0000000000000400                _Min_Stack_Size = 0x400

.isr_vector     0x0000000008000000      0x1a8
                0x0000000008000000                . = ALIGN (0x4)
 *(.isr_vector)
 .isr_vector    0x0000000008000000      0x1a8 ./Startup/startup_stm32f407vgtx.o
                0x0000000008000000                g_pfnVectors
                0x00000000080001a8                . = ALIGN (0x4)

.text           0x00000000080001b0     0x2bfc
                0x00000000080001b0                . = ALIGN (0x4)
 *(.text)
 .text          0x00000000080001b0       0x40 /home/naveen/st/stm32cubeide_1.11.2/plugins/com.st.stm32cube.ide.mcu.externaltools.gnu-tools-for-stm32.10.3-2021.10.linux64_1.0.100.202210260954/tools/bin/../lib/gcc/arm-none-eabi/10.3.1/thumb/v7e-m/nofp/crtbegin.o
 .text          0x00000000080001f0       0xa0 /home/naveen/st/stm32cubeide_1.11.2/plugins/com.st.stm32cube.ide.mcu.externaltools.gnu-tools-for-stm32.10.3-2021.10.linux64_1.0.100.202210260954/tools/bin/../lib/gcc/arm-none-eabi/10.3.1/../../../../arm-none-eabi/lib/thumb/v7e-m/nofp/libc_nano.a(lib_a-memchr.o)
                0x00000000080001f0                memchr
 *(.text*)
 .text.delay_us
                0x0000000008000290       0x30 ./Driver/Src/common_utils.o
                0x0000000008000290                delay_us
 .text.configure_delay_timer
                0x00000000080002c0       0x44 ./Driver/Src/common_utils.o
                0x00000000080002c0                configure_delay_timer
 .text.configure_i2c
                0x0000000008000304       0xd0 ./Driver/Src/common_utils.o
                0x0000000008000304                configure_i2c
 .text.LCD_SendChar
                0x00000000080003d4       0x1a ./Driver/Src/common_utils.o
                0x00000000080003d4                LCD_SendChar
 *fill*         0x00000000080003ee        0x2 
 .text.configure_external_gpio_interrupt
                0x00000000080003f0      0x118 ./Driver/Src/external_interrupt_config.o
                0x00000000080003f0                configure_external_gpio_interrupt
 .text.gpio_port_name_to_num
                0x0000000008000508       0xb4 ./Driver/Src/external_interrupt_config.o
 .text.General_Purpose_Timer_Init
                0x00000000080005bc      0x450 ./Driver/Src/general_purpose_timer.o
                0x00000000080005bc                General_Purpose_Timer_Init
 .text.General_Purpose_Timer_PeripheralEnable
                0x0000000008000a0c       0x22 ./Driver/Src/general_purpose_timer.o
                0x0000000008000a0c                General_Purpose_Timer_PeripheralEnable
 .text.GPIOSetMode
                0x0000000008000a2e       0x48 ./Driver/Src/gpio_driver.o
                0x0000000008000a2e                GPIOSetMode
 .text.GPIOReadPin
                0x0000000008000a76       0x3e ./Driver/Src/gpio_driver.o
                0x0000000008000a76                GPIOReadPin
 .text.GPIOWritePin
                0x0000000008000ab4       0x44 ./Driver/Src/gpio_driver.o
                0x0000000008000ab4                GPIOWritePin
 .text.GPIOSetAltFn
                0x0000000008000af8       0x72 ./Driver/Src/gpio_driver.o
                0x0000000008000af8                GPIOSetAltFn
 .text.GPIOSetOutputType
                0x0000000008000b6a       0x44 ./Driver/Src/gpio_driver.o
                0x0000000008000b6a                GPIOSetOutputType
 .text.GPIOSetPullUpDownConfig
                0x0000000008000bae       0x48 ./Driver/Src/gpio_driver.o
                0x0000000008000bae                GPIOSetPullUpDownConfig
 .text.GPIOSetOutputSpeed
                0x0000000008000bf6       0x48 ./Driver/Src/gpio_driver.o
                0x0000000008000bf6                GPIOSetOutputSpeed
 .text.I2CPeriConfig
                0x0000000008000c3e       0xac ./Driver/Src/i2c_driver.o
                0x0000000008000c3e                I2CPeriConfig
 .text.I2CEnable
                0x0000000008000cea       0x22 ./Driver/Src/i2c_driver.o
                0x0000000008000cea                I2CEnable
 .text.I2CMasterSendData
                0x0000000008000d0c       0xb0 ./Driver/Src/i2c_driver.o
                0x0000000008000d0c                I2CMasterSendData
 .text.I2C_SendStartBit
                0x0000000008000dbc       0x22 ./Driver/Src/i2c_driver.o
 .text.I2C_SendStopBit
                0x0000000008000dde       0x22 ./Driver/Src/i2c_driver.o
 .text.I2C_GetFlagStatus
                0x0000000008000e00       0x2a ./Driver/Src/i2c_driver.o
 .text.I2C_SendSlaveAddress
                0x0000000008000e2a       0x20 ./Driver/Src/i2c_driver.o
 .text.I2C_ClearADDRStatusBit
                0x0000000008000e4a       0x22 ./Driver/Src/i2c_driver.o
 .text.I2CConfigureTrise
                0x0000000008000e6c       0x20 ./Driver/Src/i2c_driver.o
                0x0000000008000e6c                I2CConfigureTrise
 .text.lcd_pcf8574_init
                0x0000000008000e8c       0x9c ./Driver/Src/lcd_driver_pcf8574.o
                0x0000000008000e8c                lcd_pcf8574_init
 .text.lcd_pcf8574_send_cmd
                0x0000000008000f28       0x64 ./Driver/Src/lcd_driver_pcf8574.o
                0x0000000008000f28                lcd_pcf8574_send_cmd
 .text.lcd_pcf8574_send_data
                0x0000000008000f8c       0x64 ./Driver/Src/lcd_driver_pcf8574.o
                0x0000000008000f8c                lcd_pcf8574_send_data
 .text.lcd_pcf8574_clear_screen
                0x0000000008000ff0        0xe ./Driver/Src/lcd_driver_pcf8574.o
                0x0000000008000ff0                lcd_pcf8574_clear_screen
 .text.lcd_pcf8574_return_home
                0x0000000008000ffe        0xe ./Driver/Src/lcd_driver_pcf8574.o
                0x0000000008000ffe                lcd_pcf8574_return_home
 .text.RTC_Alarm_IRQHandler
                0x000000000800100c       0x28 ./Driver/Src/rtc_driver.o
                0x000000000800100c                RTC_Alarm_IRQHandler
 .text.RTC_Alarm_Interrupt_Callback
                0x0000000008001034       0x18 ./Driver/Src/rtc_driver.o
                0x0000000008001034                RTC_Alarm_Interrupt_Callback
 .text.EnablePeriClk
                0x000000000800104c      0x388 ./Driver/Src/stm32f4xx.o
                0x000000000800104c                EnablePeriClk
 .text.NVIC_EnableIRQ
                0x00000000080013d4       0x44 ./Driver/Src/stm32f4xx.o
                0x00000000080013d4                NVIC_EnableIRQ
 .text.main     0x0000000008001418       0xe4 ./Src/calculator_matrix_keypad_lcd_interrupt.o
                0x0000000008001418                main
 .text.calculation
                0x00000000080014fc      0x140 ./Src/calculator_matrix_keypad_lcd_interrupt.o
 .text.EXTI0_IRQHandler
                0x000000000800163c       0xb8 ./Src/calculator_matrix_keypad_lcd_interrupt.o
                0x000000000800163c                EXTI0_IRQHandler
 .text.EXTI1_IRQHandler
                0x00000000080016f4       0xb8 ./Src/calculator_matrix_keypad_lcd_interrupt.o
                0x00000000080016f4                EXTI1_IRQHandler
 .text.EXTI2_IRQHandler
                0x00000000080017ac       0xb8 ./Src/calculator_matrix_keypad_lcd_interrupt.o
                0x00000000080017ac                EXTI2_IRQHandler
 .text.EXTI3_IRQHandler
                0x0000000008001864       0xb8 ./Src/calculator_matrix_keypad_lcd_interrupt.o
                0x0000000008001864                EXTI3_IRQHandler
 .text.process_key_press
                0x000000000800191c      0x110 ./Src/calculator_matrix_keypad_lcd_interrupt.o
 .text._read    0x0000000008001a2c       0x3a ./Src/syscalls.o
                0x0000000008001a2c                _read
 .text._write   0x0000000008001a66       0x38 ./Src/syscalls.o
                0x0000000008001a66                _write
 .text._close   0x0000000008001a9e       0x16 ./Src/syscalls.o
                0x0000000008001a9e                _close
 .text._fstat   0x0000000008001ab4       0x1e ./Src/syscalls.o
                0x0000000008001ab4                _fstat
 .text._isatty  0x0000000008001ad2       0x14 ./Src/syscalls.o
                0x0000000008001ad2                _isatty
 .text._lseek   0x0000000008001ae6       0x18 ./Src/syscalls.o
                0x0000000008001ae6                _lseek
 *fill*         0x0000000008001afe        0x2 
 .text._sbrk    0x0000000008001b00       0x6c ./Src/sysmem.o
                0x0000000008001b00                _sbrk
 .text.Reset_Handler
                0x0000000008001b6c       0x50 ./Startup/startup_stm32f407vgtx.o
                0x0000000008001b6c                Reset_Handler
 .text.Default_Handler
                0x0000000008001bbc        0x2 ./Startup/startup_stm32f407vgtx.o
                0x0000000008001bbc                HASH_RNG_IRQHandler
                0x0000000008001bbc                TIM8_CC_IRQHandler
                0x0000000008001bbc                DebugMon_Handler
                0x0000000008001bbc                TIM1_CC_IRQHandler
                0x0000000008001bbc                DMA2_Stream5_IRQHandler
                0x0000000008001bbc                HardFault_Handler
                0x0000000008001bbc                DMA1_Stream5_IRQHandler
                0x0000000008001bbc                SysTick_Handler
                0x0000000008001bbc                PVD_IRQHandler
                0x0000000008001bbc                SDIO_IRQHandler
                0x0000000008001bbc                TAMP_STAMP_IRQHandler
                0x0000000008001bbc                PendSV_Handler
                0x0000000008001bbc                NMI_Handler
                0x0000000008001bbc                CAN2_RX1_IRQHandler
                0x0000000008001bbc                TIM8_TRG_COM_TIM14_IRQHandler
                0x0000000008001bbc                TIM1_UP_TIM10_IRQHandler
                0x0000000008001bbc                TIM8_UP_TIM13_IRQHandler
                0x0000000008001bbc                I2C3_ER_IRQHandler
                0x0000000008001bbc                LCD_TFT_IRQHandler
                0x0000000008001bbc                I2C2_EV_IRQHandler
                0x0000000008001bbc                DMA1_Stream2_IRQHandler
                0x0000000008001bbc                CAN1_RX0_IRQHandler
                0x0000000008001bbc                FPU_IRQHandler
                0x0000000008001bbc                OTG_HS_WKUP_IRQHandler
                0x0000000008001bbc                UsageFault_Handler
                0x0000000008001bbc                CAN2_SCE_IRQHandler
                0x0000000008001bbc                DMA2_Stream2_IRQHandler
                0x0000000008001bbc                SPI1_IRQHandler
                0x0000000008001bbc                TIM6_DAC_IRQHandler
                0x0000000008001bbc                TIM1_BRK_TIM9_IRQHandler
                0x0000000008001bbc                DCMI_IRQHandler
                0x0000000008001bbc                CAN2_RX0_IRQHandler
                0x0000000008001bbc                DMA2_Stream3_IRQHandler
                0x0000000008001bbc                USART6_IRQHandler
                0x0000000008001bbc                USART3_IRQHandler
                0x0000000008001bbc                CRYP_IRQHandler
                0x0000000008001bbc                CAN1_RX1_IRQHandler
                0x0000000008001bbc                UART5_IRQHandler
                0x0000000008001bbc                DMA2_Stream0_IRQHandler
                0x0000000008001bbc                TIM4_IRQHandler
                0x0000000008001bbc                I2C1_EV_IRQHandler
                0x0000000008001bbc                DMA1_Stream6_IRQHandler
                0x0000000008001bbc                DMA1_Stream1_IRQHandler
                0x0000000008001bbc                UART4_IRQHandler
                0x0000000008001bbc                LCD_TFT_1_IRQHandler
                0x0000000008001bbc                TIM3_IRQHandler
                0x0000000008001bbc                RCC_IRQHandler
                0x0000000008001bbc                TIM8_BRK_TIM12_IRQHandler
                0x0000000008001bbc                Default_Handler
                0x0000000008001bbc                EXTI15_10_IRQHandler
                0x0000000008001bbc                ADC_IRQHandler
                0x0000000008001bbc                DMA1_Stream7_IRQHandler
                0x0000000008001bbc                TIM7_IRQHandler
                0x0000000008001bbc                CAN2_TX_IRQHandler
                0x0000000008001bbc                TIM5_IRQHandler
                0x0000000008001bbc                DMA2_Stream7_IRQHandler
                0x0000000008001bbc                I2C3_EV_IRQHandler
                0x0000000008001bbc                EXTI9_5_IRQHandler
                0x0000000008001bbc                RTC_WKUP_IRQHandler
                0x0000000008001bbc                ETH_WKUP_IRQHandler
                0x0000000008001bbc                SPI2_IRQHandler
                0x0000000008001bbc                OTG_HS_EP1_IN_IRQHandler
                0x0000000008001bbc                MemManage_Handler
                0x0000000008001bbc                DMA1_Stream0_IRQHandler
                0x0000000008001bbc                CAN1_TX_IRQHandler
                0x0000000008001bbc                SVC_Handler
                0x0000000008001bbc                EXTI4_IRQHandler
                0x0000000008001bbc                FSMC_IRQHandler
                0x0000000008001bbc                ETH_IRQHandler
                0x0000000008001bbc                OTG_HS_EP1_OUT_IRQHandler
                0x0000000008001bbc                WWDG_IRQHandler
                0x0000000008001bbc                TIM2_IRQHandler
                0x0000000008001bbc                OTG_FS_WKUP_IRQHandler
                0x0000000008001bbc                TIM1_TRG_COM_TIM11_IRQHandler
                0x0000000008001bbc                OTG_HS_IRQHandler
                0x0000000008001bbc                USART2_IRQHandler
                0x0000000008001bbc                I2C2_ER_IRQHandler
                0x0000000008001bbc                DMA2_Stream1_IRQHandler
                0x0000000008001bbc                CAN1_SCE_IRQHandler
                0x0000000008001bbc                DMA2_Stream4_IRQHandler
                0x0000000008001bbc                BusFault_Handler
                0x0000000008001bbc                USART1_IRQHandler
                0x0000000008001bbc                OTG_FS_IRQHandler
                0x0000000008001bbc                SPI3_IRQHandler
                0x0000000008001bbc                DMA1_Stream4_IRQHandler
                0x0000000008001bbc                I2C1_ER_IRQHandler
                0x0000000008001bbc                DMA2_Stream6_IRQHandler
                0x0000000008001bbc                DMA1_Stream3_IRQHandler
 *fill*         0x0000000008001bbe        0x2 
 .text.__errno  0x0000000008001bc0        0xc /home/naveen/st/stm32cubeide_1.11.2/plugins/com.st.stm32cube.ide.mcu.externaltools.gnu-tools-for-stm32.10.3-2021.10.linux64_1.0.100.202210260954/tools/bin/../lib/gcc/arm-none-eabi/10.3.1/../../../../arm-none-eabi/lib/thumb/v7e-m/nofp/libc_nano.a(lib_a-errno.o)
                0x0000000008001bc0                __errno
 .text.__libc_init_array
                0x0000000008001bcc       0x48 /home/naveen/st/stm32cubeide_1.11.2/plugins/com.st.stm32cube.ide.mcu.externaltools.gnu-tools-for-stm32.10.3-2021.10.linux64_1.0.100.202210260954/tools/bin/../lib/gcc/arm-none-eabi/10.3.1/../../../../arm-none-eabi/lib/thumb/v7e-m/nofp/libc_nano.a(lib_a-init.o)
                0x0000000008001bcc                __libc_init_array
 .text.malloc   0x0000000008001c14       0x10 /home/naveen/st/stm32cubeide_1.11.2/plugins/com.st.stm32cube.ide.mcu.externaltools.gnu-tools-for-stm32.10.3-2021.10.linux64_1.0.100.202210260954/tools/bin/../lib/gcc/arm-none-eabi/10.3.1/../../../../arm-none-eabi/lib/thumb/v7e-m/nofp/libc_nano.a(lib_a-malloc.o)
                0x0000000008001c14                malloc
 .text.memset   0x0000000008001c24       0x10 /home/naveen/st/stm32cubeide_1.11.2/plugins/com.st.stm32cube.ide.mcu.externaltools.gnu-tools-for-stm32.10.3-2021.10.linux64_1.0.100.202210260954/tools/bin/../lib/gcc/arm-none-eabi/10.3.1/../../../../arm-none-eabi/lib/thumb/v7e-m/nofp/libc_nano.a(lib_a-memset.o)
                0x0000000008001c24                memset
 .text._free_r  0x0000000008001c34       0x94 /home/naveen/st/stm32cubeide_1.11.2/plugins/com.st.stm32cube.ide.mcu.externaltools.gnu-tools-for-stm32.10.3-2021.10.linux64_1.0.100.202210260954/tools/bin/../lib/gcc/arm-none-eabi/10.3.1/../../../../arm-none-eabi/lib/thumb/v7e-m/nofp/libc_nano.a(lib_a-nano-freer.o)
                0x0000000008001c34                _free_r
 .text.sbrk_aligned
                0x0000000008001cc8       0x40 /home/naveen/st/stm32cubeide_1.11.2/plugins/com.st.stm32cube.ide.mcu.externaltools.gnu-tools-for-stm32.10.3-2021.10.linux64_1.0.100.202210260954/tools/bin/../lib/gcc/arm-none-eabi/10.3.1/../../../../arm-none-eabi/lib/thumb/v7e-m/nofp/libc_nano.a(lib_a-nano-mallocr.o)
 .text._malloc_r
                0x0000000008001d08       0xe8 /home/naveen/st/stm32cubeide_1.11.2/plugins/com.st.stm32cube.ide.mcu.externaltools.gnu-tools-for-stm32.10.3-2021.10.linux64_1.0.100.202210260954/tools/bin/../lib/gcc/arm-none-eabi/10.3.1/../../../../arm-none-eabi/lib/thumb/v7e-m/nofp/libc_nano.a(lib_a-nano-mallocr.o)
                0x0000000008001d08                _malloc_r
 .text.printf   0x0000000008001df0       0x30 /home/naveen/st/stm32cubeide_1.11.2/plugins/com.st.stm32cube.ide.mcu.externaltools.gnu-tools-for-stm32.10.3-2021.10.linux64_1.0.100.202210260954/tools/bin/../lib/gcc/arm-none-eabi/10.3.1/../../../../arm-none-eabi/lib/thumb/v7e-m/nofp/libc_nano.a(lib_a-printf.o)
                0x0000000008001df0                printf
                0x0000000008001df0                iprintf
 .text.putchar  0x0000000008001e20       0x28 /home/naveen/st/stm32cubeide_1.11.2/plugins/com.st.stm32cube.ide.mcu.externaltools.gnu-tools-for-stm32.10.3-2021.10.linux64_1.0.100.202210260954/tools/bin/../lib/gcc/arm-none-eabi/10.3.1/../../../../arm-none-eabi/lib/thumb/v7e-m/nofp/libc_nano.a(lib_a-putchar.o)
                0x0000000008001e20                putchar
 .text._sbrk_r  0x0000000008001e48       0x20 /home/naveen/st/stm32cubeide_1.11.2/plugins/com.st.stm32cube.ide.mcu.externaltools.gnu-tools-for-stm32.10.3-2021.10.linux64_1.0.100.202210260954/tools/bin/../lib/gcc/arm-none-eabi/10.3.1/../../../../arm-none-eabi/lib/thumb/v7e-m/nofp/libc_nano.a(lib_a-sbrkr.o)
                0x0000000008001e48                _sbrk_r
 .text.setbuf   0x0000000008001e68       0x10 /home/naveen/st/stm32cubeide_1.11.2/plugins/com.st.stm32cube.ide.mcu.externaltools.gnu-tools-for-stm32.10.3-2021.10.linux64_1.0.100.202210260954/tools/bin/../lib/gcc/arm-none-eabi/10.3.1/../../../../arm-none-eabi/lib/thumb/v7e-m/nofp/libc_nano.a(lib_a-setbuf.o)
                0x0000000008001e68                setbuf
 .text.setvbuf  0x0000000008001e78      0x18c /home/naveen/st/stm32cubeide_1.11.2/plugins/com.st.stm32cube.ide.mcu.externaltools.gnu-tools-for-stm32.10.3-2021.10.linux64_1.0.100.202210260954/tools/bin/../lib/gcc/arm-none-eabi/10.3.1/../../../../arm-none-eabi/lib/thumb/v7e-m/nofp/libc_nano.a(lib_a-setvbuf.o)
                0x0000000008001e78                setvbuf
 .text.__swbuf_r
                0x0000000008002004       0xa4 /home/naveen/st/stm32cubeide_1.11.2/plugins/com.st.stm32cube.ide.mcu.externaltools.gnu-tools-for-stm32.10.3-2021.10.linux64_1.0.100.202210260954/tools/bin/../lib/gcc/arm-none-eabi/10.3.1/../../../../arm-none-eabi/lib/thumb/v7e-m/nofp/libc_nano.a(lib_a-wbuf.o)
                0x0000000008002004                __swbuf_r
 .text.__swsetup_r
                0x00000000080020a8       0xdc /home/naveen/st/stm32cubeide_1.11.2/plugins/com.st.stm32cube.ide.mcu.externaltools.gnu-tools-for-stm32.10.3-2021.10.linux64_1.0.100.202210260954/tools/bin/../lib/gcc/arm-none-eabi/10.3.1/../../../../arm-none-eabi/lib/thumb/v7e-m/nofp/libc_nano.a(lib_a-wsetup.o)
                0x00000000080020a8                __swsetup_r
 .text.__sflush_r
                0x0000000008002184      0x104 /home/naveen/st/stm32cubeide_1.11.2/plugins/com.st.stm32cube.ide.mcu.externaltools.gnu-tools-for-stm32.10.3-2021.10.linux64_1.0.100.202210260954/tools/bin/../lib/gcc/arm-none-eabi/10.3.1/../../../../arm-none-eabi/lib/thumb/v7e-m/nofp/libc_nano.a(lib_a-fflush.o)
                0x0000000008002184                __sflush_r
 .text._fflush_r
                0x0000000008002288       0x78 /home/naveen/st/stm32cubeide_1.11.2/plugins/com.st.stm32cube.ide.mcu.externaltools.gnu-tools-for-stm32.10.3-2021.10.linux64_1.0.100.202210260954/tools/bin/../lib/gcc/arm-none-eabi/10.3.1/../../../../arm-none-eabi/lib/thumb/v7e-m/nofp/libc_nano.a(lib_a-fflush.o)
                0x0000000008002288                _fflush_r
 .text.std      0x0000000008002300       0x48 /home/naveen/st/stm32cubeide_1.11.2/plugins/com.st.stm32cube.ide.mcu.externaltools.gnu-tools-for-stm32.10.3-2021.10.linux64_1.0.100.202210260954/tools/bin/../lib/gcc/arm-none-eabi/10.3.1/../../../../arm-none-eabi/lib/thumb/v7e-m/nofp/libc_nano.a(lib_a-findfp.o)
 .text._cleanup_r
                0x0000000008002348        0xc /home/naveen/st/stm32cubeide_1.11.2/plugins/com.st.stm32cube.ide.mcu.externaltools.gnu-tools-for-stm32.10.3-2021.10.linux64_1.0.100.202210260954/tools/bin/../lib/gcc/arm-none-eabi/10.3.1/../../../../arm-none-eabi/lib/thumb/v7e-m/nofp/libc_nano.a(lib_a-findfp.o)
                0x0000000008002348                _cleanup_r
 .text.__sfmoreglue
                0x0000000008002354       0x2c /home/naveen/st/stm32cubeide_1.11.2/plugins/com.st.stm32cube.ide.mcu.externaltools.gnu-tools-for-stm32.10.3-2021.10.linux64_1.0.100.202210260954/tools/bin/../lib/gcc/arm-none-eabi/10.3.1/../../../../arm-none-eabi/lib/thumb/v7e-m/nofp/libc_nano.a(lib_a-findfp.o)
                0x0000000008002354                __sfmoreglue
 .text.__sfp_lock_acquire
                0x0000000008002380        0xc /home/naveen/st/stm32cubeide_1.11.2/plugins/com.st.stm32cube.ide.mcu.externaltools.gnu-tools-for-stm32.10.3-2021.10.linux64_1.0.100.202210260954/tools/bin/../lib/gcc/arm-none-eabi/10.3.1/../../../../arm-none-eabi/lib/thumb/v7e-m/nofp/libc_nano.a(lib_a-findfp.o)
                0x0000000008002380                __sfp_lock_acquire
 .text.__sfp_lock_release
                0x000000000800238c        0xc /home/naveen/st/stm32cubeide_1.11.2/plugins/com.st.stm32cube.ide.mcu.externaltools.gnu-tools-for-stm32.10.3-2021.10.linux64_1.0.100.202210260954/tools/bin/../lib/gcc/arm-none-eabi/10.3.1/../../../../arm-none-eabi/lib/thumb/v7e-m/nofp/libc_nano.a(lib_a-findfp.o)
                0x000000000800238c                __sfp_lock_release
 .text.__sinit_lock_acquire
                0x0000000008002398        0xc /home/naveen/st/stm32cubeide_1.11.2/plugins/com.st.stm32cube.ide.mcu.externaltools.gnu-tools-for-stm32.10.3-2021.10.linux64_1.0.100.202210260954/tools/bin/../lib/gcc/arm-none-eabi/10.3.1/../../../../arm-none-eabi/lib/thumb/v7e-m/nofp/libc_nano.a(lib_a-findfp.o)
                0x0000000008002398                __sinit_lock_acquire
 .text.__sinit_lock_release
                0x00000000080023a4        0xc /home/naveen/st/stm32cubeide_1.11.2/plugins/com.st.stm32cube.ide.mcu.externaltools.gnu-tools-for-stm32.10.3-2021.10.linux64_1.0.100.202210260954/tools/bin/../lib/gcc/arm-none-eabi/10.3.1/../../../../arm-none-eabi/lib/thumb/v7e-m/nofp/libc_nano.a(lib_a-findfp.o)
                0x00000000080023a4                __sinit_lock_release
 .text.__sinit  0x00000000080023b0       0x70 /home/naveen/st/stm32cubeide_1.11.2/plugins/com.st.stm32cube.ide.mcu.externaltools.gnu-tools-for-stm32.10.3-2021.10.linux64_1.0.100.202210260954/tools/bin/../lib/gcc/arm-none-eabi/10.3.1/../../../../arm-none-eabi/lib/thumb/v7e-m/nofp/libc_nano.a(lib_a-findfp.o)
                0x00000000080023b0                __sinit
 .text.__sfp    0x0000000008002420       0x8c /home/naveen/st/stm32cubeide_1.11.2/plugins/com.st.stm32cube.ide.mcu.externaltools.gnu-tools-for-stm32.10.3-2021.10.linux64_1.0.100.202210260954/tools/bin/../lib/gcc/arm-none-eabi/10.3.1/../../../../arm-none-eabi/lib/thumb/v7e-m/nofp/libc_nano.a(lib_a-findfp.o)
                0x0000000008002420                __sfp
 .text._fwalk_reent
                0x00000000080024ac       0x3e /home/naveen/st/stm32cubeide_1.11.2/plugins/com.st.stm32cube.ide.mcu.externaltools.gnu-tools-for-stm32.10.3-2021.10.linux64_1.0.100.202210260954/tools/bin/../lib/gcc/arm-none-eabi/10.3.1/../../../../arm-none-eabi/lib/thumb/v7e-m/nofp/libc_nano.a(lib_a-fwalk.o)
                0x00000000080024ac                _fwalk_reent
 .text.__retarget_lock_init_recursive
                0x00000000080024ea        0x2 /home/naveen/st/stm32cubeide_1.11.2/plugins/com.st.stm32cube.ide.mcu.externaltools.gnu-tools-for-stm32.10.3-2021.10.linux64_1.0.100.202210260954/tools/bin/../lib/gcc/arm-none-eabi/10.3.1/../../../../arm-none-eabi/lib/thumb/v7e-m/nofp/libc_nano.a(lib_a-lock.o)
                0x00000000080024ea                __retarget_lock_init_recursive
 .text.__retarget_lock_acquire_recursive
                0x00000000080024ec        0x2 /home/naveen/st/stm32cubeide_1.11.2/plugins/com.st.stm32cube.ide.mcu.externaltools.gnu-tools-for-stm32.10.3-2021.10.linux64_1.0.100.202210260954/tools/bin/../lib/gcc/arm-none-eabi/10.3.1/../../../../arm-none-eabi/lib/thumb/v7e-m/nofp/libc_nano.a(lib_a-lock.o)
                0x00000000080024ec                __retarget_lock_acquire_recursive
 .text.__retarget_lock_release_recursive
                0x00000000080024ee        0x2 /home/naveen/st/stm32cubeide_1.11.2/plugins/com.st.stm32cube.ide.mcu.externaltools.gnu-tools-for-stm32.10.3-2021.10.linux64_1.0.100.202210260954/tools/bin/../lib/gcc/arm-none-eabi/10.3.1/../../../../arm-none-eabi/lib/thumb/v7e-m/nofp/libc_nano.a(lib_a-lock.o)
                0x00000000080024ee                __retarget_lock_release_recursive
 .text.__swhatbuf_r
                0x00000000080024f0       0x4a /home/naveen/st/stm32cubeide_1.11.2/plugins/com.st.stm32cube.ide.mcu.externaltools.gnu-tools-for-stm32.10.3-2021.10.linux64_1.0.100.202210260954/tools/bin/../lib/gcc/arm-none-eabi/10.3.1/../../../../arm-none-eabi/lib/thumb/v7e-m/nofp/libc_nano.a(lib_a-makebuf.o)
                0x00000000080024f0                __swhatbuf_r
 *fill*         0x000000000800253a        0x2 
 .text.__smakebuf_r
                0x000000000800253c       0x80 /home/naveen/st/stm32cubeide_1.11.2/plugins/com.st.stm32cube.ide.mcu.externaltools.gnu-tools-for-stm32.10.3-2021.10.linux64_1.0.100.202210260954/tools/bin/../lib/gcc/arm-none-eabi/10.3.1/../../../../arm-none-eabi/lib/thumb/v7e-m/nofp/libc_nano.a(lib_a-makebuf.o)
                0x000000000800253c                __smakebuf_r
 .text.__malloc_lock
                0x00000000080025bc        0xc /home/naveen/st/stm32cubeide_1.11.2/plugins/com.st.stm32cube.ide.mcu.externaltools.gnu-tools-for-stm32.10.3-2021.10.linux64_1.0.100.202210260954/tools/bin/../lib/gcc/arm-none-eabi/10.3.1/../../../../arm-none-eabi/lib/thumb/v7e-m/nofp/libc_nano.a(lib_a-mlock.o)
                0x00000000080025bc                __malloc_lock
 .text.__malloc_unlock
                0x00000000080025c8        0xc /home/naveen/st/stm32cubeide_1.11.2/plugins/com.st.stm32cube.ide.mcu.externaltools.gnu-tools-for-stm32.10.3-2021.10.linux64_1.0.100.202210260954/tools/bin/../lib/gcc/arm-none-eabi/10.3.1/../../../../arm-none-eabi/lib/thumb/v7e-m/nofp/libc_nano.a(lib_a-mlock.o)
                0x00000000080025c8                __malloc_unlock
 .text.__sfputc_r
                0x00000000080025d4       0x2a /home/naveen/st/stm32cubeide_1.11.2/plugins/com.st.stm32cube.ide.mcu.externaltools.gnu-tools-for-stm32.10.3-2021.10.linux64_1.0.100.202210260954/tools/bin/../lib/gcc/arm-none-eabi/10.3.1/../../../../arm-none-eabi/lib/thumb/v7e-m/nofp/libc_nano.a(lib_a-nano-vfprintf.o)
 .text.__sfputs_r
                0x00000000080025fe       0x24 /home/naveen/st/stm32cubeide_1.11.2/plugins/com.st.stm32cube.ide.mcu.externaltools.gnu-tools-for-stm32.10.3-2021.10.linux64_1.0.100.202210260954/tools/bin/../lib/gcc/arm-none-eabi/10.3.1/../../../../arm-none-eabi/lib/thumb/v7e-m/nofp/libc_nano.a(lib_a-nano-vfprintf.o)
                0x00000000080025fe                __sfputs_r
 *fill*         0x0000000008002622        0x2 
 .text._vfprintf_r
                0x0000000008002624      0x260 /home/naveen/st/stm32cubeide_1.11.2/plugins/com.st.stm32cube.ide.mcu.externaltools.gnu-tools-for-stm32.10.3-2021.10.linux64_1.0.100.202210260954/tools/bin/../lib/gcc/arm-none-eabi/10.3.1/../../../../arm-none-eabi/lib/thumb/v7e-m/nofp/libc_nano.a(lib_a-nano-vfprintf.o)
                0x0000000008002624                _vfiprintf_r
                0x0000000008002624                _vfprintf_r
 .text._printf_common
                0x0000000008002884       0xda /home/naveen/st/stm32cubeide_1.11.2/plugins/com.st.stm32cube.ide.mcu.externaltools.gnu-tools-for-stm32.10.3-2021.10.linux64_1.0.100.202210260954/tools/bin/../lib/gcc/arm-none-eabi/10.3.1/../../../../arm-none-eabi/lib/thumb/v7e-m/nofp/libc_nano.a(lib_a-nano-vfprintf_i.o)
                0x0000000008002884                _printf_common
 *fill*         0x000000000800295e        0x2 
 .text._printf_i
                0x0000000008002960      0x24c /home/naveen/st/stm32cubeide_1.11.2/plugins/com.st.stm32cube.ide.mcu.externaltools.gnu-tools-for-stm32.10.3-2021.10.linux64_1.0.100.202210260954/tools/bin/../lib/gcc/arm-none-eabi/10.3.1/../../../../arm-none-eabi/lib/thumb/v7e-m/nofp/libc_nano.a(lib_a-nano-vfprintf_i.o)
                0x0000000008002960                _printf_i
 .text._putc_r  0x0000000008002bac       0x90 /home/naveen/st/stm32cubeide_1.11.2/plugins/com.st.stm32cube.ide.mcu.externaltools.gnu-tools-for-stm32.10.3-2021.10.linux64_1.0.100.202210260954/tools/bin/../lib/gcc/arm-none-eabi/10.3.1/../../../../arm-none-eabi/lib/thumb/v7e-m/nofp/libc_nano.a(lib_a-putc.o)
                0x0000000008002bac                _putc_r
 .text.__sread  0x0000000008002c3c       0x22 /home/naveen/st/stm32cubeide_1.11.2/plugins/com.st.stm32cube.ide.mcu.externaltools.gnu-tools-for-stm32.10.3-2021.10.linux64_1.0.100.202210260954/tools/bin/../lib/gcc/arm-none-eabi/10.3.1/../../../../arm-none-eabi/lib/thumb/v7e-m/nofp/libc_nano.a(lib_a-stdio.o)
                0x0000000008002c3c                __sread
 .text.__swrite
                0x0000000008002c5e       0x38 /home/naveen/st/stm32cubeide_1.11.2/plugins/com.st.stm32cube.ide.mcu.externaltools.gnu-tools-for-stm32.10.3-2021.10.linux64_1.0.100.202210260954/tools/bin/../lib/gcc/arm-none-eabi/10.3.1/../../../../arm-none-eabi/lib/thumb/v7e-m/nofp/libc_nano.a(lib_a-stdio.o)
                0x0000000008002c5e                __swrite
 .text.__sseek  0x0000000008002c96       0x24 /home/naveen/st/stm32cubeide_1.11.2/plugins/com.st.stm32cube.ide.mcu.externaltools.gnu-tools-for-stm32.10.3-2021.10.linux64_1.0.100.202210260954/tools/bin/../lib/gcc/arm-none-eabi/10.3.1/../../../../arm-none-eabi/lib/thumb/v7e-m/nofp/libc_nano.a(lib_a-stdio.o)
                0x0000000008002c96                __sseek
 .text.__sclose
                0x0000000008002cba        0x8 /home/naveen/st/stm32cubeide_1.11.2/plugins/com.st.stm32cube.ide.mcu.externaltools.gnu-tools-for-stm32.10.3-2021.10.linux64_1.0.100.202210260954/tools/bin/../lib/gcc/arm-none-eabi/10.3.1/../../../../arm-none-eabi/lib/thumb/v7e-m/nofp/libc_nano.a(lib_a-stdio.o)
                0x0000000008002cba                __sclose
 *fill*         0x0000000008002cc2        0x2 
 .text._write_r
                0x0000000008002cc4       0x24 /home/naveen/st/stm32cubeide_1.11.2/plugins/com.st.stm32cube.ide.mcu.externaltools.gnu-tools-for-stm32.10.3-2021.10.linux64_1.0.100.202210260954/tools/bin/../lib/gcc/arm-none-eabi/10.3.1/../../../../arm-none-eabi/lib/thumb/v7e-m/nofp/libc_nano.a(lib_a-writer.o)
                0x0000000008002cc4                _write_r
 .text._close_r
                0x0000000008002ce8       0x20 /home/naveen/st/stm32cubeide_1.11.2/plugins/com.st.stm32cube.ide.mcu.externaltools.gnu-tools-for-stm32.10.3-2021.10.linux64_1.0.100.202210260954/tools/bin/../lib/gcc/arm-none-eabi/10.3.1/../../../../arm-none-eabi/lib/thumb/v7e-m/nofp/libc_nano.a(lib_a-closer.o)
                0x0000000008002ce8                _close_r
 .text._fstat_r
                0x0000000008002d08       0x24 /home/naveen/st/stm32cubeide_1.11.2/plugins/com.st.stm32cube.ide.mcu.externaltools.gnu-tools-for-stm32.10.3-2021.10.linux64_1.0.100.202210260954/tools/bin/../lib/gcc/arm-none-eabi/10.3.1/../../../../arm-none-eabi/lib/thumb/v7e-m/nofp/libc_nano.a(lib_a-fstatr.o)
                0x0000000008002d08                _fstat_r
 .text._isatty_r
                0x0000000008002d2c       0x20 /home/naveen/st/stm32cubeide_1.11.2/plugins/com.st.stm32cube.ide.mcu.externaltools.gnu-tools-for-stm32.10.3-2021.10.linux64_1.0.100.202210260954/tools/bin/../lib/gcc/arm-none-eabi/10.3.1/../../../../arm-none-eabi/lib/thumb/v7e-m/nofp/libc_nano.a(lib_a-isattyr.o)
                0x0000000008002d2c                _isatty_r
 .text._lseek_r
                0x0000000008002d4c       0x24 /home/naveen/st/stm32cubeide_1.11.2/plugins/com.st.stm32cube.ide.mcu.externaltools.gnu-tools-for-stm32.10.3-2021.10.linux64_1.0.100.202210260954/tools/bin/../lib/gcc/arm-none-eabi/10.3.1/../../../../arm-none-eabi/lib/thumb/v7e-m/nofp/libc_nano.a(lib_a-lseekr.o)
                0x0000000008002d4c                _lseek_r
 .text._read_r  0x0000000008002d70       0x24 /home/naveen/st/stm32cubeide_1.11.2/plugins/com.st.stm32cube.ide.mcu.externaltools.gnu-tools-for-stm32.10.3-2021.10.linux64_1.0.100.202210260954/tools/bin/../lib/gcc/arm-none-eabi/10.3.1/../../../../arm-none-eabi/lib/thumb/v7e-m/nofp/libc_nano.a(lib_a-readr.o)
                0x0000000008002d70                _read_r
 *(.glue_7)
 .glue_7        0x0000000008002d94        0x0 linker stubs
 *(.glue_7t)
 .glue_7t       0x0000000008002d94        0x0 linker stubs
 *(.eh_frame)
 .eh_frame      0x0000000008002d94        0x0 /home/naveen/st/stm32cubeide_1.11.2/plugins/com.st.stm32cube.ide.mcu.externaltools.gnu-tools-for-stm32.10.3-2021.10.linux64_1.0.100.202210260954/tools/bin/../lib/gcc/arm-none-eabi/10.3.1/thumb/v7e-m/nofp/crtbegin.o
 *(.init)
 .init          0x0000000008002d94        0x4 /home/naveen/st/stm32cubeide_1.11.2/plugins/com.st.stm32cube.ide.mcu.externaltools.gnu-tools-for-stm32.10.3-2021.10.linux64_1.0.100.202210260954/tools/bin/../lib/gcc/arm-none-eabi/10.3.1/thumb/v7e-m/nofp/crti.o
                0x0000000008002d94                _init
 .init          0x0000000008002d98        0x8 /home/naveen/st/stm32cubeide_1.11.2/plugins/com.st.stm32cube.ide.mcu.externaltools.gnu-tools-for-stm32.10.3-2021.10.linux64_1.0.100.202210260954/tools/bin/../lib/gcc/arm-none-eabi/10.3.1/thumb/v7e-m/nofp/crtn.o
 *(.fini)
 .fini          0x0000000008002da0        0x4 /home/naveen/st/stm32cubeide_1.11.2/plugins/com.st.stm32cube.ide.mcu.externaltools.gnu-tools-for-stm32.10.3-2021.10.linux64_1.0.100.202210260954/tools/bin/../lib/gcc/arm-none-eabi/10.3.1/thumb/v7e-m/nofp/crti.o
                0x0000000008002da0                _fini
 .fini          0x0000000008002da4        0x8 /home/naveen/st/stm32cubeide_1.11.2/plugins/com.st.stm32cube.ide.mcu.externaltools.gnu-tools-for-stm32.10.3-2021.10.linux64_1.0.100.202210260954/tools/bin/../lib/gcc/arm-none-eabi/10.3.1/thumb/v7e-m/nofp/crtn.o
                0x0000000008002dac                . = ALIGN (0x4)
                0x0000000008002dac                _etext = .

.vfp11_veneer   0x0000000008002dac        0x0
 .vfp11_veneer  0x0000000008002dac        0x0 linker stubs

.v4_bx          0x0000000008002dac        0x0
 .v4_bx         0x0000000008002dac        0x0 linker stubs

.iplt           0x0000000008002dac        0x0
 .iplt          0x0000000008002dac        0x0 /home/naveen/st/stm32cubeide_1.11.2/plugins/com.st.stm32cube.ide.mcu.externaltools.gnu-tools-for-stm32.10.3-2021.10.linux64_1.0.100.202210260954/tools/bin/../lib/gcc/arm-none-eabi/10.3.1/thumb/v7e-m/nofp/crtbegin.o

.rodata         0x0000000008002dac       0x9c
                0x0000000008002dac                . = ALIGN (0x4)
 *(.rodata)
 .rodata        0x0000000008002dac        0x3 ./Src/calculator_matrix_keypad_lcd_interrupt.o
 *(.rodata*)
 *fill*         0x0000000008002daf        0x1 
 .rodata._global_impure_ptr
                0x0000000008002db0        0x4 /home/naveen/st/stm32cubeide_1.11.2/plugins/com.st.stm32cube.ide.mcu.externaltools.gnu-tools-for-stm32.10.3-2021.10.linux64_1.0.100.202210260954/tools/bin/../lib/gcc/arm-none-eabi/10.3.1/../../../../arm-none-eabi/lib/thumb/v7e-m/nofp/libc_nano.a(lib_a-impure.o)
                0x0000000008002db0                _global_impure_ptr
 .rodata.__sf_fake_stderr
                0x0000000008002db4       0x20 /home/naveen/st/stm32cubeide_1.11.2/plugins/com.st.stm32cube.ide.mcu.externaltools.gnu-tools-for-stm32.10.3-2021.10.linux64_1.0.100.202210260954/tools/bin/../lib/gcc/arm-none-eabi/10.3.1/../../../../arm-none-eabi/lib/thumb/v7e-m/nofp/libc_nano.a(lib_a-findfp.o)
                0x0000000008002db4                __sf_fake_stderr
 .rodata.__sf_fake_stdin
                0x0000000008002dd4       0x20 /home/naveen/st/stm32cubeide_1.11.2/plugins/com.st.stm32cube.ide.mcu.externaltools.gnu-tools-for-stm32.10.3-2021.10.linux64_1.0.100.202210260954/tools/bin/../lib/gcc/arm-none-eabi/10.3.1/../../../../arm-none-eabi/lib/thumb/v7e-m/nofp/libc_nano.a(lib_a-findfp.o)
                0x0000000008002dd4                __sf_fake_stdin
 .rodata.__sf_fake_stdout
                0x0000000008002df4       0x20 /home/naveen/st/stm32cubeide_1.11.2/plugins/com.st.stm32cube.ide.mcu.externaltools.gnu-tools-for-stm32.10.3-2021.10.linux64_1.0.100.202210260954/tools/bin/../lib/gcc/arm-none-eabi/10.3.1/../../../../arm-none-eabi/lib/thumb/v7e-m/nofp/libc_nano.a(lib_a-findfp.o)
                0x0000000008002df4                __sf_fake_stdout
 .rodata._vfprintf_r.str1.1
                0x0000000008002e14       0x11 /home/naveen/st/stm32cubeide_1.11.2/plugins/com.st.stm32cube.ide.mcu.externaltools.gnu-tools-for-stm32.10.3-2021.10.linux64_1.0.100.202210260954/tools/bin/../lib/gcc/arm-none-eabi/10.3.1/../../../../arm-none-eabi/lib/thumb/v7e-m/nofp/libc_nano.a(lib_a-nano-vfprintf.o)
 .rodata._printf_i.str1.1
                0x0000000008002e25       0x22 /home/naveen/st/stm32cubeide_1.11.2/plugins/com.st.stm32cube.ide.mcu.externaltools.gnu-tools-for-stm32.10.3-2021.10.linux64_1.0.100.202210260954/tools/bin/../lib/gcc/arm-none-eabi/10.3.1/../../../../arm-none-eabi/lib/thumb/v7e-m/nofp/libc_nano.a(lib_a-nano-vfprintf_i.o)
                0x0000000008002e48                . = ALIGN (0x4)
 *fill*         0x0000000008002e47        0x1 

.rel.dyn        0x0000000008002e48        0x0
 .rel.iplt      0x0000000008002e48        0x0 /home/naveen/st/stm32cubeide_1.11.2/plugins/com.st.stm32cube.ide.mcu.externaltools.gnu-tools-for-stm32.10.3-2021.10.linux64_1.0.100.202210260954/tools/bin/../lib/gcc/arm-none-eabi/10.3.1/thumb/v7e-m/nofp/crtbegin.o

.ARM.extab      0x0000000008002e48        0x0
                0x0000000008002e48                . = ALIGN (0x4)
 *(.ARM.extab* .gnu.linkonce.armextab.*)
                0x0000000008002e48                . = ALIGN (0x4)

.ARM            0x0000000008002e48        0x0
                0x0000000008002e48                . = ALIGN (0x4)
                0x0000000008002e48                __exidx_start = .
 *(.ARM.exidx*)
                0x0000000008002e48                __exidx_end = .
                0x0000000008002e48                . = ALIGN (0x4)

.preinit_array  0x0000000008002e48        0x0
                0x0000000008002e48                . = ALIGN (0x4)
                0x0000000008002e48                PROVIDE (__preinit_array_start = .)
 *(.preinit_array*)
                0x0000000008002e48                PROVIDE (__preinit_array_end = .)
                0x0000000008002e48                . = ALIGN (0x4)

.init_array     0x0000000008002e48        0x4
                0x0000000008002e48                . = ALIGN (0x4)
                0x0000000008002e48                PROVIDE (__init_array_start = .)
 *(SORT_BY_NAME(.init_array.*))
 *(.init_array*)
 .init_array    0x0000000008002e48        0x4 /home/naveen/st/stm32cubeide_1.11.2/plugins/com.st.stm32cube.ide.mcu.externaltools.gnu-tools-for-stm32.10.3-2021.10.linux64_1.0.100.202210260954/tools/bin/../lib/gcc/arm-none-eabi/10.3.1/thumb/v7e-m/nofp/crtbegin.o
                0x0000000008002e4c                PROVIDE (__init_array_end = .)
                0x0000000008002e4c                . = ALIGN (0x4)

.fini_array     0x0000000008002e4c        0x4
                0x0000000008002e4c                . = ALIGN (0x4)
                [!provide]                        PROVIDE (__fini_array_start = .)
 *(SORT_BY_NAME(.fini_array.*))
 *(.fini_array*)
 .fini_array    0x0000000008002e4c        0x4 /home/naveen/st/stm32cubeide_1.11.2/plugins/com.st.stm32cube.ide.mcu.externaltools.gnu-tools-for-stm32.10.3-2021.10.linux64_1.0.100.202210260954/tools/bin/../lib/gcc/arm-none-eabi/10.3.1/thumb/v7e-m/nofp/crtbegin.o
                [!provide]                        PROVIDE (__fini_array_end = .)
                0x0000000008002e50                . = ALIGN (0x4)
                0x0000000008002e50                _sidata = LOADADDR (.data)

.data           0x0000000020000000       0x84 load address 0x0000000008002e50
                0x0000000020000000                . = ALIGN (0x4)
                0x0000000020000000                _sdata = .
 *(.data)
 *(.data*)
 .data.I2C_DEVICE
                0x0000000020000000        0x4 ./Driver/Src/common_utils.o
                0x0000000020000000                I2C_DEVICE
 .data.SlaveAddress
                0x0000000020000004        0x1 ./Driver/Src/common_utils.o
                0x0000000020000004                SlaveAddress
 *fill*         0x0000000020000005        0x3 
 .data.gpio_col
                0x0000000020000008        0x4 ./Src/calculator_matrix_keypad_lcd_interrupt.o
 .data.gpio_row
                0x000000002000000c        0x4 ./Src/calculator_matrix_keypad_lcd_interrupt.o
 .data.char_matrix
                0x0000000020000010       0x10 ./Src/calculator_matrix_keypad_lcd_interrupt.o
 .data._impure_ptr
                0x0000000020000020        0x4 /home/naveen/st/stm32cubeide_1.11.2/plugins/com.st.stm32cube.ide.mcu.externaltools.gnu-tools-for-stm32.10.3-2021.10.linux64_1.0.100.202210260954/tools/bin/../lib/gcc/arm-none-eabi/10.3.1/../../../../arm-none-eabi/lib/thumb/v7e-m/nofp/libc_nano.a(lib_a-impure.o)
                0x0000000020000020                _impure_ptr
 .data.impure_data
                0x0000000020000024       0x60 /home/naveen/st/stm32cubeide_1.11.2/plugins/com.st.stm32cube.ide.mcu.externaltools.gnu-tools-for-stm32.10.3-2021.10.linux64_1.0.100.202210260954/tools/bin/../lib/gcc/arm-none-eabi/10.3.1/../../../../arm-none-eabi/lib/thumb/v7e-m/nofp/libc_nano.a(lib_a-impure.o)
 *(.RamFunc)
 *(.RamFunc*)
                0x0000000020000084                . = ALIGN (0x4)
                0x0000000020000084                _edata = .
                0x0000000008002ed4                _siccmram = LOADADDR (.ccmram)

.igot.plt       0x0000000020000084        0x0 load address 0x0000000008002ed4
 .igot.plt      0x0000000020000084        0x0 /home/naveen/st/stm32cubeide_1.11.2/plugins/com.st.stm32cube.ide.mcu.externaltools.gnu-tools-for-stm32.10.3-2021.10.linux64_1.0.100.202210260954/tools/bin/../lib/gcc/arm-none-eabi/10.3.1/thumb/v7e-m/nofp/crtbegin.o

.ccmram         0x0000000010000000        0x0 load address 0x0000000008002ed4
                0x0000000010000000                . = ALIGN (0x4)
                0x0000000010000000                _sccmram = .
 *(.ccmram)
 *(.ccmram*)
                0x0000000010000000                . = ALIGN (0x4)
                0x0000000010000000                _eccmram = .
                0x0000000010000000                . = ALIGN (0x4)

.bss            0x0000000020000084       0xb0
                0x0000000020000084                _sbss = .
                0x0000000020000084                __bss_start__ = _sbss
 *(.bss)
 .bss           0x0000000020000084       0x1c /home/naveen/st/stm32cubeide_1.11.2/plugins/com.st.stm32cube.ide.mcu.externaltools.gnu-tools-for-stm32.10.3-2021.10.linux64_1.0.100.202210260954/tools/bin/../lib/gcc/arm-none-eabi/10.3.1/thumb/v7e-m/nofp/crtbegin.o
 *(.bss*)
 .bss.TIM2_Handle
                0x00000000200000a0       0x2c ./Driver/Src/common_utils.o
                0x00000000200000a0                TIM2_Handle
 .bss.char_buffer
                0x00000000200000cc       0x50 ./Src/calculator_matrix_keypad_lcd_interrupt.o
 .bss.char_count
                0x000000002000011c        0x1 ./Src/calculator_matrix_keypad_lcd_interrupt.o
 .bss.c         0x000000002000011d        0x1 ./Src/calculator_matrix_keypad_lcd_interrupt.o
 *fill*         0x000000002000011e        0x2 
 .bss.__sbrk_heap_end
                0x0000000020000120        0x4 ./Src/sysmem.o
 .bss.__malloc_free_list
                0x0000000020000124        0x4 /home/naveen/st/stm32cubeide_1.11.2/plugins/com.st.stm32cube.ide.mcu.externaltools.gnu-tools-for-stm32.10.3-2021.10.linux64_1.0.100.202210260954/tools/bin/../lib/gcc/arm-none-eabi/10.3.1/../../../../arm-none-eabi/lib/thumb/v7e-m/nofp/libc_nano.a(lib_a-nano-mallocr.o)
                0x0000000020000124                __malloc_free_list
 .bss.__malloc_sbrk_start
                0x0000000020000128        0x4 /home/naveen/st/stm32cubeide_1.11.2/plugins/com.st.stm32cube.ide.mcu.externaltools.gnu-tools-for-stm32.10.3-2021.10.linux64_1.0.100.202210260954/tools/bin/../lib/gcc/arm-none-eabi/10.3.1/../../../../arm-none-eabi/lib/thumb/v7e-m/nofp/libc_nano.a(lib_a-nano-mallocr.o)
                0x0000000020000128                __malloc_sbrk_start
 .bss.__lock___malloc_recursive_mutex
                0x000000002000012c        0x1 /home/naveen/st/stm32cubeide_1.11.2/plugins/com.st.stm32cube.ide.mcu.externaltools.gnu-tools-for-stm32.10.3-2021.10.linux64_1.0.100.202210260954/tools/bin/../lib/gcc/arm-none-eabi/10.3.1/../../../../arm-none-eabi/lib/thumb/v7e-m/nofp/libc_nano.a(lib_a-lock.o)
                0x000000002000012c                __lock___malloc_recursive_mutex
 .bss.__lock___sfp_recursive_mutex
                0x000000002000012d        0x1 /home/naveen/st/stm32cubeide_1.11.2/plugins/com.st.stm32cube.ide.mcu.externaltools.gnu-tools-for-stm32.10.3-2021.10.linux64_1.0.100.202210260954/tools/bin/../lib/gcc/arm-none-eabi/10.3.1/../../../../arm-none-eabi/lib/thumb/v7e-m/nofp/libc_nano.a(lib_a-lock.o)
                0x000000002000012d                __lock___sfp_recursive_mutex
 .bss.__lock___sinit_recursive_mutex
                0x000000002000012e        0x1 /home/naveen/st/stm32cubeide_1.11.2/plugins/com.st.stm32cube.ide.mcu.externaltools.gnu-tools-for-stm32.10.3-2021.10.linux64_1.0.100.202210260954/tools/bin/../lib/gcc/arm-none-eabi/10.3.1/../../../../arm-none-eabi/lib/thumb/v7e-m/nofp/libc_nano.a(lib_a-lock.o)
                0x000000002000012e                __lock___sinit_recursive_mutex
 *fill*         0x000000002000012f        0x1 
 .bss.errno     0x0000000020000130        0x4 /home/naveen/st/stm32cubeide_1.11.2/plugins/com.st.stm32cube.ide.mcu.externaltools.gnu-tools-for-stm32.10.3-2021.10.linux64_1.0.100.202210260954/tools/bin/../lib/gcc/arm-none-eabi/10.3.1/../../../../arm-none-eabi/lib/thumb/v7e-m/nofp/libc_nano.a(lib_a-reent.o)
                0x0000000020000130                errno
 *(COMMON)
                0x0000000020000134                . = ALIGN (0x4)
                0x0000000020000134                _ebss = .
                0x0000000020000134                __bss_end__ = _ebss

._user_heap_stack
                0x0000000020000134      0x604
                0x0000000020000138                . = ALIGN (0x8)
 *fill*         0x0000000020000134        0x4 
                [!provide]                        PROVIDE (end = .)
                0x0000000020000138                PROVIDE (_end = .)
                0x0000000020000338                . = (. + _Min_Heap_Size)
 *fill*         0x0000000020000138      0x200 
                0x0000000020000738                . = (. + _Min_Stack_Size)
 *fill*         0x0000000020000338      0x400 
                0x0000000020000738                . = ALIGN (0x8)

/DISCARD/
 libc.a(*)
 libm.a(*)
 libgcc.a(*)

.ARM.attributes
                0x0000000000000000       0x2a
 *(.ARM.attributes)
 .ARM.attributes
                0x0000000000000000       0x1e /home/naveen/st/stm32cubeide_1.11.2/plugins/com.st.stm32cube.ide.mcu.externaltools.gnu-tools-for-stm32.10.3-2021.10.linux64_1.0.100.202210260954/tools/bin/../lib/gcc/arm-none-eabi/10.3.1/thumb/v7e-m/nofp/crti.o
 .ARM.attributes
                0x000000000000001e       0x2e /home/naveen/st/stm32cubeide_1.11.2/plugins/com.st.stm32cube.ide.mcu.externaltools.gnu-tools-for-stm32.10.3-2021.10.linux64_1.0.100.202210260954/tools/bin/../lib/gcc/arm-none-eabi/10.3.1/thumb/v7e-m/nofp/crtbegin.o
 .ARM.attributes
                0x000000000000004c       0x2e ./Driver/Src/common_utils.o
 .ARM.attributes
                0x000000000000007a       0x2e ./Driver/Src/external_interrupt_config.o
 .ARM.attributes
                0x00000000000000a8       0x2e ./Driver/Src/general_purpose_timer.o
 .ARM.attributes
                0x00000000000000d6       0x2e ./Driver/Src/gpio_driver.o
 .ARM.attributes
                0x0000000000000104       0x2e ./Driver/Src/i2c_driver.o
 .ARM.attributes
                0x0000000000000132       0x2e ./Driver/Src/lcd_driver_pcf8574.o
 .ARM.attributes
                0x0000000000000160       0x2e ./Driver/Src/rtc_driver.o
 .ARM.attributes
                0x000000000000018e       0x2e ./Driver/Src/stm32f4xx.o
 .ARM.attributes
                0x00000000000001bc       0x2e ./Src/calculator_matrix_keypad_lcd_interrupt.o
 .ARM.attributes
                0x00000000000001ea       0x2e ./Src/syscalls.o
 .ARM.attributes
                0x0000000000000218       0x2e ./Src/sysmem.o
 .ARM.attributes
                0x0000000000000246       0x21 ./Startup/startup_stm32f407vgtx.o
 .ARM.attributes
                0x0000000000000267       0x2e /home/naveen/st/stm32cubeide_1.11.2/plugins/com.st.stm32cube.ide.mcu.externaltools.gnu-tools-for-stm32.10.3-2021.10.linux64_1.0.100.202210260954/tools/bin/../lib/gcc/arm-none-eabi/10.3.1/../../../../arm-none-eabi/lib/thumb/v7e-m/nofp/libc_nano.a(lib_a-errno.o)
 .ARM.attributes
                0x0000000000000295       0x2e /home/naveen/st/stm32cubeide_1.11.2/plugins/com.st.stm32cube.ide.mcu.externaltools.gnu-tools-for-stm32.10.3-2021.10.linux64_1.0.100.202210260954/tools/bin/../lib/gcc/arm-none-eabi/10.3.1/../../../../arm-none-eabi/lib/thumb/v7e-m/nofp/libc_nano.a(lib_a-impure.o)
 .ARM.attributes
                0x00000000000002c3       0x2e /home/naveen/st/stm32cubeide_1.11.2/plugins/com.st.stm32cube.ide.mcu.externaltools.gnu-tools-for-stm32.10.3-2021.10.linux64_1.0.100.202210260954/tools/bin/../lib/gcc/arm-none-eabi/10.3.1/../../../../arm-none-eabi/lib/thumb/v7e-m/nofp/libc_nano.a(lib_a-init.o)
 .ARM.attributes
                0x00000000000002f1       0x2e /home/naveen/st/stm32cubeide_1.11.2/plugins/com.st.stm32cube.ide.mcu.externaltools.gnu-tools-for-stm32.10.3-2021.10.linux64_1.0.100.202210260954/tools/bin/../lib/gcc/arm-none-eabi/10.3.1/../../../../arm-none-eabi/lib/thumb/v7e-m/nofp/libc_nano.a(lib_a-malloc.o)
 .ARM.attributes
                0x000000000000031f       0x2e /home/naveen/st/stm32cubeide_1.11.2/plugins/com.st.stm32cube.ide.mcu.externaltools.gnu-tools-for-stm32.10.3-2021.10.linux64_1.0.100.202210260954/tools/bin/../lib/gcc/arm-none-eabi/10.3.1/../../../../arm-none-eabi/lib/thumb/v7e-m/nofp/libc_nano.a(lib_a-memset.o)
 .ARM.attributes
                0x000000000000034d       0x2e /home/naveen/st/stm32cubeide_1.11.2/plugins/com.st.stm32cube.ide.mcu.externaltools.gnu-tools-for-stm32.10.3-2021.10.linux64_1.0.100.202210260954/tools/bin/../lib/gcc/arm-none-eabi/10.3.1/../../../../arm-none-eabi/lib/thumb/v7e-m/nofp/libc_nano.a(lib_a-nano-freer.o)
 .ARM.attributes
                0x000000000000037b       0x2e /home/naveen/st/stm32cubeide_1.11.2/plugins/com.st.stm32cube.ide.mcu.externaltools.gnu-tools-for-stm32.10.3-2021.10.linux64_1.0.100.202210260954/tools/bin/../lib/gcc/arm-none-eabi/10.3.1/../../../../arm-none-eabi/lib/thumb/v7e-m/nofp/libc_nano.a(lib_a-nano-mallocr.o)
 .ARM.attributes
                0x00000000000003a9       0x2e /home/naveen/st/stm32cubeide_1.11.2/plugins/com.st.stm32cube.ide.mcu.externaltools.gnu-tools-for-stm32.10.3-2021.10.linux64_1.0.100.202210260954/tools/bin/../lib/gcc/arm-none-eabi/10.3.1/../../../../arm-none-eabi/lib/thumb/v7e-m/nofp/libc_nano.a(lib_a-printf.o)
 .ARM.attributes
                0x00000000000003d7       0x2e /home/naveen/st/stm32cubeide_1.11.2/plugins/com.st.stm32cube.ide.mcu.externaltools.gnu-tools-for-stm32.10.3-2021.10.linux64_1.0.100.202210260954/tools/bin/../lib/gcc/arm-none-eabi/10.3.1/../../../../arm-none-eabi/lib/thumb/v7e-m/nofp/libc_nano.a(lib_a-putchar.o)
 .ARM.attributes
                0x0000000000000405       0x2e /home/naveen/st/stm32cubeide_1.11.2/plugins/com.st.stm32cube.ide.mcu.externaltools.gnu-tools-for-stm32.10.3-2021.10.linux64_1.0.100.202210260954/tools/bin/../lib/gcc/arm-none-eabi/10.3.1/../../../../arm-none-eabi/lib/thumb/v7e-m/nofp/libc_nano.a(lib_a-sbrkr.o)
 .ARM.attributes
                0x0000000000000433       0x2e /home/naveen/st/stm32cubeide_1.11.2/plugins/com.st.stm32cube.ide.mcu.externaltools.gnu-tools-for-stm32.10.3-2021.10.linux64_1.0.100.202210260954/tools/bin/../lib/gcc/arm-none-eabi/10.3.1/../../../../arm-none-eabi/lib/thumb/v7e-m/nofp/libc_nano.a(lib_a-setbuf.o)
 .ARM.attributes
                0x0000000000000461       0x2e /home/naveen/st/stm32cubeide_1.11.2/plugins/com.st.stm32cube.ide.mcu.externaltools.gnu-tools-for-stm32.10.3-2021.10.linux64_1.0.100.202210260954/tools/bin/../lib/gcc/arm-none-eabi/10.3.1/../../../../arm-none-eabi/lib/thumb/v7e-m/nofp/libc_nano.a(lib_a-setvbuf.o)
 .ARM.attributes
                0x000000000000048f       0x2e /home/naveen/st/stm32cubeide_1.11.2/plugins/com.st.stm32cube.ide.mcu.externaltools.gnu-tools-for-stm32.10.3-2021.10.linux64_1.0.100.202210260954/tools/bin/../lib/gcc/arm-none-eabi/10.3.1/../../../../arm-none-eabi/lib/thumb/v7e-m/nofp/libc_nano.a(lib_a-wbuf.o)
 .ARM.attributes
                0x00000000000004bd       0x2e /home/naveen/st/stm32cubeide_1.11.2/plugins/com.st.stm32cube.ide.mcu.externaltools.gnu-tools-for-stm32.10.3-2021.10.linux64_1.0.100.202210260954/tools/bin/../lib/gcc/arm-none-eabi/10.3.1/../../../../arm-none-eabi/lib/thumb/v7e-m/nofp/libc_nano.a(lib_a-wsetup.o)
 .ARM.attributes
                0x00000000000004eb       0x2e /home/naveen/st/stm32cubeide_1.11.2/plugins/com.st.stm32cube.ide.mcu.externaltools.gnu-tools-for-stm32.10.3-2021.10.linux64_1.0.100.202210260954/tools/bin/../lib/gcc/arm-none-eabi/10.3.1/../../../../arm-none-eabi/lib/thumb/v7e-m/nofp/libc_nano.a(lib_a-fflush.o)
 .ARM.attributes
                0x0000000000000519       0x2e /home/naveen/st/stm32cubeide_1.11.2/plugins/com.st.stm32cube.ide.mcu.externaltools.gnu-tools-for-stm32.10.3-2021.10.linux64_1.0.100.202210260954/tools/bin/../lib/gcc/arm-none-eabi/10.3.1/../../../../arm-none-eabi/lib/thumb/v7e-m/nofp/libc_nano.a(lib_a-findfp.o)
 .ARM.attributes
                0x0000000000000547       0x2e /home/naveen/st/stm32cubeide_1.11.2/plugins/com.st.stm32cube.ide.mcu.externaltools.gnu-tools-for-stm32.10.3-2021.10.linux64_1.0.100.202210260954/tools/bin/../lib/gcc/arm-none-eabi/10.3.1/../../../../arm-none-eabi/lib/thumb/v7e-m/nofp/libc_nano.a(lib_a-fwalk.o)
 .ARM.attributes
                0x0000000000000575       0x2e /home/naveen/st/stm32cubeide_1.11.2/plugins/com.st.stm32cube.ide.mcu.externaltools.gnu-tools-for-stm32.10.3-2021.10.linux64_1.0.100.202210260954/tools/bin/../lib/gcc/arm-none-eabi/10.3.1/../../../../arm-none-eabi/lib/thumb/v7e-m/nofp/libc_nano.a(lib_a-lock.o)
 .ARM.attributes
                0x00000000000005a3       0x2e /home/naveen/st/stm32cubeide_1.11.2/plugins/com.st.stm32cube.ide.mcu.externaltools.gnu-tools-for-stm32.10.3-2021.10.linux64_1.0.100.202210260954/tools/bin/../lib/gcc/arm-none-eabi/10.3.1/../../../../arm-none-eabi/lib/thumb/v7e-m/nofp/libc_nano.a(lib_a-makebuf.o)
 .ARM.attributes
                0x00000000000005d1       0x2e /home/naveen/st/stm32cubeide_1.11.2/plugins/com.st.stm32cube.ide.mcu.externaltools.gnu-tools-for-stm32.10.3-2021.10.linux64_1.0.100.202210260954/tools/bin/../lib/gcc/arm-none-eabi/10.3.1/../../../../arm-none-eabi/lib/thumb/v7e-m/nofp/libc_nano.a(lib_a-mlock.o)
 .ARM.attributes
                0x00000000000005ff       0x2e /home/naveen/st/stm32cubeide_1.11.2/plugins/com.st.stm32cube.ide.mcu.externaltools.gnu-tools-for-stm32.10.3-2021.10.linux64_1.0.100.202210260954/tools/bin/../lib/gcc/arm-none-eabi/10.3.1/../../../../arm-none-eabi/lib/thumb/v7e-m/nofp/libc_nano.a(lib_a-nano-vfprintf.o)
 .ARM.attributes
                0x000000000000062d       0x2e /home/naveen/st/stm32cubeide_1.11.2/plugins/com.st.stm32cube.ide.mcu.externaltools.gnu-tools-for-stm32.10.3-2021.10.linux64_1.0.100.202210260954/tools/bin/../lib/gcc/arm-none-eabi/10.3.1/../../../../arm-none-eabi/lib/thumb/v7e-m/nofp/libc_nano.a(lib_a-nano-vfprintf_i.o)
 .ARM.attributes
                0x000000000000065b       0x2e /home/naveen/st/stm32cubeide_1.11.2/plugins/com.st.stm32cube.ide.mcu.externaltools.gnu-tools-for-stm32.10.3-2021.10.linux64_1.0.100.202210260954/tools/bin/../lib/gcc/arm-none-eabi/10.3.1/../../../../arm-none-eabi/lib/thumb/v7e-m/nofp/libc_nano.a(lib_a-putc.o)
 .ARM.attributes
                0x0000000000000689       0x2e /home/naveen/st/stm32cubeide_1.11.2/plugins/com.st.stm32cube.ide.mcu.externaltools.gnu-tools-for-stm32.10.3-2021.10.linux64_1.0.100.202210260954/tools/bin/../lib/gcc/arm-none-eabi/10.3.1/../../../../arm-none-eabi/lib/thumb/v7e-m/nofp/libc_nano.a(lib_a-reent.o)
 .ARM.attributes
                0x00000000000006b7       0x2e /home/naveen/st/stm32cubeide_1.11.2/plugins/com.st.stm32cube.ide.mcu.externaltools.gnu-tools-for-stm32.10.3-2021.10.linux64_1.0.100.202210260954/tools/bin/../lib/gcc/arm-none-eabi/10.3.1/../../../../arm-none-eabi/lib/thumb/v7e-m/nofp/libc_nano.a(lib_a-stdio.o)
 .ARM.attributes
                0x00000000000006e5       0x2e /home/naveen/st/stm32cubeide_1.11.2/plugins/com.st.stm32cube.ide.mcu.externaltools.gnu-tools-for-stm32.10.3-2021.10.linux64_1.0.100.202210260954/tools/bin/../lib/gcc/arm-none-eabi/10.3.1/../../../../arm-none-eabi/lib/thumb/v7e-m/nofp/libc_nano.a(lib_a-writer.o)
 .ARM.attributes
                0x0000000000000713       0x2e /home/naveen/st/stm32cubeide_1.11.2/plugins/com.st.stm32cube.ide.mcu.externaltools.gnu-tools-for-stm32.10.3-2021.10.linux64_1.0.100.202210260954/tools/bin/../lib/gcc/arm-none-eabi/10.3.1/../../../../arm-none-eabi/lib/thumb/v7e-m/nofp/libc_nano.a(lib_a-closer.o)
 .ARM.attributes
                0x0000000000000741       0x2e /home/naveen/st/stm32cubeide_1.11.2/plugins/com.st.stm32cube.ide.mcu.externaltools.gnu-tools-for-stm32.10.3-2021.10.linux64_1.0.100.202210260954/tools/bin/../lib/gcc/arm-none-eabi/10.3.1/../../../../arm-none-eabi/lib/thumb/v7e-m/nofp/libc_nano.a(lib_a-fstatr.o)
 .ARM.attributes
                0x000000000000076f       0x2e /home/naveen/st/stm32cubeide_1.11.2/plugins/com.st.stm32cube.ide.mcu.externaltools.gnu-tools-for-stm32.10.3-2021.10.linux64_1.0.100.202210260954/tools/bin/../lib/gcc/arm-none-eabi/10.3.1/../../../../arm-none-eabi/lib/thumb/v7e-m/nofp/libc_nano.a(lib_a-isattyr.o)
 .ARM.attributes
                0x000000000000079d       0x2e /home/naveen/st/stm32cubeide_1.11.2/plugins/com.st.stm32cube.ide.mcu.externaltools.gnu-tools-for-stm32.10.3-2021.10.linux64_1.0.100.202210260954/tools/bin/../lib/gcc/arm-none-eabi/10.3.1/../../../../arm-none-eabi/lib/thumb/v7e-m/nofp/libc_nano.a(lib_a-lseekr.o)
 .ARM.attributes
                0x00000000000007cb       0x1c /home/naveen/st/stm32cubeide_1.11.2/plugins/com.st.stm32cube.ide.mcu.externaltools.gnu-tools-for-stm32.10.3-2021.10.linux64_1.0.100.202210260954/tools/bin/../lib/gcc/arm-none-eabi/10.3.1/../../../../arm-none-eabi/lib/thumb/v7e-m/nofp/libc_nano.a(lib_a-memchr.o)
 .ARM.attributes
                0x00000000000007e7       0x2e /home/naveen/st/stm32cubeide_1.11.2/plugins/com.st.stm32cube.ide.mcu.externaltools.gnu-tools-for-stm32.10.3-2021.10.linux64_1.0.100.202210260954/tools/bin/../lib/gcc/arm-none-eabi/10.3.1/../../../../arm-none-eabi/lib/thumb/v7e-m/nofp/libc_nano.a(lib_a-readr.o)
 .ARM.attributes
                0x0000000000000815       0x1e /home/naveen/st/stm32cubeide_1.11.2/plugins/com.st.stm32cube.ide.mcu.externaltools.gnu-tools-for-stm32.10.3-2021.10.linux64_1.0.100.202210260954/tools/bin/../lib/gcc/arm-none-eabi/10.3.1/thumb/v7e-m/nofp/crtn.o
OUTPUT(011GPIODriver.elf elf32-littlearm)
LOAD linker stubs
LOAD /home/naveen/st/stm32cubeide_1.11.2/plugins/com.st.stm32cube.ide.mcu.externaltools.gnu-tools-for-stm32.10.3-2021.10.linux64_1.0.100.202210260954/tools/bin/../lib/gcc/arm-none-eabi/10.3.1/../../../../arm-none-eabi/lib/thumb/v7e-m/nofp/libc.a
LOAD /home/naveen/st/stm32cubeide_1.11.2/plugins/com.st.stm32cube.ide.mcu.externaltools.gnu-tools-for-stm32.10.3-2021.10.linux64_1.0.100.202210260954/tools/bin/../lib/gcc/arm-none-eabi/10.3.1/../../../../arm-none-eabi/lib/thumb/v7e-m/nofp/libm.a
LOAD /home/naveen/st/stm32cubeide_1.11.2/plugins/com.st.stm32cube.ide.mcu.externaltools.gnu-tools-for-stm32.10.3-2021.10.linux64_1.0.100.202210260954/tools/bin/../lib/gcc/arm-none-eabi/10.3.1/thumb/v7e-m/nofp/libgcc.a

.debug_info     0x0000000000000000     0x3c19
 .debug_info    0x0000000000000000      0x7db ./Driver/Src/common_utils.o
 .debug_info    0x00000000000007db      0x28d ./Driver/Src/external_interrupt_config.o
 .debug_info    0x0000000000000a68      0x3ca ./Driver/Src/general_purpose_timer.o
 .debug_info    0x0000000000000e32      0x4ab ./Driver/Src/gpio_driver.o
 .debug_info    0x00000000000012dd      0x859 ./Driver/Src/i2c_driver.o
 .debug_info    0x0000000000001b36      0x307 ./Driver/Src/lcd_driver_pcf8574.o
 .debug_info    0x0000000000001e3d      0x7d4 ./Driver/Src/rtc_driver.o
 .debug_info    0x0000000000002611      0x1bc ./Driver/Src/stm32f4xx.o
 .debug_info    0x00000000000027cd      0xb98 ./Src/calculator_matrix_keypad_lcd_interrupt.o
 .debug_info    0x0000000000003365      0x721 ./Src/syscalls.o
 .debug_info    0x0000000000003a86      0x171 ./Src/sysmem.o
 .debug_info    0x0000000000003bf7       0x22 ./Startup/startup_stm32f407vgtx.o

.debug_abbrev   0x0000000000000000      0xe29
 .debug_abbrev  0x0000000000000000      0x137 ./Driver/Src/common_utils.o
 .debug_abbrev  0x0000000000000137       0xd5 ./Driver/Src/external_interrupt_config.o
 .debug_abbrev  0x000000000000020c       0xae ./Driver/Src/general_purpose_timer.o
 .debug_abbrev  0x00000000000002ba      0x100 ./Driver/Src/gpio_driver.o
 .debug_abbrev  0x00000000000003ba      0x1c1 ./Driver/Src/i2c_driver.o
 .debug_abbrev  0x000000000000057b      0x100 ./Driver/Src/lcd_driver_pcf8574.o
 .debug_abbrev  0x000000000000067b      0x1d3 ./Driver/Src/rtc_driver.o
 .debug_abbrev  0x000000000000084e       0xdb ./Driver/Src/stm32f4xx.o
 .debug_abbrev  0x0000000000000929      0x268 ./Src/calculator_matrix_keypad_lcd_interrupt.o
 .debug_abbrev  0x0000000000000b91      0x1cb ./Src/syscalls.o
 .debug_abbrev  0x0000000000000d5c       0xbb ./Src/sysmem.o
 .debug_abbrev  0x0000000000000e17       0x12 ./Startup/startup_stm32f407vgtx.o

.debug_aranges  0x0000000000000000      0x448
 .debug_aranges
                0x0000000000000000       0x58 ./Driver/Src/common_utils.o
 .debug_aranges
                0x0000000000000058       0x30 ./Driver/Src/external_interrupt_config.o
 .debug_aranges
                0x0000000000000088       0x50 ./Driver/Src/general_purpose_timer.o
 .debug_aranges
                0x00000000000000d8       0x70 ./Driver/Src/gpio_driver.o
 .debug_aranges
                0x0000000000000148       0xb8 ./Driver/Src/i2c_driver.o
 .debug_aranges
                0x0000000000000200       0x68 ./Driver/Src/lcd_driver_pcf8574.o
 .debug_aranges
                0x0000000000000268       0x60 ./Driver/Src/rtc_driver.o
 .debug_aranges
                0x00000000000002c8       0x38 ./Driver/Src/stm32f4xx.o
 .debug_aranges
                0x0000000000000300       0x50 ./Src/calculator_matrix_keypad_lcd_interrupt.o
 .debug_aranges
                0x0000000000000350       0xb0 ./Src/syscalls.o
 .debug_aranges
                0x0000000000000400       0x20 ./Src/sysmem.o
 .debug_aranges
                0x0000000000000420       0x28 ./Startup/startup_stm32f407vgtx.o

.debug_ranges   0x0000000000000000      0x390
 .debug_ranges  0x0000000000000000       0x48 ./Driver/Src/common_utils.o
 .debug_ranges  0x0000000000000048       0x20 ./Driver/Src/external_interrupt_config.o
 .debug_ranges  0x0000000000000068       0x40 ./Driver/Src/general_purpose_timer.o
 .debug_ranges  0x00000000000000a8       0x60 ./Driver/Src/gpio_driver.o
 .debug_ranges  0x0000000000000108       0xa8 ./Driver/Src/i2c_driver.o
 .debug_ranges  0x00000000000001b0       0x58 ./Driver/Src/lcd_driver_pcf8574.o
 .debug_ranges  0x0000000000000208       0x50 ./Driver/Src/rtc_driver.o
 .debug_ranges  0x0000000000000258       0x28 ./Driver/Src/stm32f4xx.o
 .debug_ranges  0x0000000000000280       0x40 ./Src/calculator_matrix_keypad_lcd_interrupt.o
 .debug_ranges  0x00000000000002c0       0xa0 ./Src/syscalls.o
 .debug_ranges  0x0000000000000360       0x10 ./Src/sysmem.o
 .debug_ranges  0x0000000000000370       0x20 ./Startup/startup_stm32f407vgtx.o

.debug_macro    0x0000000000000000     0x24af
 .debug_macro   0x0000000000000000      0x292 ./Driver/Src/common_utils.o
 .debug_macro   0x0000000000000292       0x4c ./Driver/Src/common_utils.o
 .debug_macro   0x00000000000002de       0x94 ./Driver/Src/common_utils.o
 .debug_macro   0x0000000000000372       0x57 ./Driver/Src/common_utils.o
 .debug_macro   0x00000000000003c9      0x2f2 ./Driver/Src/common_utils.o
 .debug_macro   0x00000000000006bb       0x8e ./Driver/Src/external_interrupt_config.o
 .debug_macro   0x0000000000000749       0x81 ./Driver/Src/general_purpose_timer.o
 .debug_macro   0x00000000000007ca      0x190 ./Driver/Src/general_purpose_timer.o
 .debug_macro   0x000000000000095a       0x7b ./Driver/Src/gpio_driver.o
 .debug_macro   0x00000000000009d5      0x226 ./Driver/Src/i2c_driver.o
 .debug_macro   0x0000000000000bfb      0x160 ./Driver/Src/i2c_driver.o
 .debug_macro   0x0000000000000d5b       0x9d ./Driver/Src/lcd_driver_pcf8574.o
 .debug_macro   0x0000000000000df8      0x2b0 ./Driver/Src/rtc_driver.o
 .debug_macro   0x00000000000010a8      0x4a9 ./Driver/Src/rtc_driver.o
 .debug_macro   0x0000000000001551       0x6c ./Driver/Src/stm32f4xx.o
 .debug_macro   0x00000000000015bd      0x2fb ./Src/calculator_matrix_keypad_lcd_interrupt.o
 .debug_macro   0x00000000000018b8      0x25e ./Src/syscalls.o
 .debug_macro   0x0000000000001b16       0x10 ./Src/syscalls.o
 .debug_macro   0x0000000000001b26       0x10 ./Src/syscalls.o
 .debug_macro   0x0000000000001b36       0x10 ./Src/syscalls.o
 .debug_macro   0x0000000000001b46       0x35 ./Src/syscalls.o
 .debug_macro   0x0000000000001b7b      0x12c ./Src/syscalls.o
 .debug_macro   0x0000000000001ca7       0x10 ./Src/syscalls.o
 .debug_macro   0x0000000000001cb7      0x241 ./Src/syscalls.o
 .debug_macro   0x0000000000001ef8       0x10 ./Src/syscalls.o
 .debug_macro   0x0000000000001f08      0x189 ./Src/syscalls.o
 .debug_macro   0x0000000000002091       0x16 ./Src/syscalls.o
 .debug_macro   0x00000000000020a7       0xce ./Src/syscalls.o
 .debug_macro   0x0000000000002175       0xff ./Src/sysmem.o
 .debug_macro   0x0000000000002274      0x23b ./Src/sysmem.o

.debug_line     0x0000000000000000     0x5774
 .debug_line    0x0000000000000000      0x823 ./Driver/Src/common_utils.o
 .debug_line    0x0000000000000823      0x503 ./Driver/Src/external_interrupt_config.o
 .debug_line    0x0000000000000d26      0x802 ./Driver/Src/general_purpose_timer.o
 .debug_line    0x0000000000001528      0x589 ./Driver/Src/gpio_driver.o
 .debug_line    0x0000000000001ab1      0xbff ./Driver/Src/i2c_driver.o
 .debug_line    0x00000000000026b0      0x585 ./Driver/Src/lcd_driver_pcf8574.o
 .debug_line    0x0000000000002c35      0xbad ./Driver/Src/rtc_driver.o
 .debug_line    0x00000000000037e2      0x800 ./Driver/Src/stm32f4xx.o
 .debug_line    0x0000000000003fe2      0x9fb ./Src/calculator_matrix_keypad_lcd_interrupt.o
 .debug_line    0x00000000000049dd      0x829 ./Src/syscalls.o
 .debug_line    0x0000000000005206      0x4ea ./Src/sysmem.o
 .debug_line    0x00000000000056f0       0x84 ./Startup/startup_stm32f407vgtx.o

.debug_str      0x0000000000000000     0xe49a
 .debug_str     0x0000000000000000     0xacbb ./Driver/Src/common_utils.o
                                       0xaecd (size before relaxing)
 .debug_str     0x000000000000acbb      0x2b1 ./Driver/Src/external_interrupt_config.o
                                       0x525b (size before relaxing)
 .debug_str     0x000000000000af6c      0x11c ./Driver/Src/general_purpose_timer.o
                                       0x54ed (size before relaxing)
 .debug_str     0x000000000000b088      0x121 ./Driver/Src/gpio_driver.o
                                       0x50d5 (size before relaxing)
 .debug_str     0x000000000000b1a9      0x266 ./Driver/Src/i2c_driver.o
                                       0x97f3 (size before relaxing)
 .debug_str     0x000000000000b40f       0xda ./Driver/Src/lcd_driver_pcf8574.o
                                       0x5664 (size before relaxing)
 .debug_str     0x000000000000b4e9     0x127e ./Driver/Src/rtc_driver.o
                                       0xbcb6 (size before relaxing)
 .debug_str     0x000000000000c767       0x83 ./Driver/Src/stm32f4xx.o
                                       0x4bff (size before relaxing)
 .debug_str     0x000000000000c7ea      0x539 ./Src/calculator_matrix_keypad_lcd_interrupt.o
                                       0xafda (size before relaxing)
 .debug_str     0x000000000000cd23     0x16e0 ./Src/syscalls.o
                                       0x8ae3 (size before relaxing)
 .debug_str     0x000000000000e403       0x66 ./Src/sysmem.o
                                       0x5d64 (size before relaxing)
 .debug_str     0x000000000000e469       0x31 ./Startup/startup_stm32f407vgtx.o
                                         0x62 (size before relaxing)

.comment        0x0000000000000000       0x50
 .comment       0x0000000000000000       0x50 ./Driver/Src/common_utils.o
                                         0x51 (size before relaxing)
 .comment       0x0000000000000050       0x51 ./Driver/Src/external_interrupt_config.o
 .comment       0x0000000000000050       0x51 ./Driver/Src/general_purpose_timer.o
 .comment       0x0000000000000050       0x51 ./Driver/Src/gpio_driver.o
 .comment       0x0000000000000050       0x51 ./Driver/Src/i2c_driver.o
 .comment       0x0000000000000050       0x51 ./Driver/Src/lcd_driver_pcf8574.o
 .comment       0x0000000000000050       0x51 ./Driver/Src/rtc_driver.o
 .comment       0x0000000000000050       0x51 ./Driver/Src/stm32f4xx.o
 .comment       0x0000000000000050       0x51 ./Src/calculator_matrix_keypad_lcd_interrupt.o
 .comment       0x0000000000000050       0x51 ./Src/syscalls.o
 .comment       0x0000000000000050       0x51 ./Src/sysmem.o

.debug_frame    0x0000000000000000     0x1864
 .debug_frame   0x0000000000000000      0x124 ./Driver/Src/common_utils.o
 .debug_frame   0x0000000000000124       0x80 ./Driver/Src/external_interrupt_config.o
 .debug_frame   0x00000000000001a4      0x128 ./Driver/Src/general_purpose_timer.o
 .debug_frame   0x00000000000002cc      0x1c8 ./Driver/Src/gpio_driver.o
 .debug_frame   0x0000000000000494      0x318 ./Driver/Src/i2c_driver.o
 .debug_frame   0x00000000000007ac      0x150 ./Driver/Src/lcd_driver_pcf8574.o
 .debug_frame   0x00000000000008fc      0x164 ./Driver/Src/rtc_driver.o
 .debug_frame   0x0000000000000a60       0xb0 ./Driver/Src/stm32f4xx.o
 .debug_frame   0x0000000000000b10      0x108 ./Src/calculator_matrix_keypad_lcd_interrupt.o
 .debug_frame   0x0000000000000c18      0x2d4 ./Src/syscalls.o
 .debug_frame   0x0000000000000eec       0x34 ./Src/sysmem.o
 .debug_frame   0x0000000000000f20       0x20 /home/naveen/st/stm32cubeide_1.11.2/plugins/com.st.stm32cube.ide.mcu.externaltools.gnu-tools-for-stm32.10.3-2021.10.linux64_1.0.100.202210260954/tools/bin/../lib/gcc/arm-none-eabi/10.3.1/../../../../arm-none-eabi/lib/thumb/v7e-m/nofp/libc_nano.a(lib_a-errno.o)
 .debug_frame   0x0000000000000f40       0x2c /home/naveen/st/stm32cubeide_1.11.2/plugins/com.st.stm32cube.ide.mcu.externaltools.gnu-tools-for-stm32.10.3-2021.10.linux64_1.0.100.202210260954/tools/bin/../lib/gcc/arm-none-eabi/10.3.1/../../../../arm-none-eabi/lib/thumb/v7e-m/nofp/libc_nano.a(lib_a-init.o)
 .debug_frame   0x0000000000000f6c       0x30 /home/naveen/st/stm32cubeide_1.11.2/plugins/com.st.stm32cube.ide.mcu.externaltools.gnu-tools-for-stm32.10.3-2021.10.linux64_1.0.100.202210260954/tools/bin/../lib/gcc/arm-none-eabi/10.3.1/../../../../arm-none-eabi/lib/thumb/v7e-m/nofp/libc_nano.a(lib_a-malloc.o)
 .debug_frame   0x0000000000000f9c       0x20 /home/naveen/st/stm32cubeide_1.11.2/plugins/com.st.stm32cube.ide.mcu.externaltools.gnu-tools-for-stm32.10.3-2021.10.linux64_1.0.100.202210260954/tools/bin/../lib/gcc/arm-none-eabi/10.3.1/../../../../arm-none-eabi/lib/thumb/v7e-m/nofp/libc_nano.a(lib_a-memset.o)
 .debug_frame   0x0000000000000fbc       0x38 /home/naveen/st/stm32cubeide_1.11.2/plugins/com.st.stm32cube.ide.mcu.externaltools.gnu-tools-for-stm32.10.3-2021.10.linux64_1.0.100.202210260954/tools/bin/../lib/gcc/arm-none-eabi/10.3.1/../../../../arm-none-eabi/lib/thumb/v7e-m/nofp/libc_nano.a(lib_a-nano-freer.o)
 .debug_frame   0x0000000000000ff4       0x4c /home/naveen/st/stm32cubeide_1.11.2/plugins/com.st.stm32cube.ide.mcu.externaltools.gnu-tools-for-stm32.10.3-2021.10.linux64_1.0.100.202210260954/tools/bin/../lib/gcc/arm-none-eabi/10.3.1/../../../../arm-none-eabi/lib/thumb/v7e-m/nofp/libc_nano.a(lib_a-nano-mallocr.o)
 .debug_frame   0x0000000000001040       0x74 /home/naveen/st/stm32cubeide_1.11.2/plugins/com.st.stm32cube.ide.mcu.externaltools.gnu-tools-for-stm32.10.3-2021.10.linux64_1.0.100.202210260954/tools/bin/../lib/gcc/arm-none-eabi/10.3.1/../../../../arm-none-eabi/lib/thumb/v7e-m/nofp/libc_nano.a(lib_a-printf.o)
 .debug_frame   0x00000000000010b4       0x58 /home/naveen/st/stm32cubeide_1.11.2/plugins/com.st.stm32cube.ide.mcu.externaltools.gnu-tools-for-stm32.10.3-2021.10.linux64_1.0.100.202210260954/tools/bin/../lib/gcc/arm-none-eabi/10.3.1/../../../../arm-none-eabi/lib/thumb/v7e-m/nofp/libc_nano.a(lib_a-putchar.o)
 .debug_frame   0x000000000000110c       0x2c /home/naveen/st/stm32cubeide_1.11.2/plugins/com.st.stm32cube.ide.mcu.externaltools.gnu-tools-for-stm32.10.3-2021.10.linux64_1.0.100.202210260954/tools/bin/../lib/gcc/arm-none-eabi/10.3.1/../../../../arm-none-eabi/lib/thumb/v7e-m/nofp/libc_nano.a(lib_a-sbrkr.o)
 .debug_frame   0x0000000000001138       0x20 /home/naveen/st/stm32cubeide_1.11.2/plugins/com.st.stm32cube.ide.mcu.externaltools.gnu-tools-for-stm32.10.3-2021.10.linux64_1.0.100.202210260954/tools/bin/../lib/gcc/arm-none-eabi/10.3.1/../../../../arm-none-eabi/lib/thumb/v7e-m/nofp/libc_nano.a(lib_a-setbuf.o)
 .debug_frame   0x0000000000001158       0x38 /home/naveen/st/stm32cubeide_1.11.2/plugins/com.st.stm32cube.ide.mcu.externaltools.gnu-tools-for-stm32.10.3-2021.10.linux64_1.0.100.202210260954/tools/bin/../lib/gcc/arm-none-eabi/10.3.1/../../../../arm-none-eabi/lib/thumb/v7e-m/nofp/libc_nano.a(lib_a-setvbuf.o)
 .debug_frame   0x0000000000001190       0x40 /home/naveen/st/stm32cubeide_1.11.2/plugins/com.st.stm32cube.ide.mcu.externaltools.gnu-tools-for-stm32.10.3-2021.10.linux64_1.0.100.202210260954/tools/bin/../lib/gcc/arm-none-eabi/10.3.1/../../../../arm-none-eabi/lib/thumb/v7e-m/nofp/libc_nano.a(lib_a-wbuf.o)
 .debug_frame   0x00000000000011d0       0x2c /home/naveen/st/stm32cubeide_1.11.2/plugins/com.st.stm32cube.ide.mcu.externaltools.gnu-tools-for-stm32.10.3-2021.10.linux64_1.0.100.202210260954/tools/bin/../lib/gcc/arm-none-eabi/10.3.1/../../../../arm-none-eabi/lib/thumb/v7e-m/nofp/libc_nano.a(lib_a-wsetup.o)
 .debug_frame   0x00000000000011fc       0x5c /home/naveen/st/stm32cubeide_1.11.2/plugins/com.st.stm32cube.ide.mcu.externaltools.gnu-tools-for-stm32.10.3-2021.10.linux64_1.0.100.202210260954/tools/bin/../lib/gcc/arm-none-eabi/10.3.1/../../../../arm-none-eabi/lib/thumb/v7e-m/nofp/libc_nano.a(lib_a-fflush.o)
 .debug_frame   0x0000000000001258      0x14c /home/naveen/st/stm32cubeide_1.11.2/plugins/com.st.stm32cube.ide.mcu.externaltools.gnu-tools-for-stm32.10.3-2021.10.linux64_1.0.100.202210260954/tools/bin/../lib/gcc/arm-none-eabi/10.3.1/../../../../arm-none-eabi/lib/thumb/v7e-m/nofp/libc_nano.a(lib_a-findfp.o)
 .debug_frame   0x00000000000013a4       0x54 /home/naveen/st/stm32cubeide_1.11.2/plugins/com.st.stm32cube.ide.mcu.externaltools.gnu-tools-for-stm32.10.3-2021.10.linux64_1.0.100.202210260954/tools/bin/../lib/gcc/arm-none-eabi/10.3.1/../../../../arm-none-eabi/lib/thumb/v7e-m/nofp/libc_nano.a(lib_a-fwalk.o)
 .debug_frame   0x00000000000013f8       0xb0 /home/naveen/st/stm32cubeide_1.11.2/plugins/com.st.stm32cube.ide.mcu.externaltools.gnu-tools-for-stm32.10.3-2021.10.linux64_1.0.100.202210260954/tools/bin/../lib/gcc/arm-none-eabi/10.3.1/../../../../arm-none-eabi/lib/thumb/v7e-m/nofp/libc_nano.a(lib_a-lock.o)
 .debug_frame   0x00000000000014a8       0x58 /home/naveen/st/stm32cubeide_1.11.2/plugins/com.st.stm32cube.ide.mcu.externaltools.gnu-tools-for-stm32.10.3-2021.10.linux64_1.0.100.202210260954/tools/bin/../lib/gcc/arm-none-eabi/10.3.1/../../../../arm-none-eabi/lib/thumb/v7e-m/nofp/libc_nano.a(lib_a-makebuf.o)
 .debug_frame   0x0000000000001500       0x30 /home/naveen/st/stm32cubeide_1.11.2/plugins/com.st.stm32cube.ide.mcu.externaltools.gnu-tools-for-stm32.10.3-2021.10.linux64_1.0.100.202210260954/tools/bin/../lib/gcc/arm-none-eabi/10.3.1/../../../../arm-none-eabi/lib/thumb/v7e-m/nofp/libc_nano.a(lib_a-mlock.o)
 .debug_frame   0x0000000000001530       0xac /home/naveen/st/stm32cubeide_1.11.2/plugins/com.st.stm32cube.ide.mcu.externaltools.gnu-tools-for-stm32.10.3-2021.10.linux64_1.0.100.202210260954/tools/bin/../lib/gcc/arm-none-eabi/10.3.1/../../../../arm-none-eabi/lib/thumb/v7e-m/nofp/libc_nano.a(lib_a-nano-vfprintf.o)
 .debug_frame   0x00000000000015dc       0x60 /home/naveen/st/stm32cubeide_1.11.2/plugins/com.st.stm32cube.ide.mcu.externaltools.gnu-tools-for-stm32.10.3-2021.10.linux64_1.0.100.202210260954/tools/bin/../lib/gcc/arm-none-eabi/10.3.1/../../../../arm-none-eabi/lib/thumb/v7e-m/nofp/libc_nano.a(lib_a-nano-vfprintf_i.o)
 .debug_frame   0x000000000000163c       0x3c /home/naveen/st/stm32cubeide_1.11.2/plugins/com.st.stm32cube.ide.mcu.externaltools.gnu-tools-for-stm32.10.3-2021.10.linux64_1.0.100.202210260954/tools/bin/../lib/gcc/arm-none-eabi/10.3.1/../../../../arm-none-eabi/lib/thumb/v7e-m/nofp/libc_nano.a(lib_a-putc.o)
 .debug_frame   0x0000000000001678       0x5c /home/naveen/st/stm32cubeide_1.11.2/plugins/com.st.stm32cube.ide.mcu.externaltools.gnu-tools-for-stm32.10.3-2021.10.linux64_1.0.100.202210260954/tools/bin/../lib/gcc/arm-none-eabi/10.3.1/../../../../arm-none-eabi/lib/thumb/v7e-m/nofp/libc_nano.a(lib_a-reent.o)
 .debug_frame   0x00000000000016d4       0x88 /home/naveen/st/stm32cubeide_1.11.2/plugins/com.st.stm32cube.ide.mcu.externaltools.gnu-tools-for-stm32.10.3-2021.10.linux64_1.0.100.202210260954/tools/bin/../lib/gcc/arm-none-eabi/10.3.1/../../../../arm-none-eabi/lib/thumb/v7e-m/nofp/libc_nano.a(lib_a-stdio.o)
 .debug_frame   0x000000000000175c       0x2c /home/naveen/st/stm32cubeide_1.11.2/plugins/com.st.stm32cube.ide.mcu.externaltools.gnu-tools-for-stm32.10.3-2021.10.linux64_1.0.100.202210260954/tools/bin/../lib/gcc/arm-none-eabi/10.3.1/../../../../arm-none-eabi/lib/thumb/v7e-m/nofp/libc_nano.a(lib_a-writer.o)
 .debug_frame   0x0000000000001788       0x2c /home/naveen/st/stm32cubeide_1.11.2/plugins/com.st.stm32cube.ide.mcu.externaltools.gnu-tools-for-stm32.10.3-2021.10.linux64_1.0.100.202210260954/tools/bin/../lib/gcc/arm-none-eabi/10.3.1/../../../../arm-none-eabi/lib/thumb/v7e-m/nofp/libc_nano.a(lib_a-closer.o)
 .debug_frame   0x00000000000017b4       0x2c /home/naveen/st/stm32cubeide_1.11.2/plugins/com.st.stm32cube.ide.mcu.externaltools.gnu-tools-for-stm32.10.3-2021.10.linux64_1.0.100.202210260954/tools/bin/../lib/gcc/arm-none-eabi/10.3.1/../../../../arm-none-eabi/lib/thumb/v7e-m/nofp/libc_nano.a(lib_a-fstatr.o)
 .debug_frame   0x00000000000017e0       0x2c /home/naveen/st/stm32cubeide_1.11.2/plugins/com.st.stm32cube.ide.mcu.externaltools.gnu-tools-for-stm32.10.3-2021.10.linux64_1.0.100.202210260954/tools/bin/../lib/gcc/arm-none-eabi/10.3.1/../../../../arm-none-eabi/lib/thumb/v7e-m/nofp/libc_nano.a(lib_a-isattyr.o)
 .debug_frame   0x000000000000180c       0x2c /home/naveen/st/stm32cubeide_1.11.2/plugins/com.st.stm32cube.ide.mcu.externaltools.gnu-tools-for-stm32.10.3-2021.10.linux64_1.0.100.202210260954/tools/bin/../lib/gcc/arm-none-eabi/10.3.1/../../../../arm-none-eabi/lib/thumb/v7e-m/nofp/libc_nano.a(lib_a-lseekr.o)
 .debug_frame   0x0000000000001838       0x2c /home/naveen/st/stm32cubeide_1.11.2/plugins/com.st.stm32cube.ide.mcu.externaltools.gnu-tools-for-stm32.10.3-2021.10.linux64_1.0.100.202210260954/tools/bin/../lib/gcc/arm-none-eabi/10.3.1/../../../../arm-none-eabi/lib/thumb/v7e-m/nofp/libc_nano.a(lib_a-readr.o)
