Archive member included to satisfy reference by file (symbol)

/home/naveen/st/stm32cubeide_1.11.2/plugins/com.st.stm32cube.ide.mcu.externaltools.gnu-tools-for-stm32.10.3-2021.10.linux64_1.0.100.202210260954/tools/bin/../lib/gcc/arm-none-eabi/10.3.1/../../../../arm-none-eabi/lib/thumb/v7e-m/nofp/libc_nano.a(lib_a-errno.o)
                              ./Src/syscalls.o (__errno)
/home/naveen/st/stm32cubeide_1.11.2/plugins/com.st.stm32cube.ide.mcu.externaltools.gnu-tools-for-stm32.10.3-2021.10.linux64_1.0.100.202210260954/tools/bin/../lib/gcc/arm-none-eabi/10.3.1/../../../../arm-none-eabi/lib/thumb/v7e-m/nofp/libc_nano.a(lib_a-exit.o)
                              /home/naveen/st/stm32cubeide_1.11.2/plugins/com.st.stm32cube.ide.mcu.externaltools.gnu-tools-for-stm32.10.3-2021.10.linux64_1.0.100.202210260954/tools/bin/../lib/gcc/arm-none-eabi/10.3.1/../../../../arm-none-eabi/lib/thumb/v7e-m/nofp/crt0.o (exit)
/home/naveen/st/stm32cubeide_1.11.2/plugins/com.st.stm32cube.ide.mcu.externaltools.gnu-tools-for-stm32.10.3-2021.10.linux64_1.0.100.202210260954/tools/bin/../lib/gcc/arm-none-eabi/10.3.1/../../../../arm-none-eabi/lib/thumb/v7e-m/nofp/libc_nano.a(lib_a-impure.o)
                              /home/naveen/st/stm32cubeide_1.11.2/plugins/com.st.stm32cube.ide.mcu.externaltools.gnu-tools-for-stm32.10.3-2021.10.linux64_1.0.100.202210260954/tools/bin/../lib/gcc/arm-none-eabi/10.3.1/../../../../arm-none-eabi/lib/thumb/v7e-m/nofp/libc_nano.a(lib_a-exit.o) (_global_impure_ptr)
/home/naveen/st/stm32cubeide_1.11.2/plugins/com.st.stm32cube.ide.mcu.externaltools.gnu-tools-for-stm32.10.3-2021.10.linux64_1.0.100.202210260954/tools/bin/../lib/gcc/arm-none-eabi/10.3.1/../../../../arm-none-eabi/lib/thumb/v7e-m/nofp/libc_nano.a(lib_a-init.o)
                              /home/naveen/st/stm32cubeide_1.11.2/plugins/com.st.stm32cube.ide.mcu.externaltools.gnu-tools-for-stm32.10.3-2021.10.linux64_1.0.100.202210260954/tools/bin/../lib/gcc/arm-none-eabi/10.3.1/../../../../arm-none-eabi/lib/thumb/v7e-m/nofp/crt0.o (__libc_init_array)
/home/naveen/st/stm32cubeide_1.11.2/plugins/com.st.stm32cube.ide.mcu.externaltools.gnu-tools-for-stm32.10.3-2021.10.linux64_1.0.100.202210260954/tools/bin/../lib/gcc/arm-none-eabi/10.3.1/../../../../arm-none-eabi/lib/thumb/v7e-m/nofp/libc_nano.a(lib_a-memset.o)
                              /home/naveen/st/stm32cubeide_1.11.2/plugins/com.st.stm32cube.ide.mcu.externaltools.gnu-tools-for-stm32.10.3-2021.10.linux64_1.0.100.202210260954/tools/bin/../lib/gcc/arm-none-eabi/10.3.1/../../../../arm-none-eabi/lib/thumb/v7e-m/nofp/crt0.o (memset)
/home/naveen/st/stm32cubeide_1.11.2/plugins/com.st.stm32cube.ide.mcu.externaltools.gnu-tools-for-stm32.10.3-2021.10.linux64_1.0.100.202210260954/tools/bin/../lib/gcc/arm-none-eabi/10.3.1/../../../../arm-none-eabi/lib/thumb/v7e-m/nofp/libc_nano.a(lib_a-printf.o)
                              ./Src/temp_on_lcd.o (printf)
/home/naveen/st/stm32cubeide_1.11.2/plugins/com.st.stm32cube.ide.mcu.externaltools.gnu-tools-for-stm32.10.3-2021.10.linux64_1.0.100.202210260954/tools/bin/../lib/gcc/arm-none-eabi/10.3.1/../../../../arm-none-eabi/lib/thumb/v7e-m/nofp/libc_nano.a(lib_a-putchar.o)
                              ./Driver/Src/i2c_driver.o (putchar)
/home/naveen/st/stm32cubeide_1.11.2/plugins/com.st.stm32cube.ide.mcu.externaltools.gnu-tools-for-stm32.10.3-2021.10.linux64_1.0.100.202210260954/tools/bin/../lib/gcc/arm-none-eabi/10.3.1/../../../../arm-none-eabi/lib/thumb/v7e-m/nofp/libc_nano.a(lib_a-puts.o)
                              ./Driver/Src/i2c_driver.o (puts)
/home/naveen/st/stm32cubeide_1.11.2/plugins/com.st.stm32cube.ide.mcu.externaltools.gnu-tools-for-stm32.10.3-2021.10.linux64_1.0.100.202210260954/tools/bin/../lib/gcc/arm-none-eabi/10.3.1/../../../../arm-none-eabi/lib/thumb/v7e-m/nofp/libc_nano.a(lib_a-setbuf.o)
                              ./Src/temp_on_lcd.o (setbuf)
/home/naveen/st/stm32cubeide_1.11.2/plugins/com.st.stm32cube.ide.mcu.externaltools.gnu-tools-for-stm32.10.3-2021.10.linux64_1.0.100.202210260954/tools/bin/../lib/gcc/arm-none-eabi/10.3.1/../../../../arm-none-eabi/lib/thumb/v7e-m/nofp/libc_nano.a(lib_a-setvbuf.o)
                              /home/naveen/st/stm32cubeide_1.11.2/plugins/com.st.stm32cube.ide.mcu.externaltools.gnu-tools-for-stm32.10.3-2021.10.linux64_1.0.100.202210260954/tools/bin/../lib/gcc/arm-none-eabi/10.3.1/../../../../arm-none-eabi/lib/thumb/v7e-m/nofp/libc_nano.a(lib_a-setbuf.o) (setvbuf)
/home/naveen/st/stm32cubeide_1.11.2/plugins/com.st.stm32cube.ide.mcu.externaltools.gnu-tools-for-stm32.10.3-2021.10.linux64_1.0.100.202210260954/tools/bin/../lib/gcc/arm-none-eabi/10.3.1/../../../../arm-none-eabi/lib/thumb/v7e-m/nofp/libc_nano.a(lib_a-wbuf.o)
[...]
Memory Configuration

Name             Origin             Length             Attributes
CCMRAM           0x0000000010000000 0x0000000000010000 xrw
RAM              0x0000000020000000 0x0000000000020000 xrw
FLASH            0x0000000008000000 0x0000000000100000 xr
*default*        0x0000000000000000 0xffffffffffffffff

Linker script and memory map

LOAD /home/naveen/st/stm32cubeide_1.11.2/plugins/com.st.stm32cube.ide.mcu.externaltools.gnu-tools-for-stm32.10.3-2021.10.linux64_1.0.100.202210260954/tools/bin/../lib/gcc/arm-none-eabi/10.3.1/thumb/v7e-m/nofp/crti.o
LOAD /home/naveen/st/stm32cubeide_1.11.2/plugins/com.st.stm32cube.ide.mcu.externaltools.gnu-tools-for-stm32.10.3-2021.10.linux64_1.0.100.202210260954/tools/bin/../lib/gcc/arm-none-eabi/10.3.1/thumb/v7e-m/nofp/crtbegin.o
LOAD /home/naveen/st/stm32cubeide_1.11.2/plugins/com.st.stm32cube.ide.mcu.externaltools.gnu-tools-for-stm32.10.3-2021.10.linux64_1.0.100.202210260954/tools/bin/../lib/gcc/arm-none-eabi/10.3.1/../../../../arm-none-eabi/lib/thumb/v7e-m/nofp/crt0.o
LOAD ./Driver/Src/common_utilities.o
LOAD ./Driver/Src/dma_driver.o
LOAD ./Driver/Src/external_interrupt_config.o
LOAD ./Driver/Src/general_purpose_timer.o
LOAD ./Driver/Src/gpio_driver.o
LOAD ./Driver/Src/i2c_driver.o
LOAD ./Driver/Src/lcd_driver_pcf8574.o
LOAD ./Driver/Src/spi_driver.o
LOAD ./Driver/Src/stm32f4xx.o
LOAD ./Driver/Src/timer_driver.o
LOAD ./Driver/Src/usart_driver.o
LOAD ./Src/syscalls.o
LOAD ./Src/sysmem.o
LOAD ./Src/temp_on_lcd.o
LOAD ./Startup/startup_stm32f407vgtx.o
START GROUP
LOAD /home/naveen/st/stm32cubeide_1.11.2/plugins/com.st.stm32cube.ide.mcu.externaltools.gnu-tools-for-stm32.10.3-2021.10.linux64_1.0.100.202210260954/tools/bin/../lib/gcc/arm-none-eabi/10.3.1/../../../../arm-none-eabi/lib/thumb/v7e-m/nofp/libc_nano.a
LOAD /home/naveen/st/stm32cubeide_1.11.2/plugins/com.st.stm32cube.ide.mcu.externaltools.gnu-tools-for-stm32.10.3-2021.10.linux64_1.0.100.202210260954/tools/bin/../lib/gcc/arm-none-eabi/10.3.1/../../../../arm-none-eabi/lib/thumb/v7e-m/nofp/libm.a
END GROUP
START GROUP
LOAD /home/naveen/st/stm32cubeide_1.11.2/plugins/com.st.stm32cube.ide.mcu.externaltools.gnu-tools-for-stm32.10.3-2021.10.linux64_1.0.100.202210260954/tools/bin/../lib/gcc/arm-none-eabi/10.3.1/thumb/v7e-m/nofp/libgcc.a
LOAD /home/naveen/st/stm32cubeide_1.11.2/plugins/com.st.stm32cube.ide.mcu.externaltools.gnu-tools-for-stm32.10.3-2021.10.linux64_1.0.100.202210260954/tools/bin/../lib/gcc/arm-none-eabi/10.3.1/../../../../arm-none-eabi/lib/thumb/v7e-m/nofp/libc_nano.a
END GROUP
START GROUP
LOAD /home/naveen/st/stm32cubeide_1.11.2/plugins/com.st.stm32cube.ide.mcu.externaltools.gnu-tools-for-stm32.10.3-2021.10.linux64_1.0.100.202210260954/tools/bin/../lib/gcc/arm-none-eabi/10.3.1/thumb/v7e-m/nofp/libgcc.a
LOAD /home/naveen/st/stm32cubeide_1.11.2/plugins/com.st.stm32cube.ide.mcu.externaltools.gnu-tools-for-stm32.10.3-2021.10.linux64_1.0.100.202210260954/tools/bin/../lib/gcc/arm-none-eabi/10.3.1/../../../../arm-none-eabi/lib/thumb/v7e-m/nofp/libc_nano.a
LOAD /home/naveen/st/stm32cubeide_1.11.2/plugins/com.st.stm32cube.ide.mcu.externaltools.gnu-tools-for-stm32.10.3-2021.10.linux64_1.0.100.202210260954/tools/bin/../lib/gcc/arm-none-eabi/10.3.1/../../../../arm-none-eabi/lib/thumb/v7e-m/nofp/libnosys.a
END GROUP
START GROUP
LOAD /home/naveen/st/stm32cubeide_1.11.2/plugins/com.st.stm32cube.ide.mcu.externaltools.gnu-tools-for-stm32.10.3-2021.10.linux64_1.0.100.202210260954/tools/bin/../lib/gcc/arm-none-eabi/10.3.1/thumb/v7e-m/nofp/libgcc.a
LOAD /home/naveen/st/stm32cubeide_1.11.2/plugins/com.st.stm32cube.ide.mcu.externaltools.gnu-tools-for-stm32.10.3-2021.10.linux64_1.0.100.202210260954/tools/bin/../lib/gcc/arm-none-eabi/10.3.1/../../../../arm-none-eabi/lib/thumb/v7e-m/nofp/libc_nano.a
LOAD /home/naveen/st/stm32cubeide_1.11.2/plugins/com.st.stm32cube.ide.mcu.externaltools.gnu-tools-for-stm32.10.3-2021.10.linux64_1.0.100.202210260954/tools/bin/../lib/gcc/arm-none-eabi/10.3.1/../../../../arm-none-eabi/lib/thumb/v7e-m/nofp/libnosys.a
END GROUP
LOAD /home/naveen/st/stm32cubeide_1.11.2/plugins/com.st.stm32cube.ide.mcu.externaltools.gnu-tools-for-stm32.10.3-2021.10.linux64_1.0.100.202210260954/tools/bin/../lib/gcc/arm-none-eabi/10.3.1/thumb/v7e-m/nofp/crtend.o
LOAD /home/naveen/st/stm32cubeide_1.11.2/plugins/com.st.stm32cube.ide.mcu.externaltools.gnu-tools-for-stm32.10.3-2021.10.linux64_1.0.100.202210260954/tools/bin/../lib/gcc/arm-none-eabi/10.3.1/thumb/v7e-m/nofp/crtn.o
                0x0000000020020000                _estack = (ORIGIN (RAM) + LENGTH (RAM))
                0x0000000000000200                _Min_Heap_Size = 0x200
                0x0000000000000400                _Min_Stack_Size = 0x400

.isr_vector     0x0000000008000000      0x1a8
                0x0000000008000000                . = ALIGN (0x4)
 *(.isr_vector)
 .isr_vector    0x0000000008000000      0x1a8 ./Startup/startup_stm32f407vgtx.o
                0x0000000008000000                g_pfnVectors
                0x00000000080001a8                . = ALIGN (0x4)

.text           0x00000000080001b0     0x252c
                0x00000000080001b0                . = ALIGN (0x4)
 *(.text)
 .text          0x00000000080001b0       0x40 /home/naveen/st/stm32cubeide_1.11.2/plugins/com.st.stm32cube.ide.mcu.externaltools.gnu-tools-for-stm32.10.3-2021.10.linux64_1.0.100.202210260954/tools/bin/../lib/gcc/arm-none-eabi/10.3.1/thumb/v7e-m/nofp/crtbegin.o
 .text          0x00000000080001f0       0xa0 /home/naveen/st/stm32cubeide_1.11.2/plugins/com.st.stm32cube.ide.mcu.externaltools.gnu-tools-for-stm32.10.3-2021.10.linux64_1.0.100.202210260954/tools/bin/../lib/gcc/arm-none-eabi/10.3.1/../../../../arm-none-eabi/lib/thumb/v7e-m/nofp/libc_nano.a(lib_a-memchr.o)
                0x00000000080001f0                memchr
 *(.text*)
 .text.delay_us
                0x0000000008000290       0x30 ./Driver/Src/common_utilities.o
                0x0000000008000290                delay_us
 .text.configure_delay_timer
                0x00000000080002c0       0x44 ./Driver/Src/common_utilities.o
                0x00000000080002c0                configure_delay_timer
 .text.General_Purpose_Timer_Init
                0x0000000008000304      0x450 ./Driver/Src/general_purpose_timer.o
                0x0000000008000304                General_Purpose_Timer_Init
 .text.General_Purpose_Timer_PeripheralEnable
                0x0000000008000754       0x22 ./Driver/Src/general_purpose_timer.o
                0x0000000008000754                General_Purpose_Timer_PeripheralEnable
 .text.GPIOSetMode
                0x0000000008000776       0x48 ./Driver/Src/gpio_driver.o
                0x0000000008000776                GPIOSetMode
 .text.GPIOReadPin
                0x00000000080007be       0x3e ./Driver/Src/gpio_driver.o
                0x00000000080007be                GPIOReadPin
 .text.GPIOSetAltFn
                0x00000000080007fc       0x72 ./Driver/Src/gpio_driver.o
                0x00000000080007fc                GPIOSetAltFn
 .text.GPIOSetOutputType
                0x000000000800086e       0x44 ./Driver/Src/gpio_driver.o
                0x000000000800086e                GPIOSetOutputType
 .text.GPIOSetPullUpDownConfig
                0x00000000080008b2       0x48 ./Driver/Src/gpio_driver.o
                0x00000000080008b2                GPIOSetPullUpDownConfig
 .text.GPIOSetOutputSpeed
                0x00000000080008fa       0x48 ./Driver/Src/gpio_driver.o
                0x00000000080008fa                GPIOSetOutputSpeed
 .text.I2CPeriConfig
                0x0000000008000942       0xac ./Driver/Src/i2c_driver.o
                0x0000000008000942                I2CPeriConfig
 .text.I2CEnable
                0x00000000080009ee       0x22 ./Driver/Src/i2c_driver.o
                0x00000000080009ee                I2CEnable
 .text.I2CMasterSendData
                0x0000000008000a10       0xb0 ./Driver/Src/i2c_driver.o
                0x0000000008000a10                I2CMasterSendData
 .text.I2C_SendStartBit
                0x0000000008000ac0       0x22 ./Driver/Src/i2c_driver.o
 .text.I2C_SendStopBit
                0x0000000008000ae2       0x22 ./Driver/Src/i2c_driver.o
 .text.I2C_GetFlagStatus
                0x0000000008000b04       0x2a ./Driver/Src/i2c_driver.o
 .text.I2C_SendSlaveAddress
                0x0000000008000b2e       0x20 ./Driver/Src/i2c_driver.o
 .text.I2C_ClearADDRStatusBit
                0x0000000008000b4e       0x22 ./Driver/Src/i2c_driver.o
 .text.I2CConfigureTrise
                0x0000000008000b70       0x20 ./Driver/Src/i2c_driver.o
                0x0000000008000b70                I2CConfigureTrise
 .text.lcd_pcf8574_init
                0x0000000008000b90       0x9c ./Driver/Src/lcd_driver_pcf8574.o
                0x0000000008000b90                lcd_pcf8574_init
 .text.lcd_pcf8574_send_cmd
                0x0000000008000c2c       0x64 ./Driver/Src/lcd_driver_pcf8574.o
                0x0000000008000c2c                lcd_pcf8574_send_cmd
 .text.lcd_pcf8574_send_data
                0x0000000008000c90       0x64 ./Driver/Src/lcd_driver_pcf8574.o
                0x0000000008000c90                lcd_pcf8574_send_data
 .text.lcd_pcf8574_clear_screen
                0x0000000008000cf4        0xe ./Driver/Src/lcd_driver_pcf8574.o
                0x0000000008000cf4                lcd_pcf8574_clear_screen
 .text.lcd_pcf8574_return_home
                0x0000000008000d02        0xe ./Driver/Src/lcd_driver_pcf8574.o
                0x0000000008000d02                lcd_pcf8574_return_home
 .text.lcd_pcf8574_set_position
                0x0000000008000d10       0x5e ./Driver/Src/lcd_driver_pcf8574.o
                0x0000000008000d10                lcd_pcf8574_set_position
 *fill*         0x0000000008000d6e        0x2 
 .text.EnablePeriClk
                0x0000000008000d70      0x388 ./Driver/Src/stm32f4xx.o
                0x0000000008000d70                EnablePeriClk
 .text._read    0x00000000080010f8       0x3a ./Src/syscalls.o
                0x00000000080010f8                _read
 .text._write   0x0000000008001132       0x38 ./Src/syscalls.o
                0x0000000008001132                _write
 .text._close   0x000000000800116a       0x16 ./Src/syscalls.o
                0x000000000800116a                _close
 .text._fstat   0x0000000008001180       0x1e ./Src/syscalls.o
                0x0000000008001180                _fstat
 .text._isatty  0x000000000800119e       0x14 ./Src/syscalls.o
                0x000000000800119e                _isatty
 .text._lseek   0x00000000080011b2       0x18 ./Src/syscalls.o
                0x00000000080011b2                _lseek
 *fill*         0x00000000080011ca        0x2 
 .text._sbrk    0x00000000080011cc       0x6c ./Src/sysmem.o
                0x00000000080011cc                _sbrk
 .text.main     0x0000000008001238       0xc8 ./Src/temp_on_lcd.o
                0x0000000008001238                main
 .text.check_sensor_response
                0x0000000008001300       0x58 ./Src/temp_on_lcd.o
                0x0000000008001300                check_sensor_response
 .text.read_dht11_sensor
                0x0000000008001358      0x110 ./Src/temp_on_lcd.o
                0x0000000008001358                read_dht11_sensor
 .text.configure_i2c
                0x0000000008001468       0xd0 ./Src/temp_on_lcd.o
                0x0000000008001468                configure_i2c
 .text.LCD_SendChar
                0x0000000008001538       0x1a ./Src/temp_on_lcd.o
                0x0000000008001538                LCD_SendChar
 *fill*         0x0000000008001552        0x2 
 .text.Reset_Handler
                0x0000000008001554       0x50 ./Startup/startup_stm32f407vgtx.o
                0x0000000008001554                Reset_Handler
 .text.Default_Handler
                0x00000000080015a4        0x2 ./Startup/startup_stm32f407vgtx.o
                0x00000000080015a4                RTC_Alarm_IRQHandler
                0x00000000080015a4                HASH_RNG_IRQHandler
                0x00000000080015a4                EXTI2_IRQHandler
                0x00000000080015a4                TIM8_CC_IRQHandler
                0x00000000080015a4                DebugMon_Handler
                0x00000000080015a4                TIM1_CC_IRQHandler
                0x00000000080015a4                DMA2_Stream5_IRQHandler
                0x00000000080015a4                HardFault_Handler
                0x00000000080015a4                DMA1_Stream5_IRQHandler
                0x00000000080015a4                SysTick_Handler
                0x00000000080015a4                PVD_IRQHandler
                0x00000000080015a4                SDIO_IRQHandler
                0x00000000080015a4                TAMP_STAMP_IRQHandler
                0x00000000080015a4                PendSV_Handler
                0x00000000080015a4                NMI_Handler
                0x00000000080015a4                CAN2_RX1_IRQHandler
                0x00000000080015a4                EXTI3_IRQHandler
                0x00000000080015a4                TIM8_TRG_COM_TIM14_IRQHandler
                0x00000000080015a4                TIM1_UP_TIM10_IRQHandler
                0x00000000080015a4                TIM8_UP_TIM13_IRQHandler
                0x00000000080015a4                I2C3_ER_IRQHandler
                0x00000000080015a4                LCD_TFT_IRQHandler
                0x00000000080015a4                EXTI0_IRQHandler
                0x00000000080015a4                I2C2_EV_IRQHandler
                0x00000000080015a4                DMA1_Stream2_IRQHandler
                0x00000000080015a4                CAN1_RX0_IRQHandler
                0x00000000080015a4                FPU_IRQHandler
                0x00000000080015a4                OTG_HS_WKUP_IRQHandler
                0x00000000080015a4                UsageFault_Handler
                0x00000000080015a4                CAN2_SCE_IRQHandler
                0x00000000080015a4                DMA2_Stream2_IRQHandler
                0x00000000080015a4                SPI1_IRQHandler
                0x00000000080015a4                TIM6_DAC_IRQHandler
                0x00000000080015a4                TIM1_BRK_TIM9_IRQHandler
                0x00000000080015a4                DCMI_IRQHandler
                0x00000000080015a4                CAN2_RX0_IRQHandler
                0x00000000080015a4                DMA2_Stream3_IRQHandler
                0x00000000080015a4                USART6_IRQHandler
                0x00000000080015a4                USART3_IRQHandler
                0x00000000080015a4                CRYP_IRQHandler
                0x00000000080015a4                CAN1_RX1_IRQHandler
                0x00000000080015a4                UART5_IRQHandler
                0x00000000080015a4                DMA2_Stream0_IRQHandler
                0x00000000080015a4                TIM4_IRQHandler
                0x00000000080015a4                I2C1_EV_IRQHandler
                0x00000000080015a4                DMA1_Stream6_IRQHandler
                0x00000000080015a4                DMA1_Stream1_IRQHandler
                0x00000000080015a4                UART4_IRQHandler
                0x00000000080015a4                LCD_TFT_1_IRQHandler
                0x00000000080015a4                TIM3_IRQHandler
                0x00000000080015a4                RCC_IRQHandler
                0x00000000080015a4                TIM8_BRK_TIM12_IRQHandler
                0x00000000080015a4                Default_Handler
                0x00000000080015a4                EXTI15_10_IRQHandler
                0x00000000080015a4                ADC_IRQHandler
                0x00000000080015a4                DMA1_Stream7_IRQHandler
                0x00000000080015a4                TIM7_IRQHandler
                0x00000000080015a4                CAN2_TX_IRQHandler
                0x00000000080015a4                TIM5_IRQHandler
                0x00000000080015a4                DMA2_Stream7_IRQHandler
                0x00000000080015a4                I2C3_EV_IRQHandler
                0x00000000080015a4                EXTI9_5_IRQHandler
                0x00000000080015a4                RTC_WKUP_IRQHandler
                0x00000000080015a4                ETH_WKUP_IRQHandler
                0x00000000080015a4                SPI2_IRQHandler
                0x00000000080015a4                OTG_HS_EP1_IN_IRQHandler
                0x00000000080015a4                MemManage_Handler
                0x00000000080015a4                DMA1_Stream0_IRQHandler
                0x00000000080015a4                CAN1_TX_IRQHandler
                0x00000000080015a4                SVC_Handler
                0x00000000080015a4                EXTI4_IRQHandler
                0x00000000080015a4                FSMC_IRQHandler
                0x00000000080015a4                ETH_IRQHandler
                0x00000000080015a4                OTG_HS_EP1_OUT_IRQHandler
                0x00000000080015a4                WWDG_IRQHandler
                0x00000000080015a4                TIM2_IRQHandler
                0x00000000080015a4                OTG_FS_WKUP_IRQHandler
                0x00000000080015a4                TIM1_TRG_COM_TIM11_IRQHandler
                0x00000000080015a4                OTG_HS_IRQHandler
                0x00000000080015a4                EXTI1_IRQHandler
                0x00000000080015a4                USART2_IRQHandler
                0x00000000080015a4                I2C2_ER_IRQHandler
                0x00000000080015a4                DMA2_Stream1_IRQHandler
                0x00000000080015a4                CAN1_SCE_IRQHandler
                0x00000000080015a4                DMA2_Stream4_IRQHandler
                0x00000000080015a4                BusFault_Handler
                0x00000000080015a4                USART1_IRQHandler
                0x00000000080015a4                OTG_FS_IRQHandler
                0x00000000080015a4                SPI3_IRQHandler
                0x00000000080015a4                DMA1_Stream4_IRQHandler
                0x00000000080015a4                I2C1_ER_IRQHandler
                0x00000000080015a4                DMA2_Stream6_IRQHandler
                0x00000000080015a4                DMA1_Stream3_IRQHandler
 *fill*         0x00000000080015a6        0x2 
 .text.__errno  0x00000000080015a8        0xc /home/naveen/st/stm32cubeide_1.11.2/plugins/com.st.stm32cube.ide.mcu.externaltools.gnu-tools-for-stm32.10.3-2021.10.linux64_1.0.100.202210260954/tools/bin/../lib/gcc/arm-none-eabi/10.3.1/../../../../arm-none-eabi/lib/thumb/v7e-m/nofp/libc_nano.a(lib_a-errno.o)
                0x00000000080015a8                __errno
 .text.__libc_init_array
                0x00000000080015b4       0x48 /home/naveen/st/stm32cubeide_1.11.2/plugins/com.st.stm32cube.ide.mcu.externaltools.gnu-tools-for-stm32.10.3-2021.10.linux64_1.0.100.202210260954/tools/bin/../lib/gcc/arm-none-eabi/10.3.1/../../../../arm-none-eabi/lib/thumb/v7e-m/nofp/libc_nano.a(lib_a-init.o)
                0x00000000080015b4                __libc_init_array
 .text.memset   0x00000000080015fc       0x10 /home/naveen/st/stm32cubeide_1.11.2/plugins/com.st.stm32cube.ide.mcu.externaltools.gnu-tools-for-stm32.10.3-2021.10.linux64_1.0.100.202210260954/tools/bin/../lib/gcc/arm-none-eabi/10.3.1/../../../../arm-none-eabi/lib/thumb/v7e-m/nofp/libc_nano.a(lib_a-memset.o)
                0x00000000080015fc                memset
 .text.printf   0x000000000800160c       0x30 /home/naveen/st/stm32cubeide_1.11.2/plugins/com.st.stm32cube.ide.mcu.externaltools.gnu-tools-for-stm32.10.3-2021.10.linux64_1.0.100.202210260954/tools/bin/../lib/gcc/arm-none-eabi/10.3.1/../../../../arm-none-eabi/lib/thumb/v7e-m/nofp/libc_nano.a(lib_a-printf.o)
                0x000000000800160c                printf
                0x000000000800160c                iprintf
 .text.setbuf   0x000000000800163c       0x10 /home/naveen/st/stm32cubeide_1.11.2/plugins/com.st.stm32cube.ide.mcu.externaltools.gnu-tools-for-stm32.10.3-2021.10.linux64_1.0.100.202210260954/tools/bin/../lib/gcc/arm-none-eabi/10.3.1/../../../../arm-none-eabi/lib/thumb/v7e-m/nofp/libc_nano.a(lib_a-setbuf.o)
                0x000000000800163c                setbuf
 .text.setvbuf  0x000000000800164c      0x18c /home/naveen/st/stm32cubeide_1.11.2/plugins/com.st.stm32cube.ide.mcu.externaltools.gnu-tools-for-stm32.10.3-2021.10.linux64_1.0.100.202210260954/tools/bin/../lib/gcc/arm-none-eabi/10.3.1/../../../../arm-none-eabi/lib/thumb/v7e-m/nofp/libc_nano.a(lib_a-setvbuf.o)
                0x000000000800164c                setvbuf
 .text.__swbuf_r
                0x00000000080017d8       0xa4 /home/naveen/st/stm32cubeide_1.11.2/plugins/com.st.stm32cube.ide.mcu.externaltools.gnu-tools-for-stm32.10.3-2021.10.linux64_1.0.100.202210260954/tools/bin/../lib/gcc/arm-none-eabi/10.3.1/../../../../arm-none-eabi/lib/thumb/v7e-m/nofp/libc_nano.a(lib_a-wbuf.o)
                0x00000000080017d8                __swbuf_r
 .text.__swsetup_r
                0x000000000800187c       0xdc /home/naveen/st/stm32cubeide_1.11.2/plugins/com.st.stm32cube.ide.mcu.externaltools.gnu-tools-for-stm32.10.3-2021.10.linux64_1.0.100.202210260954/tools/bin/../lib/gcc/arm-none-eabi/10.3.1/../../../../arm-none-eabi/lib/thumb/v7e-m/nofp/libc_nano.a(lib_a-wsetup.o)
                0x000000000800187c                __swsetup_r
 .text.__sflush_r
                0x0000000008001958      0x104 /home/naveen/st/stm32cubeide_1.11.2/plugins/com.st.stm32cube.ide.mcu.externaltools.gnu-tools-for-stm32.10.3-2021.10.linux64_1.0.100.202210260954/tools/bin/../lib/gcc/arm-none-eabi/10.3.1/../../../../arm-none-eabi/lib/thumb/v7e-m/nofp/libc_nano.a(lib_a-fflush.o)
                0x0000000008001958                __sflush_r
 .text._fflush_r
                0x0000000008001a5c       0x78 /home/naveen/st/stm32cubeide_1.11.2/plugins/com.st.stm32cube.ide.mcu.externaltools.gnu-tools-for-stm32.10.3-2021.10.linux64_1.0.100.202210260954/tools/bin/../lib/gcc/arm-none-eabi/10.3.1/../../../../arm-none-eabi/lib/thumb/v7e-m/nofp/libc_nano.a(lib_a-fflush.o)
                0x0000000008001a5c                _fflush_r
 .text.std      0x0000000008001ad4       0x48 /home/naveen/st/stm32cubeide_1.11.2/plugins/com.st.stm32cube.ide.mcu.externaltools.gnu-tools-for-stm32.10.3-2021.10.linux64_1.0.100.202210260954/tools/bin/../lib/gcc/arm-none-eabi/10.3.1/../../../../arm-none-eabi/lib/thumb/v7e-m/nofp/libc_nano.a(lib_a-findfp.o)
 .text._cleanup_r
                0x0000000008001b1c        0xc /home/naveen/st/stm32cubeide_1.11.2/plugins/com.st.stm32cube.ide.mcu.externaltools.gnu-tools-for-stm32.10.3-2021.10.linux64_1.0.100.202210260954/tools/bin/../lib/gcc/arm-none-eabi/10.3.1/../../../../arm-none-eabi/lib/thumb/v7e-m/nofp/libc_nano.a(lib_a-findfp.o)
                0x0000000008001b1c                _cleanup_r
 .text.__sfmoreglue
                0x0000000008001b28       0x2c /home/naveen/st/stm32cubeide_1.11.2/plugins/com.st.stm32cube.ide.mcu.externaltools.gnu-tools-for-stm32.10.3-2021.10.linux64_1.0.100.202210260954/tools/bin/../lib/gcc/arm-none-eabi/10.3.1/../../../../arm-none-eabi/lib/thumb/v7e-m/nofp/libc_nano.a(lib_a-findfp.o)
                0x0000000008001b28                __sfmoreglue
 .text.__sfp_lock_acquire
                0x0000000008001b54        0xc /home/naveen/st/stm32cubeide_1.11.2/plugins/com.st.stm32cube.ide.mcu.externaltools.gnu-tools-for-stm32.10.3-2021.10.linux64_1.0.100.202210260954/tools/bin/../lib/gcc/arm-none-eabi/10.3.1/../../../../arm-none-eabi/lib/thumb/v7e-m/nofp/libc_nano.a(lib_a-findfp.o)
                0x0000000008001b54                __sfp_lock_acquire
 .text.__sfp_lock_release
                0x0000000008001b60        0xc /home/naveen/st/stm32cubeide_1.11.2/plugins/com.st.stm32cube.ide.mcu.externaltools.gnu-tools-for-stm32.10.3-2021.10.linux64_1.0.100.202210260954/tools/bin/../lib/gcc/arm-none-eabi/10.3.1/../../../../arm-none-eabi/lib/thumb/v7e-m/nofp/libc_nano.a(lib_a-findfp.o)
                0x0000000008001b60                __sfp_lock_release
 .text.__sinit_lock_acquire
                0x0000000008001b6c        0xc /home/naveen/st/stm32cubeide_1.11.2/plugins/com.st.stm32cube.ide.mcu.externaltools.gnu-tools-for-stm32.10.3-2021.10.linux64_1.0.100.202210260954/tools/bin/../lib/gcc/arm-none-eabi/10.3.1/../../../../arm-none-eabi/lib/thumb/v7e-m/nofp/libc_nano.a(lib_a-findfp.o)
                0x0000000008001b6c                __sinit_lock_acquire
 .text.__sinit_lock_release
                0x0000000008001b78        0xc /home/naveen/st/stm32cubeide_1.11.2/plugins/com.st.stm32cube.ide.mcu.externaltools.gnu-tools-for-stm32.10.3-2021.10.linux64_1.0.100.202210260954/tools/bin/../lib/gcc/arm-none-eabi/10.3.1/../../../../arm-none-eabi/lib/thumb/v7e-m/nofp/libc_nano.a(lib_a-findfp.o)
                0x0000000008001b78                __sinit_lock_release
 .text.__sinit  0x0000000008001b84       0x70 /home/naveen/st/stm32cubeide_1.11.2/plugins/com.st.stm32cube.ide.mcu.externaltools.gnu-tools-for-stm32.10.3-2021.10.linux64_1.0.100.202210260954/tools/bin/../lib/gcc/arm-none-eabi/10.3.1/../../../../arm-none-eabi/lib/thumb/v7e-m/nofp/libc_nano.a(lib_a-findfp.o)
                0x0000000008001b84                __sinit
 .text.__sfp    0x0000000008001bf4       0x8c /home/naveen/st/stm32cubeide_1.11.2/plugins/com.st.stm32cube.ide.mcu.externaltools.gnu-tools-for-stm32.10.3-2021.10.linux64_1.0.100.202210260954/tools/bin/../lib/gcc/arm-none-eabi/10.3.1/../../../../arm-none-eabi/lib/thumb/v7e-m/nofp/libc_nano.a(lib_a-findfp.o)
                0x0000000008001bf4                __sfp
 .text._fwalk_reent
                0x0000000008001c80       0x3e /home/naveen/st/stm32cubeide_1.11.2/plugins/com.st.stm32cube.ide.mcu.externaltools.gnu-tools-for-stm32.10.3-2021.10.linux64_1.0.100.202210260954/tools/bin/../lib/gcc/arm-none-eabi/10.3.1/../../../../arm-none-eabi/lib/thumb/v7e-m/nofp/libc_nano.a(lib_a-fwalk.o)
                0x0000000008001c80                _fwalk_reent
 .text.__retarget_lock_init_recursive
                0x0000000008001cbe        0x2 /home/naveen/st/stm32cubeide_1.11.2/plugins/com.st.stm32cube.ide.mcu.externaltools.gnu-tools-for-stm32.10.3-2021.10.linux64_1.0.100.202210260954/tools/bin/../lib/gcc/arm-none-eabi/10.3.1/../../../../arm-none-eabi/lib/thumb/v7e-m/nofp/libc_nano.a(lib_a-lock.o)
                0x0000000008001cbe                __retarget_lock_init_recursive
 .text.__retarget_lock_acquire_recursive
                0x0000000008001cc0        0x2 /home/naveen/st/stm32cubeide_1.11.2/plugins/com.st.stm32cube.ide.mcu.externaltools.gnu-tools-for-stm32.10.3-2021.10.linux64_1.0.100.202210260954/tools/bin/../lib/gcc/arm-none-eabi/10.3.1/../../../../arm-none-eabi/lib/thumb/v7e-m/nofp/libc_nano.a(lib_a-lock.o)
                0x0000000008001cc0                __retarget_lock_acquire_recursive
 .text.__retarget_lock_release_recursive
                0x0000000008001cc2        0x2 /home/naveen/st/stm32cubeide_1.11.2/plugins/com.st.stm32cube.ide.mcu.externaltools.gnu-tools-for-stm32.10.3-2021.10.linux64_1.0.100.202210260954/tools/bin/../lib/gcc/arm-none-eabi/10.3.1/../../../../arm-none-eabi/lib/thumb/v7e-m/nofp/libc_nano.a(lib_a-lock.o)
                0x0000000008001cc2                __retarget_lock_release_recursive
 .text.__swhatbuf_r
                0x0000000008001cc4       0x4a /home/naveen/st/stm32cubeide_1.11.2/plugins/com.st.stm32cube.ide.mcu.externaltools.gnu-tools-for-stm32.10.3-2021.10.linux64_1.0.100.202210260954/tools/bin/../lib/gcc/arm-none-eabi/10.3.1/../../../../arm-none-eabi/lib/thumb/v7e-m/nofp/libc_nano.a(lib_a-makebuf.o)
                0x0000000008001cc4                __swhatbuf_r
 *fill*         0x0000000008001d0e        0x2 
 .text.__smakebuf_r
                0x0000000008001d10       0x80 /home/naveen/st/stm32cubeide_1.11.2/plugins/com.st.stm32cube.ide.mcu.externaltools.gnu-tools-for-stm32.10.3-2021.10.linux64_1.0.100.202210260954/tools/bin/../lib/gcc/arm-none-eabi/10.3.1/../../../../arm-none-eabi/lib/thumb/v7e-m/nofp/libc_nano.a(lib_a-makebuf.o)
                0x0000000008001d10                __smakebuf_r
 .text.malloc   0x0000000008001d90       0x10 /home/naveen/st/stm32cubeide_1.11.2/plugins/com.st.stm32cube.ide.mcu.externaltools.gnu-tools-for-stm32.10.3-2021.10.linux64_1.0.100.202210260954/tools/bin/../lib/gcc/arm-none-eabi/10.3.1/../../../../arm-none-eabi/lib/thumb/v7e-m/nofp/libc_nano.a(lib_a-malloc.o)
                0x0000000008001d90                malloc
 .text._free_r  0x0000000008001da0       0x94 /home/naveen/st/stm32cubeide_1.11.2/plugins/com.st.stm32cube.ide.mcu.externaltools.gnu-tools-for-stm32.10.3-2021.10.linux64_1.0.100.202210260954/tools/bin/../lib/gcc/arm-none-eabi/10.3.1/../../../../arm-none-eabi/lib/thumb/v7e-m/nofp/libc_nano.a(lib_a-nano-freer.o)
                0x0000000008001da0                _free_r
 .text.sbrk_aligned
                0x0000000008001e34       0x40 /home/naveen/st/stm32cubeide_1.11.2/plugins/com.st.stm32cube.ide.mcu.externaltools.gnu-tools-for-stm32.10.3-2021.10.linux64_1.0.100.202210260954/tools/bin/../lib/gcc/arm-none-eabi/10.3.1/../../../../arm-none-eabi/lib/thumb/v7e-m/nofp/libc_nano.a(lib_a-nano-mallocr.o)
 .text._malloc_r
                0x0000000008001e74       0xe8 /home/naveen/st/stm32cubeide_1.11.2/plugins/com.st.stm32cube.ide.mcu.externaltools.gnu-tools-for-stm32.10.3-2021.10.linux64_1.0.100.202210260954/tools/bin/../lib/gcc/arm-none-eabi/10.3.1/../../../../arm-none-eabi/lib/thumb/v7e-m/nofp/libc_nano.a(lib_a-nano-mallocr.o)
                0x0000000008001e74                _malloc_r
 .text.__sfputc_r
                0x0000000008001f5c       0x2a /home/naveen/st/stm32cubeide_1.11.2/plugins/com.st.stm32cube.ide.mcu.externaltools.gnu-tools-for-stm32.10.3-2021.10.linux64_1.0.100.202210260954/tools/bin/../lib/gcc/arm-none-eabi/10.3.1/../../../../arm-none-eabi/lib/thumb/v7e-m/nofp/libc_nano.a(lib_a-nano-vfprintf.o)
 .text.__sfputs_r
                0x0000000008001f86       0x24 /home/naveen/st/stm32cubeide_1.11.2/plugins/com.st.stm32cube.ide.mcu.externaltools.gnu-tools-for-stm32.10.3-2021.10.linux64_1.0.100.202210260954/tools/bin/../lib/gcc/arm-none-eabi/10.3.1/../../../../arm-none-eabi/lib/thumb/v7e-m/nofp/libc_nano.a(lib_a-nano-vfprintf.o)
                0x0000000008001f86                __sfputs_r
 *fill*         0x0000000008001faa        0x2 
 .text._vfprintf_r
                0x0000000008001fac      0x260 /home/naveen/st/stm32cubeide_1.11.2/plugins/com.st.stm32cube.ide.mcu.externaltools.gnu-tools-for-stm32.10.3-2021.10.linux64_1.0.100.202210260954/tools/bin/../lib/gcc/arm-none-eabi/10.3.1/../../../../arm-none-eabi/lib/thumb/v7e-m/nofp/libc_nano.a(lib_a-nano-vfprintf.o)
                0x0000000008001fac                _vfiprintf_r
                0x0000000008001fac                _vfprintf_r
 .text._printf_common
                0x000000000800220c       0xda /home/naveen/st/stm32cubeide_1.11.2/plugins/com.st.stm32cube.ide.mcu.externaltools.gnu-tools-for-stm32.10.3-2021.10.linux64_1.0.100.202210260954/tools/bin/../lib/gcc/arm-none-eabi/10.3.1/../../../../arm-none-eabi/lib/thumb/v7e-m/nofp/libc_nano.a(lib_a-nano-vfprintf_i.o)
                0x000000000800220c                _printf_common
 *fill*         0x00000000080022e6        0x2 
 .text._printf_i
                0x00000000080022e8      0x24c /home/naveen/st/stm32cubeide_1.11.2/plugins/com.st.stm32cube.ide.mcu.externaltools.gnu-tools-for-stm32.10.3-2021.10.linux64_1.0.100.202210260954/tools/bin/../lib/gcc/arm-none-eabi/10.3.1/../../../../arm-none-eabi/lib/thumb/v7e-m/nofp/libc_nano.a(lib_a-nano-vfprintf_i.o)
                0x00000000080022e8                _printf_i
 .text._sbrk_r  0x0000000008002534       0x20 /home/naveen/st/stm32cubeide_1.11.2/plugins/com.st.stm32cube.ide.mcu.externaltools.gnu-tools-for-stm32.10.3-2021.10.linux64_1.0.100.202210260954/tools/bin/../lib/gcc/arm-none-eabi/10.3.1/../../../../arm-none-eabi/lib/thumb/v7e-m/nofp/libc_nano.a(lib_a-sbrkr.o)
                0x0000000008002534                _sbrk_r
 .text.__sread  0x0000000008002554       0x22 /home/naveen/st/stm32cubeide_1.11.2/plugins/com.st.stm32cube.ide.mcu.externaltools.gnu-tools-for-stm32.10.3-2021.10.linux64_1.0.100.202210260954/tools/bin/../lib/gcc/arm-none-eabi/10.3.1/../../../../arm-none-eabi/lib/thumb/v7e-m/nofp/libc_nano.a(lib_a-stdio.o)
                0x0000000008002554                __sread
 .text.__swrite
                0x0000000008002576       0x38 /home/naveen/st/stm32cubeide_1.11.2/plugins/com.st.stm32cube.ide.mcu.externaltools.gnu-tools-for-stm32.10.3-2021.10.linux64_1.0.100.202210260954/tools/bin/../lib/gcc/arm-none-eabi/10.3.1/../../../../arm-none-eabi/lib/thumb/v7e-m/nofp/libc_nano.a(lib_a-stdio.o)
                0x0000000008002576                __swrite
 .text.__sseek  0x00000000080025ae       0x24 /home/naveen/st/stm32cubeide_1.11.2/plugins/com.st.stm32cube.ide.mcu.externaltools.gnu-tools-for-stm32.10.3-2021.10.linux64_1.0.100.202210260954/tools/bin/../lib/gcc/arm-none-eabi/10.3.1/../../../../arm-none-eabi/lib/thumb/v7e-m/nofp/libc_nano.a(lib_a-stdio.o)
                0x00000000080025ae                __sseek
 .text.__sclose
                0x00000000080025d2        0x8 /home/naveen/st/stm32cubeide_1.11.2/plugins/com.st.stm32cube.ide.mcu.externaltools.gnu-tools-for-stm32.10.3-2021.10.linux64_1.0.100.202210260954/tools/bin/../lib/gcc/arm-none-eabi/10.3.1/../../../../arm-none-eabi/lib/thumb/v7e-m/nofp/libc_nano.a(lib_a-stdio.o)
                0x00000000080025d2                __sclose
 *fill*         0x00000000080025da        0x2 
 .text._write_r
                0x00000000080025dc       0x24 /home/naveen/st/stm32cubeide_1.11.2/plugins/com.st.stm32cube.ide.mcu.externaltools.gnu-tools-for-stm32.10.3-2021.10.linux64_1.0.100.202210260954/tools/bin/../lib/gcc/arm-none-eabi/10.3.1/../../../../arm-none-eabi/lib/thumb/v7e-m/nofp/libc_nano.a(lib_a-writer.o)
                0x00000000080025dc                _write_r
 .text._close_r
                0x0000000008002600       0x20 /home/naveen/st/stm32cubeide_1.11.2/plugins/com.st.stm32cube.ide.mcu.externaltools.gnu-tools-for-stm32.10.3-2021.10.linux64_1.0.100.202210260954/tools/bin/../lib/gcc/arm-none-eabi/10.3.1/../../../../arm-none-eabi/lib/thumb/v7e-m/nofp/libc_nano.a(lib_a-closer.o)
                0x0000000008002600                _close_r
 .text._fstat_r
                0x0000000008002620       0x24 /home/naveen/st/stm32cubeide_1.11.2/plugins/com.st.stm32cube.ide.mcu.externaltools.gnu-tools-for-stm32.10.3-2021.10.linux64_1.0.100.202210260954/tools/bin/../lib/gcc/arm-none-eabi/10.3.1/../../../../arm-none-eabi/lib/thumb/v7e-m/nofp/libc_nano.a(lib_a-fstatr.o)
                0x0000000008002620                _fstat_r
 .text._isatty_r
                0x0000000008002644       0x20 /home/naveen/st/stm32cubeide_1.11.2/plugins/com.st.stm32cube.ide.mcu.externaltools.gnu-tools-for-stm32.10.3-2021.10.linux64_1.0.100.202210260954/tools/bin/../lib/gcc/arm-none-eabi/10.3.1/../../../../arm-none-eabi/lib/thumb/v7e-m/nofp/libc_nano.a(lib_a-isattyr.o)
                0x0000000008002644                _isatty_r
 .text._lseek_r
                0x0000000008002664       0x24 /home/naveen/st/stm32cubeide_1.11.2/plugins/com.st.stm32cube.ide.mcu.externaltools.gnu-tools-for-stm32.10.3-2021.10.linux64_1.0.100.202210260954/tools/bin/../lib/gcc/arm-none-eabi/10.3.1/../../../../arm-none-eabi/lib/thumb/v7e-m/nofp/libc_nano.a(lib_a-lseekr.o)
                0x0000000008002664                _lseek_r
 .text.__malloc_lock
                0x0000000008002688        0xc /home/naveen/st/stm32cubeide_1.11.2/plugins/com.st.stm32cube.ide.mcu.externaltools.gnu-tools-for-stm32.10.3-2021.10.linux64_1.0.100.202210260954/tools/bin/../lib/gcc/arm-none-eabi/10.3.1/../../../../arm-none-eabi/lib/thumb/v7e-m/nofp/libc_nano.a(lib_a-mlock.o)
                0x0000000008002688                __malloc_lock
 .text.__malloc_unlock
                0x0000000008002694        0xc /home/naveen/st/stm32cubeide_1.11.2/plugins/com.st.stm32cube.ide.mcu.externaltools.gnu-tools-for-stm32.10.3-2021.10.linux64_1.0.100.202210260954/tools/bin/../lib/gcc/arm-none-eabi/10.3.1/../../../../arm-none-eabi/lib/thumb/v7e-m/nofp/libc_nano.a(lib_a-mlock.o)
                0x0000000008002694                __malloc_unlock
 .text._read_r  0x00000000080026a0       0x24 /home/naveen/st/stm32cubeide_1.11.2/plugins/com.st.stm32cube.ide.mcu.externaltools.gnu-tools-for-stm32.10.3-2021.10.linux64_1.0.100.202210260954/tools/bin/../lib/gcc/arm-none-eabi/10.3.1/../../../../arm-none-eabi/lib/thumb/v7e-m/nofp/libc_nano.a(lib_a-readr.o)
                0x00000000080026a0                _read_r
 *(.glue_7)
 .glue_7        0x00000000080026c4        0x0 linker stubs
 *(.glue_7t)
 .glue_7t       0x00000000080026c4        0x0 linker stubs
 *(.eh_frame)
 .eh_frame      0x00000000080026c4        0x0 /home/naveen/st/stm32cubeide_1.11.2/plugins/com.st.stm32cube.ide.mcu.externaltools.gnu-tools-for-stm32.10.3-2021.10.linux64_1.0.100.202210260954/tools/bin/../lib/gcc/arm-none-eabi/10.3.1/thumb/v7e-m/nofp/crtbegin.o
 *(.init)
 .init          0x00000000080026c4        0x4 /home/naveen/st/stm32cubeide_1.11.2/plugins/com.st.stm32cube.ide.mcu.externaltools.gnu-tools-for-stm32.10.3-2021.10.linux64_1.0.100.202210260954/tools/bin/../lib/gcc/arm-none-eabi/10.3.1/thumb/v7e-m/nofp/crti.o
                0x00000000080026c4                _init
 .init          0x00000000080026c8        0x8 /home/naveen/st/stm32cubeide_1.11.2/plugins/com.st.stm32cube.ide.mcu.externaltools.gnu-tools-for-stm32.10.3-2021.10.linux64_1.0.100.202210260954/tools/bin/../lib/gcc/arm-none-eabi/10.3.1/thumb/v7e-m/nofp/crtn.o
 *(.fini)
 .fini          0x00000000080026d0        0x4 /home/naveen/st/stm32cubeide_1.11.2/plugins/com.st.stm32cube.ide.mcu.externaltools.gnu-tools-for-stm32.10.3-2021.10.linux64_1.0.100.202210260954/tools/bin/../lib/gcc/arm-none-eabi/10.3.1/thumb/v7e-m/nofp/crti.o
                0x00000000080026d0                _fini
 .fini          0x00000000080026d4        0x8 /home/naveen/st/stm32cubeide_1.11.2/plugins/com.st.stm32cube.ide.mcu.externaltools.gnu-tools-for-stm32.10.3-2021.10.linux64_1.0.100.202210260954/tools/bin/../lib/gcc/arm-none-eabi/10.3.1/thumb/v7e-m/nofp/crtn.o
                0x00000000080026dc                . = ALIGN (0x4)
                0x00000000080026dc                _etext = .

.vfp11_veneer   0x00000000080026dc        0x0
 .vfp11_veneer  0x00000000080026dc        0x0 linker stubs

.v4_bx          0x00000000080026dc        0x0
 .v4_bx         0x00000000080026dc        0x0 linker stubs

.iplt           0x00000000080026dc        0x0
 .iplt          0x00000000080026dc        0x0 /home/naveen/st/stm32cubeide_1.11.2/plugins/com.st.stm32cube.ide.mcu.externaltools.gnu-tools-for-stm32.10.3-2021.10.linux64_1.0.100.202210260954/tools/bin/../lib/gcc/arm-none-eabi/10.3.1/thumb/v7e-m/nofp/crtbegin.o

.rodata         0x00000000080026dc       0xcc
                0x00000000080026dc                . = ALIGN (0x4)
 *(.rodata)
 .rodata        0x00000000080026dc       0x33 ./Src/temp_on_lcd.o
 *(.rodata*)
 *fill*         0x000000000800270f        0x1 
 .rodata._global_impure_ptr
                0x0000000008002710        0x4 /home/naveen/st/stm32cubeide_1.11.2/plugins/com.st.stm32cube.ide.mcu.externaltools.gnu-tools-for-stm32.10.3-2021.10.linux64_1.0.100.202210260954/tools/bin/../lib/gcc/arm-none-eabi/10.3.1/../../../../arm-none-eabi/lib/thumb/v7e-m/nofp/libc_nano.a(lib_a-impure.o)
                0x0000000008002710                _global_impure_ptr
 .rodata.__sf_fake_stderr
                0x0000000008002714       0x20 /home/naveen/st/stm32cubeide_1.11.2/plugins/com.st.stm32cube.ide.mcu.externaltools.gnu-tools-for-stm32.10.3-2021.10.linux64_1.0.100.202210260954/tools/bin/../lib/gcc/arm-none-eabi/10.3.1/../../../../arm-none-eabi/lib/thumb/v7e-m/nofp/libc_nano.a(lib_a-findfp.o)
                0x0000000008002714                __sf_fake_stderr
 .rodata.__sf_fake_stdin
                0x0000000008002734       0x20 /home/naveen/st/stm32cubeide_1.11.2/plugins/com.st.stm32cube.ide.mcu.externaltools.gnu-tools-for-stm32.10.3-2021.10.linux64_1.0.100.202210260954/tools/bin/../lib/gcc/arm-none-eabi/10.3.1/../../../../arm-none-eabi/lib/thumb/v7e-m/nofp/libc_nano.a(lib_a-findfp.o)
                0x0000000008002734                __sf_fake_stdin
 .rodata.__sf_fake_stdout
                0x0000000008002754       0x20 /home/naveen/st/stm32cubeide_1.11.2/plugins/com.st.stm32cube.ide.mcu.externaltools.gnu-tools-for-stm32.10.3-2021.10.linux64_1.0.100.202210260954/tools/bin/../lib/gcc/arm-none-eabi/10.3.1/../../../../arm-none-eabi/lib/thumb/v7e-m/nofp/libc_nano.a(lib_a-findfp.o)
                0x0000000008002754                __sf_fake_stdout
 .rodata._vfprintf_r.str1.1
                0x0000000008002774       0x11 /home/naveen/st/stm32cubeide_1.11.2/plugins/com.st.stm32cube.ide.mcu.externaltools.gnu-tools-for-stm32.10.3-2021.10.linux64_1.0.100.202210260954/tools/bin/../lib/gcc/arm-none-eabi/10.3.1/../../../../arm-none-eabi/lib/thumb/v7e-m/nofp/libc_nano.a(lib_a-nano-vfprintf.o)
 .rodata._printf_i.str1.1
                0x0000000008002785       0x22 /home/naveen/st/stm32cubeide_1.11.2/plugins/com.st.stm32cube.ide.mcu.externaltools.gnu-tools-for-stm32.10.3-2021.10.linux64_1.0.100.202210260954/tools/bin/../lib/gcc/arm-none-eabi/10.3.1/../../../../arm-none-eabi/lib/thumb/v7e-m/nofp/libc_nano.a(lib_a-nano-vfprintf_i.o)
                0x00000000080027a8                . = ALIGN (0x4)
 *fill*         0x00000000080027a7        0x1 

.rel.dyn        0x00000000080027a8        0x0
 .rel.iplt      0x00000000080027a8        0x0 /home/naveen/st/stm32cubeide_1.11.2/plugins/com.st.stm32cube.ide.mcu.externaltools.gnu-tools-for-stm32.10.3-2021.10.linux64_1.0.100.202210260954/tools/bin/../lib/gcc/arm-none-eabi/10.3.1/thumb/v7e-m/nofp/crtbegin.o

.ARM.extab      0x00000000080027a8        0x0
                0x00000000080027a8                . = ALIGN (0x4)
 *(.ARM.extab* .gnu.linkonce.armextab.*)
                0x00000000080027a8                . = ALIGN (0x4)

.ARM            0x00000000080027a8        0x0
                0x00000000080027a8                . = ALIGN (0x4)
                0x00000000080027a8                __exidx_start = .
 *(.ARM.exidx*)
                0x00000000080027a8                __exidx_end = .
                0x00000000080027a8                . = ALIGN (0x4)

.preinit_array  0x00000000080027a8        0x0
                0x00000000080027a8                . = ALIGN (0x4)
                0x00000000080027a8                PROVIDE (__preinit_array_start = .)
 *(.preinit_array*)
                0x00000000080027a8                PROVIDE (__preinit_array_end = .)
                0x00000000080027a8                . = ALIGN (0x4)

.init_array     0x00000000080027a8        0x4
                0x00000000080027a8                . = ALIGN (0x4)
                0x00000000080027a8                PROVIDE (__init_array_start = .)
 *(SORT_BY_NAME(.init_array.*))
 *(.init_array*)
 .init_array    0x00000000080027a8        0x4 /home/naveen/st/stm32cubeide_1.11.2/plugins/com.st.stm32cube.ide.mcu.externaltools.gnu-tools-for-stm32.10.3-2021.10.linux64_1.0.100.202210260954/tools/bin/../lib/gcc/arm-none-eabi/10.3.1/thumb/v7e-m/nofp/crtbegin.o
                0x00000000080027ac                PROVIDE (__init_array_end = .)
                0x00000000080027ac                . = ALIGN (0x4)

.fini_array     0x00000000080027ac        0x4
                0x00000000080027ac                . = ALIGN (0x4)
                [!provide]                        PROVIDE (__fini_array_start = .)
 *(SORT_BY_NAME(.fini_array.*))
 *(.fini_array*)
 .fini_array    0x00000000080027ac        0x4 /home/naveen/st/stm32cubeide_1.11.2/plugins/com.st.stm32cube.ide.mcu.externaltools.gnu-tools-for-stm32.10.3-2021.10.linux64_1.0.100.202210260954/tools/bin/../lib/gcc/arm-none-eabi/10.3.1/thumb/v7e-m/nofp/crtbegin.o
                [!provide]                        PROVIDE (__fini_array_end = .)
                0x00000000080027b0                . = ALIGN (0x4)
                0x00000000080027b0                _sidata = LOADADDR (.data)

.data           0x0000000020000000       0x6c load address 0x00000000080027b0
                0x0000000020000000                . = ALIGN (0x4)
                0x0000000020000000                _sdata = .
 *(.data)
 *(.data*)
 .data.I2C_DEVICE
                0x0000000020000000        0x4 ./Src/temp_on_lcd.o
                0x0000000020000000                I2C_DEVICE
 .data.SlaveAddress
                0x0000000020000004        0x1 ./Src/temp_on_lcd.o
                0x0000000020000004                SlaveAddress
 *fill*         0x0000000020000005        0x3 
 .data._impure_ptr
                0x0000000020000008        0x4 /home/naveen/st/stm32cubeide_1.11.2/plugins/com.st.stm32cube.ide.mcu.externaltools.gnu-tools-for-stm32.10.3-2021.10.linux64_1.0.100.202210260954/tools/bin/../lib/gcc/arm-none-eabi/10.3.1/../../../../arm-none-eabi/lib/thumb/v7e-m/nofp/libc_nano.a(lib_a-impure.o)
                0x0000000020000008                _impure_ptr
 .data.impure_data
                0x000000002000000c       0x60 /home/naveen/st/stm32cubeide_1.11.2/plugins/com.st.stm32cube.ide.mcu.externaltools.gnu-tools-for-stm32.10.3-2021.10.linux64_1.0.100.202210260954/tools/bin/../lib/gcc/arm-none-eabi/10.3.1/../../../../arm-none-eabi/lib/thumb/v7e-m/nofp/libc_nano.a(lib_a-impure.o)
 *(.RamFunc)
 *(.RamFunc*)
                0x000000002000006c                . = ALIGN (0x4)
                0x000000002000006c                _edata = .
                0x000000000800281c                _siccmram = LOADADDR (.ccmram)

.igot.plt       0x000000002000006c        0x0 load address 0x000000000800281c
 .igot.plt      0x000000002000006c        0x0 /home/naveen/st/stm32cubeide_1.11.2/plugins/com.st.stm32cube.ide.mcu.externaltools.gnu-tools-for-stm32.10.3-2021.10.linux64_1.0.100.202210260954/tools/bin/../lib/gcc/arm-none-eabi/10.3.1/thumb/v7e-m/nofp/crtbegin.o

.ccmram         0x0000000010000000        0x0 load address 0x000000000800281c
                0x0000000010000000                . = ALIGN (0x4)
                0x0000000010000000                _sccmram = .
 *(.ccmram)
 *(.ccmram*)
                0x0000000010000000                . = ALIGN (0x4)
                0x0000000010000000                _eccmram = .
                0x0000000010000000                . = ALIGN (0x4)

.bss            0x000000002000006c       0x5c
                0x000000002000006c                _sbss = .
                0x000000002000006c                __bss_start__ = _sbss
 *(.bss)
 .bss           0x000000002000006c       0x1c /home/naveen/st/stm32cubeide_1.11.2/plugins/com.st.stm32cube.ide.mcu.externaltools.gnu-tools-for-stm32.10.3-2021.10.linux64_1.0.100.202210260954/tools/bin/../lib/gcc/arm-none-eabi/10.3.1/thumb/v7e-m/nofp/crtbegin.o
 *(.bss*)
 .bss.TIM2_Handle
                0x0000000020000088       0x2c ./Driver/Src/common_utilities.o
                0x0000000020000088                TIM2_Handle
 .bss.__sbrk_heap_end
                0x00000000200000b4        0x4 ./Src/sysmem.o
 .bss.__lock___malloc_recursive_mutex
                0x00000000200000b8        0x1 /home/naveen/st/stm32cubeide_1.11.2/plugins/com.st.stm32cube.ide.mcu.externaltools.gnu-tools-for-stm32.10.3-2021.10.linux64_1.0.100.202210260954/tools/bin/../lib/gcc/arm-none-eabi/10.3.1/../../../../arm-none-eabi/lib/thumb/v7e-m/nofp/libc_nano.a(lib_a-lock.o)
                0x00000000200000b8                __lock___malloc_recursive_mutex
 .bss.__lock___sfp_recursive_mutex
                0x00000000200000b9        0x1 /home/naveen/st/stm32cubeide_1.11.2/plugins/com.st.stm32cube.ide.mcu.externaltools.gnu-tools-for-stm32.10.3-2021.10.linux64_1.0.100.202210260954/tools/bin/../lib/gcc/arm-none-eabi/10.3.1/../../../../arm-none-eabi/lib/thumb/v7e-m/nofp/libc_nano.a(lib_a-lock.o)
                0x00000000200000b9                __lock___sfp_recursive_mutex
 .bss.__lock___sinit_recursive_mutex
                0x00000000200000ba        0x1 /home/naveen/st/stm32cubeide_1.11.2/plugins/com.st.stm32cube.ide.mcu.externaltools.gnu-tools-for-stm32.10.3-2021.10.linux64_1.0.100.202210260954/tools/bin/../lib/gcc/arm-none-eabi/10.3.1/../../../../arm-none-eabi/lib/thumb/v7e-m/nofp/libc_nano.a(lib_a-lock.o)
                0x00000000200000ba                __lock___sinit_recursive_mutex
 *fill*         0x00000000200000bb        0x1 
 .bss.__malloc_free_list
                0x00000000200000bc        0x4 /home/naveen/st/stm32cubeide_1.11.2/plugins/com.st.stm32cube.ide.mcu.externaltools.gnu-tools-for-stm32.10.3-2021.10.linux64_1.0.100.202210260954/tools/bin/../lib/gcc/arm-none-eabi/10.3.1/../../../../arm-none-eabi/lib/thumb/v7e-m/nofp/libc_nano.a(lib_a-nano-mallocr.o)
                0x00000000200000bc                __malloc_free_list
 .bss.__malloc_sbrk_start
                0x00000000200000c0        0x4 /home/naveen/st/stm32cubeide_1.11.2/plugins/com.st.stm32cube.ide.mcu.externaltools.gnu-tools-for-stm32.10.3-2021.10.linux64_1.0.100.202210260954/tools/bin/../lib/gcc/arm-none-eabi/10.3.1/../../../../arm-none-eabi/lib/thumb/v7e-m/nofp/libc_nano.a(lib_a-nano-mallocr.o)
                0x00000000200000c0                __malloc_sbrk_start
 .bss.errno     0x00000000200000c4        0x4 /home/naveen/st/stm32cubeide_1.11.2/plugins/com.st.stm32cube.ide.mcu.externaltools.gnu-tools-for-stm32.10.3-2021.10.linux64_1.0.100.202210260954/tools/bin/../lib/gcc/arm-none-eabi/10.3.1/../../../../arm-none-eabi/lib/thumb/v7e-m/nofp/libc_nano.a(lib_a-reent.o)
                0x00000000200000c4                errno
 *(COMMON)
                0x00000000200000c8                . = ALIGN (0x4)
                0x00000000200000c8                _ebss = .
                0x00000000200000c8                __bss_end__ = _ebss

._user_heap_stack
                0x00000000200000c8      0x600
                0x00000000200000c8                . = ALIGN (0x8)
                [!provide]                        PROVIDE (end = .)
                0x00000000200000c8                PROVIDE (_end = .)
                0x00000000200002c8                . = (. + _Min_Heap_Size)
 *fill*         0x00000000200000c8      0x200 
                0x00000000200006c8                . = (. + _Min_Stack_Size)
 *fill*         0x00000000200002c8      0x400 
                0x00000000200006c8                . = ALIGN (0x8)

/DISCARD/
 libc.a(*)
 libm.a(*)
 libgcc.a(*)

.ARM.attributes
                0x0000000000000000       0x2a
 *(.ARM.attributes)
 .ARM.attributes
                0x0000000000000000       0x1e /home/naveen/st/stm32cubeide_1.11.2/plugins/com.st.stm32cube.ide.mcu.externaltools.gnu-tools-for-stm32.10.3-2021.10.linux64_1.0.100.202210260954/tools/bin/../lib/gcc/arm-none-eabi/10.3.1/thumb/v7e-m/nofp/crti.o
 .ARM.attributes
                0x000000000000001e       0x2e /home/naveen/st/stm32cubeide_1.11.2/plugins/com.st.stm32cube.ide.mcu.externaltools.gnu-tools-for-stm32.10.3-2021.10.linux64_1.0.100.202210260954/tools/bin/../lib/gcc/arm-none-eabi/10.3.1/thumb/v7e-m/nofp/crtbegin.o
 .ARM.attributes
                0x000000000000004c       0x2e ./Driver/Src/common_utilities.o
 .ARM.attributes
                0x000000000000007a       0x2e ./Driver/Src/general_purpose_timer.o
 .ARM.attributes
                0x00000000000000a8       0x2e ./Driver/Src/gpio_driver.o
 .ARM.attributes
                0x00000000000000d6       0x2e ./Driver/Src/i2c_driver.o
 .ARM.attributes
                0x0000000000000104       0x2e ./Driver/Src/lcd_driver_pcf8574.o
 .ARM.attributes
                0x0000000000000132       0x2e ./Driver/Src/stm32f4xx.o
 .ARM.attributes
                0x0000000000000160       0x2e ./Src/syscalls.o
 .ARM.attributes
                0x000000000000018e       0x2e ./Src/sysmem.o
 .ARM.attributes
                0x00000000000001bc       0x2e ./Src/temp_on_lcd.o
 .ARM.attributes
                0x00000000000001ea       0x21 ./Startup/startup_stm32f407vgtx.o
 .ARM.attributes
                0x000000000000020b       0x2e /home/naveen/st/stm32cubeide_1.11.2/plugins/com.st.stm32cube.ide.mcu.externaltools.gnu-tools-for-stm32.10.3-2021.10.linux64_1.0.100.202210260954/tools/bin/../lib/gcc/arm-none-eabi/10.3.1/../../../../arm-none-eabi/lib/thumb/v7e-m/nofp/libc_nano.a(lib_a-errno.o)
 .ARM.attributes
                0x0000000000000239       0x2e /home/naveen/st/stm32cubeide_1.11.2/plugins/com.st.stm32cube.ide.mcu.externaltools.gnu-tools-for-stm32.10.3-2021.10.linux64_1.0.100.202210260954/tools/bin/../lib/gcc/arm-none-eabi/10.3.1/../../../../arm-none-eabi/lib/thumb/v7e-m/nofp/libc_nano.a(lib_a-impure.o)
 .ARM.attributes
                0x0000000000000267       0x2e /home/naveen/st/stm32cubeide_1.11.2/plugins/com.st.stm32cube.ide.mcu.externaltools.gnu-tools-for-stm32.10.3-2021.10.linux64_1.0.100.202210260954/tools/bin/../lib/gcc/arm-none-eabi/10.3.1/../../../../arm-none-eabi/lib/thumb/v7e-m/nofp/libc_nano.a(lib_a-init.o)
 .ARM.attributes
                0x0000000000000295       0x2e /home/naveen/st/stm32cubeide_1.11.2/plugins/com.st.stm32cube.ide.mcu.externaltools.gnu-tools-for-stm32.10.3-2021.10.linux64_1.0.100.202210260954/tools/bin/../lib/gcc/arm-none-eabi/10.3.1/../../../../arm-none-eabi/lib/thumb/v7e-m/nofp/libc_nano.a(lib_a-memset.o)
 .ARM.attributes
                0x00000000000002c3       0x2e /home/naveen/st/stm32cubeide_1.11.2/plugins/com.st.stm32cube.ide.mcu.externaltools.gnu-tools-for-stm32.10.3-2021.10.linux64_1.0.100.202210260954/tools/bin/../lib/gcc/arm-none-eabi/10.3.1/../../../../arm-none-eabi/lib/thumb/v7e-m/nofp/libc_nano.a(lib_a-printf.o)
 .ARM.attributes
                0x00000000000002f1       0x2e /home/naveen/st/stm32cubeide_1.11.2/plugins/com.st.stm32cube.ide.mcu.externaltools.gnu-tools-for-stm32.10.3-2021.10.linux64_1.0.100.202210260954/tools/bin/../lib/gcc/arm-none-eabi/10.3.1/../../../../arm-none-eabi/lib/thumb/v7e-m/nofp/libc_nano.a(lib_a-setbuf.o)
 .ARM.attributes
                0x000000000000031f       0x2e /home/naveen/st/stm32cubeide_1.11.2/plugins/com.st.stm32cube.ide.mcu.externaltools.gnu-tools-for-stm32.10.3-2021.10.linux64_1.0.100.202210260954/tools/bin/../lib/gcc/arm-none-eabi/10.3.1/../../../../arm-none-eabi/lib/thumb/v7e-m/nofp/libc_nano.a(lib_a-setvbuf.o)
 .ARM.attributes
                0x000000000000034d       0x2e /home/naveen/st/stm32cubeide_1.11.2/plugins/com.st.stm32cube.ide.mcu.externaltools.gnu-tools-for-stm32.10.3-2021.10.linux64_1.0.100.202210260954/tools/bin/../lib/gcc/arm-none-eabi/10.3.1/../../../../arm-none-eabi/lib/thumb/v7e-m/nofp/libc_nano.a(lib_a-wbuf.o)
 .ARM.attributes
                0x000000000000037b       0x2e /home/naveen/st/stm32cubeide_1.11.2/plugins/com.st.stm32cube.ide.mcu.externaltools.gnu-tools-for-stm32.10.3-2021.10.linux64_1.0.100.202210260954/tools/bin/../lib/gcc/arm-none-eabi/10.3.1/../../../../arm-none-eabi/lib/thumb/v7e-m/nofp/libc_nano.a(lib_a-wsetup.o)
 .ARM.attributes
                0x00000000000003a9       0x2e /home/naveen/st/stm32cubeide_1.11.2/plugins/com.st.stm32cube.ide.mcu.externaltools.gnu-tools-for-stm32.10.3-2021.10.linux64_1.0.100.202210260954/tools/bin/../lib/gcc/arm-none-eabi/10.3.1/../../../../arm-none-eabi/lib/thumb/v7e-m/nofp/libc_nano.a(lib_a-fflush.o)
 .ARM.attributes
                0x00000000000003d7       0x2e /home/naveen/st/stm32cubeide_1.11.2/plugins/com.st.stm32cube.ide.mcu.externaltools.gnu-tools-for-stm32.10.3-2021.10.linux64_1.0.100.202210260954/tools/bin/../lib/gcc/arm-none-eabi/10.3.1/../../../../arm-none-eabi/lib/thumb/v7e-m/nofp/libc_nano.a(lib_a-findfp.o)
 .ARM.attributes
                0x0000000000000405       0x2e /home/naveen/st/stm32cubeide_1.11.2/plugins/com.st.stm32cube.ide.mcu.externaltools.gnu-tools-for-stm32.10.3-2021.10.linux64_1.0.100.202210260954/tools/bin/../lib/gcc/arm-none-eabi/10.3.1/../../../../arm-none-eabi/lib/thumb/v7e-m/nofp/libc_nano.a(lib_a-fwalk.o)
 .ARM.attributes
                0x0000000000000433       0x2e /home/naveen/st/stm32cubeide_1.11.2/plugins/com.st.stm32cube.ide.mcu.externaltools.gnu-tools-for-stm32.10.3-2021.10.linux64_1.0.100.202210260954/tools/bin/../lib/gcc/arm-none-eabi/10.3.1/../../../../arm-none-eabi/lib/thumb/v7e-m/nofp/libc_nano.a(lib_a-lock.o)
 .ARM.attributes
                0x0000000000000461       0x2e /home/naveen/st/stm32cubeide_1.11.2/plugins/com.st.stm32cube.ide.mcu.externaltools.gnu-tools-for-stm32.10.3-2021.10.linux64_1.0.100.202210260954/tools/bin/../lib/gcc/arm-none-eabi/10.3.1/../../../../arm-none-eabi/lib/thumb/v7e-m/nofp/libc_nano.a(lib_a-makebuf.o)
 .ARM.attributes
                0x000000000000048f       0x2e /home/naveen/st/stm32cubeide_1.11.2/plugins/com.st.stm32cube.ide.mcu.externaltools.gnu-tools-for-stm32.10.3-2021.10.linux64_1.0.100.202210260954/tools/bin/../lib/gcc/arm-none-eabi/10.3.1/../../../../arm-none-eabi/lib/thumb/v7e-m/nofp/libc_nano.a(lib_a-malloc.o)
 .ARM.attributes
                0x00000000000004bd       0x2e /home/naveen/st/stm32cubeide_1.11.2/plugins/com.st.stm32cube.ide.mcu.externaltools.gnu-tools-for-stm32.10.3-2021.10.linux64_1.0.100.202210260954/tools/bin/../lib/gcc/arm-none-eabi/10.3.1/../../../../arm-none-eabi/lib/thumb/v7e-m/nofp/libc_nano.a(lib_a-nano-freer.o)
 .ARM.attributes
                0x00000000000004eb       0x2e /home/naveen/st/stm32cubeide_1.11.2/plugins/com.st.stm32cube.ide.mcu.externaltools.gnu-tools-for-stm32.10.3-2021.10.linux64_1.0.100.202210260954/tools/bin/../lib/gcc/arm-none-eabi/10.3.1/../../../../arm-none-eabi/lib/thumb/v7e-m/nofp/libc_nano.a(lib_a-nano-mallocr.o)
 .ARM.attributes
                0x0000000000000519       0x2e /home/naveen/st/stm32cubeide_1.11.2/plugins/com.st.stm32cube.ide.mcu.externaltools.gnu-tools-for-stm32.10.3-2021.10.linux64_1.0.100.202210260954/tools/bin/../lib/gcc/arm-none-eabi/10.3.1/../../../../arm-none-eabi/lib/thumb/v7e-m/nofp/libc_nano.a(lib_a-nano-vfprintf.o)
 .ARM.attributes
                0x0000000000000547       0x2e /home/naveen/st/stm32cubeide_1.11.2/plugins/com.st.stm32cube.ide.mcu.externaltools.gnu-tools-for-stm32.10.3-2021.10.linux64_1.0.100.202210260954/tools/bin/../lib/gcc/arm-none-eabi/10.3.1/../../../../arm-none-eabi/lib/thumb/v7e-m/nofp/libc_nano.a(lib_a-nano-vfprintf_i.o)
 .ARM.attributes
                0x0000000000000575       0x2e /home/naveen/st/stm32cubeide_1.11.2/plugins/com.st.stm32cube.ide.mcu.externaltools.gnu-tools-for-stm32.10.3-2021.10.linux64_1.0.100.202210260954/tools/bin/../lib/gcc/arm-none-eabi/10.3.1/../../../../arm-none-eabi/lib/thumb/v7e-m/nofp/libc_nano.a(lib_a-sbrkr.o)
 .ARM.attributes
                0x00000000000005a3       0x2e /home/naveen/st/stm32cubeide_1.11.2/plugins/com.st.stm32cube.ide.mcu.externaltools.gnu-tools-for-stm32.10.3-2021.10.linux64_1.0.100.202210260954/tools/bin/../lib/gcc/arm-none-eabi/10.3.1/../../../../arm-none-eabi/lib/thumb/v7e-m/nofp/libc_nano.a(lib_a-stdio.o)
 .ARM.attributes
                0x00000000000005d1       0x2e /home/naveen/st/stm32cubeide_1.11.2/plugins/com.st.stm32cube.ide.mcu.externaltools.gnu-tools-for-stm32.10.3-2021.10.linux64_1.0.100.202210260954/tools/bin/../lib/gcc/arm-none-eabi/10.3.1/../../../../arm-none-eabi/lib/thumb/v7e-m/nofp/libc_nano.a(lib_a-writer.o)
 .ARM.attributes
                0x00000000000005ff       0x2e /home/naveen/st/stm32cubeide_1.11.2/plugins/com.st.stm32cube.ide.mcu.externaltools.gnu-tools-for-stm32.10.3-2021.10.linux64_1.0.100.202210260954/tools/bin/../lib/gcc/arm-none-eabi/10.3.1/../../../../arm-none-eabi/lib/thumb/v7e-m/nofp/libc_nano.a(lib_a-closer.o)
 .ARM.attributes
                0x000000000000062d       0x2e /home/naveen/st/stm32cubeide_1.11.2/plugins/com.st.stm32cube.ide.mcu.externaltools.gnu-tools-for-stm32.10.3-2021.10.linux64_1.0.100.202210260954/tools/bin/../lib/gcc/arm-none-eabi/10.3.1/../../../../arm-none-eabi/lib/thumb/v7e-m/nofp/libc_nano.a(lib_a-fstatr.o)
 .ARM.attributes
                0x000000000000065b       0x2e /home/naveen/st/stm32cubeide_1.11.2/plugins/com.st.stm32cube.ide.mcu.externaltools.gnu-tools-for-stm32.10.3-2021.10.linux64_1.0.100.202210260954/tools/bin/../lib/gcc/arm-none-eabi/10.3.1/../../../../arm-none-eabi/lib/thumb/v7e-m/nofp/libc_nano.a(lib_a-isattyr.o)
 .ARM.attributes
                0x0000000000000689       0x2e /home/naveen/st/stm32cubeide_1.11.2/plugins/com.st.stm32cube.ide.mcu.externaltools.gnu-tools-for-stm32.10.3-2021.10.linux64_1.0.100.202210260954/tools/bin/../lib/gcc/arm-none-eabi/10.3.1/../../../../arm-none-eabi/lib/thumb/v7e-m/nofp/libc_nano.a(lib_a-lseekr.o)
 .ARM.attributes
                0x00000000000006b7       0x1c /home/naveen/st/stm32cubeide_1.11.2/plugins/com.st.stm32cube.ide.mcu.externaltools.gnu-tools-for-stm32.10.3-2021.10.linux64_1.0.100.202210260954/tools/bin/../lib/gcc/arm-none-eabi/10.3.1/../../../../arm-none-eabi/lib/thumb/v7e-m/nofp/libc_nano.a(lib_a-memchr.o)
 .ARM.attributes
                0x00000000000006d3       0x2e /home/naveen/st/stm32cubeide_1.11.2/plugins/com.st.stm32cube.ide.mcu.externaltools.gnu-tools-for-stm32.10.3-2021.10.linux64_1.0.100.202210260954/tools/bin/../lib/gcc/arm-none-eabi/10.3.1/../../../../arm-none-eabi/lib/thumb/v7e-m/nofp/libc_nano.a(lib_a-mlock.o)
 .ARM.attributes
                0x0000000000000701       0x2e /home/naveen/st/stm32cubeide_1.11.2/plugins/com.st.stm32cube.ide.mcu.externaltools.gnu-tools-for-stm32.10.3-2021.10.linux64_1.0.100.202210260954/tools/bin/../lib/gcc/arm-none-eabi/10.3.1/../../../../arm-none-eabi/lib/thumb/v7e-m/nofp/libc_nano.a(lib_a-readr.o)
 .ARM.attributes
                0x000000000000072f       0x2e /home/naveen/st/stm32cubeide_1.11.2/plugins/com.st.stm32cube.ide.mcu.externaltools.gnu-tools-for-stm32.10.3-2021.10.linux64_1.0.100.202210260954/tools/bin/../lib/gcc/arm-none-eabi/10.3.1/../../../../arm-none-eabi/lib/thumb/v7e-m/nofp/libc_nano.a(lib_a-reent.o)
 .ARM.attributes
                0x000000000000075d       0x1e /home/naveen/st/stm32cubeide_1.11.2/plugins/com.st.stm32cube.ide.mcu.externaltools.gnu-tools-for-stm32.10.3-2021.10.linux64_1.0.100.202210260954/tools/bin/../lib/gcc/arm-none-eabi/10.3.1/thumb/v7e-m/nofp/crtn.o
OUTPUT(011GPIODriver.elf elf32-littlearm)
LOAD linker stubs
LOAD /home/naveen/st/stm32cubeide_1.11.2/plugins/com.st.stm32cube.ide.mcu.externaltools.gnu-tools-for-stm32.10.3-2021.10.linux64_1.0.100.202210260954/tools/bin/../lib/gcc/arm-none-eabi/10.3.1/../../../../arm-none-eabi/lib/thumb/v7e-m/nofp/libc.a
LOAD /home/naveen/st/stm32cubeide_1.11.2/plugins/com.st.stm32cube.ide.mcu.externaltools.gnu-tools-for-stm32.10.3-2021.10.linux64_1.0.100.202210260954/tools/bin/../lib/gcc/arm-none-eabi/10.3.1/../../../../arm-none-eabi/lib/thumb/v7e-m/nofp/libm.a
LOAD /home/naveen/st/stm32cubeide_1.11.2/plugins/com.st.stm32cube.ide.mcu.externaltools.gnu-tools-for-stm32.10.3-2021.10.linux64_1.0.100.202210260954/tools/bin/../lib/gcc/arm-none-eabi/10.3.1/thumb/v7e-m/nofp/libgcc.a

.debug_info     0x0000000000000000     0x2b87
 .debug_info    0x0000000000000000      0x382 ./Driver/Src/common_utilities.o
 .debug_info    0x0000000000000382      0x3ca ./Driver/Src/general_purpose_timer.o
 .debug_info    0x000000000000074c      0x4ab ./Driver/Src/gpio_driver.o
 .debug_info    0x0000000000000bf7      0x6cd ./Driver/Src/i2c_driver.o
 .debug_info    0x00000000000012c4      0x307 ./Driver/Src/lcd_driver_pcf8574.o
 .debug_info    0x00000000000015cb      0x1bc ./Driver/Src/stm32f4xx.o
 .debug_info    0x0000000000001787      0x721 ./Src/syscalls.o
 .debug_info    0x0000000000001ea8      0x171 ./Src/sysmem.o
 .debug_info    0x0000000000002019      0xb4c ./Src/temp_on_lcd.o
 .debug_info    0x0000000000002b65       0x22 ./Startup/startup_stm32f407vgtx.o

.debug_abbrev   0x0000000000000000      0xaac
 .debug_abbrev  0x0000000000000000       0xf9 ./Driver/Src/common_utilities.o
 .debug_abbrev  0x00000000000000f9       0xae ./Driver/Src/general_purpose_timer.o
 .debug_abbrev  0x00000000000001a7      0x100 ./Driver/Src/gpio_driver.o
 .debug_abbrev  0x00000000000002a7      0x171 ./Driver/Src/i2c_driver.o
 .debug_abbrev  0x0000000000000418      0x100 ./Driver/Src/lcd_driver_pcf8574.o
 .debug_abbrev  0x0000000000000518       0xdb ./Driver/Src/stm32f4xx.o
 .debug_abbrev  0x00000000000005f3      0x1cb ./Src/syscalls.o
 .debug_abbrev  0x00000000000007be       0xbb ./Src/sysmem.o
 .debug_abbrev  0x0000000000000879      0x221 ./Src/temp_on_lcd.o
 .debug_abbrev  0x0000000000000a9a       0x12 ./Startup/startup_stm32f407vgtx.o

.debug_aranges  0x0000000000000000      0x368
 .debug_aranges
                0x0000000000000000       0x28 ./Driver/Src/common_utilities.o
 .debug_aranges
                0x0000000000000028       0x50 ./Driver/Src/general_purpose_timer.o
 .debug_aranges
                0x0000000000000078       0x70 ./Driver/Src/gpio_driver.o
 .debug_aranges
                0x00000000000000e8       0xa8 ./Driver/Src/i2c_driver.o
 .debug_aranges
                0x0000000000000190       0x68 ./Driver/Src/lcd_driver_pcf8574.o
 .debug_aranges
                0x00000000000001f8       0x38 ./Driver/Src/stm32f4xx.o
 .debug_aranges
                0x0000000000000230       0xb0 ./Src/syscalls.o
 .debug_aranges
                0x00000000000002e0       0x20 ./Src/sysmem.o
 .debug_aranges
                0x0000000000000300       0x40 ./Src/temp_on_lcd.o
 .debug_aranges
                0x0000000000000340       0x28 ./Startup/startup_stm32f407vgtx.o

.debug_ranges   0x0000000000000000      0x2d0
 .debug_ranges  0x0000000000000000       0x18 ./Driver/Src/common_utilities.o
 .debug_ranges  0x0000000000000018       0x40 ./Driver/Src/general_purpose_timer.o
 .debug_ranges  0x0000000000000058       0x60 ./Driver/Src/gpio_driver.o
 .debug_ranges  0x00000000000000b8       0x98 ./Driver/Src/i2c_driver.o
 .debug_ranges  0x0000000000000150       0x58 ./Driver/Src/lcd_driver_pcf8574.o
 .debug_ranges  0x00000000000001a8       0x28 ./Driver/Src/stm32f4xx.o
 .debug_ranges  0x00000000000001d0       0xa0 ./Src/syscalls.o
 .debug_ranges  0x0000000000000270       0x10 ./Src/sysmem.o
 .debug_ranges  0x0000000000000280       0x30 ./Src/temp_on_lcd.o
 .debug_ranges  0x00000000000002b0       0x20 ./Startup/startup_stm32f407vgtx.o

.debug_macro    0x0000000000000000     0x3930
 .debug_macro   0x0000000000000000      0x165 ./Driver/Src/common_utilities.o
 .debug_macro   0x0000000000000165      0xa78 ./Driver/Src/common_utilities.o
 .debug_macro   0x0000000000000bdd       0x22 ./Driver/Src/common_utilities.o
 .debug_macro   0x0000000000000bff       0x4c ./Driver/Src/common_utilities.o
 .debug_macro   0x0000000000000c4b       0x18 ./Driver/Src/common_utilities.o
 .debug_macro   0x0000000000000c63       0x94 ./Driver/Src/common_utilities.o
 .debug_macro   0x0000000000000cf7       0x3c ./Driver/Src/common_utilities.o
 .debug_macro   0x0000000000000d33       0x34 ./Driver/Src/common_utilities.o
 .debug_macro   0x0000000000000d67      0x174 ./Driver/Src/common_utilities.o
 .debug_macro   0x0000000000000edb       0x16 ./Driver/Src/common_utilities.o
 .debug_macro   0x0000000000000ef1       0x43 ./Driver/Src/common_utilities.o
 .debug_macro   0x0000000000000f34       0x57 ./Driver/Src/common_utilities.o
 .debug_macro   0x0000000000000f8b       0x34 ./Driver/Src/common_utilities.o
 .debug_macro   0x0000000000000fbf       0x10 ./Driver/Src/common_utilities.o
 .debug_macro   0x0000000000000fcf       0x58 ./Driver/Src/common_utilities.o
 .debug_macro   0x0000000000001027       0x71 ./Driver/Src/common_utilities.o
 .debug_macro   0x0000000000001098       0x1c ./Driver/Src/common_utilities.o
 .debug_macro   0x00000000000010b4      0x12a ./Driver/Src/common_utilities.o
 .debug_macro   0x00000000000011de      0x341 ./Driver/Src/common_utilities.o
 .debug_macro   0x000000000000151f       0x10 ./Driver/Src/common_utilities.o
 .debug_macro   0x000000000000152f       0x35 ./Driver/Src/common_utilities.o
 .debug_macro   0x0000000000001564       0x20 ./Driver/Src/common_utilities.o
 .debug_macro   0x0000000000001584      0x103 ./Driver/Src/common_utilities.o
 .debug_macro   0x0000000000001687       0x6a ./Driver/Src/common_utilities.o
 .debug_macro   0x00000000000016f1      0x1df ./Driver/Src/common_utilities.o
 .debug_macro   0x00000000000018d0      0x2eb ./Driver/Src/common_utilities.o
 .debug_macro   0x0000000000001bbb      0x15a ./Driver/Src/common_utilities.o
 .debug_macro   0x0000000000001d15      0x196 ./Driver/Src/common_utilities.o
 .debug_macro   0x0000000000001eab       0x81 ./Driver/Src/general_purpose_timer.o
 .debug_macro   0x0000000000001f2c      0x190 ./Driver/Src/general_purpose_timer.o
 .debug_macro   0x00000000000020bc       0x7b ./Driver/Src/gpio_driver.o
 .debug_macro   0x0000000000002137      0x1f2 ./Driver/Src/i2c_driver.o
 .debug_macro   0x0000000000002329      0x160 ./Driver/Src/i2c_driver.o
 .debug_macro   0x0000000000002489      0x160 ./Driver/Src/i2c_driver.o
 .debug_macro   0x00000000000025e9       0x16 ./Driver/Src/i2c_driver.o
 .debug_macro   0x00000000000025ff       0x97 ./Driver/Src/i2c_driver.o
 .debug_macro   0x0000000000002696       0xfd ./Driver/Src/i2c_driver.o
 .debug_macro   0x0000000000002793       0x9d ./Driver/Src/lcd_driver_pcf8574.o
 .debug_macro   0x0000000000002830      0x166 ./Driver/Src/lcd_driver_pcf8574.o
 .debug_macro   0x0000000000002996       0x52 ./Driver/Src/lcd_driver_pcf8574.o
 .debug_macro   0x00000000000029e8       0x6c ./Driver/Src/stm32f4xx.o
 .debug_macro   0x0000000000002a54      0x25e ./Src/syscalls.o
 .debug_macro   0x0000000000002cb2       0x10 ./Src/syscalls.o
 .debug_macro   0x0000000000002cc2       0x10 ./Src/syscalls.o
 .debug_macro   0x0000000000002cd2       0x10 ./Src/syscalls.o
 .debug_macro   0x0000000000002ce2       0x35 ./Src/syscalls.o
 .debug_macro   0x0000000000002d17      0x12c ./Src/syscalls.o
 .debug_macro   0x0000000000002e43       0x16 ./Src/syscalls.o
 .debug_macro   0x0000000000002e59       0x16 ./Src/syscalls.o
 .debug_macro   0x0000000000002e6f       0x29 ./Src/syscalls.o
 .debug_macro   0x0000000000002e98       0x10 ./Src/syscalls.o
 .debug_macro   0x0000000000002ea8      0x241 ./Src/syscalls.o
 .debug_macro   0x00000000000030e9       0x10 ./Src/syscalls.o
 .debug_macro   0x00000000000030f9      0x189 ./Src/syscalls.o
 .debug_macro   0x0000000000003282       0x16 ./Src/syscalls.o
 .debug_macro   0x0000000000003298       0xce ./Src/syscalls.o
 .debug_macro   0x0000000000003366       0xff ./Src/sysmem.o
 .debug_macro   0x0000000000003465      0x23b ./Src/sysmem.o
 .debug_macro   0x00000000000036a0      0x27a ./Src/temp_on_lcd.o
 .debug_macro   0x000000000000391a       0x16 ./Src/temp_on_lcd.o

.debug_line     0x0000000000000000     0x3fd0
 .debug_line    0x0000000000000000      0x5c8 ./Driver/Src/common_utilities.o
 .debug_line    0x00000000000005c8      0x802 ./Driver/Src/general_purpose_timer.o
 .debug_line    0x0000000000000dca      0x589 ./Driver/Src/gpio_driver.o
 .debug_line    0x0000000000001353      0x9ac ./Driver/Src/i2c_driver.o
 .debug_line    0x0000000000001cff      0x585 ./Driver/Src/lcd_driver_pcf8574.o
 .debug_line    0x0000000000002284      0x800 ./Driver/Src/stm32f4xx.o
 .debug_line    0x0000000000002a84      0x829 ./Src/syscalls.o
 .debug_line    0x00000000000032ad      0x4ea ./Src/sysmem.o
 .debug_line    0x0000000000003797      0x7b5 ./Src/temp_on_lcd.o
 .debug_line    0x0000000000003f4c       0x84 ./Startup/startup_stm32f407vgtx.o

.debug_str      0x0000000000000000     0xc03d
 .debug_str     0x0000000000000000     0x8791 ./Driver/Src/common_utilities.o
                                       0x8996 (size before relaxing)
 .debug_str     0x0000000000008791      0x11c ./Driver/Src/general_purpose_timer.o
                                       0x54d2 (size before relaxing)
 .debug_str     0x00000000000088ad      0x17c ./Driver/Src/gpio_driver.o
                                       0x50ba (size before relaxing)
 .debug_str     0x0000000000008a29     0x163d ./Driver/Src/i2c_driver.o
                                       0x966d (size before relaxing)
 .debug_str     0x000000000000a066      0x267 ./Driver/Src/lcd_driver_pcf8574.o
                                       0x5649 (size before relaxing)
 .debug_str     0x000000000000a2cd       0xa1 ./Driver/Src/stm32f4xx.o
                                       0x4be4 (size before relaxing)
 .debug_str     0x000000000000a36e     0x17e3 ./Src/syscalls.o
                                       0x8ae3 (size before relaxing)
 .debug_str     0x000000000000bb51       0x66 ./Src/sysmem.o
                                       0x5d64 (size before relaxing)
 .debug_str     0x000000000000bbb7      0x455 ./Src/temp_on_lcd.o
                                       0xa1cb (size before relaxing)
 .debug_str     0x000000000000c00c       0x31 ./Startup/startup_stm32f407vgtx.o
                                         0x62 (size before relaxing)

.comment        0x0000000000000000       0x50
 .comment       0x0000000000000000       0x50 ./Driver/Src/common_utilities.o
                                         0x51 (size before relaxing)
 .comment       0x0000000000000050       0x51 ./Driver/Src/general_purpose_timer.o
 .comment       0x0000000000000050       0x51 ./Driver/Src/gpio_driver.o
 .comment       0x0000000000000050       0x51 ./Driver/Src/i2c_driver.o
 .comment       0x0000000000000050       0x51 ./Driver/Src/lcd_driver_pcf8574.o
 .comment       0x0000000000000050       0x51 ./Driver/Src/stm32f4xx.o
 .comment       0x0000000000000050       0x51 ./Src/syscalls.o
 .comment       0x0000000000000050       0x51 ./Src/sysmem.o
 .comment       0x0000000000000050       0x51 ./Src/temp_on_lcd.o

.debug_frame    0x0000000000000000     0x148c
 .debug_frame   0x0000000000000000       0x54 ./Driver/Src/common_utilities.o
 .debug_frame   0x0000000000000054      0x128 ./Driver/Src/general_purpose_timer.o
 .debug_frame   0x000000000000017c      0x1c8 ./Driver/Src/gpio_driver.o
 .debug_frame   0x0000000000000344      0x2d0 ./Driver/Src/i2c_driver.o
 .debug_frame   0x0000000000000614      0x150 ./Driver/Src/lcd_driver_pcf8574.o
 .debug_frame   0x0000000000000764       0xb0 ./Driver/Src/stm32f4xx.o
 .debug_frame   0x0000000000000814      0x2d4 ./Src/syscalls.o
 .debug_frame   0x0000000000000ae8       0x34 ./Src/sysmem.o
 .debug_frame   0x0000000000000b1c       0xc0 ./Src/temp_on_lcd.o
 .debug_frame   0x0000000000000bdc       0x20 /home/naveen/st/stm32cubeide_1.11.2/plugins/com.st.stm32cube.ide.mcu.externaltools.gnu-tools-for-stm32.10.3-2021.10.linux64_1.0.100.202210260954/tools/bin/../lib/gcc/arm-none-eabi/10.3.1/../../../../arm-none-eabi/lib/thumb/v7e-m/nofp/libc_nano.a(lib_a-errno.o)
 .debug_frame   0x0000000000000bfc       0x2c /home/naveen/st/stm32cubeide_1.11.2/plugins/com.st.stm32cube.ide.mcu.externaltools.gnu-tools-for-stm32.10.3-2021.10.linux64_1.0.100.202210260954/tools/bin/../lib/gcc/arm-none-eabi/10.3.1/../../../../arm-none-eabi/lib/thumb/v7e-m/nofp/libc_nano.a(lib_a-init.o)
 .debug_frame   0x0000000000000c28       0x20 /home/naveen/st/stm32cubeide_1.11.2/plugins/com.st.stm32cube.ide.mcu.externaltools.gnu-tools-for-stm32.10.3-2021.10.linux64_1.0.100.202210260954/tools/bin/../lib/gcc/arm-none-eabi/10.3.1/../../../../arm-none-eabi/lib/thumb/v7e-m/nofp/libc_nano.a(lib_a-memset.o)
 .debug_frame   0x0000000000000c48       0x74 /home/naveen/st/stm32cubeide_1.11.2/plugins/com.st.stm32cube.ide.mcu.externaltools.gnu-tools-for-stm32.10.3-2021.10.linux64_1.0.100.202210260954/tools/bin/../lib/gcc/arm-none-eabi/10.3.1/../../../../arm-none-eabi/lib/thumb/v7e-m/nofp/libc_nano.a(lib_a-printf.o)
 .debug_frame   0x0000000000000cbc       0x20 /home/naveen/st/stm32cubeide_1.11.2/plugins/com.st.stm32cube.ide.mcu.externaltools.gnu-tools-for-stm32.10.3-2021.10.linux64_1.0.100.202210260954/tools/bin/../lib/gcc/arm-none-eabi/10.3.1/../../../../arm-none-eabi/lib/thumb/v7e-m/nofp/libc_nano.a(lib_a-setbuf.o)
 .debug_frame   0x0000000000000cdc       0x38 /home/naveen/st/stm32cubeide_1.11.2/plugins/com.st.stm32cube.ide.mcu.externaltools.gnu-tools-for-stm32.10.3-2021.10.linux64_1.0.100.202210260954/tools/bin/../lib/gcc/arm-none-eabi/10.3.1/../../../../arm-none-eabi/lib/thumb/v7e-m/nofp/libc_nano.a(lib_a-setvbuf.o)
 .debug_frame   0x0000000000000d14       0x40 /home/naveen/st/stm32cubeide_1.11.2/plugins/com.st.stm32cube.ide.mcu.externaltools.gnu-tools-for-stm32.10.3-2021.10.linux64_1.0.100.202210260954/tools/bin/../lib/gcc/arm-none-eabi/10.3.1/../../../../arm-none-eabi/lib/thumb/v7e-m/nofp/libc_nano.a(lib_a-wbuf.o)
 .debug_frame   0x0000000000000d54       0x2c /home/naveen/st/stm32cubeide_1.11.2/plugins/com.st.stm32cube.ide.mcu.externaltools.gnu-tools-for-stm32.10.3-2021.10.linux64_1.0.100.202210260954/tools/bin/../lib/gcc/arm-none-eabi/10.3.1/../../../../arm-none-eabi/lib/thumb/v7e-m/nofp/libc_nano.a(lib_a-wsetup.o)
 .debug_frame   0x0000000000000d80       0x5c /home/naveen/st/stm32cubeide_1.11.2/plugins/com.st.stm32cube.ide.mcu.externaltools.gnu-tools-for-stm32.10.3-2021.10.linux64_1.0.100.202210260954/tools/bin/../lib/gcc/arm-none-eabi/10.3.1/../../../../arm-none-eabi/lib/thumb/v7e-m/nofp/libc_nano.a(lib_a-fflush.o)
 .debug_frame   0x0000000000000ddc      0x14c /home/naveen/st/stm32cubeide_1.11.2/plugins/com.st.stm32cube.ide.mcu.externaltools.gnu-tools-for-stm32.10.3-2021.10.linux64_1.0.100.202210260954/tools/bin/../lib/gcc/arm-none-eabi/10.3.1/../../../../arm-none-eabi/lib/thumb/v7e-m/nofp/libc_nano.a(lib_a-findfp.o)
 .debug_frame   0x0000000000000f28       0x54 /home/naveen/st/stm32cubeide_1.11.2/plugins/com.st.stm32cube.ide.mcu.externaltools.gnu-tools-for-stm32.10.3-2021.10.linux64_1.0.100.202210260954/tools/bin/../lib/gcc/arm-none-eabi/10.3.1/../../../../arm-none-eabi/lib/thumb/v7e-m/nofp/libc_nano.a(lib_a-fwalk.o)
 .debug_frame   0x0000000000000f7c       0xb0 /home/naveen/st/stm32cubeide_1.11.2/plugins/com.st.stm32cube.ide.mcu.externaltools.gnu-tools-for-stm32.10.3-2021.10.linux64_1.0.100.202210260954/tools/bin/../lib/gcc/arm-none-eabi/10.3.1/../../../../arm-none-eabi/lib/thumb/v7e-m/nofp/libc_nano.a(lib_a-lock.o)
 .debug_frame   0x000000000000102c       0x58 /home/naveen/st/stm32cubeide_1.11.2/plugins/com.st.stm32cube.ide.mcu.externaltools.gnu-tools-for-stm32.10.3-2021.10.linux64_1.0.100.202210260954/tools/bin/../lib/gcc/arm-none-eabi/10.3.1/../../../../arm-none-eabi/lib/thumb/v7e-m/nofp/libc_nano.a(lib_a-makebuf.o)
 .debug_frame   0x0000000000001084       0x30 /home/naveen/st/stm32cubeide_1.11.2/plugins/com.st.stm32cube.ide.mcu.externaltools.gnu-tools-for-stm32.10.3-2021.10.linux64_1.0.100.202210260954/tools/bin/../lib/gcc/arm-none-eabi/10.3.1/../../../../arm-none-eabi/lib/thumb/v7e-m/nofp/libc_nano.a(lib_a-malloc.o)
 .debug_frame   0x00000000000010b4       0x38 /home/naveen/st/stm32cubeide_1.11.2/plugins/com.st.stm32cube.ide.mcu.externaltools.gnu-tools-for-stm32.10.3-2021.10.linux64_1.0.100.202210260954/tools/bin/../lib/gcc/arm-none-eabi/10.3.1/../../../../arm-none-eabi/lib/thumb/v7e-m/nofp/libc_nano.a(lib_a-nano-freer.o)
 .debug_frame   0x00000000000010ec       0x4c /home/naveen/st/stm32cubeide_1.11.2/plugins/com.st.stm32cube.ide.mcu.externaltools.gnu-tools-for-stm32.10.3-2021.10.linux64_1.0.100.202210260954/tools/bin/../lib/gcc/arm-none-eabi/10.3.1/../../../../arm-none-eabi/lib/thumb/v7e-m/nofp/libc_nano.a(lib_a-nano-mallocr.o)
 .debug_frame   0x0000000000001138       0xac /home/naveen/st/stm32cubeide_1.11.2/plugins/com.st.stm32cube.ide.mcu.externaltools.gnu-tools-for-stm32.10.3-2021.10.linux64_1.0.100.202210260954/tools/bin/../lib/gcc/arm-none-eabi/10.3.1/../../../../arm-none-eabi/lib/thumb/v7e-m/nofp/libc_nano.a(lib_a-nano-vfprintf.o)
 .debug_frame   0x00000000000011e4       0x60 /home/naveen/st/stm32cubeide_1.11.2/plugins/com.st.stm32cube.ide.mcu.externaltools.gnu-tools-for-stm32.10.3-2021.10.linux64_1.0.100.202210260954/tools/bin/../lib/gcc/arm-none-eabi/10.3.1/../../../../arm-none-eabi/lib/thumb/v7e-m/nofp/libc_nano.a(lib_a-nano-vfprintf_i.o)
 .debug_frame   0x0000000000001244       0x2c /home/naveen/st/stm32cubeide_1.11.2/plugins/com.st.stm32cube.ide.mcu.externaltools.gnu-tools-for-stm32.10.3-2021.10.linux64_1.0.100.202210260954/tools/bin/../lib/gcc/arm-none-eabi/10.3.1/../../../../arm-none-eabi/lib/thumb/v7e-m/nofp/libc_nano.a(lib_a-sbrkr.o)
 .debug_frame   0x0000000000001270       0x88 /home/naveen/st/stm32cubeide_1.11.2/plugins/com.st.stm32cube.ide.mcu.externaltools.gnu-tools-for-stm32.10.3-2021.10.linux64_1.0.100.202210260954/tools/bin/../lib/gcc/arm-none-eabi/10.3.1/../../../../arm-none-eabi/lib/thumb/v7e-m/nofp/libc_nano.a(lib_a-stdio.o)
 .debug_frame   0x00000000000012f8       0x2c /home/naveen/st/stm32cubeide_1.11.2/plugins/com.st.stm32cube.ide.mcu.externaltools.gnu-tools-for-stm32.10.3-2021.10.linux64_1.0.100.202210260954/tools/bin/../lib/gcc/arm-none-eabi/10.3.1/../../../../arm-none-eabi/lib/thumb/v7e-m/nofp/libc_nano.a(lib_a-writer.o)
 .debug_frame   0x0000000000001324       0x2c /home/naveen/st/stm32cubeide_1.11.2/plugins/com.st.stm32cube.ide.mcu.externaltools.gnu-tools-for-stm32.10.3-2021.10.linux64_1.0.100.202210260954/tools/bin/../lib/gcc/arm-none-eabi/10.3.1/../../../../arm-none-eabi/lib/thumb/v7e-m/nofp/libc_nano.a(lib_a-closer.o)
 .debug_frame   0x0000000000001350       0x2c /home/naveen/st/stm32cubeide_1.11.2/plugins/com.st.stm32cube.ide.mcu.externaltools.gnu-tools-for-stm32.10.3-2021.10.linux64_1.0.100.202210260954/tools/bin/../lib/gcc/arm-none-eabi/10.3.1/../../../../arm-none-eabi/lib/thumb/v7e-m/nofp/libc_nano.a(lib_a-fstatr.o)
 .debug_frame   0x000000000000137c       0x2c /home/naveen/st/stm32cubeide_1.11.2/plugins/com.st.stm32cube.ide.mcu.externaltools.gnu-tools-for-stm32.10.3-2021.10.linux64_1.0.100.202210260954/tools/bin/../lib/gcc/arm-none-eabi/10.3.1/../../../../arm-none-eabi/lib/thumb/v7e-m/nofp/libc_nano.a(lib_a-isattyr.o)
 .debug_frame   0x00000000000013a8       0x2c /home/naveen/st/stm32cubeide_1.11.2/plugins/com.st.stm32cube.ide.mcu.externaltools.gnu-tools-for-stm32.10.3-2021.10.linux64_1.0.100.202210260954/tools/bin/../lib/gcc/arm-none-eabi/10.3.1/../../../../arm-none-eabi/lib/thumb/v7e-m/nofp/libc_nano.a(lib_a-lseekr.o)
 .debug_frame   0x00000000000013d4       0x30 /home/naveen/st/stm32cubeide_1.11.2/plugins/com.st.stm32cube.ide.mcu.externaltools.gnu-tools-for-stm32.10.3-2021.10.linux64_1.0.100.202210260954/tools/bin/../lib/gcc/arm-none-eabi/10.3.1/../../../../arm-none-eabi/lib/thumb/v7e-m/nofp/libc_nano.a(lib_a-mlock.o)
 .debug_frame   0x0000000000001404       0x2c /home/naveen/st/stm32cubeide_1.11.2/plugins/com.st.stm32cube.ide.mcu.externaltools.gnu-tools-for-stm32.10.3-2021.10.linux64_1.0.100.202210260954/tools/bin/../lib/gcc/arm-none-eabi/10.3.1/../../../../arm-none-eabi/lib/thumb/v7e-m/nofp/libc_nano.a(lib_a-readr.o)
 .debug_frame   0x0000000000001430       0x5c /home/naveen/st/stm32cubeide_1.11.2/plugins/com.st.stm32cube.ide.mcu.externaltools.gnu-tools-for-stm32.10.3-2021.10.linux64_1.0.100.202210260954/tools/bin/../lib/gcc/arm-none-eabi/10.3.1/../../../../arm-none-eabi/lib/thumb/v7e-m/nofp/libc_nano.a(lib_a-reent.o)
