Archive member included to satisfy reference by file (symbol)

/home/naveen/st/stm32cubeide_1.11.2/plugins/com.st.stm32cube.ide.mcu.externaltools.gnu-tools-for-stm32.10.3-2021.10.linux64_1.0.100.202210260954/tools/bin/../lib/gcc/arm-none-eabi/10.3.1/../../../../arm-none-eabi/lib/thumb/v7e-m/nofp/libc_nano.a(lib_a-errno.o)
                              ./Src/syscalls.o (__errno)
/home/naveen/st/stm32cubeide_1.11.2/plugins/com.st.stm32cube.ide.mcu.externaltools.gnu-tools-for-stm32.10.3-2021.10.linux64_1.0.100.202210260954/tools/bin/../lib/gcc/arm-none-eabi/10.3.1/../../../../arm-none-eabi/lib/thumb/v7e-m/nofp/libc_nano.a(lib_a-exit.o)
                              /home/naveen/st/stm32cubeide_1.11.2/plugins/com.st.stm32cube.ide.mcu.externaltools.gnu-tools-for-stm32.10.3-2021.10.linux64_1.0.100.202210260954/tools/bin/../lib/gcc/arm-none-eabi/10.3.1/../../../../arm-none-eabi/lib/thumb/v7e-m/nofp/crt0.o (exit)
/home/naveen/st/stm32cubeide_1.11.2/plugins/com.st.stm32cube.ide.mcu.externaltools.gnu-tools-for-stm32.10.3-2021.10.linux64_1.0.100.202210260954/tools/bin/../lib/gcc/arm-none-eabi/10.3.1/../../../../arm-none-eabi/lib/thumb/v7e-m/nofp/libc_nano.a(lib_a-impure.o)
                              /home/naveen/st/stm32cubeide_1.11.2/plugins/com.st.stm32cube.ide.mcu.externaltools.gnu-tools-for-stm32.10.3-2021.10.linux64_1.0.100.202210260954/tools/bin/../lib/gcc/arm-none-eabi/10.3.1/../../../../arm-none-eabi/lib/thumb/v7e-m/nofp/libc_nano.a(lib_a-exit.o) (_global_impure_ptr)
/home/naveen/st/stm32cubeide_1.11.2/plugins/com.st.stm32cube.ide.mcu.externaltools.gnu-tools-for-stm32.10.3-2021.10.linux64_1.0.100.202210260954/tools/bin/../lib/gcc/arm-none-eabi/10.3.1/../../../../arm-none-eabi/lib/thumb/v7e-m/nofp/libc_nano.a(lib_a-init.o)
                              /home/naveen/st/stm32cubeide_1.11.2/plugins/com.st.stm32cube.ide.mcu.externaltools.gnu-tools-for-stm32.10.3-2021.10.linux64_1.0.100.202210260954/tools/bin/../lib/gcc/arm-none-eabi/10.3.1/../../../../arm-none-eabi/lib/thumb/v7e-m/nofp/crt0.o (__libc_init_array)
/home/naveen/st/stm32cubeide_1.11.2/plugins/com.st.stm32cube.ide.mcu.externaltools.gnu-tools-for-stm32.10.3-2021.10.linux64_1.0.100.202210260954/tools/bin/../lib/gcc/arm-none-eabi/10.3.1/../../../../arm-none-eabi/lib/thumb/v7e-m/nofp/libc_nano.a(lib_a-malloc.o)
                              ./Driver/Src/at24cxx_eeprom_driver.o (malloc)
/home/naveen/st/stm32cubeide_1.11.2/plugins/com.st.stm32cube.ide.mcu.externaltools.gnu-tools-for-stm32.10.3-2021.10.linux64_1.0.100.202210260954/tools/bin/../lib/gcc/arm-none-eabi/10.3.1/../../../../arm-none-eabi/lib/thumb/v7e-m/nofp/libc_nano.a(lib_a-memcpy-stub.o)
                              ./Src/test_usart_interrupt.o (memcpy)
/home/naveen/st/stm32cubeide_1.11.2/plugins/com.st.stm32cube.ide.mcu.externaltools.gnu-tools-for-stm32.10.3-2021.10.linux64_1.0.100.202210260954/tools/bin/../lib/gcc/arm-none-eabi/10.3.1/../../../../arm-none-eabi/lib/thumb/v7e-m/nofp/libc_nano.a(lib_a-memset.o)
                              /home/naveen/st/stm32cubeide_1.11.2/plugins/com.st.stm32cube.ide.mcu.externaltools.gnu-tools-for-stm32.10.3-2021.10.linux64_1.0.100.202210260954/tools/bin/../lib/gcc/arm-none-eabi/10.3.1/../../../../arm-none-eabi/lib/thumb/v7e-m/nofp/crt0.o (memset)
/home/naveen/st/stm32cubeide_1.11.2/plugins/com.st.stm32cube.ide.mcu.externaltools.gnu-tools-for-stm32.10.3-2021.10.linux64_1.0.100.202210260954/tools/bin/../lib/gcc/arm-none-eabi/10.3.1/../../../../arm-none-eabi/lib/thumb/v7e-m/nofp/libc_nano.a(lib_a-nano-freer.o)
                              /home/naveen/st/stm32cubeide_1.11.2/plugins/com.st.stm32cube.ide.mcu.externaltools.gnu-tools-for-stm32.10.3-2021.10.linux64_1.0.100.202210260954/tools/bin/../lib/gcc/arm-none-eabi/10.3.1/../../../../arm-none-eabi/lib/thumb/v7e-m/nofp/libc_nano.a(lib_a-malloc.o) (_free_r)
/home/naveen/st/stm32cubeide_1.11.2/plugins/com.st.stm32cube.ide.mcu.externaltools.gnu-tools-for-stm32.10.3-2021.10.linux64_1.0.100.202210260954/tools/bin/../lib/gcc/arm-none-eabi/10.3.1/../../../../arm-none-eabi/lib/thumb/v7e-m/nofp/libc_nano.a(lib_a-nano-mallocr.o)
                              /home/naveen/st/stm32cubeide_1.11.2/plugins/com.st.stm32cube.ide.mcu.externaltools.gnu-tools-for-stm32.10.3-2021.10.linux64_1.0.100.202210260954/tools/bin/../lib/gcc/arm-none-eabi/10.3.1/../../../../arm-none-eabi/lib/thumb/v7e-m/nofp/libc_nano.a(lib_a-malloc.o) (_malloc_r)
/home/naveen/st/stm32cubeide_1.11.2/plugins/com.st.stm32cube.ide.mcu.externaltools.gnu-tools-for-stm32.10.3-2021.10.linux64_1.0.100.202210260954/tools/bin/../lib/gcc/arm-none-eabi/10.3.1/../../../../arm-none-eabi/lib/thumb/v7e-m/nofp/libc_nano.a(lib_a-printf.o)
                              ./Driver/Src/ds3231_rtc_driver.o (printf)
/home/naveen/st/stm32cubeide_1.11.2/plugins/com.st.stm32cube.ide.mcu.externaltools.gnu-tools-for-stm32.10.3-2021.10.linux64_1.0.100.202210260954/tools/bin/../lib/gcc/arm-none-eabi/10.3.1/../../../../arm-none-eabi/lib/thumb/v7e-m/nofp/libc_nano.a(lib_a-putchar.o)
[...]
Memory Configuration

Name             Origin             Length             Attributes
CCMRAM           0x0000000010000000 0x0000000000010000 xrw
RAM              0x0000000020000000 0x0000000000020000 xrw
FLASH            0x0000000008000000 0x0000000000100000 xr
*default*        0x0000000000000000 0xffffffffffffffff

Linker script and memory map

LOAD /home/naveen/st/stm32cubeide_1.11.2/plugins/com.st.stm32cube.ide.mcu.externaltools.gnu-tools-for-stm32.10.3-2021.10.linux64_1.0.100.202210260954/tools/bin/../lib/gcc/arm-none-eabi/10.3.1/thumb/v7e-m/nofp/crti.o
LOAD /home/naveen/st/stm32cubeide_1.11.2/plugins/com.st.stm32cube.ide.mcu.externaltools.gnu-tools-for-stm32.10.3-2021.10.linux64_1.0.100.202210260954/tools/bin/../lib/gcc/arm-none-eabi/10.3.1/thumb/v7e-m/nofp/crtbegin.o
LOAD /home/naveen/st/stm32cubeide_1.11.2/plugins/com.st.stm32cube.ide.mcu.externaltools.gnu-tools-for-stm32.10.3-2021.10.linux64_1.0.100.202210260954/tools/bin/../lib/gcc/arm-none-eabi/10.3.1/../../../../arm-none-eabi/lib/thumb/v7e-m/nofp/crt0.o
LOAD ./Driver/Src/at24cxx_eeprom_driver.o
LOAD ./Driver/Src/at45dbxx_flash_memory_driver.o
LOAD ./Driver/Src/common_utils.o
LOAD ./Driver/Src/dht11_driver.o
LOAD ./Driver/Src/dma_driver.o
LOAD ./Driver/Src/ds3231_rtc_driver.o
LOAD ./Driver/Src/external_interrupt_config.o
LOAD ./Driver/Src/general_purpose_timer.o
LOAD ./Driver/Src/gpio_driver.o
LOAD ./Driver/Src/i2c_driver.o
LOAD ./Driver/Src/lcd_driver_pcf8574.o
LOAD ./Driver/Src/nRFL01_driver.o
LOAD ./Driver/Src/rtc_driver.o
LOAD ./Driver/Src/spi_driver.o
LOAD ./Driver/Src/stm32f4xx.o
LOAD ./Driver/Src/timer_driver.o
LOAD ./Driver/Src/usart_driver.o
LOAD ./Src/syscalls.o
LOAD ./Src/sysmem.o
LOAD ./Src/test_usart_interrupt.o
LOAD ./Startup/startup_stm32f407vgtx.o
START GROUP
LOAD /home/naveen/st/stm32cubeide_1.11.2/plugins/com.st.stm32cube.ide.mcu.externaltools.gnu-tools-for-stm32.10.3-2021.10.linux64_1.0.100.202210260954/tools/bin/../lib/gcc/arm-none-eabi/10.3.1/../../../../arm-none-eabi/lib/thumb/v7e-m/nofp/libc_nano.a
LOAD /home/naveen/st/stm32cubeide_1.11.2/plugins/com.st.stm32cube.ide.mcu.externaltools.gnu-tools-for-stm32.10.3-2021.10.linux64_1.0.100.202210260954/tools/bin/../lib/gcc/arm-none-eabi/10.3.1/../../../../arm-none-eabi/lib/thumb/v7e-m/nofp/libm.a
END GROUP
START GROUP
LOAD /home/naveen/st/stm32cubeide_1.11.2/plugins/com.st.stm32cube.ide.mcu.externaltools.gnu-tools-for-stm32.10.3-2021.10.linux64_1.0.100.202210260954/tools/bin/../lib/gcc/arm-none-eabi/10.3.1/thumb/v7e-m/nofp/libgcc.a
LOAD /home/naveen/st/stm32cubeide_1.11.2/plugins/com.st.stm32cube.ide.mcu.externaltools.gnu-tools-for-stm32.10.3-2021.10.linux64_1.0.100.202210260954/tools/bin/../lib/gcc/arm-none-eabi/10.3.1/../../../../arm-none-eabi/lib/thumb/v7e-m/nofp/libc_nano.a
END GROUP
START GROUP
LOAD /home/naveen/st/stm32cubeide_1.11.2/plugins/com.st.stm32cube.ide.mcu.externaltools.gnu-tools-for-stm32.10.3-2021.10.linux64_1.0.100.202210260954/tools/bin/../lib/gcc/arm-none-eabi/10.3.1/thumb/v7e-m/nofp/libgcc.a
LOAD /home/naveen/st/stm32cubeide_1.11.2/plugins/com.st.stm32cube.ide.mcu.externaltools.gnu-tools-for-stm32.10.3-2021.10.linux64_1.0.100.202210260954/tools/bin/../lib/gcc/arm-none-eabi/10.3.1/../../../../arm-none-eabi/lib/thumb/v7e-m/nofp/libc_nano.a
LOAD /home/naveen/st/stm32cubeide_1.11.2/plugins/com.st.stm32cube.ide.mcu.externaltools.gnu-tools-for-stm32.10.3-2021.10.linux64_1.0.100.202210260954/tools/bin/../lib/gcc/arm-none-eabi/10.3.1/../../../../arm-none-eabi/lib/thumb/v7e-m/nofp/libnosys.a
END GROUP
START GROUP
LOAD /home/naveen/st/stm32cubeide_1.11.2/plugins/com.st.stm32cube.ide.mcu.externaltools.gnu-tools-for-stm32.10.3-2021.10.linux64_1.0.100.202210260954/tools/bin/../lib/gcc/arm-none-eabi/10.3.1/thumb/v7e-m/nofp/libgcc.a
LOAD /home/naveen/st/stm32cubeide_1.11.2/plugins/com.st.stm32cube.ide.mcu.externaltools.gnu-tools-for-stm32.10.3-2021.10.linux64_1.0.100.202210260954/tools/bin/../lib/gcc/arm-none-eabi/10.3.1/../../../../arm-none-eabi/lib/thumb/v7e-m/nofp/libc_nano.a
LOAD /home/naveen/st/stm32cubeide_1.11.2/plugins/com.st.stm32cube.ide.mcu.externaltools.gnu-tools-for-stm32.10.3-2021.10.linux64_1.0.100.202210260954/tools/bin/../lib/gcc/arm-none-eabi/10.3.1/../../../../arm-none-eabi/lib/thumb/v7e-m/nofp/libnosys.a
END GROUP
LOAD /home/naveen/st/stm32cubeide_1.11.2/plugins/com.st.stm32cube.ide.mcu.externaltools.gnu-tools-for-stm32.10.3-2021.10.linux64_1.0.100.202210260954/tools/bin/../lib/gcc/arm-none-eabi/10.3.1/thumb/v7e-m/nofp/crtend.o
LOAD /home/naveen/st/stm32cubeide_1.11.2/plugins/com.st.stm32cube.ide.mcu.externaltools.gnu-tools-for-stm32.10.3-2021.10.linux64_1.0.100.202210260954/tools/bin/../lib/gcc/arm-none-eabi/10.3.1/thumb/v7e-m/nofp/crtn.o
                0x0000000020020000                _estack = (ORIGIN (RAM) + LENGTH (RAM))
                0x0000000000000200                _Min_Heap_Size = 0x200
                0x0000000000000400                _Min_Stack_Size = 0x400

.isr_vector     0x0000000008000000      0x1a8
                0x0000000008000000                . = ALIGN (0x4)
 *(.isr_vector)
 .isr_vector    0x0000000008000000      0x1a8 ./Startup/startup_stm32f407vgtx.o
                0x0000000008000000                g_pfnVectors
                0x00000000080001a8                . = ALIGN (0x4)

.text           0x00000000080001a8     0x12dc
                0x00000000080001a8                . = ALIGN (0x4)
 *(.text)
 .text          0x00000000080001a8       0x40 /home/naveen/st/stm32cubeide_1.11.2/plugins/com.st.stm32cube.ide.mcu.externaltools.gnu-tools-for-stm32.10.3-2021.10.linux64_1.0.100.202210260954/tools/bin/../lib/gcc/arm-none-eabi/10.3.1/thumb/v7e-m/nofp/crtbegin.o
 .text          0x00000000080001e8       0x10 /home/naveen/st/stm32cubeide_1.11.2/plugins/com.st.stm32cube.ide.mcu.externaltools.gnu-tools-for-stm32.10.3-2021.10.linux64_1.0.100.202210260954/tools/bin/../lib/gcc/arm-none-eabi/10.3.1/../../../../arm-none-eabi/lib/thumb/v7e-m/nofp/libc_nano.a(lib_a-strlen.o)
                0x00000000080001e8                strlen
 *(.text*)
 .text.configure_delay_timer
                0x00000000080001f8       0x44 ./Driver/Src/common_utils.o
                0x00000000080001f8                configure_delay_timer
 .text.configure_uart
                0x000000000800023c       0xbc ./Driver/Src/common_utils.o
                0x000000000800023c                configure_uart
 .text.General_Purpose_Timer_Init
                0x00000000080002f8      0x482 ./Driver/Src/general_purpose_timer.o
                0x00000000080002f8                General_Purpose_Timer_Init
 .text.General_Purpose_Timer_PeripheralEnable
                0x000000000800077a       0x22 ./Driver/Src/general_purpose_timer.o
                0x000000000800077a                General_Purpose_Timer_PeripheralEnable
 .text.GPIOSetMode
                0x000000000800079c       0x48 ./Driver/Src/gpio_driver.o
                0x000000000800079c                GPIOSetMode
 .text.GPIOWritePin
                0x00000000080007e4       0x44 ./Driver/Src/gpio_driver.o
                0x00000000080007e4                GPIOWritePin
 .text.GPIOSetAltFn
                0x0000000008000828       0x72 ./Driver/Src/gpio_driver.o
                0x0000000008000828                GPIOSetAltFn
 .text.GPIOSetOutputType
                0x000000000800089a       0x44 ./Driver/Src/gpio_driver.o
                0x000000000800089a                GPIOSetOutputType
 .text.GPIOSetPullUpDownConfig
                0x00000000080008de       0x48 ./Driver/Src/gpio_driver.o
                0x00000000080008de                GPIOSetPullUpDownConfig
 .text.GPIOSetOutputSpeed
                0x0000000008000926       0x48 ./Driver/Src/gpio_driver.o
                0x0000000008000926                GPIOSetOutputSpeed
 *fill*         0x000000000800096e        0x2 
 .text.RTC_Alarm_IRQHandler
                0x0000000008000970       0x28 ./Driver/Src/rtc_driver.o
                0x0000000008000970                RTC_Alarm_IRQHandler
 .text.RTC_Alarm_Interrupt_Callback
                0x0000000008000998       0x18 ./Driver/Src/rtc_driver.o
                0x0000000008000998                RTC_Alarm_Interrupt_Callback
 .text.EnablePeriClk
                0x00000000080009b0      0x388 ./Driver/Src/stm32f4xx.o
                0x00000000080009b0                EnablePeriClk
 .text.NVIC_EnableIRQ
                0x0000000008000d38       0x44 ./Driver/Src/stm32f4xx.o
                0x0000000008000d38                NVIC_EnableIRQ
 .text.NVIC_IRQSetPending
                0x0000000008000d7c       0x44 ./Driver/Src/stm32f4xx.o
                0x0000000008000d7c                NVIC_IRQSetPending
 .text.USART_Init
                0x0000000008000dc0      0x200 ./Driver/Src/usart_driver.o
                0x0000000008000dc0                USART_Init
 .text.USART_PeripheralEnable
                0x0000000008000fc0       0x22 ./Driver/Src/usart_driver.o
                0x0000000008000fc0                USART_PeripheralEnable
 .text.USART_SetBaudRate
                0x0000000008000fe2       0x22 ./Driver/Src/usart_driver.o
                0x0000000008000fe2                USART_SetBaudRate
 .text.USART_EnableTXEInterrupt
                0x0000000008001004       0x22 ./Driver/Src/usart_driver.o
                0x0000000008001004                USART_EnableTXEInterrupt
 .text.USART_DisableTXEInterrupt
                0x0000000008001026       0x22 ./Driver/Src/usart_driver.o
                0x0000000008001026                USART_DisableTXEInterrupt
 .text.USART_SendData_Interrupt
                0x0000000008001048       0x6c ./Driver/Src/usart_driver.o
                0x0000000008001048                USART_SendData_Interrupt
 .text.USART_Interrupt_Callback
                0x00000000080010b4       0x84 ./Driver/Src/usart_driver.o
                0x00000000080010b4                USART_Interrupt_Callback
 .text._sbrk    0x0000000008001138       0x6c ./Src/sysmem.o
                0x0000000008001138                _sbrk
 .text.main     0x00000000080011a4       0x64 ./Src/test_usart_interrupt.o
                0x00000000080011a4                main
 .text.USART2_IRQHandler
                0x0000000008001208        0xc ./Src/test_usart_interrupt.o
                0x0000000008001208                USART2_IRQHandler
 .text.Reset_Handler
                0x0000000008001214       0x50 ./Startup/startup_stm32f407vgtx.o
                0x0000000008001214                Reset_Handler
 .text.Default_Handler
                0x0000000008001264        0x2 ./Startup/startup_stm32f407vgtx.o
                0x0000000008001264                HASH_RNG_IRQHandler
                0x0000000008001264                EXTI2_IRQHandler
                0x0000000008001264                TIM8_CC_IRQHandler
                0x0000000008001264                DebugMon_Handler
                0x0000000008001264                TIM1_CC_IRQHandler
                0x0000000008001264                DMA2_Stream5_IRQHandler
                0x0000000008001264                HardFault_Handler
                0x0000000008001264                DMA1_Stream5_IRQHandler
                0x0000000008001264                SysTick_Handler
                0x0000000008001264                PVD_IRQHandler
                0x0000000008001264                SDIO_IRQHandler
                0x0000000008001264                TAMP_STAMP_IRQHandler
                0x0000000008001264                PendSV_Handler
                0x0000000008001264                NMI_Handler
                0x0000000008001264                CAN2_RX1_IRQHandler
                0x0000000008001264                EXTI3_IRQHandler
                0x0000000008001264                TIM8_TRG_COM_TIM14_IRQHandler
                0x0000000008001264                TIM1_UP_TIM10_IRQHandler
                0x0000000008001264                TIM8_UP_TIM13_IRQHandler
                0x0000000008001264                I2C3_ER_IRQHandler
                0x0000000008001264                LCD_TFT_IRQHandler
                0x0000000008001264                EXTI0_IRQHandler
                0x0000000008001264                I2C2_EV_IRQHandler
                0x0000000008001264                DMA1_Stream2_IRQHandler
                0x0000000008001264                CAN1_RX0_IRQHandler
                0x0000000008001264                FPU_IRQHandler
                0x0000000008001264                OTG_HS_WKUP_IRQHandler
                0x0000000008001264                UsageFault_Handler
                0x0000000008001264                CAN2_SCE_IRQHandler
                0x0000000008001264                DMA2_Stream2_IRQHandler
                0x0000000008001264                SPI1_IRQHandler
                0x0000000008001264                TIM6_DAC_IRQHandler
                0x0000000008001264                TIM1_BRK_TIM9_IRQHandler
                0x0000000008001264                DCMI_IRQHandler
                0x0000000008001264                CAN2_RX0_IRQHandler
                0x0000000008001264                DMA2_Stream3_IRQHandler
                0x0000000008001264                USART6_IRQHandler
                0x0000000008001264                USART3_IRQHandler
                0x0000000008001264                CRYP_IRQHandler
                0x0000000008001264                CAN1_RX1_IRQHandler
                0x0000000008001264                UART5_IRQHandler
                0x0000000008001264                DMA2_Stream0_IRQHandler
                0x0000000008001264                TIM4_IRQHandler
                0x0000000008001264                I2C1_EV_IRQHandler
                0x0000000008001264                DMA1_Stream6_IRQHandler
                0x0000000008001264                DMA1_Stream1_IRQHandler
                0x0000000008001264                UART4_IRQHandler
                0x0000000008001264                LCD_TFT_1_IRQHandler
                0x0000000008001264                TIM3_IRQHandler
                0x0000000008001264                RCC_IRQHandler
                0x0000000008001264                TIM8_BRK_TIM12_IRQHandler
                0x0000000008001264                Default_Handler
                0x0000000008001264                EXTI15_10_IRQHandler
                0x0000000008001264                ADC_IRQHandler
                0x0000000008001264                DMA1_Stream7_IRQHandler
                0x0000000008001264                TIM7_IRQHandler
                0x0000000008001264                CAN2_TX_IRQHandler
                0x0000000008001264                TIM5_IRQHandler
                0x0000000008001264                DMA2_Stream7_IRQHandler
                0x0000000008001264                I2C3_EV_IRQHandler
                0x0000000008001264                EXTI9_5_IRQHandler
                0x0000000008001264                RTC_WKUP_IRQHandler
                0x0000000008001264                ETH_WKUP_IRQHandler
                0x0000000008001264                SPI2_IRQHandler
                0x0000000008001264                OTG_HS_EP1_IN_IRQHandler
                0x0000000008001264                MemManage_Handler
                0x0000000008001264                DMA1_Stream0_IRQHandler
                0x0000000008001264                CAN1_TX_IRQHandler
                0x0000000008001264                SVC_Handler
                0x0000000008001264                EXTI4_IRQHandler
                0x0000000008001264                FSMC_IRQHandler
                0x0000000008001264                ETH_IRQHandler
                0x0000000008001264                OTG_HS_EP1_OUT_IRQHandler
                0x0000000008001264                WWDG_IRQHandler
                0x0000000008001264                TIM2_IRQHandler
                0x0000000008001264                OTG_FS_WKUP_IRQHandler
                0x0000000008001264                TIM1_TRG_COM_TIM11_IRQHandler
                0x0000000008001264                OTG_HS_IRQHandler
                0x0000000008001264                EXTI1_IRQHandler
                0x0000000008001264                I2C2_ER_IRQHandler
                0x0000000008001264                DMA2_Stream1_IRQHandler
                0x0000000008001264                CAN1_SCE_IRQHandler
                0x0000000008001264                DMA2_Stream4_IRQHandler
                0x0000000008001264                BusFault_Handler
                0x0000000008001264                USART1_IRQHandler
                0x0000000008001264                OTG_FS_IRQHandler
                0x0000000008001264                SPI3_IRQHandler
                0x0000000008001264                DMA1_Stream4_IRQHandler
                0x0000000008001264                I2C1_ER_IRQHandler
                0x0000000008001264                DMA2_Stream6_IRQHandler
                0x0000000008001264                DMA1_Stream3_IRQHandler
 *fill*         0x0000000008001266        0x2 
 .text.__errno  0x0000000008001268        0xc /home/naveen/st/stm32cubeide_1.11.2/plugins/com.st.stm32cube.ide.mcu.externaltools.gnu-tools-for-stm32.10.3-2021.10.linux64_1.0.100.202210260954/tools/bin/../lib/gcc/arm-none-eabi/10.3.1/../../../../arm-none-eabi/lib/thumb/v7e-m/nofp/libc_nano.a(lib_a-errno.o)
                0x0000000008001268                __errno
 .text.__libc_init_array
                0x0000000008001274       0x48 /home/naveen/st/stm32cubeide_1.11.2/plugins/com.st.stm32cube.ide.mcu.externaltools.gnu-tools-for-stm32.10.3-2021.10.linux64_1.0.100.202210260954/tools/bin/../lib/gcc/arm-none-eabi/10.3.1/../../../../arm-none-eabi/lib/thumb/v7e-m/nofp/libc_nano.a(lib_a-init.o)
                0x0000000008001274                __libc_init_array
 .text.malloc   0x00000000080012bc       0x10 /home/naveen/st/stm32cubeide_1.11.2/plugins/com.st.stm32cube.ide.mcu.externaltools.gnu-tools-for-stm32.10.3-2021.10.linux64_1.0.100.202210260954/tools/bin/../lib/gcc/arm-none-eabi/10.3.1/../../../../arm-none-eabi/lib/thumb/v7e-m/nofp/libc_nano.a(lib_a-malloc.o)
                0x00000000080012bc                malloc
 .text.memcpy   0x00000000080012cc       0x1c /home/naveen/st/stm32cubeide_1.11.2/plugins/com.st.stm32cube.ide.mcu.externaltools.gnu-tools-for-stm32.10.3-2021.10.linux64_1.0.100.202210260954/tools/bin/../lib/gcc/arm-none-eabi/10.3.1/../../../../arm-none-eabi/lib/thumb/v7e-m/nofp/libc_nano.a(lib_a-memcpy-stub.o)
                0x00000000080012cc                memcpy
 .text.memset   0x00000000080012e8       0x10 /home/naveen/st/stm32cubeide_1.11.2/plugins/com.st.stm32cube.ide.mcu.externaltools.gnu-tools-for-stm32.10.3-2021.10.linux64_1.0.100.202210260954/tools/bin/../lib/gcc/arm-none-eabi/10.3.1/../../../../arm-none-eabi/lib/thumb/v7e-m/nofp/libc_nano.a(lib_a-memset.o)
                0x00000000080012e8                memset
 .text.sbrk_aligned
                0x00000000080012f8       0x40 /home/naveen/st/stm32cubeide_1.11.2/plugins/com.st.stm32cube.ide.mcu.externaltools.gnu-tools-for-stm32.10.3-2021.10.linux64_1.0.100.202210260954/tools/bin/../lib/gcc/arm-none-eabi/10.3.1/../../../../arm-none-eabi/lib/thumb/v7e-m/nofp/libc_nano.a(lib_a-nano-mallocr.o)
 .text._malloc_r
                0x0000000008001338       0xe8 /home/naveen/st/stm32cubeide_1.11.2/plugins/com.st.stm32cube.ide.mcu.externaltools.gnu-tools-for-stm32.10.3-2021.10.linux64_1.0.100.202210260954/tools/bin/../lib/gcc/arm-none-eabi/10.3.1/../../../../arm-none-eabi/lib/thumb/v7e-m/nofp/libc_nano.a(lib_a-nano-mallocr.o)
                0x0000000008001338                _malloc_r
 .text._sbrk_r  0x0000000008001420       0x20 /home/naveen/st/stm32cubeide_1.11.2/plugins/com.st.stm32cube.ide.mcu.externaltools.gnu-tools-for-stm32.10.3-2021.10.linux64_1.0.100.202210260954/tools/bin/../lib/gcc/arm-none-eabi/10.3.1/../../../../arm-none-eabi/lib/thumb/v7e-m/nofp/libc_nano.a(lib_a-sbrkr.o)
                0x0000000008001420                _sbrk_r
 .text.strcpy   0x0000000008001440       0x10 /home/naveen/st/stm32cubeide_1.11.2/plugins/com.st.stm32cube.ide.mcu.externaltools.gnu-tools-for-stm32.10.3-2021.10.linux64_1.0.100.202210260954/tools/bin/../lib/gcc/arm-none-eabi/10.3.1/../../../../arm-none-eabi/lib/thumb/v7e-m/nofp/libc_nano.a(lib_a-strcpy.o)
                0x0000000008001440                strcpy
 .text.__retarget_lock_acquire_recursive
                0x0000000008001450        0x2 /home/naveen/st/stm32cubeide_1.11.2/plugins/com.st.stm32cube.ide.mcu.externaltools.gnu-tools-for-stm32.10.3-2021.10.linux64_1.0.100.202210260954/tools/bin/../lib/gcc/arm-none-eabi/10.3.1/../../../../arm-none-eabi/lib/thumb/v7e-m/nofp/libc_nano.a(lib_a-lock.o)
                0x0000000008001450                __retarget_lock_acquire_recursive
 .text.__retarget_lock_release_recursive
                0x0000000008001452        0x2 /home/naveen/st/stm32cubeide_1.11.2/plugins/com.st.stm32cube.ide.mcu.externaltools.gnu-tools-for-stm32.10.3-2021.10.linux64_1.0.100.202210260954/tools/bin/../lib/gcc/arm-none-eabi/10.3.1/../../../../arm-none-eabi/lib/thumb/v7e-m/nofp/libc_nano.a(lib_a-lock.o)
                0x0000000008001452                __retarget_lock_release_recursive
 .text.__malloc_lock
                0x0000000008001454        0xc /home/naveen/st/stm32cubeide_1.11.2/plugins/com.st.stm32cube.ide.mcu.externaltools.gnu-tools-for-stm32.10.3-2021.10.linux64_1.0.100.202210260954/tools/bin/../lib/gcc/arm-none-eabi/10.3.1/../../../../arm-none-eabi/lib/thumb/v7e-m/nofp/libc_nano.a(lib_a-mlock.o)
                0x0000000008001454                __malloc_lock
 .text.__malloc_unlock
                0x0000000008001460        0xc /home/naveen/st/stm32cubeide_1.11.2/plugins/com.st.stm32cube.ide.mcu.externaltools.gnu-tools-for-stm32.10.3-2021.10.linux64_1.0.100.202210260954/tools/bin/../lib/gcc/arm-none-eabi/10.3.1/../../../../arm-none-eabi/lib/thumb/v7e-m/nofp/libc_nano.a(lib_a-mlock.o)
                0x0000000008001460                __malloc_unlock
 *(.glue_7)
 .glue_7        0x000000000800146c        0x0 linker stubs
 *(.glue_7t)
 .glue_7t       0x000000000800146c        0x0 linker stubs
 *(.eh_frame)
 .eh_frame      0x000000000800146c        0x0 /home/naveen/st/stm32cubeide_1.11.2/plugins/com.st.stm32cube.ide.mcu.externaltools.gnu-tools-for-stm32.10.3-2021.10.linux64_1.0.100.202210260954/tools/bin/../lib/gcc/arm-none-eabi/10.3.1/thumb/v7e-m/nofp/crtbegin.o
 *(.init)
 .init          0x000000000800146c        0x4 /home/naveen/st/stm32cubeide_1.11.2/plugins/com.st.stm32cube.ide.mcu.externaltools.gnu-tools-for-stm32.10.3-2021.10.linux64_1.0.100.202210260954/tools/bin/../lib/gcc/arm-none-eabi/10.3.1/thumb/v7e-m/nofp/crti.o
                0x000000000800146c                _init
 .init          0x0000000008001470        0x8 /home/naveen/st/stm32cubeide_1.11.2/plugins/com.st.stm32cube.ide.mcu.externaltools.gnu-tools-for-stm32.10.3-2021.10.linux64_1.0.100.202210260954/tools/bin/../lib/gcc/arm-none-eabi/10.3.1/thumb/v7e-m/nofp/crtn.o
 *(.fini)
 .fini          0x0000000008001478        0x4 /home/naveen/st/stm32cubeide_1.11.2/plugins/com.st.stm32cube.ide.mcu.externaltools.gnu-tools-for-stm32.10.3-2021.10.linux64_1.0.100.202210260954/tools/bin/../lib/gcc/arm-none-eabi/10.3.1/thumb/v7e-m/nofp/crti.o
                0x0000000008001478                _fini
 .fini          0x000000000800147c        0x8 /home/naveen/st/stm32cubeide_1.11.2/plugins/com.st.stm32cube.ide.mcu.externaltools.gnu-tools-for-stm32.10.3-2021.10.linux64_1.0.100.202210260954/tools/bin/../lib/gcc/arm-none-eabi/10.3.1/thumb/v7e-m/nofp/crtn.o
                0x0000000008001484                . = ALIGN (0x4)
                0x0000000008001484                _etext = .

.vfp11_veneer   0x0000000008001484        0x0
 .vfp11_veneer  0x0000000008001484        0x0 linker stubs

.v4_bx          0x0000000008001484        0x0
 .v4_bx         0x0000000008001484        0x0 linker stubs

.iplt           0x0000000008001484        0x0
 .iplt          0x0000000008001484        0x0 /home/naveen/st/stm32cubeide_1.11.2/plugins/com.st.stm32cube.ide.mcu.externaltools.gnu-tools-for-stm32.10.3-2021.10.linux64_1.0.100.202210260954/tools/bin/../lib/gcc/arm-none-eabi/10.3.1/thumb/v7e-m/nofp/crtbegin.o

.rodata         0x0000000008001484       0xbc
                0x0000000008001484                . = ALIGN (0x4)
 *(.rodata)
 .rodata        0x0000000008001484       0x59 ./Src/test_usart_interrupt.o
 *(.rodata*)
 *fill*         0x00000000080014dd        0x3 
 .rodata.__sf_fake_stderr
                0x00000000080014e0       0x20 /home/naveen/st/stm32cubeide_1.11.2/plugins/com.st.stm32cube.ide.mcu.externaltools.gnu-tools-for-stm32.10.3-2021.10.linux64_1.0.100.202210260954/tools/bin/../lib/gcc/arm-none-eabi/10.3.1/../../../../arm-none-eabi/lib/thumb/v7e-m/nofp/libc_nano.a(lib_a-findfp.o)
                0x00000000080014e0                __sf_fake_stderr
 .rodata.__sf_fake_stdin
                0x0000000008001500       0x20 /home/naveen/st/stm32cubeide_1.11.2/plugins/com.st.stm32cube.ide.mcu.externaltools.gnu-tools-for-stm32.10.3-2021.10.linux64_1.0.100.202210260954/tools/bin/../lib/gcc/arm-none-eabi/10.3.1/../../../../arm-none-eabi/lib/thumb/v7e-m/nofp/libc_nano.a(lib_a-findfp.o)
                0x0000000008001500                __sf_fake_stdin
 .rodata.__sf_fake_stdout
                0x0000000008001520       0x20 /home/naveen/st/stm32cubeide_1.11.2/plugins/com.st.stm32cube.ide.mcu.externaltools.gnu-tools-for-stm32.10.3-2021.10.linux64_1.0.100.202210260954/tools/bin/../lib/gcc/arm-none-eabi/10.3.1/../../../../arm-none-eabi/lib/thumb/v7e-m/nofp/libc_nano.a(lib_a-findfp.o)
                0x0000000008001520                __sf_fake_stdout
                0x0000000008001540                . = ALIGN (0x4)

.rel.dyn        0x0000000008001540        0x0
 .rel.iplt      0x0000000008001540        0x0 /home/naveen/st/stm32cubeide_1.11.2/plugins/com.st.stm32cube.ide.mcu.externaltools.gnu-tools-for-stm32.10.3-2021.10.linux64_1.0.100.202210260954/tools/bin/../lib/gcc/arm-none-eabi/10.3.1/thumb/v7e-m/nofp/crtbegin.o

.ARM.extab      0x0000000008001540        0x0
                0x0000000008001540                . = ALIGN (0x4)
 *(.ARM.extab* .gnu.linkonce.armextab.*)
                0x0000000008001540                . = ALIGN (0x4)

.ARM            0x0000000008001540        0x0
                0x0000000008001540                . = ALIGN (0x4)
                0x0000000008001540                __exidx_start = .
 *(.ARM.exidx*)
                0x0000000008001540                __exidx_end = .
                0x0000000008001540                . = ALIGN (0x4)

.preinit_array  0x0000000008001540        0x0
                0x0000000008001540                . = ALIGN (0x4)
                0x0000000008001540                PROVIDE (__preinit_array_start = .)
 *(.preinit_array*)
                0x0000000008001540                PROVIDE (__preinit_array_end = .)
                0x0000000008001540                . = ALIGN (0x4)

.init_array     0x0000000008001540        0x4
                0x0000000008001540                . = ALIGN (0x4)
                0x0000000008001540                PROVIDE (__init_array_start = .)
 *(SORT_BY_NAME(.init_array.*))
 *(.init_array*)
 .init_array    0x0000000008001540        0x4 /home/naveen/st/stm32cubeide_1.11.2/plugins/com.st.stm32cube.ide.mcu.externaltools.gnu-tools-for-stm32.10.3-2021.10.linux64_1.0.100.202210260954/tools/bin/../lib/gcc/arm-none-eabi/10.3.1/thumb/v7e-m/nofp/crtbegin.o
                0x0000000008001544                PROVIDE (__init_array_end = .)
                0x0000000008001544                . = ALIGN (0x4)

.fini_array     0x0000000008001544        0x4
                0x0000000008001544                . = ALIGN (0x4)
                [!provide]                        PROVIDE (__fini_array_start = .)
 *(SORT_BY_NAME(.fini_array.*))
 *(.fini_array*)
 .fini_array    0x0000000008001544        0x4 /home/naveen/st/stm32cubeide_1.11.2/plugins/com.st.stm32cube.ide.mcu.externaltools.gnu-tools-for-stm32.10.3-2021.10.linux64_1.0.100.202210260954/tools/bin/../lib/gcc/arm-none-eabi/10.3.1/thumb/v7e-m/nofp/crtbegin.o
                [!provide]                        PROVIDE (__fini_array_end = .)
                0x0000000008001548                . = ALIGN (0x4)
                0x0000000008001548                _sidata = LOADADDR (.data)

.data           0x0000000020000000       0x68 load address 0x0000000008001548
                0x0000000020000000                . = ALIGN (0x4)
                0x0000000020000000                _sdata = .
 *(.data)
 *(.data*)
 .data.usart_available
                0x0000000020000000        0x1 ./Driver/Src/usart_driver.o
 *fill*         0x0000000020000001        0x3 
 .data._impure_ptr
                0x0000000020000004        0x4 /home/naveen/st/stm32cubeide_1.11.2/plugins/com.st.stm32cube.ide.mcu.externaltools.gnu-tools-for-stm32.10.3-2021.10.linux64_1.0.100.202210260954/tools/bin/../lib/gcc/arm-none-eabi/10.3.1/../../../../arm-none-eabi/lib/thumb/v7e-m/nofp/libc_nano.a(lib_a-impure.o)
                0x0000000020000004                _impure_ptr
 .data.impure_data
                0x0000000020000008       0x60 /home/naveen/st/stm32cubeide_1.11.2/plugins/com.st.stm32cube.ide.mcu.externaltools.gnu-tools-for-stm32.10.3-2021.10.linux64_1.0.100.202210260954/tools/bin/../lib/gcc/arm-none-eabi/10.3.1/../../../../arm-none-eabi/lib/thumb/v7e-m/nofp/libc_nano.a(lib_a-impure.o)
 *(.RamFunc)
 *(.RamFunc*)
                0x0000000020000068                . = ALIGN (0x4)
                0x0000000020000068                _edata = .
                0x00000000080015b0                _siccmram = LOADADDR (.ccmram)

.igot.plt       0x0000000020000068        0x0 load address 0x00000000080015b0
 .igot.plt      0x0000000020000068        0x0 /home/naveen/st/stm32cubeide_1.11.2/plugins/com.st.stm32cube.ide.mcu.externaltools.gnu-tools-for-stm32.10.3-2021.10.linux64_1.0.100.202210260954/tools/bin/../lib/gcc/arm-none-eabi/10.3.1/thumb/v7e-m/nofp/crtbegin.o

.ccmram         0x0000000010000000        0x0 load address 0x00000000080015b0
                0x0000000010000000                . = ALIGN (0x4)
                0x0000000010000000                _sccmram = .
 *(.ccmram)
 *(.ccmram*)
                0x0000000010000000                . = ALIGN (0x4)
                0x0000000010000000                _eccmram = .
                0x0000000010000000                . = ALIGN (0x4)

.bss            0x0000000020000068       0x84
                0x0000000020000068                _sbss = .
                0x0000000020000068                __bss_start__ = _sbss
 *(.bss)
 .bss           0x0000000020000068       0x1c /home/naveen/st/stm32cubeide_1.11.2/plugins/com.st.stm32cube.ide.mcu.externaltools.gnu-tools-for-stm32.10.3-2021.10.linux64_1.0.100.202210260954/tools/bin/../lib/gcc/arm-none-eabi/10.3.1/thumb/v7e-m/nofp/crtbegin.o
 *(.bss*)
 .bss.TIM2_Handle
                0x0000000020000084       0x2c ./Driver/Src/common_utils.o
                0x0000000020000084                TIM2_Handle
 .bss.Test_USART
                0x00000000200000b0       0x1c ./Driver/Src/common_utils.o
                0x00000000200000b0                Test_USART
 .bss.usart_tx_message
                0x00000000200000cc        0x4 ./Driver/Src/usart_driver.o
 .bss.usart_tx_count
                0x00000000200000d0        0x4 ./Driver/Src/usart_driver.o
 .bss.usart_tx_begin
                0x00000000200000d4        0x1 ./Driver/Src/usart_driver.o
 *fill*         0x00000000200000d5        0x3 
 .bss.__sbrk_heap_end
                0x00000000200000d8        0x4 ./Src/sysmem.o
 .bss.__malloc_free_list
                0x00000000200000dc        0x4 /home/naveen/st/stm32cubeide_1.11.2/plugins/com.st.stm32cube.ide.mcu.externaltools.gnu-tools-for-stm32.10.3-2021.10.linux64_1.0.100.202210260954/tools/bin/../lib/gcc/arm-none-eabi/10.3.1/../../../../arm-none-eabi/lib/thumb/v7e-m/nofp/libc_nano.a(lib_a-nano-mallocr.o)
                0x00000000200000dc                __malloc_free_list
 .bss.__malloc_sbrk_start
                0x00000000200000e0        0x4 /home/naveen/st/stm32cubeide_1.11.2/plugins/com.st.stm32cube.ide.mcu.externaltools.gnu-tools-for-stm32.10.3-2021.10.linux64_1.0.100.202210260954/tools/bin/../lib/gcc/arm-none-eabi/10.3.1/../../../../arm-none-eabi/lib/thumb/v7e-m/nofp/libc_nano.a(lib_a-nano-mallocr.o)
                0x00000000200000e0                __malloc_sbrk_start
 .bss.__lock___malloc_recursive_mutex
                0x00000000200000e4        0x1 /home/naveen/st/stm32cubeide_1.11.2/plugins/com.st.stm32cube.ide.mcu.externaltools.gnu-tools-for-stm32.10.3-2021.10.linux64_1.0.100.202210260954/tools/bin/../lib/gcc/arm-none-eabi/10.3.1/../../../../arm-none-eabi/lib/thumb/v7e-m/nofp/libc_nano.a(lib_a-lock.o)
                0x00000000200000e4                __lock___malloc_recursive_mutex
 *fill*         0x00000000200000e5        0x3 
 .bss.errno     0x00000000200000e8        0x4 /home/naveen/st/stm32cubeide_1.11.2/plugins/com.st.stm32cube.ide.mcu.externaltools.gnu-tools-for-stm32.10.3-2021.10.linux64_1.0.100.202210260954/tools/bin/../lib/gcc/arm-none-eabi/10.3.1/../../../../arm-none-eabi/lib/thumb/v7e-m/nofp/libc_nano.a(lib_a-reent.o)
                0x00000000200000e8                errno
 *(COMMON)
                0x00000000200000ec                . = ALIGN (0x4)
                0x00000000200000ec                _ebss = .
                0x00000000200000ec                __bss_end__ = _ebss

._user_heap_stack
                0x00000000200000ec      0x604
                0x00000000200000f0                . = ALIGN (0x8)
 *fill*         0x00000000200000ec        0x4 
                [!provide]                        PROVIDE (end = .)
                0x00000000200000f0                PROVIDE (_end = .)
                0x00000000200002f0                . = (. + _Min_Heap_Size)
 *fill*         0x00000000200000f0      0x200 
                0x00000000200006f0                . = (. + _Min_Stack_Size)
 *fill*         0x00000000200002f0      0x400 
                0x00000000200006f0                . = ALIGN (0x8)

/DISCARD/
 libc.a(*)
 libm.a(*)
 libgcc.a(*)

.ARM.attributes
                0x0000000000000000       0x2a
 *(.ARM.attributes)
 .ARM.attributes
                0x0000000000000000       0x1e /home/naveen/st/stm32cubeide_1.11.2/plugins/com.st.stm32cube.ide.mcu.externaltools.gnu-tools-for-stm32.10.3-2021.10.linux64_1.0.100.202210260954/tools/bin/../lib/gcc/arm-none-eabi/10.3.1/thumb/v7e-m/nofp/crti.o
 .ARM.attributes
                0x000000000000001e       0x2e /home/naveen/st/stm32cubeide_1.11.2/plugins/com.st.stm32cube.ide.mcu.externaltools.gnu-tools-for-stm32.10.3-2021.10.linux64_1.0.100.202210260954/tools/bin/../lib/gcc/arm-none-eabi/10.3.1/thumb/v7e-m/nofp/crtbegin.o
 .ARM.attributes
                0x000000000000004c       0x2e ./Driver/Src/common_utils.o
 .ARM.attributes
                0x000000000000007a       0x2e ./Driver/Src/general_purpose_timer.o
 .ARM.attributes
                0x00000000000000a8       0x2e ./Driver/Src/gpio_driver.o
 .ARM.attributes
                0x00000000000000d6       0x2e ./Driver/Src/rtc_driver.o
 .ARM.attributes
                0x0000000000000104       0x2e ./Driver/Src/stm32f4xx.o
 .ARM.attributes
                0x0000000000000132       0x2e ./Driver/Src/usart_driver.o
 .ARM.attributes
                0x0000000000000160       0x2e ./Src/sysmem.o
 .ARM.attributes
                0x000000000000018e       0x2e ./Src/test_usart_interrupt.o
 .ARM.attributes
                0x00000000000001bc       0x21 ./Startup/startup_stm32f407vgtx.o
 .ARM.attributes
                0x00000000000001dd       0x2e /home/naveen/st/stm32cubeide_1.11.2/plugins/com.st.stm32cube.ide.mcu.externaltools.gnu-tools-for-stm32.10.3-2021.10.linux64_1.0.100.202210260954/tools/bin/../lib/gcc/arm-none-eabi/10.3.1/../../../../arm-none-eabi/lib/thumb/v7e-m/nofp/libc_nano.a(lib_a-errno.o)
 .ARM.attributes
                0x000000000000020b       0x2e /home/naveen/st/stm32cubeide_1.11.2/plugins/com.st.stm32cube.ide.mcu.externaltools.gnu-tools-for-stm32.10.3-2021.10.linux64_1.0.100.202210260954/tools/bin/../lib/gcc/arm-none-eabi/10.3.1/../../../../arm-none-eabi/lib/thumb/v7e-m/nofp/libc_nano.a(lib_a-impure.o)
 .ARM.attributes
                0x0000000000000239       0x2e /home/naveen/st/stm32cubeide_1.11.2/plugins/com.st.stm32cube.ide.mcu.externaltools.gnu-tools-for-stm32.10.3-2021.10.linux64_1.0.100.202210260954/tools/bin/../lib/gcc/arm-none-eabi/10.3.1/../../../../arm-none-eabi/lib/thumb/v7e-m/nofp/libc_nano.a(lib_a-init.o)
 .ARM.attributes
                0x0000000000000267       0x2e /home/naveen/st/stm32cubeide_1.11.2/plugins/com.st.stm32cube.ide.mcu.externaltools.gnu-tools-for-stm32.10.3-2021.10.linux64_1.0.100.202210260954/tools/bin/../lib/gcc/arm-none-eabi/10.3.1/../../../../arm-none-eabi/lib/thumb/v7e-m/nofp/libc_nano.a(lib_a-malloc.o)
 .ARM.attributes
                0x0000000000000295       0x2e /home/naveen/st/stm32cubeide_1.11.2/plugins/com.st.stm32cube.ide.mcu.externaltools.gnu-tools-for-stm32.10.3-2021.10.linux64_1.0.100.202210260954/tools/bin/../lib/gcc/arm-none-eabi/10.3.1/../../../../arm-none-eabi/lib/thumb/v7e-m/nofp/libc_nano.a(lib_a-memcpy-stub.o)
 .ARM.attributes
                0x00000000000002c3       0x2e /home/naveen/st/stm32cubeide_1.11.2/plugins/com.st.stm32cube.ide.mcu.externaltools.gnu-tools-for-stm32.10.3-2021.10.linux64_1.0.100.202210260954/tools/bin/../lib/gcc/arm-none-eabi/10.3.1/../../../../arm-none-eabi/lib/thumb/v7e-m/nofp/libc_nano.a(lib_a-memset.o)
 .ARM.attributes
                0x00000000000002f1       0x2e /home/naveen/st/stm32cubeide_1.11.2/plugins/com.st.stm32cube.ide.mcu.externaltools.gnu-tools-for-stm32.10.3-2021.10.linux64_1.0.100.202210260954/tools/bin/../lib/gcc/arm-none-eabi/10.3.1/../../../../arm-none-eabi/lib/thumb/v7e-m/nofp/libc_nano.a(lib_a-nano-mallocr.o)
 .ARM.attributes
                0x000000000000031f       0x2e /home/naveen/st/stm32cubeide_1.11.2/plugins/com.st.stm32cube.ide.mcu.externaltools.gnu-tools-for-stm32.10.3-2021.10.linux64_1.0.100.202210260954/tools/bin/../lib/gcc/arm-none-eabi/10.3.1/../../../../arm-none-eabi/lib/thumb/v7e-m/nofp/libc_nano.a(lib_a-sbrkr.o)
 .ARM.attributes
                0x000000000000034d       0x2e /home/naveen/st/stm32cubeide_1.11.2/plugins/com.st.stm32cube.ide.mcu.externaltools.gnu-tools-for-stm32.10.3-2021.10.linux64_1.0.100.202210260954/tools/bin/../lib/gcc/arm-none-eabi/10.3.1/../../../../arm-none-eabi/lib/thumb/v7e-m/nofp/libc_nano.a(lib_a-strcpy.o)
 .ARM.attributes
                0x000000000000037b       0x17 /home/naveen/st/stm32cubeide_1.11.2/plugins/com.st.stm32cube.ide.mcu.externaltools.gnu-tools-for-stm32.10.3-2021.10.linux64_1.0.100.202210260954/tools/bin/../lib/gcc/arm-none-eabi/10.3.1/../../../../arm-none-eabi/lib/thumb/v7e-m/nofp/libc_nano.a(lib_a-strlen.o)
 .ARM.attributes
                0x0000000000000392       0x2e /home/naveen/st/stm32cubeide_1.11.2/plugins/com.st.stm32cube.ide.mcu.externaltools.gnu-tools-for-stm32.10.3-2021.10.linux64_1.0.100.202210260954/tools/bin/../lib/gcc/arm-none-eabi/10.3.1/../../../../arm-none-eabi/lib/thumb/v7e-m/nofp/libc_nano.a(lib_a-findfp.o)
 .ARM.attributes
                0x00000000000003c0       0x2e /home/naveen/st/stm32cubeide_1.11.2/plugins/com.st.stm32cube.ide.mcu.externaltools.gnu-tools-for-stm32.10.3-2021.10.linux64_1.0.100.202210260954/tools/bin/../lib/gcc/arm-none-eabi/10.3.1/../../../../arm-none-eabi/lib/thumb/v7e-m/nofp/libc_nano.a(lib_a-lock.o)
 .ARM.attributes
                0x00000000000003ee       0x2e /home/naveen/st/stm32cubeide_1.11.2/plugins/com.st.stm32cube.ide.mcu.externaltools.gnu-tools-for-stm32.10.3-2021.10.linux64_1.0.100.202210260954/tools/bin/../lib/gcc/arm-none-eabi/10.3.1/../../../../arm-none-eabi/lib/thumb/v7e-m/nofp/libc_nano.a(lib_a-mlock.o)
 .ARM.attributes
                0x000000000000041c       0x2e /home/naveen/st/stm32cubeide_1.11.2/plugins/com.st.stm32cube.ide.mcu.externaltools.gnu-tools-for-stm32.10.3-2021.10.linux64_1.0.100.202210260954/tools/bin/../lib/gcc/arm-none-eabi/10.3.1/../../../../arm-none-eabi/lib/thumb/v7e-m/nofp/libc_nano.a(lib_a-reent.o)
 .ARM.attributes
                0x000000000000044a       0x1e /home/naveen/st/stm32cubeide_1.11.2/plugins/com.st.stm32cube.ide.mcu.externaltools.gnu-tools-for-stm32.10.3-2021.10.linux64_1.0.100.202210260954/tools/bin/../lib/gcc/arm-none-eabi/10.3.1/thumb/v7e-m/nofp/crtn.o
OUTPUT(011GPIODriver.elf elf32-littlearm)
LOAD linker stubs
LOAD /home/naveen/st/stm32cubeide_1.11.2/plugins/com.st.stm32cube.ide.mcu.externaltools.gnu-tools-for-stm32.10.3-2021.10.linux64_1.0.100.202210260954/tools/bin/../lib/gcc/arm-none-eabi/10.3.1/../../../../arm-none-eabi/lib/thumb/v7e-m/nofp/libc.a
LOAD /home/naveen/st/stm32cubeide_1.11.2/plugins/com.st.stm32cube.ide.mcu.externaltools.gnu-tools-for-stm32.10.3-2021.10.linux64_1.0.100.202210260954/tools/bin/../lib/gcc/arm-none-eabi/10.3.1/../../../../arm-none-eabi/lib/thumb/v7e-m/nofp/libm.a
LOAD /home/naveen/st/stm32cubeide_1.11.2/plugins/com.st.stm32cube.ide.mcu.externaltools.gnu-tools-for-stm32.10.3-2021.10.linux64_1.0.100.202210260954/tools/bin/../lib/gcc/arm-none-eabi/10.3.1/thumb/v7e-m/nofp/libgcc.a

.debug_info     0x0000000000000000     0x2406
 .debug_info    0x0000000000000000      0x7e8 ./Driver/Src/common_utils.o
 .debug_info    0x00000000000007e8      0x3d7 ./Driver/Src/general_purpose_timer.o
 .debug_info    0x0000000000000bbf      0x4ab ./Driver/Src/gpio_driver.o
 .debug_info    0x000000000000106a      0x7d4 ./Driver/Src/rtc_driver.o
 .debug_info    0x000000000000183e      0x26c ./Driver/Src/stm32f4xx.o
 .debug_info    0x0000000000001aaa      0x542 ./Driver/Src/usart_driver.o
 .debug_info    0x0000000000001fec      0x171 ./Src/sysmem.o
 .debug_info    0x000000000000215d      0x287 ./Src/test_usart_interrupt.o
 .debug_info    0x00000000000023e4       0x22 ./Startup/startup_stm32f407vgtx.o

.debug_abbrev   0x0000000000000000      0x901
 .debug_abbrev  0x0000000000000000      0x137 ./Driver/Src/common_utils.o
 .debug_abbrev  0x0000000000000137       0xae ./Driver/Src/general_purpose_timer.o
 .debug_abbrev  0x00000000000001e5      0x100 ./Driver/Src/gpio_driver.o
 .debug_abbrev  0x00000000000002e5      0x1d3 ./Driver/Src/rtc_driver.o
 .debug_abbrev  0x00000000000004b8       0xdb ./Driver/Src/stm32f4xx.o
 .debug_abbrev  0x0000000000000593      0x178 ./Driver/Src/usart_driver.o
 .debug_abbrev  0x000000000000070b       0xbb ./Src/sysmem.o
 .debug_abbrev  0x00000000000007c6      0x129 ./Src/test_usart_interrupt.o
 .debug_abbrev  0x00000000000008ef       0x12 ./Startup/startup_stm32f407vgtx.o

.debug_aranges  0x0000000000000000      0x2b8
 .debug_aranges
                0x0000000000000000       0x58 ./Driver/Src/common_utils.o
 .debug_aranges
                0x0000000000000058       0x50 ./Driver/Src/general_purpose_timer.o
 .debug_aranges
                0x00000000000000a8       0x70 ./Driver/Src/gpio_driver.o
 .debug_aranges
                0x0000000000000118       0x60 ./Driver/Src/rtc_driver.o
 .debug_aranges
                0x0000000000000178       0x48 ./Driver/Src/stm32f4xx.o
 .debug_aranges
                0x00000000000001c0       0x88 ./Driver/Src/usart_driver.o
 .debug_aranges
                0x0000000000000248       0x20 ./Src/sysmem.o
 .debug_aranges
                0x0000000000000268       0x28 ./Src/test_usart_interrupt.o
 .debug_aranges
                0x0000000000000290       0x28 ./Startup/startup_stm32f407vgtx.o

.debug_ranges   0x0000000000000000      0x230
 .debug_ranges  0x0000000000000000       0x48 ./Driver/Src/common_utils.o
 .debug_ranges  0x0000000000000048       0x40 ./Driver/Src/general_purpose_timer.o
 .debug_ranges  0x0000000000000088       0x60 ./Driver/Src/gpio_driver.o
 .debug_ranges  0x00000000000000e8       0x50 ./Driver/Src/rtc_driver.o
 .debug_ranges  0x0000000000000138       0x38 ./Driver/Src/stm32f4xx.o
 .debug_ranges  0x0000000000000170       0x78 ./Driver/Src/usart_driver.o
 .debug_ranges  0x00000000000001e8       0x10 ./Src/sysmem.o
 .debug_ranges  0x00000000000001f8       0x18 ./Src/test_usart_interrupt.o
 .debug_ranges  0x0000000000000210       0x20 ./Startup/startup_stm32f407vgtx.o

.debug_macro    0x0000000000000000     0x1b28
 .debug_macro   0x0000000000000000      0x292 ./Driver/Src/common_utils.o
 .debug_macro   0x0000000000000292       0x4c ./Driver/Src/common_utils.o
 .debug_macro   0x00000000000002de       0x94 ./Driver/Src/common_utils.o
 .debug_macro   0x0000000000000372       0x57 ./Driver/Src/common_utils.o
 .debug_macro   0x00000000000003c9      0x300 ./Driver/Src/common_utils.o
 .debug_macro   0x00000000000006c9       0x81 ./Driver/Src/general_purpose_timer.o
 .debug_macro   0x000000000000074a      0x190 ./Driver/Src/general_purpose_timer.o
 .debug_macro   0x00000000000008da       0x7b ./Driver/Src/gpio_driver.o
 .debug_macro   0x0000000000000955      0x2b0 ./Driver/Src/rtc_driver.o
 .debug_macro   0x0000000000000c05      0x4a9 ./Driver/Src/rtc_driver.o
 .debug_macro   0x00000000000010ae       0x6c ./Driver/Src/stm32f4xx.o
 .debug_macro   0x000000000000111a      0x253 ./Driver/Src/usart_driver.o
 .debug_macro   0x000000000000136d      0x1d2 ./Driver/Src/usart_driver.o
 .debug_macro   0x000000000000153f       0xff ./Src/sysmem.o
 .debug_macro   0x000000000000163e      0x23b ./Src/sysmem.o
 .debug_macro   0x0000000000001879      0x2af ./Src/test_usart_interrupt.o

.debug_line     0x0000000000000000     0x402c
 .debug_line    0x0000000000000000      0x823 ./Driver/Src/common_utils.o
 .debug_line    0x0000000000000823      0x827 ./Driver/Src/general_purpose_timer.o
 .debug_line    0x000000000000104a      0x589 ./Driver/Src/gpio_driver.o
 .debug_line    0x00000000000015d3      0xbad ./Driver/Src/rtc_driver.o
 .debug_line    0x0000000000002180      0x866 ./Driver/Src/stm32f4xx.o
 .debug_line    0x00000000000029e6      0x9c9 ./Driver/Src/usart_driver.o
 .debug_line    0x00000000000033af      0x4ea ./Src/sysmem.o
 .debug_line    0x0000000000003899      0x70f ./Src/test_usart_interrupt.o
 .debug_line    0x0000000000003fa8       0x84 ./Startup/startup_stm32f407vgtx.o

.debug_str      0x0000000000000000     0xcbd9
 .debug_str     0x0000000000000000     0xad26 ./Driver/Src/common_utils.o
                                       0xaf2b (size before relaxing)
 .debug_str     0x000000000000ad26      0x11c ./Driver/Src/general_purpose_timer.o
                                       0x554b (size before relaxing)
 .debug_str     0x000000000000ae42      0x121 ./Driver/Src/gpio_driver.o
                                       0x5117 (size before relaxing)
 .debug_str     0x000000000000af63     0x149e ./Driver/Src/rtc_driver.o
                                       0xbcf8 (size before relaxing)
 .debug_str     0x000000000000c401       0xc1 ./Driver/Src/stm32f4xx.o
                                       0x4c7f (size before relaxing)
 .debug_str     0x000000000000c4c2      0x1c1 ./Driver/Src/usart_driver.o
                                       0x96b7 (size before relaxing)
 .debug_str     0x000000000000c683      0x4d5 ./Src/sysmem.o
                                       0x5d64 (size before relaxing)
 .debug_str     0x000000000000cb58       0x50 ./Src/test_usart_interrupt.o
                                       0xab56 (size before relaxing)
 .debug_str     0x000000000000cba8       0x31 ./Startup/startup_stm32f407vgtx.o
                                         0x62 (size before relaxing)

.comment        0x0000000000000000       0x50
 .comment       0x0000000000000000       0x50 ./Driver/Src/common_utils.o
                                         0x51 (size before relaxing)
 .comment       0x0000000000000050       0x51 ./Driver/Src/general_purpose_timer.o
 .comment       0x0000000000000050       0x51 ./Driver/Src/gpio_driver.o
 .comment       0x0000000000000050       0x51 ./Driver/Src/rtc_driver.o
 .comment       0x0000000000000050       0x51 ./Driver/Src/stm32f4xx.o
 .comment       0x0000000000000050       0x51 ./Driver/Src/usart_driver.o
 .comment       0x0000000000000050       0x51 ./Src/sysmem.o
 .comment       0x0000000000000050       0x51 ./Src/test_usart_interrupt.o

.debug_frame    0x0000000000000000      0xcfc
 .debug_frame   0x0000000000000000      0x124 ./Driver/Src/common_utils.o
 .debug_frame   0x0000000000000124      0x128 ./Driver/Src/general_purpose_timer.o
 .debug_frame   0x000000000000024c      0x1c8 ./Driver/Src/gpio_driver.o
 .debug_frame   0x0000000000000414      0x164 ./Driver/Src/rtc_driver.o
 .debug_frame   0x0000000000000578      0x100 ./Driver/Src/stm32f4xx.o
 .debug_frame   0x0000000000000678      0x220 ./Driver/Src/usart_driver.o
 .debug_frame   0x0000000000000898       0x34 ./Src/sysmem.o
 .debug_frame   0x00000000000008cc       0x4c ./Src/test_usart_interrupt.o
 .debug_frame   0x0000000000000918       0x20 /home/naveen/st/stm32cubeide_1.11.2/plugins/com.st.stm32cube.ide.mcu.externaltools.gnu-tools-for-stm32.10.3-2021.10.linux64_1.0.100.202210260954/tools/bin/../lib/gcc/arm-none-eabi/10.3.1/../../../../arm-none-eabi/lib/thumb/v7e-m/nofp/libc_nano.a(lib_a-errno.o)
 .debug_frame   0x0000000000000938       0x2c /home/naveen/st/stm32cubeide_1.11.2/plugins/com.st.stm32cube.ide.mcu.externaltools.gnu-tools-for-stm32.10.3-2021.10.linux64_1.0.100.202210260954/tools/bin/../lib/gcc/arm-none-eabi/10.3.1/../../../../arm-none-eabi/lib/thumb/v7e-m/nofp/libc_nano.a(lib_a-init.o)
 .debug_frame   0x0000000000000964       0x30 /home/naveen/st/stm32cubeide_1.11.2/plugins/com.st.stm32cube.ide.mcu.externaltools.gnu-tools-for-stm32.10.3-2021.10.linux64_1.0.100.202210260954/tools/bin/../lib/gcc/arm-none-eabi/10.3.1/../../../../arm-none-eabi/lib/thumb/v7e-m/nofp/libc_nano.a(lib_a-malloc.o)
 .debug_frame   0x0000000000000994       0x28 /home/naveen/st/stm32cubeide_1.11.2/plugins/com.st.stm32cube.ide.mcu.externaltools.gnu-tools-for-stm32.10.3-2021.10.linux64_1.0.100.202210260954/tools/bin/../lib/gcc/arm-none-eabi/10.3.1/../../../../arm-none-eabi/lib/thumb/v7e-m/nofp/libc_nano.a(lib_a-memcpy-stub.o)
 .debug_frame   0x00000000000009bc       0x20 /home/naveen/st/stm32cubeide_1.11.2/plugins/com.st.stm32cube.ide.mcu.externaltools.gnu-tools-for-stm32.10.3-2021.10.linux64_1.0.100.202210260954/tools/bin/../lib/gcc/arm-none-eabi/10.3.1/../../../../arm-none-eabi/lib/thumb/v7e-m/nofp/libc_nano.a(lib_a-memset.o)
 .debug_frame   0x00000000000009dc       0x4c /home/naveen/st/stm32cubeide_1.11.2/plugins/com.st.stm32cube.ide.mcu.externaltools.gnu-tools-for-stm32.10.3-2021.10.linux64_1.0.100.202210260954/tools/bin/../lib/gcc/arm-none-eabi/10.3.1/../../../../arm-none-eabi/lib/thumb/v7e-m/nofp/libc_nano.a(lib_a-nano-mallocr.o)
 .debug_frame   0x0000000000000a28       0x2c /home/naveen/st/stm32cubeide_1.11.2/plugins/com.st.stm32cube.ide.mcu.externaltools.gnu-tools-for-stm32.10.3-2021.10.linux64_1.0.100.202210260954/tools/bin/../lib/gcc/arm-none-eabi/10.3.1/../../../../arm-none-eabi/lib/thumb/v7e-m/nofp/libc_nano.a(lib_a-sbrkr.o)
 .debug_frame   0x0000000000000a54       0x20 /home/naveen/st/stm32cubeide_1.11.2/plugins/com.st.stm32cube.ide.mcu.externaltools.gnu-tools-for-stm32.10.3-2021.10.linux64_1.0.100.202210260954/tools/bin/../lib/gcc/arm-none-eabi/10.3.1/../../../../arm-none-eabi/lib/thumb/v7e-m/nofp/libc_nano.a(lib_a-strcpy.o)
 .debug_frame   0x0000000000000a74      0x14c /home/naveen/st/stm32cubeide_1.11.2/plugins/com.st.stm32cube.ide.mcu.externaltools.gnu-tools-for-stm32.10.3-2021.10.linux64_1.0.100.202210260954/tools/bin/../lib/gcc/arm-none-eabi/10.3.1/../../../../arm-none-eabi/lib/thumb/v7e-m/nofp/libc_nano.a(lib_a-findfp.o)
 .debug_frame   0x0000000000000bc0       0xb0 /home/naveen/st/stm32cubeide_1.11.2/plugins/com.st.stm32cube.ide.mcu.externaltools.gnu-tools-for-stm32.10.3-2021.10.linux64_1.0.100.202210260954/tools/bin/../lib/gcc/arm-none-eabi/10.3.1/../../../../arm-none-eabi/lib/thumb/v7e-m/nofp/libc_nano.a(lib_a-lock.o)
 .debug_frame   0x0000000000000c70       0x30 /home/naveen/st/stm32cubeide_1.11.2/plugins/com.st.stm32cube.ide.mcu.externaltools.gnu-tools-for-stm32.10.3-2021.10.linux64_1.0.100.202210260954/tools/bin/../lib/gcc/arm-none-eabi/10.3.1/../../../../arm-none-eabi/lib/thumb/v7e-m/nofp/libc_nano.a(lib_a-mlock.o)
 .debug_frame   0x0000000000000ca0       0x5c /home/naveen/st/stm32cubeide_1.11.2/plugins/com.st.stm32cube.ide.mcu.externaltools.gnu-tools-for-stm32.10.3-2021.10.linux64_1.0.100.202210260954/tools/bin/../lib/gcc/arm-none-eabi/10.3.1/../../../../arm-none-eabi/lib/thumb/v7e-m/nofp/libc_nano.a(lib_a-reent.o)
