../Src/nRF24L01_Tx.c:266:5:main	72	static
../Src/nRF24L01_Tx.c:346:6:configure_spi	24	static
../Src/nRF24L01_Tx.c:376:6:configure_nrf_radio	24	static
../Src/nRF24L01_Tx.c:503:9:nrf_radio_transmit_packet	16	static
../Src/nRF24L01_Tx.c:522:9:nrf_radio_transmit_packet_1	16	static
../Src/nRF24L01_Tx.c:545:6:nrf_radio_receive_packet_callback	16	static
../Src/nRF24L01_Tx.c:561:6:nrf_radio_interrupt_callback	16	static
../Src/nRF24L01_Tx.c:608:6:nrf_radio_rx_polling	16	static
../Src/nRF24L01_Tx.c:638:9:nrf_radio_get_status_register	16	static
../Src/nRF24L01_Tx.c:655:9:nrf_radio_get_interrupt_source	16	static
../Src/nRF24L01_Tx.c:682:6:nrf_radio_retreive_packet_from_fifo	16	static
../Src/nRF24L01_Tx.c:703:9:nrf_radio_get_rx_packet_length	16	static
../Src/nRF24L01_Tx.c:721:6:nrf_radio_send_packet_to_fifo	24	static
../Src/nRF24L01_Tx.c:745:6:nrf_radio_cmd_write	16	static
../Src/nRF24L01_Tx.c:752:6:nrf_radio_flush_tx	8	static
../Src/nRF24L01_Tx.c:759:6:configure_uart	8	static
../Src/nRF24L01_Tx.c:788:6:UART_SendChar	16	static
../Src/nRF24L01_Tx.c:793:6:configure_radio_interrupts	8	static
../Src/nRF24L01_Tx.c:798:6:EXTI0_IRQHandler	16	static
