../Src/temp_on_lcd_over_wireless_tx_interrupt.c:35:5:main	64	static
../Src/temp_on_lcd_over_wireless_tx_interrupt.c:87:13:disable_interrupts	4	static,ignoring_inline_asm
../Src/temp_on_lcd_over_wireless_tx_interrupt.c:94:13:enable_interrupts	4	static,ignoring_inline_asm
../Src/temp_on_lcd_over_wireless_tx_interrupt.c:101:13:configure_timer5	8	static
../Src/temp_on_lcd_over_wireless_tx_interrupt.c:116:6:TIM5_IRQHandler	16	static
../Src/temp_on_lcd_over_wireless_tx_interrupt.c:167:13:nrf_radio_enable_irq	8	static
../Src/temp_on_lcd_over_wireless_tx_interrupt.c:175:6:EXTI0_IRQHandler	16	static
