../Core/Src/main.c:109:5:main	48	static,ignoring_inline_asm
../Core/Src/main.c:188:6:SystemClock_Config	88	static
../Core/Src/main.c:235:13:MX_USART2_UART_Init	8	static
../Core/Src/main.c:268:13:MX_GPIO_Init	56	static
../Core/Src/main.c:403:13:task_menu	32	static
../Core/Src/main.c:421:13:task_led	40	static
../Core/Src/main.c:484:13:task_rtc	32	static
../Core/Src/main.c:529:13:task_cmd	24	static
../Core/Src/main.c:538:13:process_cmd	16	static
../Core/Src/main.c:567:13:task_print	32	static
../Core/Src/main.c:585:6:HAL_UART_RxCpltCallback	24	static
../Core/Src/main.c:590:13:led_timer_callback	16	static
../Core/Src/main.c:610:13:blink_led_pattern_1	8	static
../Core/Src/main.c:618:13:blink_led_pattern_2	8	static
../Core/Src/main.c:626:13:blink_led_pattern_3	8	static
../Core/Src/main.c:662:13:blink_led_pattern_4	8	static
../Core/Src/main.c:708:6:HAL_TIM_PeriodElapsedCallback	16	static
../Core/Src/main.c:725:6:Error_Handler	4	static,ignoring_inline_asm
