../Core/Src/main.c:86:5:main	48	static,ignoring_inline_asm
../Core/Src/main.c:169:6:SystemClock_Config	88	static
../Core/Src/main.c:216:13:MX_USART2_UART_Init	8	static
../Core/Src/main.c:249:13:MX_GPIO_Init	56	static
../Core/Src/main.c:384:13:task_menu	32	static
../Core/Src/main.c:396:13:task_led	56	static,ignoring_inline_asm
../Core/Src/main.c:477:13:task_rtc	32	static
../Core/Src/main.c:519:13:process_cmd	16	static
../Core/Src/main.c:548:6:HAL_UART_RxCpltCallback	16	static
../Core/Src/main.c:553:13:task_led_pattern_1	16	static
../Core/Src/main.c:565:13:task_led_pattern_2	16	static
../Core/Src/main.c:587:6:HAL_TIM_PeriodElapsedCallback	16	static
../Core/Src/main.c:604:6:Error_Handler	4	static,ignoring_inline_asm
