../Core/Src/main.c:93:5:main	48	static,ignoring_inline_asm
../Core/Src/main.c:170:6:SystemClock_Config	88	static
../Core/Src/main.c:217:13:MX_USART2_UART_Init	8	static
../Core/Src/main.c:250:13:MX_GPIO_Init	56	static
../Core/Src/main.c:385:13:task_menu	32	static
../Core/Src/main.c:397:13:task_led	56	static,ignoring_inline_asm
../Core/Src/main.c:478:13:task_rtc	32	static
../Core/Src/main.c:520:13:task_cmd	24	static
../Core/Src/main.c:529:13:process_cmd	16	static
../Core/Src/main.c:558:13:task_print	32	static
../Core/Src/main.c:576:6:HAL_UART_RxCpltCallback	24	static
../Core/Src/main.c:581:13:task_led_pattern_1	16	static
../Core/Src/main.c:593:13:task_led_pattern_2	16	static
../Core/Src/main.c:615:6:HAL_TIM_PeriodElapsedCallback	16	static
../Core/Src/main.c:632:6:Error_Handler	4	static,ignoring_inline_asm
