../Core/Src/main.c:91:5:main	32	static,ignoring_inline_asm
../Core/Src/main.c:151:6:SystemClock_Config	88	static
../Core/Src/main.c:198:13:MX_GPIO_Init	56	static
../Core/Src/main.c:333:13:manager_task	16	static
../Core/Src/main.c:354:13:employee_task	16	static
../Core/Src/main.c:379:13:get_pending_report	16	static
../Core/Src/main.c:387:13:set_task_led	8	static
../Core/Src/main.c:392:13:clear_task_led	8	static
../Core/Src/main.c:397:17:get_task_completion_time	16	static
../Core/Src/main.c:416:6:HAL_TIM_PeriodElapsedCallback	16	static
../Core/Src/main.c:433:6:Error_Handler	4	static,ignoring_inline_asm
