Archive member included to satisfy reference by file (symbol)

/home/naveen/st/stm32cubeide_1.11.2/plugins/com.st.stm32cube.ide.mcu.externaltools.gnu-tools-for-stm32.10.3-2021.10.linux64_1.0.100.202210260954/tools/bin/../lib/gcc/arm-none-eabi/10.3.1/../../../../arm-none-eabi/lib/thumb/v7e-m/nofp/libc_nano.a(lib_a-errno.o)
                              ./Src/syscalls.o (__errno)
/home/naveen/st/stm32cubeide_1.11.2/plugins/com.st.stm32cube.ide.mcu.externaltools.gnu-tools-for-stm32.10.3-2021.10.linux64_1.0.100.202210260954/tools/bin/../lib/gcc/arm-none-eabi/10.3.1/../../../../arm-none-eabi/lib/thumb/v7e-m/nofp/libc_nano.a(lib_a-exit.o)
                              /home/naveen/st/stm32cubeide_1.11.2/plugins/com.st.stm32cube.ide.mcu.externaltools.gnu-tools-for-stm32.10.3-2021.10.linux64_1.0.100.202210260954/tools/bin/../lib/gcc/arm-none-eabi/10.3.1/../../../../arm-none-eabi/lib/thumb/v7e-m/nofp/crt0.o (exit)
/home/naveen/st/stm32cubeide_1.11.2/plugins/com.st.stm32cube.ide.mcu.externaltools.gnu-tools-for-stm32.10.3-2021.10.linux64_1.0.100.202210260954/tools/bin/../lib/gcc/arm-none-eabi/10.3.1/../../../../arm-none-eabi/lib/thumb/v7e-m/nofp/libc_nano.a(lib_a-impure.o)
                              /home/naveen/st/stm32cubeide_1.11.2/plugins/com.st.stm32cube.ide.mcu.externaltools.gnu-tools-for-stm32.10.3-2021.10.linux64_1.0.100.202210260954/tools/bin/../lib/gcc/arm-none-eabi/10.3.1/../../../../arm-none-eabi/lib/thumb/v7e-m/nofp/libc_nano.a(lib_a-exit.o) (_global_impure_ptr)
/home/naveen/st/stm32cubeide_1.11.2/plugins/com.st.stm32cube.ide.mcu.externaltools.gnu-tools-for-stm32.10.3-2021.10.linux64_1.0.100.202210260954/tools/bin/../lib/gcc/arm-none-eabi/10.3.1/../../../../arm-none-eabi/lib/thumb/v7e-m/nofp/libc_nano.a(lib_a-init.o)
                              /home/naveen/st/stm32cubeide_1.11.2/plugins/com.st.stm32cube.ide.mcu.externaltools.gnu-tools-for-stm32.10.3-2021.10.linux64_1.0.100.202210260954/tools/bin/../lib/gcc/arm-none-eabi/10.3.1/../../../../arm-none-eabi/lib/thumb/v7e-m/nofp/crt0.o (__libc_init_array)
/home/naveen/st/stm32cubeide_1.11.2/plugins/com.st.stm32cube.ide.mcu.externaltools.gnu-tools-for-stm32.10.3-2021.10.linux64_1.0.100.202210260954/tools/bin/../lib/gcc/arm-none-eabi/10.3.1/../../../../arm-none-eabi/lib/thumb/v7e-m/nofp/libc_nano.a(lib_a-memset.o)
                              /home/naveen/st/stm32cubeide_1.11.2/plugins/com.st.stm32cube.ide.mcu.externaltools.gnu-tools-for-stm32.10.3-2021.10.linux64_1.0.100.202210260954/tools/bin/../lib/gcc/arm-none-eabi/10.3.1/../../../../arm-none-eabi/lib/thumb/v7e-m/nofp/crt0.o (memset)

Discarded input sections

 .text          0x0000000000000000        0x0 /home/naveen/st/stm32cubeide_1.11.2/plugins/com.st.stm32cube.ide.mcu.externaltools.gnu-tools-for-stm32.10.3-2021.10.linux64_1.0.100.202210260954/tools/bin/../lib/gcc/arm-none-eabi/10.3.1/thumb/v7e-m/nofp/crti.o
 .data          0x0000000000000000        0x0 /home/naveen/st/stm32cubeide_1.11.2/plugins/com.st.stm32cube.ide.mcu.externaltools.gnu-tools-for-stm32.10.3-2021.10.linux64_1.0.100.202210260954/tools/bin/../lib/gcc/arm-none-eabi/10.3.1/thumb/v7e-m/nofp/crti.o
 .bss           0x0000000000000000        0x0 /home/naveen/st/stm32cubeide_1.11.2/plugins/com.st.stm32cube.ide.mcu.externaltools.gnu-tools-for-stm32.10.3-2021.10.linux64_1.0.100.202210260954/tools/bin/../lib/gcc/arm-none-eabi/10.3.1/thumb/v7e-m/nofp/crti.o
 .data          0x0000000000000000        0x4 /home/naveen/st/stm32cubeide_1.11.2/plugins/com.st.stm32cube.ide.mcu.externaltools.gnu-tools-for-stm32.10.3-2021.10.linux64_1.0.100.202210260954/tools/bin/../lib/gcc/arm-none-eabi/10.3.1/thumb/v7e-m/nofp/crtbegin.o
 .rodata        0x0000000000000000       0x24 /home/naveen/st/stm32cubeide_1.11.2/plugins/com.st.stm32cube.ide.mcu.externaltools.gnu-tools-for-stm32.10.3-2021.10.linux64_1.0.100.202210260954/tools/bin/../lib/gcc/arm-none-eabi/10.3.1/thumb/v7e-m/nofp/crtbegin.o
 .text          0x0000000000000000       0x7c /home/naveen/st/stm32cubeide_1.11.2/plugins/com.st.stm32cube.ide.mcu.externaltools.gnu-tools-for-stm32.10.3-2021.10.linux64_1.0.100.202210260954/tools/bin/../lib/gcc/arm-none-eabi/10.3.1/../../../../arm-none-eabi/lib/thumb/v7e-m/nofp/crt0.o
 .data          0x0000000000000000        0x0 /home/naveen/st/stm32cubeide_1.11.2/plugins/com.st.stm32cube.ide.mcu.externaltools.gnu-tools-for-stm32.10.3-2021.10.linux64_1.0.100.202210260954/tools/bin/../lib/gcc/arm-none-eabi/10.3.1/../../../../arm-none-eabi/lib/thumb/v7e-m/nofp/crt0.o
 .bss           0x0000000000000000        0x0 /home/naveen/st/stm32cubeide_1.11.2/plugins/com.st.stm32cube.ide.mcu.externaltools.gnu-tools-for-stm32.10.3-2021.10.linux64_1.0.100.202210260954/tools/bin/../lib/gcc/arm-none-eabi/10.3.1/../../../../arm-none-eabi/lib/thumb/v7e-m/nofp/crt0.o
 .ARM.extab     0x0000000000000000        0x0 /home/naveen/st/stm32cubeide_1.11.2/plugins/com.st.stm32cube.ide.mcu.externaltools.gnu-tools-for-stm32.10.3-2021.10.linux64_1.0.100.202210260954/tools/bin/../lib/gcc/arm-none-eabi/10.3.1/../../../../arm-none-eabi/lib/thumb/v7e-m/nofp/crt0.o
 .ARM.exidx     0x0000000000000000       0x10 /home/naveen/st/stm32cubeide_1.11.2/plugins/com.st.stm32cube.ide.mcu.externaltools.gnu-tools-for-stm32.10.3-2021.10.linux64_1.0.100.202210260954/tools/bin/../lib/gcc/arm-none-eabi/10.3.1/../../../../arm-none-eabi/lib/thumb/v7e-m/nofp/crt0.o
 .ARM.attributes
                0x0000000000000000       0x1c /home/naveen/st/stm32cubeide_1.11.2/plugins/com.st.stm32cube.ide.mcu.externaltools.gnu-tools-for-stm32.10.3-2021.10.linux64_1.0.100.202210260954/tools/bin/../lib/gcc/arm-none-eabi/10.3.1/../../../../arm-none-eabi/lib/thumb/v7e-m/nofp/crt0.o
 .group         0x0000000000000000        0xc ./Src/general_purpose_timer.o
 .group         0x0000000000000000        0xc ./Src/general_purpose_timer.o
 .group         0x0000000000000000        0xc ./Src/general_purpose_timer.o
 .group         0x0000000000000000        0xc ./Src/general_purpose_timer.o
 .group         0x0000000000000000        0xc ./Src/general_purpose_timer.o
 .group         0x0000000000000000        0xc ./Src/general_purpose_timer.o
 .group         0x0000000000000000        0xc ./Src/general_purpose_timer.o
 .group         0x0000000000000000        0xc ./Src/general_purpose_timer.o
 .group         0x0000000000000000        0xc ./Src/general_purpose_timer.o
 .text          0x0000000000000000        0x0 ./Src/general_purpose_timer.o
 .data          0x0000000000000000        0x0 ./Src/general_purpose_timer.o
 .bss           0x0000000000000000        0x0 ./Src/general_purpose_timer.o
 .text.General_Purpose_Timer_PeripheralDisable
                0x0000000000000000       0x22 ./Src/general_purpose_timer.o
 .text.General_Purpose_Timer_EnableUpdateEventInterrupt
                0x0000000000000000       0x22 ./Src/general_purpose_timer.o
 .text.General_Purpose_Timer_DisableUpdateEventInterrupt
                0x0000000000000000       0x22 ./Src/general_purpose_timer.o
 .text.General_Purpose_Timer_ClearUpdateEventFlag
                0x0000000000000000       0x22 ./Src/general_purpose_timer.o
 .text.General_Purpose_Timer_SetARPEFlag
                0x0000000000000000       0x22 ./Src/general_purpose_timer.o
 .group         0x0000000000000000        0xc ./Src/general_purpose_timer_toggle_36MHz.o
 .group         0x0000000000000000        0xc ./Src/general_purpose_timer_toggle_36MHz.o
 .group         0x0000000000000000        0xc ./Src/general_purpose_timer_toggle_36MHz.o
 .group         0x0000000000000000        0xc ./Src/general_purpose_timer_toggle_36MHz.o
 .group         0x0000000000000000        0xc ./Src/general_purpose_timer_toggle_36MHz.o
 .group         0x0000000000000000        0xc ./Src/general_purpose_timer_toggle_36MHz.o
 .group         0x0000000000000000        0xc ./Src/general_purpose_timer_toggle_36MHz.o
 .group         0x0000000000000000        0xc ./Src/general_purpose_timer_toggle_36MHz.o
 .group         0x0000000000000000        0xc ./Src/general_purpose_timer_toggle_36MHz.o
 .group         0x0000000000000000        0xc ./Src/general_purpose_timer_toggle_36MHz.o
 .group         0x0000000000000000        0xc ./Src/general_purpose_timer_toggle_36MHz.o
 .group         0x0000000000000000        0xc ./Src/general_purpose_timer_toggle_36MHz.o
 .group         0x0000000000000000        0xc ./Src/general_purpose_timer_toggle_36MHz.o
 .group         0x0000000000000000        0xc ./Src/general_purpose_timer_toggle_36MHz.o
 .group         0x0000000000000000        0xc ./Src/general_purpose_timer_toggle_36MHz.o
 .group         0x0000000000000000        0xc ./Src/general_purpose_timer_toggle_36MHz.o
 .group         0x0000000000000000        0xc ./Src/general_purpose_timer_toggle_36MHz.o
 .group         0x0000000000000000        0xc ./Src/general_purpose_timer_toggle_36MHz.o
 .group         0x0000000000000000        0xc ./Src/general_purpose_timer_toggle_36MHz.o
 .group         0x0000000000000000        0xc ./Src/general_purpose_timer_toggle_36MHz.o
 .group         0x0000000000000000        0xc ./Src/general_purpose_timer_toggle_36MHz.o
 .group         0x0000000000000000        0xc ./Src/general_purpose_timer_toggle_36MHz.o
 .group         0x0000000000000000        0xc ./Src/general_purpose_timer_toggle_36MHz.o
 .group         0x0000000000000000        0xc ./Src/general_purpose_timer_toggle_36MHz.o
 .group         0x0000000000000000        0xc ./Src/general_purpose_timer_toggle_36MHz.o
 .group         0x0000000000000000        0xc ./Src/general_purpose_timer_toggle_36MHz.o
 .group         0x0000000000000000        0xc ./Src/general_purpose_timer_toggle_36MHz.o
 .text          0x0000000000000000        0x0 ./Src/general_purpose_timer_toggle_36MHz.o
 .data          0x0000000000000000        0x0 ./Src/general_purpose_timer_toggle_36MHz.o
 .bss           0x0000000000000000        0x0 ./Src/general_purpose_timer_toggle_36MHz.o
 .debug_macro   0x0000000000000000      0xa78 ./Src/general_purpose_timer_toggle_36MHz.o
 .debug_macro   0x0000000000000000       0x22 ./Src/general_purpose_timer_toggle_36MHz.o
 .debug_macro   0x0000000000000000       0x8e ./Src/general_purpose_timer_toggle_36MHz.o
 .debug_macro   0x0000000000000000       0x51 ./Src/general_purpose_timer_toggle_36MHz.o
 .debug_macro   0x0000000000000000      0x103 ./Src/general_purpose_timer_toggle_36MHz.o
 .debug_macro   0x0000000000000000       0x6a ./Src/general_purpose_timer_toggle_36MHz.o
 .debug_macro   0x0000000000000000      0x1df ./Src/general_purpose_timer_toggle_36MHz.o
 .group         0x0000000000000000        0xc ./Src/gpio_driver.o
 .group         0x0000000000000000        0xc ./Src/gpio_driver.o
 .group         0x0000000000000000        0xc ./Src/gpio_driver.o
 .group         0x0000000000000000        0xc ./Src/gpio_driver.o
 .group         0x0000000000000000        0xc ./Src/gpio_driver.o
 .group         0x0000000000000000        0xc ./Src/gpio_driver.o
 .group         0x0000000000000000        0xc ./Src/gpio_driver.o
 .group         0x0000000000000000        0xc ./Src/gpio_driver.o
 .group         0x0000000000000000        0xc ./Src/gpio_driver.o
 .text          0x0000000000000000        0x0 ./Src/gpio_driver.o
 .data          0x0000000000000000        0x0 ./Src/gpio_driver.o
 .bss           0x0000000000000000        0x0 ./Src/gpio_driver.o
 .text.GPIOReadPin
                0x0000000000000000       0x3e ./Src/gpio_driver.o
 .text.GPIOWritePin
                0x0000000000000000       0x44 ./Src/gpio_driver.o
 .text.GPIOTogglePin
                0x0000000000000000       0x2c ./Src/gpio_driver.o
 .text.GPIOWritePort
                0x0000000000000000       0x1e ./Src/gpio_driver.o
 .text.GPIOReadIDR
                0x0000000000000000       0x1a ./Src/gpio_driver.o
 .text.GPIOReadODR
                0x0000000000000000       0x1a ./Src/gpio_driver.o
 .text.GPIOSetOutputType
                0x0000000000000000       0x44 ./Src/gpio_driver.o
 .text.GPIOSetPullUpDownConfig
                0x0000000000000000       0x48 ./Src/gpio_driver.o
 .text.GPIOSetOutputSpeed
                0x0000000000000000       0x48 ./Src/gpio_driver.o
 .debug_macro   0x0000000000000000      0xa78 ./Src/gpio_driver.o
 .debug_macro   0x0000000000000000       0x22 ./Src/gpio_driver.o
 .debug_macro   0x0000000000000000       0x8e ./Src/gpio_driver.o
 .debug_macro   0x0000000000000000       0x51 ./Src/gpio_driver.o
 .debug_macro   0x0000000000000000      0x103 ./Src/gpio_driver.o
 .debug_macro   0x0000000000000000       0x6a ./Src/gpio_driver.o
 .debug_macro   0x0000000000000000      0x1df ./Src/gpio_driver.o
 .debug_macro   0x0000000000000000      0x2f1 ./Src/gpio_driver.o
 .debug_macro   0x0000000000000000      0x15a ./Src/gpio_driver.o
 .group         0x0000000000000000        0xc ./Src/stm32f4xx.o
 .group         0x0000000000000000        0xc ./Src/stm32f4xx.o
 .group         0x0000000000000000        0xc ./Src/stm32f4xx.o
 .group         0x0000000000000000        0xc ./Src/stm32f4xx.o
 .group         0x0000000000000000        0xc ./Src/stm32f4xx.o
 .group         0x0000000000000000        0xc ./Src/stm32f4xx.o
 .group         0x0000000000000000        0xc ./Src/stm32f4xx.o
 .group         0x0000000000000000        0xc ./Src/stm32f4xx.o
 .text          0x0000000000000000        0x0 ./Src/stm32f4xx.o
 .data          0x0000000000000000        0x0 ./Src/stm32f4xx.o
 .bss           0x0000000000000000        0x0 ./Src/stm32f4xx.o
 .text.DisablePeriClk
                0x0000000000000000      0x388 ./Src/stm32f4xx.o
 .text.NVIC_EnableIRQ
                0x0000000000000000       0x44 ./Src/stm32f4xx.o
 .text.NVIC_DisableIRQ
                0x0000000000000000       0x44 ./Src/stm32f4xx.o
 .debug_macro   0x0000000000000000      0xa78 ./Src/stm32f4xx.o
 .debug_macro   0x0000000000000000       0x22 ./Src/stm32f4xx.o
 .debug_macro   0x0000000000000000       0x8e ./Src/stm32f4xx.o
 .debug_macro   0x0000000000000000       0x51 ./Src/stm32f4xx.o
 .debug_macro   0x0000000000000000      0x103 ./Src/stm32f4xx.o
 .debug_macro   0x0000000000000000       0x6a ./Src/stm32f4xx.o
 .debug_macro   0x0000000000000000      0x1df ./Src/stm32f4xx.o
 .debug_macro   0x0000000000000000      0x2f1 ./Src/stm32f4xx.o
 .group         0x0000000000000000        0xc ./Src/syscalls.o
 .group         0x0000000000000000        0xc ./Src/syscalls.o
 .group         0x0000000000000000        0xc ./Src/syscalls.o
 .group         0x0000000000000000        0xc ./Src/syscalls.o
 .group         0x0000000000000000        0xc ./Src/syscalls.o
 .group         0x0000000000000000        0xc ./Src/syscalls.o
 .group         0x0000000000000000        0xc ./Src/syscalls.o
 .group         0x0000000000000000        0xc ./Src/syscalls.o
 .group         0x0000000000000000        0xc ./Src/syscalls.o
 .group         0x0000000000000000        0xc ./Src/syscalls.o
 .group         0x0000000000000000        0xc ./Src/syscalls.o
 .group         0x0000000000000000        0xc ./Src/syscalls.o
 .group         0x0000000000000000        0xc ./Src/syscalls.o
 .group         0x0000000000000000        0xc ./Src/syscalls.o
 .group         0x0000000000000000        0xc ./Src/syscalls.o
 .group         0x0000000000000000        0xc ./Src/syscalls.o
 .group         0x0000000000000000        0xc ./Src/syscalls.o
 .group         0x0000000000000000        0xc ./Src/syscalls.o
 .group         0x0000000000000000        0xc ./Src/syscalls.o
 .group         0x0000000000000000        0xc ./Src/syscalls.o
 .group         0x0000000000000000        0xc ./Src/syscalls.o
 .group         0x0000000000000000        0xc ./Src/syscalls.o
 .group         0x0000000000000000        0xc ./Src/syscalls.o
 .group         0x0000000000000000        0xc ./Src/syscalls.o
 .group         0x0000000000000000        0xc ./Src/syscalls.o
 .group         0x0000000000000000        0xc ./Src/syscalls.o
 .group         0x0000000000000000        0xc ./Src/syscalls.o
 .group         0x0000000000000000        0xc ./Src/syscalls.o
 .group         0x0000000000000000        0xc ./Src/syscalls.o
 .group         0x0000000000000000        0xc ./Src/syscalls.o
 .group         0x0000000000000000        0xc ./Src/syscalls.o
 .group         0x0000000000000000        0xc ./Src/syscalls.o
 .group         0x0000000000000000        0xc ./Src/syscalls.o
 .group         0x0000000000000000        0xc ./Src/syscalls.o
 .group         0x0000000000000000        0xc ./Src/syscalls.o
 .group         0x0000000000000000        0xc ./Src/syscalls.o
 .group         0x0000000000000000        0xc ./Src/syscalls.o
 .group         0x0000000000000000        0xc ./Src/syscalls.o
 .group         0x0000000000000000        0xc ./Src/syscalls.o
 .group         0x0000000000000000        0xc ./Src/syscalls.o
 .group         0x0000000000000000        0xc ./Src/syscalls.o
 .group         0x0000000000000000        0xc ./Src/syscalls.o
 .group         0x0000000000000000        0xc ./Src/syscalls.o
 .group         0x0000000000000000        0xc ./Src/syscalls.o
 .group         0x0000000000000000        0xc ./Src/syscalls.o
 .group         0x0000000000000000        0xc ./Src/syscalls.o
 .group         0x0000000000000000        0xc ./Src/syscalls.o
 .text          0x0000000000000000        0x0 ./Src/syscalls.o
 .data          0x0000000000000000        0x0 ./Src/syscalls.o
 .bss           0x0000000000000000        0x0 ./Src/syscalls.o
 .bss.__env     0x0000000000000000        0x4 ./Src/syscalls.o
 .data.environ  0x0000000000000000        0x4 ./Src/syscalls.o
 .text.initialise_monitor_handles
                0x0000000000000000        0xc ./Src/syscalls.o
 .text._getpid  0x0000000000000000        0xe ./Src/syscalls.o
 .text._kill    0x0000000000000000       0x20 ./Src/syscalls.o
 .text._exit    0x0000000000000000       0x14 ./Src/syscalls.o
 .text._read    0x0000000000000000       0x3a ./Src/syscalls.o
 .text._write   0x0000000000000000       0x38 ./Src/syscalls.o
 .text._close   0x0000000000000000       0x16 ./Src/syscalls.o
 .text._fstat   0x0000000000000000       0x1e ./Src/syscalls.o
 .text._isatty  0x0000000000000000       0x14 ./Src/syscalls.o
 .text._lseek   0x0000000000000000       0x18 ./Src/syscalls.o
 .text._open    0x0000000000000000       0x1a ./Src/syscalls.o
 .text._wait    0x0000000000000000       0x1e ./Src/syscalls.o
 .text._unlink  0x0000000000000000       0x1e ./Src/syscalls.o
 .text._times   0x0000000000000000       0x16 ./Src/syscalls.o
 .text._stat    0x0000000000000000       0x1e ./Src/syscalls.o
 .text._link    0x0000000000000000       0x20 ./Src/syscalls.o
 .text._fork    0x0000000000000000       0x16 ./Src/syscalls.o
 .text._execve  0x0000000000000000       0x22 ./Src/syscalls.o
 .debug_info    0x0000000000000000      0x6e0 ./Src/syscalls.o
 .debug_abbrev  0x0000000000000000      0x1b3 ./Src/syscalls.o
 .debug_aranges
                0x0000000000000000       0xa8 ./Src/syscalls.o
 .debug_ranges  0x0000000000000000       0x98 ./Src/syscalls.o
 .debug_macro   0x0000000000000000      0x24c ./Src/syscalls.o
 .debug_macro   0x0000000000000000      0xa78 ./Src/syscalls.o
 .debug_macro   0x0000000000000000       0x22 ./Src/syscalls.o
 .debug_macro   0x0000000000000000       0x4c ./Src/syscalls.o
 .debug_macro   0x0000000000000000       0x18 ./Src/syscalls.o
 .debug_macro   0x0000000000000000       0x94 ./Src/syscalls.o
 .debug_macro   0x0000000000000000       0x3c ./Src/syscalls.o
 .debug_macro   0x0000000000000000       0x34 ./Src/syscalls.o
 .debug_macro   0x0000000000000000       0x57 ./Src/syscalls.o
 .debug_macro   0x0000000000000000      0x174 ./Src/syscalls.o
 .debug_macro   0x0000000000000000      0x341 ./Src/syscalls.o
 .debug_macro   0x0000000000000000       0x16 ./Src/syscalls.o
 .debug_macro   0x0000000000000000       0x43 ./Src/syscalls.o
 .debug_macro   0x0000000000000000       0x34 ./Src/syscalls.o
 .debug_macro   0x0000000000000000       0x10 ./Src/syscalls.o
 .debug_macro   0x0000000000000000       0x58 ./Src/syscalls.o
 .debug_macro   0x0000000000000000       0x71 ./Src/syscalls.o
 .debug_macro   0x0000000000000000       0x1c ./Src/syscalls.o
 .debug_macro   0x0000000000000000      0x12a ./Src/syscalls.o
 .debug_macro   0x0000000000000000       0x10 ./Src/syscalls.o
 .debug_macro   0x0000000000000000       0x35 ./Src/syscalls.o
 .debug_macro   0x0000000000000000       0x10 ./Src/syscalls.o
 .debug_macro   0x0000000000000000       0x10 ./Src/syscalls.o
 .debug_macro   0x0000000000000000       0x10 ./Src/syscalls.o
 .debug_macro   0x0000000000000000       0x6a ./Src/syscalls.o
 .debug_macro   0x0000000000000000       0x1c ./Src/syscalls.o
 .debug_macro   0x0000000000000000       0x52 ./Src/syscalls.o
 .debug_macro   0x0000000000000000       0x22 ./Src/syscalls.o
 .debug_macro   0x0000000000000000       0x10 ./Src/syscalls.o
 .debug_macro   0x0000000000000000       0x52 ./Src/syscalls.o
 .debug_macro   0x0000000000000000       0xd5 ./Src/syscalls.o
 .debug_macro   0x0000000000000000       0x1c ./Src/syscalls.o
 .debug_macro   0x0000000000000000       0x3d ./Src/syscalls.o
 .debug_macro   0x0000000000000000       0x35 ./Src/syscalls.o
 .debug_macro   0x0000000000000000      0x12c ./Src/syscalls.o
 .debug_macro   0x0000000000000000       0x16 ./Src/syscalls.o
 .debug_macro   0x0000000000000000       0x16 ./Src/syscalls.o
 .debug_macro   0x0000000000000000       0x29 ./Src/syscalls.o
 .debug_macro   0x0000000000000000       0x10 ./Src/syscalls.o
 .debug_macro   0x0000000000000000      0x241 ./Src/syscalls.o
 .debug_macro   0x0000000000000000       0x1c ./Src/syscalls.o
 .debug_macro   0x0000000000000000       0x10 ./Src/syscalls.o
 .debug_macro   0x0000000000000000       0x10 ./Src/syscalls.o
 .debug_macro   0x0000000000000000       0x16 ./Src/syscalls.o
 .debug_macro   0x0000000000000000      0x145 ./Src/syscalls.o
 .debug_macro   0x0000000000000000      0x189 ./Src/syscalls.o
 .debug_macro   0x0000000000000000       0x16 ./Src/syscalls.o
 .debug_macro   0x0000000000000000       0xce ./Src/syscalls.o
 .debug_line    0x0000000000000000      0x7f4 ./Src/syscalls.o
 .debug_str     0x0000000000000000     0x8a30 ./Src/syscalls.o
 .comment       0x0000000000000000       0x51 ./Src/syscalls.o
 .debug_frame   0x0000000000000000      0x2ac ./Src/syscalls.o
 .ARM.attributes
                0x0000000000000000       0x2e ./Src/syscalls.o
 .group         0x0000000000000000        0xc ./Src/sysmem.o
 .group         0x0000000000000000        0xc ./Src/sysmem.o
 .group         0x0000000000000000        0xc ./Src/sysmem.o
 .group         0x0000000000000000        0xc ./Src/sysmem.o
 .group         0x0000000000000000        0xc ./Src/sysmem.o
 .group         0x0000000000000000        0xc ./Src/sysmem.o
 .group         0x0000000000000000        0xc ./Src/sysmem.o
 .group         0x0000000000000000        0xc ./Src/sysmem.o
 .group         0x0000000000000000        0xc ./Src/sysmem.o
 .group         0x0000000000000000        0xc ./Src/sysmem.o
 .group         0x0000000000000000        0xc ./Src/sysmem.o
 .group         0x0000000000000000        0xc ./Src/sysmem.o
 .group         0x0000000000000000        0xc ./Src/sysmem.o
 .group         0x0000000000000000        0xc ./Src/sysmem.o
 .group         0x0000000000000000        0xc ./Src/sysmem.o
 .group         0x0000000000000000        0xc ./Src/sysmem.o
 .group         0x0000000000000000        0xc ./Src/sysmem.o
 .group         0x0000000000000000        0xc ./Src/sysmem.o
 .group         0x0000000000000000        0xc ./Src/sysmem.o
 .group         0x0000000000000000        0xc ./Src/sysmem.o
 .group         0x0000000000000000        0xc ./Src/sysmem.o
 .group         0x0000000000000000        0xc ./Src/sysmem.o
 .text          0x0000000000000000        0x0 ./Src/sysmem.o
 .data          0x0000000000000000        0x0 ./Src/sysmem.o
 .bss           0x0000000000000000        0x0 ./Src/sysmem.o
 .bss.__sbrk_heap_end
                0x0000000000000000        0x4 ./Src/sysmem.o
 .text._sbrk    0x0000000000000000       0x6c ./Src/sysmem.o
 .debug_info    0x0000000000000000      0x171 ./Src/sysmem.o
 .debug_abbrev  0x0000000000000000       0xbb ./Src/sysmem.o
 .debug_aranges
                0x0000000000000000       0x20 ./Src/sysmem.o
 .debug_ranges  0x0000000000000000       0x10 ./Src/sysmem.o
 .debug_macro   0x0000000000000000       0xff ./Src/sysmem.o
 .debug_macro   0x0000000000000000      0xa78 ./Src/sysmem.o
 .debug_macro   0x0000000000000000       0x10 ./Src/sysmem.o
 .debug_macro   0x0000000000000000       0x22 ./Src/sysmem.o
 .debug_macro   0x0000000000000000       0x4c ./Src/sysmem.o
 .debug_macro   0x0000000000000000       0x18 ./Src/sysmem.o
 .debug_macro   0x0000000000000000       0x94 ./Src/sysmem.o
 .debug_macro   0x0000000000000000       0x3c ./Src/sysmem.o
 .debug_macro   0x0000000000000000       0x34 ./Src/sysmem.o
 .debug_macro   0x0000000000000000      0x174 ./Src/sysmem.o
 .debug_macro   0x0000000000000000       0x16 ./Src/sysmem.o
 .debug_macro   0x0000000000000000       0x43 ./Src/sysmem.o
 .debug_macro   0x0000000000000000       0x57 ./Src/sysmem.o
 .debug_macro   0x0000000000000000       0x34 ./Src/sysmem.o
 .debug_macro   0x0000000000000000       0x10 ./Src/sysmem.o
 .debug_macro   0x0000000000000000       0x58 ./Src/sysmem.o
 .debug_macro   0x0000000000000000       0x71 ./Src/sysmem.o
 .debug_macro   0x0000000000000000       0x1c ./Src/sysmem.o
 .debug_macro   0x0000000000000000      0x12a ./Src/sysmem.o
 .debug_macro   0x0000000000000000      0x23b ./Src/sysmem.o
 .debug_macro   0x0000000000000000      0x103 ./Src/sysmem.o
 .debug_macro   0x0000000000000000       0x6a ./Src/sysmem.o
 .debug_macro   0x0000000000000000      0x1df ./Src/sysmem.o
 .debug_line    0x0000000000000000      0x4ea ./Src/sysmem.o
 .debug_str     0x0000000000000000     0x5d6c ./Src/sysmem.o
 .comment       0x0000000000000000       0x51 ./Src/sysmem.o
 .debug_frame   0x0000000000000000       0x34 ./Src/sysmem.o
 .ARM.attributes
                0x0000000000000000       0x2e ./Src/sysmem.o
 .text          0x0000000000000000       0x14 ./Startup/startup_stm32f446retx.o
 .data          0x0000000000000000        0x0 ./Startup/startup_stm32f446retx.o
 .bss           0x0000000000000000        0x0 ./Startup/startup_stm32f446retx.o
 .text          0x0000000000000000        0x0 /home/naveen/st/stm32cubeide_1.11.2/plugins/com.st.stm32cube.ide.mcu.externaltools.gnu-tools-for-stm32.10.3-2021.10.linux64_1.0.100.202210260954/tools/bin/../lib/gcc/arm-none-eabi/10.3.1/../../../../arm-none-eabi/lib/thumb/v7e-m/nofp/libc_nano.a(lib_a-errno.o)
 .data          0x0000000000000000        0x0 /home/naveen/st/stm32cubeide_1.11.2/plugins/com.st.stm32cube.ide.mcu.externaltools.gnu-tools-for-stm32.10.3-2021.10.linux64_1.0.100.202210260954/tools/bin/../lib/gcc/arm-none-eabi/10.3.1/../../../../arm-none-eabi/lib/thumb/v7e-m/nofp/libc_nano.a(lib_a-errno.o)
 .bss           0x0000000000000000        0x0 /home/naveen/st/stm32cubeide_1.11.2/plugins/com.st.stm32cube.ide.mcu.externaltools.gnu-tools-for-stm32.10.3-2021.10.linux64_1.0.100.202210260954/tools/bin/../lib/gcc/arm-none-eabi/10.3.1/../../../../arm-none-eabi/lib/thumb/v7e-m/nofp/libc_nano.a(lib_a-errno.o)
 .text.__errno  0x0000000000000000        0xc /home/naveen/st/stm32cubeide_1.11.2/plugins/com.st.stm32cube.ide.mcu.externaltools.gnu-tools-for-stm32.10.3-2021.10.linux64_1.0.100.202210260954/tools/bin/../lib/gcc/arm-none-eabi/10.3.1/../../../../arm-none-eabi/lib/thumb/v7e-m/nofp/libc_nano.a(lib_a-errno.o)
 .debug_frame   0x0000000000000000       0x20 /home/naveen/st/stm32cubeide_1.11.2/plugins/com.st.stm32cube.ide.mcu.externaltools.gnu-tools-for-stm32.10.3-2021.10.linux64_1.0.100.202210260954/tools/bin/../lib/gcc/arm-none-eabi/10.3.1/../../../../arm-none-eabi/lib/thumb/v7e-m/nofp/libc_nano.a(lib_a-errno.o)
 .ARM.attributes
                0x0000000000000000       0x2e /home/naveen/st/stm32cubeide_1.11.2/plugins/com.st.stm32cube.ide.mcu.externaltools.gnu-tools-for-stm32.10.3-2021.10.linux64_1.0.100.202210260954/tools/bin/../lib/gcc/arm-none-eabi/10.3.1/../../../../arm-none-eabi/lib/thumb/v7e-m/nofp/libc_nano.a(lib_a-errno.o)
 .text          0x0000000000000000        0x0 /home/naveen/st/stm32cubeide_1.11.2/plugins/com.st.stm32cube.ide.mcu.externaltools.gnu-tools-for-stm32.10.3-2021.10.linux64_1.0.100.202210260954/tools/bin/../lib/gcc/arm-none-eabi/10.3.1/../../../../arm-none-eabi/lib/thumb/v7e-m/nofp/libc_nano.a(lib_a-exit.o)
 .data          0x0000000000000000        0x0 /home/naveen/st/stm32cubeide_1.11.2/plugins/com.st.stm32cube.ide.mcu.externaltools.gnu-tools-for-stm32.10.3-2021.10.linux64_1.0.100.202210260954/tools/bin/../lib/gcc/arm-none-eabi/10.3.1/../../../../arm-none-eabi/lib/thumb/v7e-m/nofp/libc_nano.a(lib_a-exit.o)
 .bss           0x0000000000000000        0x0 /home/naveen/st/stm32cubeide_1.11.2/plugins/com.st.stm32cube.ide.mcu.externaltools.gnu-tools-for-stm32.10.3-2021.10.linux64_1.0.100.202210260954/tools/bin/../lib/gcc/arm-none-eabi/10.3.1/../../../../arm-none-eabi/lib/thumb/v7e-m/nofp/libc_nano.a(lib_a-exit.o)
 .text.exit     0x0000000000000000       0x28 /home/naveen/st/stm32cubeide_1.11.2/plugins/com.st.stm32cube.ide.mcu.externaltools.gnu-tools-for-stm32.10.3-2021.10.linux64_1.0.100.202210260954/tools/bin/../lib/gcc/arm-none-eabi/10.3.1/../../../../arm-none-eabi/lib/thumb/v7e-m/nofp/libc_nano.a(lib_a-exit.o)
 .debug_frame   0x0000000000000000       0x28 /home/naveen/st/stm32cubeide_1.11.2/plugins/com.st.stm32cube.ide.mcu.externaltools.gnu-tools-for-stm32.10.3-2021.10.linux64_1.0.100.202210260954/tools/bin/../lib/gcc/arm-none-eabi/10.3.1/../../../../arm-none-eabi/lib/thumb/v7e-m/nofp/libc_nano.a(lib_a-exit.o)
 .ARM.attributes
                0x0000000000000000       0x2e /home/naveen/st/stm32cubeide_1.11.2/plugins/com.st.stm32cube.ide.mcu.externaltools.gnu-tools-for-stm32.10.3-2021.10.linux64_1.0.100.202210260954/tools/bin/../lib/gcc/arm-none-eabi/10.3.1/../../../../arm-none-eabi/lib/thumb/v7e-m/nofp/libc_nano.a(lib_a-exit.o)
 .text          0x0000000000000000        0x0 /home/naveen/st/stm32cubeide_1.11.2/plugins/com.st.stm32cube.ide.mcu.externaltools.gnu-tools-for-stm32.10.3-2021.10.linux64_1.0.100.202210260954/tools/bin/../lib/gcc/arm-none-eabi/10.3.1/../../../../arm-none-eabi/lib/thumb/v7e-m/nofp/libc_nano.a(lib_a-impure.o)
 .data          0x0000000000000000        0x0 /home/naveen/st/stm32cubeide_1.11.2/plugins/com.st.stm32cube.ide.mcu.externaltools.gnu-tools-for-stm32.10.3-2021.10.linux64_1.0.100.202210260954/tools/bin/../lib/gcc/arm-none-eabi/10.3.1/../../../../arm-none-eabi/lib/thumb/v7e-m/nofp/libc_nano.a(lib_a-impure.o)
 .bss           0x0000000000000000        0x0 /home/naveen/st/stm32cubeide_1.11.2/plugins/com.st.stm32cube.ide.mcu.externaltools.gnu-tools-for-stm32.10.3-2021.10.linux64_1.0.100.202210260954/tools/bin/../lib/gcc/arm-none-eabi/10.3.1/../../../../arm-none-eabi/lib/thumb/v7e-m/nofp/libc_nano.a(lib_a-impure.o)
 .data._impure_ptr
                0x0000000000000000        0x4 /home/naveen/st/stm32cubeide_1.11.2/plugins/com.st.stm32cube.ide.mcu.externaltools.gnu-tools-for-stm32.10.3-2021.10.linux64_1.0.100.202210260954/tools/bin/../lib/gcc/arm-none-eabi/10.3.1/../../../../arm-none-eabi/lib/thumb/v7e-m/nofp/libc_nano.a(lib_a-impure.o)
 .data.impure_data
                0x0000000000000000       0x60 /home/naveen/st/stm32cubeide_1.11.2/plugins/com.st.stm32cube.ide.mcu.externaltools.gnu-tools-for-stm32.10.3-2021.10.linux64_1.0.100.202210260954/tools/bin/../lib/gcc/arm-none-eabi/10.3.1/../../../../arm-none-eabi/lib/thumb/v7e-m/nofp/libc_nano.a(lib_a-impure.o)
 .rodata._global_impure_ptr
                0x0000000000000000        0x4 /home/naveen/st/stm32cubeide_1.11.2/plugins/com.st.stm32cube.ide.mcu.externaltools.gnu-tools-for-stm32.10.3-2021.10.linux64_1.0.100.202210260954/tools/bin/../lib/gcc/arm-none-eabi/10.3.1/../../../../arm-none-eabi/lib/thumb/v7e-m/nofp/libc_nano.a(lib_a-impure.o)
 .ARM.attributes
                0x0000000000000000       0x2e /home/naveen/st/stm32cubeide_1.11.2/plugins/com.st.stm32cube.ide.mcu.externaltools.gnu-tools-for-stm32.10.3-2021.10.linux64_1.0.100.202210260954/tools/bin/../lib/gcc/arm-none-eabi/10.3.1/../../../../arm-none-eabi/lib/thumb/v7e-m/nofp/libc_nano.a(lib_a-impure.o)
 .text          0x0000000000000000        0x0 /home/naveen/st/stm32cubeide_1.11.2/plugins/com.st.stm32cube.ide.mcu.externaltools.gnu-tools-for-stm32.10.3-2021.10.linux64_1.0.100.202210260954/tools/bin/../lib/gcc/arm-none-eabi/10.3.1/../../../../arm-none-eabi/lib/thumb/v7e-m/nofp/libc_nano.a(lib_a-init.o)
 .data          0x0000000000000000        0x0 /home/naveen/st/stm32cubeide_1.11.2/plugins/com.st.stm32cube.ide.mcu.externaltools.gnu-tools-for-stm32.10.3-2021.10.linux64_1.0.100.202210260954/tools/bin/../lib/gcc/arm-none-eabi/10.3.1/../../../../arm-none-eabi/lib/thumb/v7e-m/nofp/libc_nano.a(lib_a-init.o)
 .bss           0x0000000000000000        0x0 /home/naveen/st/stm32cubeide_1.11.2/plugins/com.st.stm32cube.ide.mcu.externaltools.gnu-tools-for-stm32.10.3-2021.10.linux64_1.0.100.202210260954/tools/bin/../lib/gcc/arm-none-eabi/10.3.1/../../../../arm-none-eabi/lib/thumb/v7e-m/nofp/libc_nano.a(lib_a-init.o)
 .text          0x0000000000000000        0x0 /home/naveen/st/stm32cubeide_1.11.2/plugins/com.st.stm32cube.ide.mcu.externaltools.gnu-tools-for-stm32.10.3-2021.10.linux64_1.0.100.202210260954/tools/bin/../lib/gcc/arm-none-eabi/10.3.1/../../../../arm-none-eabi/lib/thumb/v7e-m/nofp/libc_nano.a(lib_a-memset.o)
 .data          0x0000000000000000        0x0 /home/naveen/st/stm32cubeide_1.11.2/plugins/com.st.stm32cube.ide.mcu.externaltools.gnu-tools-for-stm32.10.3-2021.10.linux64_1.0.100.202210260954/tools/bin/../lib/gcc/arm-none-eabi/10.3.1/../../../../arm-none-eabi/lib/thumb/v7e-m/nofp/libc_nano.a(lib_a-memset.o)
 .bss           0x0000000000000000        0x0 /home/naveen/st/stm32cubeide_1.11.2/plugins/com.st.stm32cube.ide.mcu.externaltools.gnu-tools-for-stm32.10.3-2021.10.linux64_1.0.100.202210260954/tools/bin/../lib/gcc/arm-none-eabi/10.3.1/../../../../arm-none-eabi/lib/thumb/v7e-m/nofp/libc_nano.a(lib_a-memset.o)
 .text          0x0000000000000000        0x0 /home/naveen/st/stm32cubeide_1.11.2/plugins/com.st.stm32cube.ide.mcu.externaltools.gnu-tools-for-stm32.10.3-2021.10.linux64_1.0.100.202210260954/tools/bin/../lib/gcc/arm-none-eabi/10.3.1/thumb/v7e-m/nofp/crtend.o
 .data          0x0000000000000000        0x0 /home/naveen/st/stm32cubeide_1.11.2/plugins/com.st.stm32cube.ide.mcu.externaltools.gnu-tools-for-stm32.10.3-2021.10.linux64_1.0.100.202210260954/tools/bin/../lib/gcc/arm-none-eabi/10.3.1/thumb/v7e-m/nofp/crtend.o
 .bss           0x0000000000000000        0x0 /home/naveen/st/stm32cubeide_1.11.2/plugins/com.st.stm32cube.ide.mcu.externaltools.gnu-tools-for-stm32.10.3-2021.10.linux64_1.0.100.202210260954/tools/bin/../lib/gcc/arm-none-eabi/10.3.1/thumb/v7e-m/nofp/crtend.o
 .rodata        0x0000000000000000       0x24 /home/naveen/st/stm32cubeide_1.11.2/plugins/com.st.stm32cube.ide.mcu.externaltools.gnu-tools-for-stm32.10.3-2021.10.linux64_1.0.100.202210260954/tools/bin/../lib/gcc/arm-none-eabi/10.3.1/thumb/v7e-m/nofp/crtend.o
 .eh_frame      0x0000000000000000        0x4 /home/naveen/st/stm32cubeide_1.11.2/plugins/com.st.stm32cube.ide.mcu.externaltools.gnu-tools-for-stm32.10.3-2021.10.linux64_1.0.100.202210260954/tools/bin/../lib/gcc/arm-none-eabi/10.3.1/thumb/v7e-m/nofp/crtend.o
 .ARM.attributes
                0x0000000000000000       0x2e /home/naveen/st/stm32cubeide_1.11.2/plugins/com.st.stm32cube.ide.mcu.externaltools.gnu-tools-for-stm32.10.3-2021.10.linux64_1.0.100.202210260954/tools/bin/../lib/gcc/arm-none-eabi/10.3.1/thumb/v7e-m/nofp/crtend.o
 .text          0x0000000000000000        0x0 /home/naveen/st/stm32cubeide_1.11.2/plugins/com.st.stm32cube.ide.mcu.externaltools.gnu-tools-for-stm32.10.3-2021.10.linux64_1.0.100.202210260954/tools/bin/../lib/gcc/arm-none-eabi/10.3.1/thumb/v7e-m/nofp/crtn.o
 .data          0x0000000000000000        0x0 /home/naveen/st/stm32cubeide_1.11.2/plugins/com.st.stm32cube.ide.mcu.externaltools.gnu-tools-for-stm32.10.3-2021.10.linux64_1.0.100.202210260954/tools/bin/../lib/gcc/arm-none-eabi/10.3.1/thumb/v7e-m/nofp/crtn.o
 .bss           0x0000000000000000        0x0 /home/naveen/st/stm32cubeide_1.11.2/plugins/com.st.stm32cube.ide.mcu.externaltools.gnu-tools-for-stm32.10.3-2021.10.linux64_1.0.100.202210260954/tools/bin/../lib/gcc/arm-none-eabi/10.3.1/thumb/v7e-m/nofp/crtn.o

Memory Configuration

Name             Origin             Length             Attributes
RAM              0x0000000020000000 0x0000000000020000 xrw
FLASH            0x0000000008000000 0x0000000000080000 xr
*default*        0x0000000000000000 0xffffffffffffffff

Linker script and memory map

LOAD /home/naveen/st/stm32cubeide_1.11.2/plugins/com.st.stm32cube.ide.mcu.externaltools.gnu-tools-for-stm32.10.3-2021.10.linux64_1.0.100.202210260954/tools/bin/../lib/gcc/arm-none-eabi/10.3.1/thumb/v7e-m/nofp/crti.o
LOAD /home/naveen/st/stm32cubeide_1.11.2/plugins/com.st.stm32cube.ide.mcu.externaltools.gnu-tools-for-stm32.10.3-2021.10.linux64_1.0.100.202210260954/tools/bin/../lib/gcc/arm-none-eabi/10.3.1/thumb/v7e-m/nofp/crtbegin.o
LOAD /home/naveen/st/stm32cubeide_1.11.2/plugins/com.st.stm32cube.ide.mcu.externaltools.gnu-tools-for-stm32.10.3-2021.10.linux64_1.0.100.202210260954/tools/bin/../lib/gcc/arm-none-eabi/10.3.1/../../../../arm-none-eabi/lib/thumb/v7e-m/nofp/crt0.o
LOAD ./Src/general_purpose_timer.o
LOAD ./Src/general_purpose_timer_toggle_36MHz.o
LOAD ./Src/gpio_driver.o
LOAD ./Src/stm32f4xx.o
LOAD ./Src/syscalls.o
LOAD ./Src/sysmem.o
LOAD ./Startup/startup_stm32f446retx.o
START GROUP
LOAD /home/naveen/st/stm32cubeide_1.11.2/plugins/com.st.stm32cube.ide.mcu.externaltools.gnu-tools-for-stm32.10.3-2021.10.linux64_1.0.100.202210260954/tools/bin/../lib/gcc/arm-none-eabi/10.3.1/../../../../arm-none-eabi/lib/thumb/v7e-m/nofp/libc_nano.a
LOAD /home/naveen/st/stm32cubeide_1.11.2/plugins/com.st.stm32cube.ide.mcu.externaltools.gnu-tools-for-stm32.10.3-2021.10.linux64_1.0.100.202210260954/tools/bin/../lib/gcc/arm-none-eabi/10.3.1/../../../../arm-none-eabi/lib/thumb/v7e-m/nofp/libm.a
END GROUP
START GROUP
LOAD /home/naveen/st/stm32cubeide_1.11.2/plugins/com.st.stm32cube.ide.mcu.externaltools.gnu-tools-for-stm32.10.3-2021.10.linux64_1.0.100.202210260954/tools/bin/../lib/gcc/arm-none-eabi/10.3.1/thumb/v7e-m/nofp/libgcc.a
LOAD /home/naveen/st/stm32cubeide_1.11.2/plugins/com.st.stm32cube.ide.mcu.externaltools.gnu-tools-for-stm32.10.3-2021.10.linux64_1.0.100.202210260954/tools/bin/../lib/gcc/arm-none-eabi/10.3.1/../../../../arm-none-eabi/lib/thumb/v7e-m/nofp/libc_nano.a
END GROUP
START GROUP
LOAD /home/naveen/st/stm32cubeide_1.11.2/plugins/com.st.stm32cube.ide.mcu.externaltools.gnu-tools-for-stm32.10.3-2021.10.linux64_1.0.100.202210260954/tools/bin/../lib/gcc/arm-none-eabi/10.3.1/thumb/v7e-m/nofp/libgcc.a
LOAD /home/naveen/st/stm32cubeide_1.11.2/plugins/com.st.stm32cube.ide.mcu.externaltools.gnu-tools-for-stm32.10.3-2021.10.linux64_1.0.100.202210260954/tools/bin/../lib/gcc/arm-none-eabi/10.3.1/../../../../arm-none-eabi/lib/thumb/v7e-m/nofp/libc_nano.a
LOAD /home/naveen/st/stm32cubeide_1.11.2/plugins/com.st.stm32cube.ide.mcu.externaltools.gnu-tools-for-stm32.10.3-2021.10.linux64_1.0.100.202210260954/tools/bin/../lib/gcc/arm-none-eabi/10.3.1/../../../../arm-none-eabi/lib/thumb/v7e-m/nofp/libnosys.a
END GROUP
START GROUP
LOAD /home/naveen/st/stm32cubeide_1.11.2/plugins/com.st.stm32cube.ide.mcu.externaltools.gnu-tools-for-stm32.10.3-2021.10.linux64_1.0.100.202210260954/tools/bin/../lib/gcc/arm-none-eabi/10.3.1/thumb/v7e-m/nofp/libgcc.a
LOAD /home/naveen/st/stm32cubeide_1.11.2/plugins/com.st.stm32cube.ide.mcu.externaltools.gnu-tools-for-stm32.10.3-2021.10.linux64_1.0.100.202210260954/tools/bin/../lib/gcc/arm-none-eabi/10.3.1/../../../../arm-none-eabi/lib/thumb/v7e-m/nofp/libc_nano.a
LOAD /home/naveen/st/stm32cubeide_1.11.2/plugins/com.st.stm32cube.ide.mcu.externaltools.gnu-tools-for-stm32.10.3-2021.10.linux64_1.0.100.202210260954/tools/bin/../lib/gcc/arm-none-eabi/10.3.1/../../../../arm-none-eabi/lib/thumb/v7e-m/nofp/libnosys.a
END GROUP
LOAD /home/naveen/st/stm32cubeide_1.11.2/plugins/com.st.stm32cube.ide.mcu.externaltools.gnu-tools-for-stm32.10.3-2021.10.linux64_1.0.100.202210260954/tools/bin/../lib/gcc/arm-none-eabi/10.3.1/thumb/v7e-m/nofp/crtend.o
LOAD /home/naveen/st/stm32cubeide_1.11.2/plugins/com.st.stm32cube.ide.mcu.externaltools.gnu-tools-for-stm32.10.3-2021.10.linux64_1.0.100.202210260954/tools/bin/../lib/gcc/arm-none-eabi/10.3.1/thumb/v7e-m/nofp/crtn.o
                0x0000000020020000                _estack = (ORIGIN (RAM) + LENGTH (RAM))
                0x0000000000000200                _Min_Heap_Size = 0x200
                0x0000000000000400                _Min_Stack_Size = 0x400

.isr_vector     0x0000000008000000      0x1c4
                0x0000000008000000                . = ALIGN (0x4)
 *(.isr_vector)
 .isr_vector    0x0000000008000000      0x1c4 ./Startup/startup_stm32f446retx.o
                0x0000000008000000                g_pfnVectors
                0x00000000080001c4                . = ALIGN (0x4)

.text           0x00000000080001c4      0xc08
                0x00000000080001c4                . = ALIGN (0x4)
 *(.text)
 .text          0x00000000080001c4       0x40 /home/naveen/st/stm32cubeide_1.11.2/plugins/com.st.stm32cube.ide.mcu.externaltools.gnu-tools-for-stm32.10.3-2021.10.linux64_1.0.100.202210260954/tools/bin/../lib/gcc/arm-none-eabi/10.3.1/thumb/v7e-m/nofp/crtbegin.o
 *(.text*)
 .text.General_Purpose_Timer_Init
                0x0000000008000204      0x450 ./Src/general_purpose_timer.o
                0x0000000008000204                General_Purpose_Timer_Init
 .text.General_Purpose_Timer_PeripheralEnable
                0x0000000008000654       0x22 ./Src/general_purpose_timer.o
                0x0000000008000654                General_Purpose_Timer_PeripheralEnable
 *fill*         0x0000000008000676        0x2 
 .text.delay    0x0000000008000678       0x2c ./Src/general_purpose_timer_toggle_36MHz.o
                0x0000000008000678                delay
 .text.main     0x00000000080006a4      0x220 ./Src/general_purpose_timer_toggle_36MHz.o
                0x00000000080006a4                main
 .text.GPIOSetMode
                0x00000000080008c4       0x48 ./Src/gpio_driver.o
                0x00000000080008c4                GPIOSetMode
 .text.GPIOSetAltFn
                0x000000000800090c       0x72 ./Src/gpio_driver.o
                0x000000000800090c                GPIOSetAltFn
 *fill*         0x000000000800097e        0x2 
 .text.EnablePeriClk
                0x0000000008000980      0x388 ./Src/stm32f4xx.o
                0x0000000008000980                EnablePeriClk
 .text.Reset_Handler
                0x0000000008000d08       0x50 ./Startup/startup_stm32f446retx.o
                0x0000000008000d08                Reset_Handler
 .text.Default_Handler
                0x0000000008000d58        0x2 ./Startup/startup_stm32f446retx.o
                0x0000000008000d58                RTC_Alarm_IRQHandler
                0x0000000008000d58                EXTI2_IRQHandler
                0x0000000008000d58                TIM8_CC_IRQHandler
                0x0000000008000d58                SPDIF_Rx_IRQHandler
                0x0000000008000d58                DebugMon_Handler
                0x0000000008000d58                SPI4_IRQHandler
                0x0000000008000d58                TIM1_CC_IRQHandler
                0x0000000008000d58                QuadSPI_IRQHandler
                0x0000000008000d58                DMA2_Stream5_IRQHandler
                0x0000000008000d58                HardFault_Handler
                0x0000000008000d58                DMA1_Stream5_IRQHandler
                0x0000000008000d58                SysTick_Handler
                0x0000000008000d58                PVD_IRQHandler
                0x0000000008000d58                SDIO_IRQHandler
                0x0000000008000d58                TAMP_STAMP_IRQHandler
                0x0000000008000d58                PendSV_Handler
                0x0000000008000d58                NMI_Handler
                0x0000000008000d58                CAN2_RX1_IRQHandler
                0x0000000008000d58                EXTI3_IRQHandler
                0x0000000008000d58                TIM8_TRG_COM_TIM14_IRQHandler
                0x0000000008000d58                TIM1_UP_TIM10_IRQHandler
                0x0000000008000d58                FMPI2C1_error_IRQHandler
                0x0000000008000d58                TIM8_UP_TIM13_IRQHandler
                0x0000000008000d58                I2C3_ER_IRQHandler
                0x0000000008000d58                EXTI0_IRQHandler
                0x0000000008000d58                I2C2_EV_IRQHandler
                0x0000000008000d58                DMA1_Stream2_IRQHandler
                0x0000000008000d58                CAN1_RX0_IRQHandler
                0x0000000008000d58                OTG_HS_WKUP_IRQHandler
                0x0000000008000d58                UsageFault_Handler
                0x0000000008000d58                CAN2_SCE_IRQHandler
                0x0000000008000d58                DMA2_Stream2_IRQHandler
                0x0000000008000d58                SPI1_IRQHandler
                0x0000000008000d58                TIM6_DAC_IRQHandler
                0x0000000008000d58                TIM1_BRK_TIM9_IRQHandler
                0x0000000008000d58                DCMI_IRQHandler
                0x0000000008000d58                CAN2_RX0_IRQHandler
                0x0000000008000d58                DMA2_Stream3_IRQHandler
                0x0000000008000d58                FMPI2C1_IRQHandler
                0x0000000008000d58                SAI2_IRQHandler
                0x0000000008000d58                USART6_IRQHandler
                0x0000000008000d58                USART3_IRQHandler
                0x0000000008000d58                CAN1_RX1_IRQHandler
                0x0000000008000d58                UART5_IRQHandler
                0x0000000008000d58                DMA2_Stream0_IRQHandler
                0x0000000008000d58                TIM4_IRQHandler
                0x0000000008000d58                I2C1_EV_IRQHandler
                0x0000000008000d58                HDMI_CEC_IRQHandler
                0x0000000008000d58                DMA1_Stream6_IRQHandler
                0x0000000008000d58                DMA1_Stream1_IRQHandler
                0x0000000008000d58                UART4_IRQHandler
                0x0000000008000d58                TIM3_IRQHandler
                0x0000000008000d58                RCC_IRQHandler
                0x0000000008000d58                TIM8_BRK_TIM12_IRQHandler
                0x0000000008000d58                Default_Handler
                0x0000000008000d58                EXTI15_10_IRQHandler
                0x0000000008000d58                ADC_IRQHandler
                0x0000000008000d58                DMA1_Stream7_IRQHandler
                0x0000000008000d58                TIM7_IRQHandler
                0x0000000008000d58                CAN2_TX_IRQHandler
                0x0000000008000d58                TIM5_IRQHandler
                0x0000000008000d58                DMA2_Stream7_IRQHandler
                0x0000000008000d58                I2C3_EV_IRQHandler
                0x0000000008000d58                EXTI9_5_IRQHandler
                0x0000000008000d58                RTC_WKUP_IRQHandler
                0x0000000008000d58                SPI2_IRQHandler
                0x0000000008000d58                OTG_HS_EP1_IN_IRQHandler
                0x0000000008000d58                MemManage_Handler
                0x0000000008000d58                DMA1_Stream0_IRQHandler
                0x0000000008000d58                CAN1_TX_IRQHandler
                0x0000000008000d58                SVC_Handler
                0x0000000008000d58                EXTI4_IRQHandler
                0x0000000008000d58                OTG_HS_EP1_OUT_IRQHandler
                0x0000000008000d58                WWDG_IRQHandler
                0x0000000008000d58                TIM2_IRQHandler
                0x0000000008000d58                OTG_FS_WKUP_IRQHandler
                0x0000000008000d58                TIM1_TRG_COM_TIM11_IRQHandler
                0x0000000008000d58                OTG_HS_IRQHandler
                0x0000000008000d58                EXTI1_IRQHandler
                0x0000000008000d58                USART2_IRQHandler
                0x0000000008000d58                I2C2_ER_IRQHandler
                0x0000000008000d58                DMA2_Stream1_IRQHandler
                0x0000000008000d58                CAN1_SCE_IRQHandler
                0x0000000008000d58                FLASH_IRQHandler
                0x0000000008000d58                DMA2_Stream4_IRQHandler
                0x0000000008000d58                BusFault_Handler
                0x0000000008000d58                USART1_IRQHandler
                0x0000000008000d58                OTG_FS_IRQHandler
                0x0000000008000d58                SPI3_IRQHandler
                0x0000000008000d58                DMA1_Stream4_IRQHandler
                0x0000000008000d58                I2C1_ER_IRQHandler
                0x0000000008000d58                FMC_IRQHandler
                0x0000000008000d58                DMA2_Stream6_IRQHandler
                0x0000000008000d58                SAI1_IRQHandler
                0x0000000008000d58                DMA1_Stream3_IRQHandler
 *fill*         0x0000000008000d5a        0x2 
 .text.__libc_init_array
                0x0000000008000d5c       0x48 /home/naveen/st/stm32cubeide_1.11.2/plugins/com.st.stm32cube.ide.mcu.externaltools.gnu-tools-for-stm32.10.3-2021.10.linux64_1.0.100.202210260954/tools/bin/../lib/gcc/arm-none-eabi/10.3.1/../../../../arm-none-eabi/lib/thumb/v7e-m/nofp/libc_nano.a(lib_a-init.o)
                0x0000000008000d5c                __libc_init_array
 .text.memset   0x0000000008000da4       0x10 /home/naveen/st/stm32cubeide_1.11.2/plugins/com.st.stm32cube.ide.mcu.externaltools.gnu-tools-for-stm32.10.3-2021.10.linux64_1.0.100.202210260954/tools/bin/../lib/gcc/arm-none-eabi/10.3.1/../../../../arm-none-eabi/lib/thumb/v7e-m/nofp/libc_nano.a(lib_a-memset.o)
                0x0000000008000da4                memset
 *(.glue_7)
 .glue_7        0x0000000008000db4        0x0 linker stubs
 *(.glue_7t)
 .glue_7t       0x0000000008000db4        0x0 linker stubs
 *(.eh_frame)
 .eh_frame      0x0000000008000db4        0x0 /home/naveen/st/stm32cubeide_1.11.2/plugins/com.st.stm32cube.ide.mcu.externaltools.gnu-tools-for-stm32.10.3-2021.10.linux64_1.0.100.202210260954/tools/bin/../lib/gcc/arm-none-eabi/10.3.1/thumb/v7e-m/nofp/crtbegin.o
 *(.init)
 .init          0x0000000008000db4        0x4 /home/naveen/st/stm32cubeide_1.11.2/plugins/com.st.stm32cube.ide.mcu.externaltools.gnu-tools-for-stm32.10.3-2021.10.linux64_1.0.100.202210260954/tools/bin/../lib/gcc/arm-none-eabi/10.3.1/thumb/v7e-m/nofp/crti.o
                0x0000000008000db4                _init
 .init          0x0000000008000db8        0x8 /home/naveen/st/stm32cubeide_1.11.2/plugins/com.st.stm32cube.ide.mcu.externaltools.gnu-tools-for-stm32.10.3-2021.10.linux64_1.0.100.202210260954/tools/bin/../lib/gcc/arm-none-eabi/10.3.1/thumb/v7e-m/nofp/crtn.o
 *(.fini)
 .fini          0x0000000008000dc0        0x4 /home/naveen/st/stm32cubeide_1.11.2/plugins/com.st.stm32cube.ide.mcu.externaltools.gnu-tools-for-stm32.10.3-2021.10.linux64_1.0.100.202210260954/tools/bin/../lib/gcc/arm-none-eabi/10.3.1/thumb/v7e-m/nofp/crti.o
                0x0000000008000dc0                _fini
 .fini          0x0000000008000dc4        0x8 /home/naveen/st/stm32cubeide_1.11.2/plugins/com.st.stm32cube.ide.mcu.externaltools.gnu-tools-for-stm32.10.3-2021.10.linux64_1.0.100.202210260954/tools/bin/../lib/gcc/arm-none-eabi/10.3.1/thumb/v7e-m/nofp/crtn.o
                0x0000000008000dcc                . = ALIGN (0x4)
                0x0000000008000dcc                _etext = .

.vfp11_veneer   0x0000000008000dcc        0x0
 .vfp11_veneer  0x0000000008000dcc        0x0 linker stubs

.v4_bx          0x0000000008000dcc        0x0
 .v4_bx         0x0000000008000dcc        0x0 linker stubs

.iplt           0x0000000008000dcc        0x0
 .iplt          0x0000000008000dcc        0x0 /home/naveen/st/stm32cubeide_1.11.2/plugins/com.st.stm32cube.ide.mcu.externaltools.gnu-tools-for-stm32.10.3-2021.10.linux64_1.0.100.202210260954/tools/bin/../lib/gcc/arm-none-eabi/10.3.1/thumb/v7e-m/nofp/crtbegin.o

.rel.dyn        0x0000000008000dcc        0x0
 .rel.iplt      0x0000000008000dcc        0x0 /home/naveen/st/stm32cubeide_1.11.2/plugins/com.st.stm32cube.ide.mcu.externaltools.gnu-tools-for-stm32.10.3-2021.10.linux64_1.0.100.202210260954/tools/bin/../lib/gcc/arm-none-eabi/10.3.1/thumb/v7e-m/nofp/crtbegin.o

.rodata         0x0000000008000dcc        0x0
                0x0000000008000dcc                . = ALIGN (0x4)
 *(.rodata)
 *(.rodata*)
                0x0000000008000dcc                . = ALIGN (0x4)

.ARM.extab      0x0000000008000dcc        0x0
                0x0000000008000dcc                . = ALIGN (0x4)
 *(.ARM.extab* .gnu.linkonce.armextab.*)
                0x0000000008000dcc                . = ALIGN (0x4)

.ARM            0x0000000008000dcc        0x0
                0x0000000008000dcc                . = ALIGN (0x4)
                0x0000000008000dcc                __exidx_start = .
 *(.ARM.exidx*)
                0x0000000008000dcc                __exidx_end = .
                0x0000000008000dcc                . = ALIGN (0x4)

.preinit_array  0x0000000008000dcc        0x0
                0x0000000008000dcc                . = ALIGN (0x4)
                0x0000000008000dcc                PROVIDE (__preinit_array_start = .)
 *(.preinit_array*)
                0x0000000008000dcc                PROVIDE (__preinit_array_end = .)
                0x0000000008000dcc                . = ALIGN (0x4)

.init_array     0x0000000008000dcc        0x4
                0x0000000008000dcc                . = ALIGN (0x4)
                0x0000000008000dcc                PROVIDE (__init_array_start = .)
 *(SORT_BY_NAME(.init_array.*))
 *(.init_array*)
 .init_array    0x0000000008000dcc        0x4 /home/naveen/st/stm32cubeide_1.11.2/plugins/com.st.stm32cube.ide.mcu.externaltools.gnu-tools-for-stm32.10.3-2021.10.linux64_1.0.100.202210260954/tools/bin/../lib/gcc/arm-none-eabi/10.3.1/thumb/v7e-m/nofp/crtbegin.o
                0x0000000008000dd0                PROVIDE (__init_array_end = .)
                0x0000000008000dd0                . = ALIGN (0x4)

.fini_array     0x0000000008000dd0        0x4
                0x0000000008000dd0                . = ALIGN (0x4)
                [!provide]                        PROVIDE (__fini_array_start = .)
 *(SORT_BY_NAME(.fini_array.*))
 *(.fini_array*)
 .fini_array    0x0000000008000dd0        0x4 /home/naveen/st/stm32cubeide_1.11.2/plugins/com.st.stm32cube.ide.mcu.externaltools.gnu-tools-for-stm32.10.3-2021.10.linux64_1.0.100.202210260954/tools/bin/../lib/gcc/arm-none-eabi/10.3.1/thumb/v7e-m/nofp/crtbegin.o
                [!provide]                        PROVIDE (__fini_array_end = .)
                0x0000000008000dd4                . = ALIGN (0x4)
                0x0000000008000dd4                _sidata = LOADADDR (.data)

.data           0x0000000020000000        0x0 load address 0x0000000008000dd4
                0x0000000020000000                . = ALIGN (0x4)
                0x0000000020000000                _sdata = .
 *(.data)
 *(.data*)
 *(.RamFunc)
 *(.RamFunc*)
                0x0000000020000000                . = ALIGN (0x4)
                0x0000000020000000                _edata = .

.igot.plt       0x0000000020000000        0x0 load address 0x0000000008000dd4
 .igot.plt      0x0000000020000000        0x0 /home/naveen/st/stm32cubeide_1.11.2/plugins/com.st.stm32cube.ide.mcu.externaltools.gnu-tools-for-stm32.10.3-2021.10.linux64_1.0.100.202210260954/tools/bin/../lib/gcc/arm-none-eabi/10.3.1/thumb/v7e-m/nofp/crtbegin.o
                0x0000000020000000                . = ALIGN (0x4)

.bss            0x0000000020000000       0x48 load address 0x0000000008000dd4
                0x0000000020000000                _sbss = .
                0x0000000020000000                __bss_start__ = _sbss
 *(.bss)
 .bss           0x0000000020000000       0x1c /home/naveen/st/stm32cubeide_1.11.2/plugins/com.st.stm32cube.ide.mcu.externaltools.gnu-tools-for-stm32.10.3-2021.10.linux64_1.0.100.202210260954/tools/bin/../lib/gcc/arm-none-eabi/10.3.1/thumb/v7e-m/nofp/crtbegin.o
 *(.bss*)
 .bss.TIM2_Handle
                0x000000002000001c       0x2c ./Src/general_purpose_timer_toggle_36MHz.o
                0x000000002000001c                TIM2_Handle
 *(COMMON)
                0x0000000020000048                . = ALIGN (0x4)
                0x0000000020000048                _ebss = .
                0x0000000020000048                __bss_end__ = _ebss

._user_heap_stack
                0x0000000020000048      0x600 load address 0x0000000008000dd4
                0x0000000020000048                . = ALIGN (0x8)
                [!provide]                        PROVIDE (end = .)
                0x0000000020000048                PROVIDE (_end = .)
                0x0000000020000248                . = (. + _Min_Heap_Size)
 *fill*         0x0000000020000048      0x200 
                0x0000000020000648                . = (. + _Min_Stack_Size)
 *fill*         0x0000000020000248      0x400 
                0x0000000020000648                . = ALIGN (0x8)

/DISCARD/
 libc.a(*)
 libm.a(*)
 libgcc.a(*)

.ARM.attributes
                0x0000000000000000       0x2a
 *(.ARM.attributes)
 .ARM.attributes
                0x0000000000000000       0x1e /home/naveen/st/stm32cubeide_1.11.2/plugins/com.st.stm32cube.ide.mcu.externaltools.gnu-tools-for-stm32.10.3-2021.10.linux64_1.0.100.202210260954/tools/bin/../lib/gcc/arm-none-eabi/10.3.1/thumb/v7e-m/nofp/crti.o
 .ARM.attributes
                0x000000000000001e       0x2e /home/naveen/st/stm32cubeide_1.11.2/plugins/com.st.stm32cube.ide.mcu.externaltools.gnu-tools-for-stm32.10.3-2021.10.linux64_1.0.100.202210260954/tools/bin/../lib/gcc/arm-none-eabi/10.3.1/thumb/v7e-m/nofp/crtbegin.o
 .ARM.attributes
                0x000000000000004c       0x2e ./Src/general_purpose_timer.o
 .ARM.attributes
                0x000000000000007a       0x2e ./Src/general_purpose_timer_toggle_36MHz.o
 .ARM.attributes
                0x00000000000000a8       0x2e ./Src/gpio_driver.o
 .ARM.attributes
                0x00000000000000d6       0x2e ./Src/stm32f4xx.o
 .ARM.attributes
                0x0000000000000104       0x21 ./Startup/startup_stm32f446retx.o
 .ARM.attributes
                0x0000000000000125       0x2e /home/naveen/st/stm32cubeide_1.11.2/plugins/com.st.stm32cube.ide.mcu.externaltools.gnu-tools-for-stm32.10.3-2021.10.linux64_1.0.100.202210260954/tools/bin/../lib/gcc/arm-none-eabi/10.3.1/../../../../arm-none-eabi/lib/thumb/v7e-m/nofp/libc_nano.a(lib_a-init.o)
 .ARM.attributes
                0x0000000000000153       0x2e /home/naveen/st/stm32cubeide_1.11.2/plugins/com.st.stm32cube.ide.mcu.externaltools.gnu-tools-for-stm32.10.3-2021.10.linux64_1.0.100.202210260954/tools/bin/../lib/gcc/arm-none-eabi/10.3.1/../../../../arm-none-eabi/lib/thumb/v7e-m/nofp/libc_nano.a(lib_a-memset.o)
 .ARM.attributes
                0x0000000000000181       0x1e /home/naveen/st/stm32cubeide_1.11.2/plugins/com.st.stm32cube.ide.mcu.externaltools.gnu-tools-for-stm32.10.3-2021.10.linux64_1.0.100.202210260954/tools/bin/../lib/gcc/arm-none-eabi/10.3.1/thumb/v7e-m/nofp/crtn.o
OUTPUT(005MCOClockOutput.elf elf32-littlearm)
LOAD linker stubs
LOAD /home/naveen/st/stm32cubeide_1.11.2/plugins/com.st.stm32cube.ide.mcu.externaltools.gnu-tools-for-stm32.10.3-2021.10.linux64_1.0.100.202210260954/tools/bin/../lib/gcc/arm-none-eabi/10.3.1/../../../../arm-none-eabi/lib/thumb/v7e-m/nofp/libc.a
LOAD /home/naveen/st/stm32cubeide_1.11.2/plugins/com.st.stm32cube.ide.mcu.externaltools.gnu-tools-for-stm32.10.3-2021.10.linux64_1.0.100.202210260954/tools/bin/../lib/gcc/arm-none-eabi/10.3.1/../../../../arm-none-eabi/lib/thumb/v7e-m/nofp/libm.a
LOAD /home/naveen/st/stm32cubeide_1.11.2/plugins/com.st.stm32cube.ide.mcu.externaltools.gnu-tools-for-stm32.10.3-2021.10.linux64_1.0.100.202210260954/tools/bin/../lib/gcc/arm-none-eabi/10.3.1/thumb/v7e-m/nofp/libgcc.a

.debug_info     0x0000000000000000      0xee0
 .debug_info    0x0000000000000000      0x3ca ./Src/general_purpose_timer.o
 .debug_info    0x00000000000003ca      0x48d ./Src/general_purpose_timer_toggle_36MHz.o
 .debug_info    0x0000000000000857      0x4ab ./Src/gpio_driver.o
 .debug_info    0x0000000000000d02      0x1bc ./Src/stm32f4xx.o
 .debug_info    0x0000000000000ebe       0x22 ./Startup/startup_stm32f446retx.o

.debug_abbrev   0x0000000000000000      0x3a9
 .debug_abbrev  0x0000000000000000       0xae ./Src/general_purpose_timer.o
 .debug_abbrev  0x00000000000000ae      0x10e ./Src/general_purpose_timer_toggle_36MHz.o
 .debug_abbrev  0x00000000000001bc      0x100 ./Src/gpio_driver.o
 .debug_abbrev  0x00000000000002bc       0xdb ./Src/stm32f4xx.o
 .debug_abbrev  0x0000000000000397       0x12 ./Startup/startup_stm32f446retx.o

.debug_aranges  0x0000000000000000      0x148
 .debug_aranges
                0x0000000000000000       0x50 ./Src/general_purpose_timer.o
 .debug_aranges
                0x0000000000000050       0x28 ./Src/general_purpose_timer_toggle_36MHz.o
 .debug_aranges
                0x0000000000000078       0x70 ./Src/gpio_driver.o
 .debug_aranges
                0x00000000000000e8       0x38 ./Src/stm32f4xx.o
 .debug_aranges
                0x0000000000000120       0x28 ./Startup/startup_stm32f446retx.o

.debug_ranges   0x0000000000000000      0x100
 .debug_ranges  0x0000000000000000       0x40 ./Src/general_purpose_timer.o
 .debug_ranges  0x0000000000000040       0x18 ./Src/general_purpose_timer_toggle_36MHz.o
 .debug_ranges  0x0000000000000058       0x60 ./Src/gpio_driver.o
 .debug_ranges  0x00000000000000b8       0x28 ./Src/stm32f4xx.o
 .debug_ranges  0x00000000000000e0       0x20 ./Startup/startup_stm32f446retx.o

.debug_macro    0x0000000000000000     0x251a
 .debug_macro   0x0000000000000000       0x81 ./Src/general_purpose_timer.o
 .debug_macro   0x0000000000000081      0xa78 ./Src/general_purpose_timer.o
 .debug_macro   0x0000000000000af9       0x22 ./Src/general_purpose_timer.o
 .debug_macro   0x0000000000000b1b       0x8e ./Src/general_purpose_timer.o
 .debug_macro   0x0000000000000ba9       0x51 ./Src/general_purpose_timer.o
 .debug_macro   0x0000000000000bfa      0x103 ./Src/general_purpose_timer.o
 .debug_macro   0x0000000000000cfd       0x6a ./Src/general_purpose_timer.o
 .debug_macro   0x0000000000000d67      0x1df ./Src/general_purpose_timer.o
 .debug_macro   0x0000000000000f46      0x2eb ./Src/general_purpose_timer.o
 .debug_macro   0x0000000000001231      0x190 ./Src/general_purpose_timer.o
 .debug_macro   0x00000000000013c1      0x1f1 ./Src/general_purpose_timer_toggle_36MHz.o
 .debug_macro   0x00000000000015b2       0x52 ./Src/general_purpose_timer_toggle_36MHz.o
 .debug_macro   0x0000000000001604       0x18 ./Src/general_purpose_timer_toggle_36MHz.o
 .debug_macro   0x000000000000161c       0x3c ./Src/general_purpose_timer_toggle_36MHz.o
 .debug_macro   0x0000000000001658       0x34 ./Src/general_purpose_timer_toggle_36MHz.o
 .debug_macro   0x000000000000168c      0x174 ./Src/general_purpose_timer_toggle_36MHz.o
 .debug_macro   0x0000000000001800       0x16 ./Src/general_purpose_timer_toggle_36MHz.o
 .debug_macro   0x0000000000001816       0x43 ./Src/general_purpose_timer_toggle_36MHz.o
 .debug_macro   0x0000000000001859       0x34 ./Src/general_purpose_timer_toggle_36MHz.o
 .debug_macro   0x000000000000188d       0x10 ./Src/general_purpose_timer_toggle_36MHz.o
 .debug_macro   0x000000000000189d       0x58 ./Src/general_purpose_timer_toggle_36MHz.o
 .debug_macro   0x00000000000018f5       0x71 ./Src/general_purpose_timer_toggle_36MHz.o
 .debug_macro   0x0000000000001966       0x1c ./Src/general_purpose_timer_toggle_36MHz.o
 .debug_macro   0x0000000000001982      0x12a ./Src/general_purpose_timer_toggle_36MHz.o
 .debug_macro   0x0000000000001aac      0x341 ./Src/general_purpose_timer_toggle_36MHz.o
 .debug_macro   0x0000000000001ded       0x10 ./Src/general_purpose_timer_toggle_36MHz.o
 .debug_macro   0x0000000000001dfd       0x35 ./Src/general_purpose_timer_toggle_36MHz.o
 .debug_macro   0x0000000000001e32       0x20 ./Src/general_purpose_timer_toggle_36MHz.o
 .debug_macro   0x0000000000001e52      0x2f1 ./Src/general_purpose_timer_toggle_36MHz.o
 .debug_macro   0x0000000000002143      0x15a ./Src/general_purpose_timer_toggle_36MHz.o
 .debug_macro   0x000000000000229d      0x196 ./Src/general_purpose_timer_toggle_36MHz.o
 .debug_macro   0x0000000000002433       0x7b ./Src/gpio_driver.o
 .debug_macro   0x00000000000024ae       0x6c ./Src/stm32f4xx.o

.debug_line     0x0000000000000000     0x1bbe
 .debug_line    0x0000000000000000      0x7cc ./Src/general_purpose_timer.o
 .debug_line    0x00000000000007cc      0x651 ./Src/general_purpose_timer_toggle_36MHz.o
 .debug_line    0x0000000000000e1d      0x553 ./Src/gpio_driver.o
 .debug_line    0x0000000000001370      0x7ca ./Src/stm32f4xx.o
 .debug_line    0x0000000000001b3a       0x84 ./Startup/startup_stm32f446retx.o

.debug_str      0x0000000000000000     0x8d56
 .debug_str     0x0000000000000000     0x5362 ./Src/general_purpose_timer.o
                                       0x54d3 (size before relaxing)
 .debug_str     0x0000000000005362     0x37c7 ./Src/general_purpose_timer_toggle_36MHz.o
                                       0x8c17 (size before relaxing)
 .debug_str     0x0000000000008b29      0x162 ./Src/gpio_driver.o
                                       0x50bb (size before relaxing)
 .debug_str     0x0000000000008c8b       0x9a ./Src/stm32f4xx.o
                                       0x4be5 (size before relaxing)
 .debug_str     0x0000000000008d25       0x31 ./Startup/startup_stm32f446retx.o
                                         0x6d (size before relaxing)

.comment        0x0000000000000000       0x50
 .comment       0x0000000000000000       0x50 ./Src/general_purpose_timer.o
                                         0x51 (size before relaxing)
 .comment       0x0000000000000050       0x51 ./Src/general_purpose_timer_toggle_36MHz.o
 .comment       0x0000000000000050       0x51 ./Src/gpio_driver.o
 .comment       0x0000000000000050       0x51 ./Src/stm32f4xx.o

.debug_frame    0x0000000000000000      0x444
 .debug_frame   0x0000000000000000      0x128 ./Src/general_purpose_timer.o
 .debug_frame   0x0000000000000128       0x58 ./Src/general_purpose_timer_toggle_36MHz.o
 .debug_frame   0x0000000000000180      0x1c8 ./Src/gpio_driver.o
 .debug_frame   0x0000000000000348       0xb0 ./Src/stm32f4xx.o
 .debug_frame   0x00000000000003f8       0x2c /home/naveen/st/stm32cubeide_1.11.2/plugins/com.st.stm32cube.ide.mcu.externaltools.gnu-tools-for-stm32.10.3-2021.10.linux64_1.0.100.202210260954/tools/bin/../lib/gcc/arm-none-eabi/10.3.1/../../../../arm-none-eabi/lib/thumb/v7e-m/nofp/libc_nano.a(lib_a-init.o)
 .debug_frame   0x0000000000000424       0x20 /home/naveen/st/stm32cubeide_1.11.2/plugins/com.st.stm32cube.ide.mcu.externaltools.gnu-tools-for-stm32.10.3-2021.10.linux64_1.0.100.202210260954/tools/bin/../lib/gcc/arm-none-eabi/10.3.1/../../../../arm-none-eabi/lib/thumb/v7e-m/nofp/libc_nano.a(lib_a-memset.o)
