08:58:14 **** Build of configuration Debug for project 012AssemblyCode ****
make -j8 all 
arm-none-eabi-gcc -mcpu=cortex-m4 -g3 -DDEBUG -c -x assembler-with-cpp -MMD -MP -MF"Startup/startup_stm32f407vgtx.d" -MT"Startup/startup_stm32f407vgtx.o" --specs=nano.specs -mfloat-abi=soft -mthumb -o "Startup/startup_stm32f407vgtx.o" "../Startup/startup_stm32f407vgtx.s"
arm-none-eabi-gcc -mcpu=cortex-m4 -g3 -DDEBUG -c -x assembler-with-cpp -MMD -MP -MF"Src/assembly_5.d" -MT"Src/assembly_5.o" --specs=nano.specs -mfloat-abi=soft -mthumb -o "Src/assembly_5.o" "../Src/assembly_5.s"
arm-none-eabi-gcc "../Src/syscalls.c" -mcpu=cortex-m4 -std=gnu11 -g3 -DDEBUG -DSTM32 -DSTM32F407G_DISC1 -DSTM32F4 -DSTM32F407VGTx -c -I../Inc -O0 -ffunction-sections -fdata-sections -Wall -fstack-usage -MMD -MP -MF"Src/syscalls.d" -MT"Src/syscalls.o" --specs=nano.specs -mfloat-abi=soft -mthumb -o "Src/syscalls.o"
arm-none-eabi-gcc "../Src/sysmem.c" -mcpu=cortex-m4 -std=gnu11 -g3 -DDEBUG -DSTM32 -DSTM32F407G_DISC1 -DSTM32F4 -DSTM32F407VGTx -c -I../Inc -O0 -ffunction-sections -fdata-sections -Wall -fstack-usage -MMD -MP -MF"Src/sysmem.d" -MT"Src/sysmem.o" --specs=nano.specs -mfloat-abi=soft -mthumb -o "Src/sysmem.o"
arm-none-eabi-gcc -o "012AssemblyCode.elf" @"objects.list"   -mcpu=cortex-m4 -T"/home/naveen/Code/mcu/basics/012AssemblyCode/STM32F407VGTX_FLASH.ld" --specs=nosys.specs -Wl,-Map="012AssemblyCode.map" -Wl,--gc-sections -static --specs=nano.specs -mfloat-abi=soft -mthumb -Wl,--start-group -lc -lm -Wl,--end-group
Finished building target: 012AssemblyCode.elf
 
arm-none-eabi-size   012AssemblyCode.elf 
arm-none-eabi-objdump -h -S  012AssemblyCode.elf  > "012AssemblyCode.list"
   text	   data	    bss	    dec	    hex	filename
    844	      8	   1568	   2420	    974	012AssemblyCode.elf
Finished building: default.size.stdout
 
Finished building: 012AssemblyCode.list
 

08:58:14 Build Finished. 0 errors, 0 warnings. (took 264ms)

