08:19:56 **** Clean-only build of configuration Debug for project 011GPIODriver ****
make -j8 clean 
rm -rf ./Startup/startup_stm32f407vgtx.d ./Startup/startup_stm32f407vgtx.o
rm -rf ./Src/syscalls.d ./Src/syscalls.o ./Src/syscalls.su ./Src/sysmem.d ./Src/sysmem.o ./Src/sysmem.su ./Src/temp_on_lcd_over_wireless_rx_interrupt.d ./Src/temp_on_lcd_over_wireless_rx_interrupt.o ./Src/temp_on_lcd_over_wireless_rx_interrupt.su
rm -rf ./Driver/Src/at24cxx_eeprom_driver.d ./Driver/Src/at24cxx_eeprom_driver.o ./Driver/Src/at24cxx_eeprom_driver.su ./Driver/Src/at45dbxx_flash_memory_driver.d ./Driver/Src/at45dbxx_flash_memory_driver.o ./Driver/Src/at45dbxx_flash_memory_driver.su ./Driver/Src/common_utils.d ./Driver/Src/common_utils.o ./Driver/Src/common_utils.su ./Driver/Src/dht11_driver.d ./Driver/Src/dht11_driver.o ./Driver/Src/dht11_driver.su ./Driver/Src/dma_driver.d ./Driver/Src/dma_driver.o ./Driver/Src/dma_driver.su ./Driver/Src/ds3231_rtc_driver.d ./Driver/Src/ds3231_rtc_driver.o ./Driver/Src/ds3231_rtc_driver.su ./Driver/Src/external_interrupt_config.d ./Driver/Src/external_interrupt_config.o ./Driver/Src/external_interrupt_config.su ./Driver/Src/general_purpose_timer.d ./Driver/Src/general_purpose_timer.o ./Driver/Src/general_purpose_timer.su ./Driver/Src/gpio_driver.d ./Driver/Src/gpio_driver.o ./Driver/Src/gpio_driver.su ./Driver/Src/i2c_driver.d ./Driver/Src/i2c_driver.o ./Driver/Src/i2c_driver.su ./Driver/Src/lcd_driver_pcf8574.d ./Driver/Src/lcd_driver_pcf8574.o ./Driver/Src/lcd_driver_pcf8574.su ./Driver/Src/nRFL01_driver.d ./Driver/Src/nRFL01_driver.o ./Driver/Src/nRFL01_driver.su ./Driver/Src/rtc_driver.d ./Driver/Src/rtc_driver.o ./Driver/Src/rtc_driver.su ./Driver/Src/spi_driver.d ./Driver/Src/spi_driver.o ./Driver/Src/spi_driver.su ./Driver/Src/stm32f4xx.d ./Driver/Src/stm32f4xx.o ./Driver/Src/stm32f4xx.su ./Driver/Src/timer_driver.d ./Driver/Src/timer_driver.o ./Driver/Src/timer_driver.su ./Driver/Src/usart_driver.d ./Driver/Src/usart_driver.o ./Driver/Src/usart_driver.su
rm -rf 011GPIODriver.elf 011GPIODriver.list 011GPIODriver.map default.size.stdout
 
08:19:56 **** Incremental Build of configuration Debug for project 011GPIODriver ****
make -j8 all 
arm-none-eabi-gcc -mcpu=cortex-m4 -g3 -DDEBUG -c -x assembler-with-cpp -MMD -MP -MF"Startup/startup_stm32f407vgtx.d" -MT"Startup/startup_stm32f407vgtx.o" --specs=nano.specs -mfloat-abi=soft -mthumb -o "Startup/startup_stm32f407vgtx.o" "../Startup/startup_stm32f407vgtx.s"
arm-none-eabi-gcc "../Src/syscalls.c" -mcpu=cortex-m4 -std=gnu11 -g3 -DDEBUG -DSTM32 -DSTM32F407G_DISC1 -DSTM32F4 -DSTM32F407VGTx -c -I../Inc -I/home/naveen/Code/mcu/basics/011GPIODriver/Driver/Inc -O0 -ffunction-sections -fdata-sections -Wall -fstack-usage -MMD -MP -MF"Src/syscalls.d" -MT"Src/syscalls.o" --specs=nano.specs -mfloat-abi=soft -mthumb -o "Src/syscalls.o"
arm-none-eabi-gcc "../Src/sysmem.c" -mcpu=cortex-m4 -std=gnu11 -g3 -DDEBUG -DSTM32 -DSTM32F407G_DISC1 -DSTM32F4 -DSTM32F407VGTx -c -I../Inc -I/home/naveen/Code/mcu/basics/011GPIODriver/Driver/Inc -O0 -ffunction-sections -fdata-sections -Wall -fstack-usage -MMD -MP -MF"Src/sysmem.d" -MT"Src/sysmem.o" --specs=nano.specs -mfloat-abi=soft -mthumb -o "Src/sysmem.o"
arm-none-eabi-gcc "../Src/temp_on_lcd_over_wireless_rx_interrupt.c" -mcpu=cortex-m4 -std=gnu11 -g3 -DDEBUG -DSTM32 -DSTM32F407G_DISC1 -DSTM32F4 -DSTM32F407VGTx -c -I../Inc -I/home/naveen/Code/mcu/basics/011GPIODriver/Driver/Inc -O0 -ffunction-sections -fdata-sections -Wall -fstack-usage -MMD -MP -MF"Src/temp_on_lcd_over_wireless_rx_interrupt.d" -MT"Src/temp_on_lcd_over_wireless_rx_interrupt.o" --specs=nano.specs -mfloat-abi=soft -mthumb -o "Src/temp_on_lcd_over_wireless_rx_interrupt.o"
arm-none-eabi-gcc "../Driver/Src/at24cxx_eeprom_driver.c" -mcpu=cortex-m4 -std=gnu11 -g3 -DDEBUG -DSTM32 -DSTM32F407G_DISC1 -DSTM32F4 -DSTM32F407VGTx -c -I../Inc -I/home/naveen/Code/mcu/basics/011GPIODriver/Driver/Inc -O0 -ffunction-sections -fdata-sections -Wall -fstack-usage -MMD -MP -MF"Driver/Src/at24cxx_eeprom_driver.d" -MT"Driver/Src/at24cxx_eeprom_driver.o" --specs=nano.specs -mfloat-abi=soft -mthumb -o "Driver/Src/at24cxx_eeprom_driver.o"
arm-none-eabi-gcc "../Driver/Src/at45dbxx_flash_memory_driver.c" -mcpu=cortex-m4 -std=gnu11 -g3 -DDEBUG -DSTM32 -DSTM32F407G_DISC1 -DSTM32F4 -DSTM32F407VGTx -c -I../Inc -I/home/naveen/Code/mcu/basics/011GPIODriver/Driver/Inc -O0 -ffunction-sections -fdata-sections -Wall -fstack-usage -MMD -MP -MF"Driver/Src/at45dbxx_flash_memory_driver.d" -MT"Driver/Src/at45dbxx_flash_memory_driver.o" --specs=nano.specs -mfloat-abi=soft -mthumb -o "Driver/Src/at45dbxx_flash_memory_driver.o"
arm-none-eabi-gcc "../Driver/Src/common_utils.c" -mcpu=cortex-m4 -std=gnu11 -g3 -DDEBUG -DSTM32 -DSTM32F407G_DISC1 -DSTM32F4 -DSTM32F407VGTx -c -I../Inc -I/home/naveen/Code/mcu/basics/011GPIODriver/Driver/Inc -O0 -ffunction-sections -fdata-sections -Wall -fstack-usage -MMD -MP -MF"Driver/Src/common_utils.d" -MT"Driver/Src/common_utils.o" --specs=nano.specs -mfloat-abi=soft -mthumb -o "Driver/Src/common_utils.o"
arm-none-eabi-gcc "../Driver/Src/dht11_driver.c" -mcpu=cortex-m4 -std=gnu11 -g3 -DDEBUG -DSTM32 -DSTM32F407G_DISC1 -DSTM32F4 -DSTM32F407VGTx -c -I../Inc -I/home/naveen/Code/mcu/basics/011GPIODriver/Driver/Inc -O0 -ffunction-sections -fdata-sections -Wall -fstack-usage -MMD -MP -MF"Driver/Src/dht11_driver.d" -MT"Driver/Src/dht11_driver.o" --specs=nano.specs -mfloat-abi=soft -mthumb -o "Driver/Src/dht11_driver.o"
arm-none-eabi-gcc "../Driver/Src/dma_driver.c" -mcpu=cortex-m4 -std=gnu11 -g3 -DDEBUG -DSTM32 -DSTM32F407G_DISC1 -DSTM32F4 -DSTM32F407VGTx -c -I../Inc -I/home/naveen/Code/mcu/basics/011GPIODriver/Driver/Inc -O0 -ffunction-sections -fdata-sections -Wall -fstack-usage -MMD -MP -MF"Driver/Src/dma_driver.d" -MT"Driver/Src/dma_driver.o" --specs=nano.specs -mfloat-abi=soft -mthumb -o "Driver/Src/dma_driver.o"
arm-none-eabi-gcc "../Driver/Src/ds3231_rtc_driver.c" -mcpu=cortex-m4 -std=gnu11 -g3 -DDEBUG -DSTM32 -DSTM32F407G_DISC1 -DSTM32F4 -DSTM32F407VGTx -c -I../Inc -I/home/naveen/Code/mcu/basics/011GPIODriver/Driver/Inc -O0 -ffunction-sections -fdata-sections -Wall -fstack-usage -MMD -MP -MF"Driver/Src/ds3231_rtc_driver.d" -MT"Driver/Src/ds3231_rtc_driver.o" --specs=nano.specs -mfloat-abi=soft -mthumb -o "Driver/Src/ds3231_rtc_driver.o"
arm-none-eabi-gcc "../Driver/Src/external_interrupt_config.c" -mcpu=cortex-m4 -std=gnu11 -g3 -DDEBUG -DSTM32 -DSTM32F407G_DISC1 -DSTM32F4 -DSTM32F407VGTx -c -I../Inc -I/home/naveen/Code/mcu/basics/011GPIODriver/Driver/Inc -O0 -ffunction-sections -fdata-sections -Wall -fstack-usage -MMD -MP -MF"Driver/Src/external_interrupt_config.d" -MT"Driver/Src/external_interrupt_config.o" --specs=nano.specs -mfloat-abi=soft -mthumb -o "Driver/Src/external_interrupt_config.o"
arm-none-eabi-gcc "../Driver/Src/general_purpose_timer.c" -mcpu=cortex-m4 -std=gnu11 -g3 -DDEBUG -DSTM32 -DSTM32F407G_DISC1 -DSTM32F4 -DSTM32F407VGTx -c -I../Inc -I/home/naveen/Code/mcu/basics/011GPIODriver/Driver/Inc -O0 -ffunction-sections -fdata-sections -Wall -fstack-usage -MMD -MP -MF"Driver/Src/general_purpose_timer.d" -MT"Driver/Src/general_purpose_timer.o" --specs=nano.specs -mfloat-abi=soft -mthumb -o "Driver/Src/general_purpose_timer.o"
arm-none-eabi-gcc "../Driver/Src/gpio_driver.c" -mcpu=cortex-m4 -std=gnu11 -g3 -DDEBUG -DSTM32 -DSTM32F407G_DISC1 -DSTM32F4 -DSTM32F407VGTx -c -I../Inc -I/home/naveen/Code/mcu/basics/011GPIODriver/Driver/Inc -O0 -ffunction-sections -fdata-sections -Wall -fstack-usage -MMD -MP -MF"Driver/Src/gpio_driver.d" -MT"Driver/Src/gpio_driver.o" --specs=nano.specs -mfloat-abi=soft -mthumb -o "Driver/Src/gpio_driver.o"
arm-none-eabi-gcc "../Driver/Src/i2c_driver.c" -mcpu=cortex-m4 -std=gnu11 -g3 -DDEBUG -DSTM32 -DSTM32F407G_DISC1 -DSTM32F4 -DSTM32F407VGTx -c -I../Inc -I/home/naveen/Code/mcu/basics/011GPIODriver/Driver/Inc -O0 -ffunction-sections -fdata-sections -Wall -fstack-usage -MMD -MP -MF"Driver/Src/i2c_driver.d" -MT"Driver/Src/i2c_driver.o" --specs=nano.specs -mfloat-abi=soft -mthumb -o "Driver/Src/i2c_driver.o"
arm-none-eabi-gcc "../Driver/Src/lcd_driver_pcf8574.c" -mcpu=cortex-m4 -std=gnu11 -g3 -DDEBUG -DSTM32 -DSTM32F407G_DISC1 -DSTM32F4 -DSTM32F407VGTx -c -I../Inc -I/home/naveen/Code/mcu/basics/011GPIODriver/Driver/Inc -O0 -ffunction-sections -fdata-sections -Wall -fstack-usage -MMD -MP -MF"Driver/Src/lcd_driver_pcf8574.d" -MT"Driver/Src/lcd_driver_pcf8574.o" --specs=nano.specs -mfloat-abi=soft -mthumb -o "Driver/Src/lcd_driver_pcf8574.o"
arm-none-eabi-gcc "../Driver/Src/nRFL01_driver.c" -mcpu=cortex-m4 -std=gnu11 -g3 -DDEBUG -DSTM32 -DSTM32F407G_DISC1 -DSTM32F4 -DSTM32F407VGTx -c -I../Inc -I/home/naveen/Code/mcu/basics/011GPIODriver/Driver/Inc -O0 -ffunction-sections -fdata-sections -Wall -fstack-usage -MMD -MP -MF"Driver/Src/nRFL01_driver.d" -MT"Driver/Src/nRFL01_driver.o" --specs=nano.specs -mfloat-abi=soft -mthumb -o "Driver/Src/nRFL01_driver.o"
arm-none-eabi-gcc "../Driver/Src/rtc_driver.c" -mcpu=cortex-m4 -std=gnu11 -g3 -DDEBUG -DSTM32 -DSTM32F407G_DISC1 -DSTM32F4 -DSTM32F407VGTx -c -I../Inc -I/home/naveen/Code/mcu/basics/011GPIODriver/Driver/Inc -O0 -ffunction-sections -fdata-sections -Wall -fstack-usage -MMD -MP -MF"Driver/Src/rtc_driver.d" -MT"Driver/Src/rtc_driver.o" --specs=nano.specs -mfloat-abi=soft -mthumb -o "Driver/Src/rtc_driver.o"
arm-none-eabi-gcc "../Driver/Src/spi_driver.c" -mcpu=cortex-m4 -std=gnu11 -g3 -DDEBUG -DSTM32 -DSTM32F407G_DISC1 -DSTM32F4 -DSTM32F407VGTx -c -I../Inc -I/home/naveen/Code/mcu/basics/011GPIODriver/Driver/Inc -O0 -ffunction-sections -fdata-sections -Wall -fstack-usage -MMD -MP -MF"Driver/Src/spi_driver.d" -MT"Driver/Src/spi_driver.o" --specs=nano.specs -mfloat-abi=soft -mthumb -o "Driver/Src/spi_driver.o"
arm-none-eabi-gcc "../Driver/Src/stm32f4xx.c" -mcpu=cortex-m4 -std=gnu11 -g3 -DDEBUG -DSTM32 -DSTM32F407G_DISC1 -DSTM32F4 -DSTM32F407VGTx -c -I../Inc -I/home/naveen/Code/mcu/basics/011GPIODriver/Driver/Inc -O0 -ffunction-sections -fdata-sections -Wall -fstack-usage -MMD -MP -MF"Driver/Src/stm32f4xx.d" -MT"Driver/Src/stm32f4xx.o" --specs=nano.specs -mfloat-abi=soft -mthumb -o "Driver/Src/stm32f4xx.o"
arm-none-eabi-gcc "../Driver/Src/timer_driver.c" -mcpu=cortex-m4 -std=gnu11 -g3 -DDEBUG -DSTM32 -DSTM32F407G_DISC1 -DSTM32F4 -DSTM32F407VGTx -c -I../Inc -I/home/naveen/Code/mcu/basics/011GPIODriver/Driver/Inc -O0 -ffunction-sections -fdata-sections -Wall -fstack-usage -MMD -MP -MF"Driver/Src/timer_driver.d" -MT"Driver/Src/timer_driver.o" --specs=nano.specs -mfloat-abi=soft -mthumb -o "Driver/Src/timer_driver.o"
arm-none-eabi-gcc "../Driver/Src/usart_driver.c" -mcpu=cortex-m4 -std=gnu11 -g3 -DDEBUG -DSTM32 -DSTM32F407G_DISC1 -DSTM32F4 -DSTM32F407VGTx -c -I../Inc -I/home/naveen/Code/mcu/basics/011GPIODriver/Driver/Inc -O0 -ffunction-sections -fdata-sections -Wall -fstack-usage -MMD -MP -MF"Driver/Src/usart_driver.d" -MT"Driver/Src/usart_driver.o" --specs=nano.specs -mfloat-abi=soft -mthumb -o "Driver/Src/usart_driver.o"
arm-none-eabi-gcc -o "011GPIODriver.elf" @"objects.list"   -mcpu=cortex-m4 -T"/home/naveen/Code/mcu/basics/011GPIODriver/STM32F407VGTX_FLASH.ld" --specs=nosys.specs -Wl,-Map="011GPIODriver.map" -Wl,--gc-sections -static --specs=nano.specs -mfloat-abi=soft -mthumb -Wl,--start-group -lc -lm -Wl,--end-group
Finished building target: 011GPIODriver.elf
 
arm-none-eabi-size   011GPIODriver.elf 
arm-none-eabi-objdump -h -S  011GPIODriver.elf  > "011GPIODriver.list"
   text	   data	    bss	    dec	    hex	filename
  12596	    116	   1700	  14412	   384c	011GPIODriver.elf
Finished building: default.size.stdout
 
Finished building: 011GPIODriver.list
 
